OpenJDK 64-Bit Server VM (24.85-b03) for linux-amd64 JRE (1.7.0_85-b01), built on Oct 22 2015 06:46:50 by "buildd" with gcc 4.8.2
Memory: 4k page, physical 3972464k(1635792k free), swap 1048572k(1048572k free)
CommandLine flags: -XX:CMSFullGCsBeforeCompaction=1 -XX:CMSInitiatingOccupancyFraction=50 -XX:CMSMaxAbortablePrecleanTime=6000 -XX:+CMSParallelRemarkEnabled -XX:+CMSScavengeBeforeRemark -XX:CMSTriggerPermRatio=80 -XX:ConcGCThreads=4 -XX:InitialHeapSize=536870912 -XX:MaxHeapSize=536870912 -XX:MaxTenuringThreshold=8 -XX:NewRatio=3 -XX:OldPLABSize=16 -XX:ParallelGCThreads=4 -XX:+ParallelRefProcEnabled -XX:PretenureSizeThreshold=67108864 -XX:+PrintGC -XX:+PrintGCApplicationStoppedTime -XX:+PrintGCDateStamps -XX:+PrintGCDetails -XX:+PrintGCTimeStamps -XX:+PrintHeapAtGC -XX:+PrintTenuringDistribution -XX:SurvivorRatio=4 -XX:TargetSurvivorRatio=90 -XX:ThreadStackSize=256 -XX:+UseCMSInitiatingOccupancyOnly -XX:+UseCompressedOops -XX:+UseConcMarkSweepGC -XX:+UseParNewGC 
{Heap before GC invocations=0 (full 0):
 par new generation   total 109248K, used 87424K [0x00000000d5a00000, 0x00000000dda00000, 0x00000000dda00000)
  eden space 87424K, 100% used [0x00000000d5a00000, 0x00000000daf60000, 0x00000000daf60000)
  from space 21824K,   0% used [0x00000000daf60000, 0x00000000daf60000, 0x00000000dc4b0000)
  to   space 21824K,   0% used [0x00000000dc4b0000, 0x00000000dc4b0000, 0x00000000dda00000)
 concurrent mark-sweep generation total 393216K, used 0K [0x00000000dda00000, 0x00000000f5a00000, 0x00000000f5a00000)
 concurrent-mark-sweep perm gen total 21248K, used 10288K [0x00000000f5a00000, 0x00000000f6ec0000, 0x0000000100000000)
2015-11-12T14:01:43.922-0600: 1.177: [GC2015-11-12T14:01:43.922-0600: 1.177: [ParNew
Desired survivor size 20112992 bytes, new threshold 8 (max 8)
- age   1:    5154856 bytes,    5154856 total
: 87424K->5096K(109248K), 0.0126620 secs] 87424K->5096K(502464K), 0.0128280 secs] [Times: user=0.04 sys=0.00, real=0.01 secs] 
Heap after GC invocations=1 (full 0):
 par new generation   total 109248K, used 5096K [0x00000000d5a00000, 0x00000000dda00000, 0x00000000dda00000)
  eden space 87424K,   0% used [0x00000000d5a00000, 0x00000000d5a00000, 0x00000000daf60000)
  from space 21824K,  23% used [0x00000000dc4b0000, 0x00000000dc9aa138, 0x00000000dda00000)
  to   space 21824K,   0% used [0x00000000daf60000, 0x00000000daf60000, 0x00000000dc4b0000)
 concurrent mark-sweep generation total 393216K, used 0K [0x00000000dda00000, 0x00000000f5a00000, 0x00000000f5a00000)
 concurrent-mark-sweep perm gen total 21248K, used 10288K [0x00000000f5a00000, 0x00000000f6ec0000, 0x0000000100000000)
}
2015-11-12T14:01:43.935-0600: 1.190: Total time for which application threads were stopped: 0.0131140 seconds, Stopping threads took: 0.0000300 seconds
2015-11-12T14:01:44.576-0600: 1.831: Total time for which application threads were stopped: 0.0002060 seconds, Stopping threads took: 0.0000280 seconds
2015-11-12T14:01:44.853-0600: 2.108: Total time for which application threads were stopped: 0.0001670 seconds, Stopping threads took: 0.0000290 seconds
2015-11-12T14:01:46.849-0600: 4.104: Total time for which application threads were stopped: 0.0004420 seconds, Stopping threads took: 0.0000340 seconds
2015-11-12T14:01:47.533-0600: 4.787: Total time for which application threads were stopped: 0.0000980 seconds, Stopping threads took: 0.0000210 seconds
2015-11-12T14:01:47.604-0600: 4.858: Total time for which application threads were stopped: 0.0004570 seconds, Stopping threads took: 0.0000870 seconds
2015-11-12T14:01:47.688-0600: 4.943: Total time for which application threads were stopped: 0.0005290 seconds, Stopping threads took: 0.0001730 seconds
2015-11-12T14:01:47.739-0600: 4.994: Total time for which application threads were stopped: 0.0001540 seconds, Stopping threads took: 0.0000590 seconds
2015-11-12T14:01:47.786-0600: 5.041: Total time for which application threads were stopped: 0.0001640 seconds, Stopping threads took: 0.0000580 seconds
2015-11-12T14:01:47.793-0600: 5.048: Total time for which application threads were stopped: 0.0000610 seconds, Stopping threads took: 0.0000230 seconds
2015-11-12T14:01:48.004-0600: 5.259: Total time for which application threads were stopped: 0.0002030 seconds, Stopping threads took: 0.0001230 seconds
2015-11-12T14:01:48.012-0600: 5.266: Total time for which application threads were stopped: 0.0005660 seconds, Stopping threads took: 0.0003660 seconds
2015-11-12T14:01:48.176-0600: 5.431: Total time for which application threads were stopped: 0.0002890 seconds, Stopping threads took: 0.0000420 seconds
2015-11-12T14:01:48.253-0600: 5.508: Total time for which application threads were stopped: 0.0001610 seconds, Stopping threads took: 0.0001110 seconds
2015-11-12T14:01:48.253-0600: 5.508: Total time for which application threads were stopped: 0.0001050 seconds, Stopping threads took: 0.0000670 seconds
2015-11-12T14:01:53.707-0600: 10.962: Total time for which application threads were stopped: 0.0001500 seconds, Stopping threads took: 0.0000300 seconds
2015-11-12T14:01:53.707-0600: 10.962: Total time for which application threads were stopped: 0.0000580 seconds, Stopping threads took: 0.0000220 seconds
2015-11-12T14:01:53.714-0600: 10.969: Total time for which application threads were stopped: 0.0000830 seconds, Stopping threads took: 0.0000390 seconds
2015-11-12T14:01:53.735-0600: 10.990: Total time for which application threads were stopped: 0.0000640 seconds, Stopping threads took: 0.0000320 seconds
2015-11-12T14:01:53.735-0600: 10.990: Total time for which application threads were stopped: 0.0000480 seconds, Stopping threads took: 0.0000250 seconds
2015-11-12T14:01:53.759-0600: 11.014: Total time for which application threads were stopped: 0.0000610 seconds, Stopping threads took: 0.0000220 seconds
2015-11-12T14:01:53.826-0600: 11.081: Total time for which application threads were stopped: 0.0002040 seconds, Stopping threads took: 0.0000490 seconds
2015-11-12T14:01:53.827-0600: 11.082: Total time for which application threads were stopped: 0.0001050 seconds, Stopping threads took: 0.0000500 seconds
2015-11-12T14:01:53.827-0600: 11.082: Total time for which application threads were stopped: 0.0000850 seconds, Stopping threads took: 0.0000480 seconds
{Heap before GC invocations=1 (full 0):
 par new generation   total 109248K, used 92520K [0x00000000d5a00000, 0x00000000dda00000, 0x00000000dda00000)
  eden space 87424K, 100% used [0x00000000d5a00000, 0x00000000daf60000, 0x00000000daf60000)
  from space 21824K,  23% used [0x00000000dc4b0000, 0x00000000dc9aa138, 0x00000000dda00000)
  to   space 21824K,   0% used [0x00000000daf60000, 0x00000000daf60000, 0x00000000dc4b0000)
 concurrent mark-sweep generation total 393216K, used 0K [0x00000000dda00000, 0x00000000f5a00000, 0x00000000f5a00000)
 concurrent-mark-sweep perm gen total 23360K, used 23263K [0x00000000f5a00000, 0x00000000f70d0000, 0x0000000100000000)
2015-11-12T14:01:53.828-0600: 11.083: [GC2015-11-12T14:01:53.828-0600: 11.083: [ParNew
Desired survivor size 20112992 bytes, new threshold 8 (max 8)
- age   1:   10736336 bytes,   10736336 total
- age   2:    2126504 bytes,   12862840 total
: 92520K->15132K(109248K), 0.0202100 secs] 92520K->15132K(502464K), 0.0203430 secs] [Times: user=0.07 sys=0.00, real=0.02 secs] 
Heap after GC invocations=2 (full 0):
 par new generation   total 109248K, used 15132K [0x00000000d5a00000, 0x00000000dda00000, 0x00000000dda00000)
  eden space 87424K,   0% used [0x00000000d5a00000, 0x00000000d5a00000, 0x00000000daf60000)
  from space 21824K,  69% used [0x00000000daf60000, 0x00000000dbe271d8, 0x00000000dc4b0000)
  to   space 21824K,   0% used [0x00000000dc4b0000, 0x00000000dc4b0000, 0x00000000dda00000)
 concurrent mark-sweep generation total 393216K, used 0K [0x00000000dda00000, 0x00000000f5a00000, 0x00000000f5a00000)
 concurrent-mark-sweep perm gen total 23360K, used 23263K [0x00000000f5a00000, 0x00000000f70d0000, 0x0000000100000000)
}
2015-11-12T14:01:53.848-0600: 11.103: Total time for which application threads were stopped: 0.0205380 seconds, Stopping threads took: 0.0000230 seconds
2015-11-12T14:01:53.849-0600: 11.103: Total time for which application threads were stopped: 0.0001000 seconds, Stopping threads took: 0.0000460 seconds
2015-11-12T14:01:53.849-0600: 11.104: Total time for which application threads were stopped: 0.0000770 seconds, Stopping threads took: 0.0000380 seconds
2015-11-12T14:01:53.855-0600: 11.110: Total time for which application threads were stopped: 0.0010320 seconds, Stopping threads took: 0.0009600 seconds
2015-11-12T14:01:53.855-0600: 11.110: Total time for which application threads were stopped: 0.0001250 seconds, Stopping threads took: 0.0000650 seconds
2015-11-12T14:01:53.856-0600: 11.110: Total time for which application threads were stopped: 0.0001160 seconds, Stopping threads took: 0.0000700 seconds
2015-11-12T14:01:53.856-0600: 11.111: Total time for which application threads were stopped: 0.0003350 seconds, Stopping threads took: 0.0002860 seconds
2015-11-12T14:01:53.857-0600: 11.112: Total time for which application threads were stopped: 0.0001650 seconds, Stopping threads took: 0.0001080 seconds
2015-11-12T14:01:53.858-0600: 11.112: Total time for which application threads were stopped: 0.0000880 seconds, Stopping threads took: 0.0000630 seconds
2015-11-12T14:01:53.858-0600: 11.112: Total time for which application threads were stopped: 0.0000610 seconds, Stopping threads took: 0.0000380 seconds
2015-11-12T14:01:53.858-0600: 11.113: Total time for which application threads were stopped: 0.0000630 seconds, Stopping threads took: 0.0000350 seconds
2015-11-12T14:01:53.863-0600: 11.118: Total time for which application threads were stopped: 0.0000630 seconds, Stopping threads took: 0.0000300 seconds
2015-11-12T14:01:53.863-0600: 11.118: Total time for which application threads were stopped: 0.0000710 seconds, Stopping threads took: 0.0000490 seconds
2015-11-12T14:01:53.863-0600: 11.118: Total time for which application threads were stopped: 0.0000550 seconds, Stopping threads took: 0.0000340 seconds
2015-11-12T14:01:53.863-0600: 11.118: Total time for which application threads were stopped: 0.0003180 seconds, Stopping threads took: 0.0002980 seconds
2015-11-12T14:01:53.864-0600: 11.118: Total time for which application threads were stopped: 0.0000530 seconds, Stopping threads took: 0.0000330 seconds
2015-11-12T14:01:53.864-0600: 11.118: Total time for which application threads were stopped: 0.0000490 seconds, Stopping threads took: 0.0000300 seconds
2015-11-12T14:01:53.864-0600: 11.118: Total time for which application threads were stopped: 0.0000550 seconds, Stopping threads took: 0.0000370 seconds
2015-11-12T14:01:53.864-0600: 11.119: Total time for which application threads were stopped: 0.0000360 seconds, Stopping threads took: 0.0000180 seconds
2015-11-12T14:01:53.864-0600: 11.119: Total time for which application threads were stopped: 0.0000280 seconds, Stopping threads took: 0.0000120 seconds
2015-11-12T14:01:53.864-0600: 11.119: Total time for which application threads were stopped: 0.0000420 seconds, Stopping threads took: 0.0000230 seconds
2015-11-12T14:01:53.864-0600: 11.119: Total time for which application threads were stopped: 0.0000500 seconds, Stopping threads took: 0.0000310 seconds
2015-11-12T14:01:53.864-0600: 11.119: Total time for which application threads were stopped: 0.0000500 seconds, Stopping threads took: 0.0000340 seconds
2015-11-12T14:01:53.864-0600: 11.119: Total time for which application threads were stopped: 0.0000520 seconds, Stopping threads took: 0.0000310 seconds
2015-11-12T14:01:53.864-0600: 11.119: Total time for which application threads were stopped: 0.0000440 seconds, Stopping threads took: 0.0000250 seconds
2015-11-12T14:01:53.864-0600: 11.119: Total time for which application threads were stopped: 0.0000360 seconds, Stopping threads took: 0.0000180 seconds
2015-11-12T14:01:53.865-0600: 11.119: Total time for which application threads were stopped: 0.0001530 seconds, Stopping threads took: 0.0000260 seconds
2015-11-12T14:01:53.917-0600: 11.171: Total time for which application threads were stopped: 0.0000810 seconds, Stopping threads took: 0.0000350 seconds
2015-11-12T14:01:53.917-0600: 11.172: Total time for which application threads were stopped: 0.0000440 seconds, Stopping threads took: 0.0000190 seconds
2015-11-12T14:01:53.944-0600: 11.198: Total time for which application threads were stopped: 0.0001130 seconds, Stopping threads took: 0.0000580 seconds
2015-11-12T14:01:53.949-0600: 11.204: Total time for which application threads were stopped: 0.0000930 seconds, Stopping threads took: 0.0000430 seconds
2015-11-12T14:01:53.950-0600: 11.204: Total time for which application threads were stopped: 0.0000610 seconds, Stopping threads took: 0.0000230 seconds
2015-11-12T14:01:55.661-0600: 12.916: Total time for which application threads were stopped: 0.0002040 seconds, Stopping threads took: 0.0000460 seconds
2015-11-12T14:01:55.702-0600: 12.956: Total time for which application threads were stopped: 0.0001930 seconds, Stopping threads took: 0.0000350 seconds
2015-11-12T14:01:56.169-0600: 13.424: Total time for which application threads were stopped: 0.0002020 seconds, Stopping threads took: 0.0000480 seconds
2015-11-12T14:01:59.667-0600: 16.922: Total time for which application threads were stopped: 0.0002170 seconds, Stopping threads took: 0.0000490 seconds
2015-11-12T14:01:59.737-0600: 16.992: Total time for which application threads were stopped: 0.0001840 seconds, Stopping threads took: 0.0000570 seconds
2015-11-12T14:01:59.738-0600: 16.993: Total time for which application threads were stopped: 0.0001140 seconds, Stopping threads took: 0.0000390 seconds
2015-11-12T14:01:59.746-0600: 17.000: Total time for which application threads were stopped: 0.0001000 seconds, Stopping threads took: 0.0000360 seconds
2015-11-12T14:01:59.746-0600: 17.001: Total time for which application threads were stopped: 0.0000540 seconds, Stopping threads took: 0.0000160 seconds
2015-11-12T14:01:59.746-0600: 17.001: Total time for which application threads were stopped: 0.0000490 seconds, Stopping threads took: 0.0000140 seconds
2015-11-12T14:01:59.747-0600: 17.002: Total time for which application threads were stopped: 0.0000490 seconds, Stopping threads took: 0.0000170 seconds
2015-11-12T14:01:59.748-0600: 17.003: Total time for which application threads were stopped: 0.0000430 seconds, Stopping threads took: 0.0000150 seconds
2015-11-12T14:01:59.751-0600: 17.006: Total time for which application threads were stopped: 0.0000770 seconds, Stopping threads took: 0.0000280 seconds
2015-11-12T14:01:59.751-0600: 17.006: Total time for which application threads were stopped: 0.0000510 seconds, Stopping threads took: 0.0000160 seconds
2015-11-12T14:01:59.751-0600: 17.006: Total time for which application threads were stopped: 0.0000380 seconds, Stopping threads took: 0.0000100 seconds
2015-11-12T14:01:59.755-0600: 17.010: Total time for which application threads were stopped: 0.0000620 seconds, Stopping threads took: 0.0000230 seconds
2015-11-12T14:01:59.756-0600: 17.010: Total time for which application threads were stopped: 0.0000510 seconds, Stopping threads took: 0.0000190 seconds
2015-11-12T14:01:59.756-0600: 17.011: Total time for which application threads were stopped: 0.0000560 seconds, Stopping threads took: 0.0000290 seconds
2015-11-12T14:01:59.760-0600: 17.014: Total time for which application threads were stopped: 0.0001710 seconds, Stopping threads took: 0.0000290 seconds
2015-11-12T14:01:59.760-0600: 17.015: Total time for which application threads were stopped: 0.0000790 seconds, Stopping threads took: 0.0000260 seconds
2015-11-12T14:01:59.760-0600: 17.015: Total time for which application threads were stopped: 0.0000940 seconds, Stopping threads took: 0.0000490 seconds
2015-11-12T14:01:59.760-0600: 17.015: Total time for which application threads were stopped: 0.0000530 seconds, Stopping threads took: 0.0000170 seconds
2015-11-12T14:01:59.760-0600: 17.015: Total time for which application threads were stopped: 0.0000720 seconds, Stopping threads took: 0.0000370 seconds
2015-11-12T14:01:59.761-0600: 17.016: Total time for which application threads were stopped: 0.0001080 seconds, Stopping threads took: 0.0000640 seconds
2015-11-12T14:01:59.761-0600: 17.016: Total time for which application threads were stopped: 0.0000830 seconds, Stopping threads took: 0.0000480 seconds
2015-11-12T14:01:59.761-0600: 17.016: Total time for which application threads were stopped: 0.0000500 seconds, Stopping threads took: 0.0000180 seconds
2015-11-12T14:01:59.761-0600: 17.016: Total time for which application threads were stopped: 0.0000580 seconds, Stopping threads took: 0.0000270 seconds
2015-11-12T14:01:59.761-0600: 17.016: Total time for which application threads were stopped: 0.0000590 seconds, Stopping threads took: 0.0000280 seconds
2015-11-12T14:01:59.768-0600: 17.023: Total time for which application threads were stopped: 0.0000810 seconds, Stopping threads took: 0.0000370 seconds
2015-11-12T14:01:59.769-0600: 17.024: Total time for which application threads were stopped: 0.0000520 seconds, Stopping threads took: 0.0000260 seconds
2015-11-12T14:01:59.775-0600: 17.030: Total time for which application threads were stopped: 0.0000790 seconds, Stopping threads took: 0.0000360 seconds
2015-11-12T14:01:59.777-0600: 17.031: Total time for which application threads were stopped: 0.0002690 seconds, Stopping threads took: 0.0000270 seconds
2015-11-12T14:01:59.838-0600: 17.092: Total time for which application threads were stopped: 0.0001020 seconds, Stopping threads took: 0.0000400 seconds
2015-11-12T14:01:59.846-0600: 17.101: Total time for which application threads were stopped: 0.0001700 seconds, Stopping threads took: 0.0000620 seconds
2015-11-12T14:01:59.968-0600: 17.222: Total time for which application threads were stopped: 0.0001860 seconds, Stopping threads took: 0.0000700 seconds
2015-11-12T14:02:00.803-0600: 18.058: Total time for which application threads were stopped: 0.0002720 seconds, Stopping threads took: 0.0000550 seconds
2015-11-12T14:02:00.823-0600: 18.077: Total time for which application threads were stopped: 0.0001260 seconds, Stopping threads took: 0.0000470 seconds
2015-11-12T14:02:00.828-0600: 18.083: Total time for which application threads were stopped: 0.0000630 seconds, Stopping threads took: 0.0000310 seconds
2015-11-12T14:02:00.866-0600: 18.121: Total time for which application threads were stopped: 0.0000600 seconds, Stopping threads took: 0.0000320 seconds
2015-11-12T14:02:00.867-0600: 18.122: Total time for which application threads were stopped: 0.0000790 seconds, Stopping threads took: 0.0000410 seconds
2015-11-12T14:02:00.873-0600: 18.127: Total time for which application threads were stopped: 0.0001990 seconds, Stopping threads took: 0.0001440 seconds
2015-11-12T14:02:00.883-0600: 18.138: Total time for which application threads were stopped: 0.0001710 seconds, Stopping threads took: 0.0000690 seconds
2015-11-12T14:02:00.913-0600: 18.168: Total time for which application threads were stopped: 0.0062750 seconds, Stopping threads took: 0.0062200 seconds
2015-11-12T14:02:00.933-0600: 18.188: Total time for which application threads were stopped: 0.0001260 seconds, Stopping threads took: 0.0000370 seconds
2015-11-12T14:02:00.946-0600: 18.201: Total time for which application threads were stopped: 0.0000760 seconds, Stopping threads took: 0.0000280 seconds
2015-11-12T14:02:00.959-0600: 18.214: Total time for which application threads were stopped: 0.0001970 seconds, Stopping threads took: 0.0000870 seconds
2015-11-12T14:02:00.968-0600: 18.223: Total time for which application threads were stopped: 0.0002380 seconds, Stopping threads took: 0.0000870 seconds
2015-11-12T14:02:00.983-0600: 18.238: Total time for which application threads were stopped: 0.0001480 seconds, Stopping threads took: 0.0000840 seconds
2015-11-12T14:02:00.996-0600: 18.251: Total time for which application threads were stopped: 0.0001330 seconds, Stopping threads took: 0.0000750 seconds
2015-11-12T14:02:01.052-0600: 18.307: Total time for which application threads were stopped: 0.0001990 seconds, Stopping threads took: 0.0000530 seconds
2015-11-12T14:02:01.121-0600: 18.376: Total time for which application threads were stopped: 0.0001340 seconds, Stopping threads took: 0.0000760 seconds
2015-11-12T14:02:01.188-0600: 18.443: Total time for which application threads were stopped: 0.0000910 seconds, Stopping threads took: 0.0000370 seconds
2015-11-12T14:02:01.192-0600: 18.446: Total time for which application threads were stopped: 0.0001420 seconds, Stopping threads took: 0.0000860 seconds
2015-11-12T14:02:01.195-0600: 18.449: Total time for which application threads were stopped: 0.0001760 seconds, Stopping threads took: 0.0000900 seconds
2015-11-12T14:02:01.203-0600: 18.458: Total time for which application threads were stopped: 0.0001200 seconds, Stopping threads took: 0.0000500 seconds
2015-11-12T14:02:01.270-0600: 18.525: Total time for which application threads were stopped: 0.0002210 seconds, Stopping threads took: 0.0000610 seconds
2015-11-12T14:02:01.311-0600: 18.565: Total time for which application threads were stopped: 0.0003540 seconds, Stopping threads took: 0.0000910 seconds
2015-11-12T14:02:01.329-0600: 18.584: Total time for which application threads were stopped: 0.0001080 seconds, Stopping threads took: 0.0000700 seconds
2015-11-12T14:02:01.358-0600: 18.613: Total time for which application threads were stopped: 0.0007080 seconds, Stopping threads took: 0.0005630 seconds
2015-11-12T14:02:01.478-0600: 18.732: Total time for which application threads were stopped: 0.0008340 seconds, Stopping threads took: 0.0001280 seconds
2015-11-12T14:02:01.486-0600: 18.741: Total time for which application threads were stopped: 0.0001590 seconds, Stopping threads took: 0.0000550 seconds
2015-11-12T14:02:01.497-0600: 18.752: Total time for which application threads were stopped: 0.0000900 seconds, Stopping threads took: 0.0000390 seconds
2015-11-12T14:02:01.511-0600: 18.766: Total time for which application threads were stopped: 0.0002160 seconds, Stopping threads took: 0.0000870 seconds
2015-11-12T14:02:01.520-0600: 18.775: Total time for which application threads were stopped: 0.0001820 seconds, Stopping threads took: 0.0000680 seconds
2015-11-12T14:02:01.535-0600: 18.789: Total time for which application threads were stopped: 0.0001970 seconds, Stopping threads took: 0.0000850 seconds
2015-11-12T14:02:02.535-0600: 19.790: Total time for which application threads were stopped: 0.0004340 seconds, Stopping threads took: 0.0001750 seconds
2015-11-12T14:02:02.632-0600: 19.887: Total time for which application threads were stopped: 0.0001550 seconds, Stopping threads took: 0.0000560 seconds
2015-11-12T14:02:02.698-0600: 19.953: Total time for which application threads were stopped: 0.0006120 seconds, Stopping threads took: 0.0003840 seconds
{Heap before GC invocations=2 (full 0):
 par new generation   total 109248K, used 102556K [0x00000000d5a00000, 0x00000000dda00000, 0x00000000dda00000)
  eden space 87424K, 100% used [0x00000000d5a00000, 0x00000000daf60000, 0x00000000daf60000)
  from space 21824K,  69% used [0x00000000daf60000, 0x00000000dbe271d8, 0x00000000dc4b0000)
  to   space 21824K,   0% used [0x00000000dc4b0000, 0x00000000dc4b0000, 0x00000000dda00000)
 concurrent mark-sweep generation total 393216K, used 0K [0x00000000dda00000, 0x00000000f5a00000, 0x00000000f5a00000)
 concurrent-mark-sweep perm gen total 25472K, used 25391K [0x00000000f5a00000, 0x00000000f72e0000, 0x0000000100000000)
2015-11-12T14:02:03.675-0600: 20.930: [GC2015-11-12T14:02:03.675-0600: 20.930: [ParNew
Desired survivor size 20112992 bytes, new threshold 8 (max 8)
- age   1:    5213696 bytes,    5213696 total
- age   2:    3497352 bytes,    8711048 total
- age   3:    2118136 bytes,   10829184 total
: 102556K->15326K(109248K), 0.0892390 secs] 102556K->15326K(502464K), 0.0894470 secs] [Times: user=0.12 sys=0.00, real=0.09 secs] 
Heap after GC invocations=3 (full 0):
 par new generation   total 109248K, used 15326K [0x00000000d5a00000, 0x00000000dda00000, 0x00000000dda00000)
  eden space 87424K,   0% used [0x00000000d5a00000, 0x00000000d5a00000, 0x00000000daf60000)
  from space 21824K,  70% used [0x00000000dc4b0000, 0x00000000dd3a7900, 0x00000000dda00000)
  to   space 21824K,   0% used [0x00000000daf60000, 0x00000000daf60000, 0x00000000dc4b0000)
 concurrent mark-sweep generation total 393216K, used 0K [0x00000000dda00000, 0x00000000f5a00000, 0x00000000f5a00000)
 concurrent-mark-sweep perm gen total 25472K, used 25391K [0x00000000f5a00000, 0x00000000f72e0000, 0x0000000100000000)
}
2015-11-12T14:02:03.765-0600: 21.019: Total time for which application threads were stopped: 0.0980760 seconds, Stopping threads took: 0.0076170 seconds
2015-11-12T14:02:03.769-0600: 21.024: Total time for which application threads were stopped: 0.0001740 seconds, Stopping threads took: 0.0001070 seconds
2015-11-12T14:02:03.769-0600: 21.024: Total time for which application threads were stopped: 0.0000650 seconds, Stopping threads took: 0.0000240 seconds
2015-11-12T14:02:03.770-0600: 21.024: Total time for which application threads were stopped: 0.0000990 seconds, Stopping threads took: 0.0000490 seconds
2015-11-12T14:02:03.770-0600: 21.024: Total time for which application threads were stopped: 0.0000710 seconds, Stopping threads took: 0.0000350 seconds
2015-11-12T14:02:03.770-0600: 21.025: Total time for which application threads were stopped: 0.0000660 seconds, Stopping threads took: 0.0000320 seconds
2015-11-12T14:02:03.770-0600: 21.025: Total time for which application threads were stopped: 0.0000710 seconds, Stopping threads took: 0.0000370 seconds
2015-11-12T14:02:03.770-0600: 21.025: Total time for which application threads were stopped: 0.0000490 seconds, Stopping threads took: 0.0000140 seconds
2015-11-12T14:02:03.770-0600: 21.025: Total time for which application threads were stopped: 0.0000510 seconds, Stopping threads took: 0.0000150 seconds
2015-11-12T14:02:03.770-0600: 21.025: Total time for which application threads were stopped: 0.0000490 seconds, Stopping threads took: 0.0000140 seconds
2015-11-12T14:02:03.770-0600: 21.025: Total time for which application threads were stopped: 0.0000490 seconds, Stopping threads took: 0.0000140 seconds
2015-11-12T14:02:03.770-0600: 21.025: Total time for which application threads were stopped: 0.0000590 seconds, Stopping threads took: 0.0000230 seconds
2015-11-12T14:02:03.770-0600: 21.025: Total time for which application threads were stopped: 0.0000480 seconds, Stopping threads took: 0.0000130 seconds
2015-11-12T14:02:03.770-0600: 21.025: Total time for which application threads were stopped: 0.0000480 seconds, Stopping threads took: 0.0000140 seconds
2015-11-12T14:02:03.770-0600: 21.025: Total time for which application threads were stopped: 0.0000480 seconds, Stopping threads took: 0.0000130 seconds
2015-11-12T14:02:03.771-0600: 21.025: Total time for which application threads were stopped: 0.0000480 seconds, Stopping threads took: 0.0000130 seconds
2015-11-12T14:02:03.771-0600: 21.025: Total time for which application threads were stopped: 0.0000470 seconds, Stopping threads took: 0.0000140 seconds
2015-11-12T14:02:03.771-0600: 21.025: Total time for which application threads were stopped: 0.0000490 seconds, Stopping threads took: 0.0000140 seconds
2015-11-12T14:02:03.771-0600: 21.026: Total time for which application threads were stopped: 0.0000500 seconds, Stopping threads took: 0.0000140 seconds
2015-11-12T14:02:03.771-0600: 21.026: Total time for which application threads were stopped: 0.0000520 seconds, Stopping threads took: 0.0000150 seconds
2015-11-12T14:02:03.771-0600: 21.026: Total time for which application threads were stopped: 0.0003550 seconds, Stopping threads took: 0.0000130 seconds
2015-11-12T14:02:03.773-0600: 21.028: Total time for which application threads were stopped: 0.0001260 seconds, Stopping threads took: 0.0000320 seconds
2015-11-12T14:02:03.774-0600: 21.029: Total time for which application threads were stopped: 0.0001080 seconds, Stopping threads took: 0.0000200 seconds
2015-11-12T14:02:04.775-0600: 22.030: Total time for which application threads were stopped: 0.0009280 seconds, Stopping threads took: 0.0006220 seconds
2015-11-12T14:02:04.935-0600: 22.190: Total time for which application threads were stopped: 0.0088190 seconds, Stopping threads took: 0.0086060 seconds
2015-11-12T14:02:05.328-0600: 22.583: Total time for which application threads were stopped: 0.0021530 seconds, Stopping threads took: 0.0017280 seconds
2015-11-12T14:02:05.337-0600: 22.592: Total time for which application threads were stopped: 0.0022730 seconds, Stopping threads took: 0.0021410 seconds
2015-11-12T14:02:05.351-0600: 22.606: Total time for which application threads were stopped: 0.0038550 seconds, Stopping threads took: 0.0037270 seconds
2015-11-12T14:02:05.359-0600: 22.614: Total time for which application threads were stopped: 0.0001700 seconds, Stopping threads took: 0.0000450 seconds
{Heap before GC invocations=3 (full 0):
 par new generation   total 109248K, used 102750K [0x00000000d5a00000, 0x00000000dda00000, 0x00000000dda00000)
  eden space 87424K, 100% used [0x00000000d5a00000, 0x00000000daf60000, 0x00000000daf60000)
  from space 21824K,  70% used [0x00000000dc4b0000, 0x00000000dd3a7900, 0x00000000dda00000)
  to   space 21824K,   0% used [0x00000000daf60000, 0x00000000daf60000, 0x00000000dc4b0000)
 concurrent mark-sweep generation total 393216K, used 0K [0x00000000dda00000, 0x00000000f5a00000, 0x00000000f5a00000)
 concurrent-mark-sweep perm gen total 26432K, used 26325K [0x00000000f5a00000, 0x00000000f73d0000, 0x0000000100000000)
2015-11-12T14:02:05.661-0600: 22.916: [GC2015-11-12T14:02:05.661-0600: 22.916: [ParNew
Desired survivor size 20112992 bytes, new threshold 8 (max 8)
- age   1:    2617088 bytes,    2617088 total
- age   2:    2831544 bytes,    5448632 total
- age   3:    3495416 bytes,    8944048 total
- age   4:    2118136 bytes,   11062184 total
: 102750K->14670K(109248K), 0.0951100 secs] 102750K->14670K(502464K), 0.0953930 secs] [Times: user=0.11 sys=0.00, real=0.10 secs] 
Heap after GC invocations=4 (full 0):
 par new generation   total 109248K, used 14670K [0x00000000d5a00000, 0x00000000dda00000, 0x00000000dda00000)
  eden space 87424K,   0% used [0x00000000d5a00000, 0x00000000d5a00000, 0x00000000daf60000)
  from space 21824K,  67% used [0x00000000daf60000, 0x00000000dbdb3920, 0x00000000dc4b0000)
  to   space 21824K,   0% used [0x00000000dc4b0000, 0x00000000dc4b0000, 0x00000000dda00000)
 concurrent mark-sweep generation total 393216K, used 0K [0x00000000dda00000, 0x00000000f5a00000, 0x00000000f5a00000)
 concurrent-mark-sweep perm gen total 26432K, used 26325K [0x00000000f5a00000, 0x00000000f73d0000, 0x0000000100000000)
}
2015-11-12T14:02:05.756-0600: 23.011: Total time for which application threads were stopped: 0.1018530 seconds, Stopping threads took: 0.0059730 seconds
2015-11-12T14:02:05.763-0600: 23.018: Total time for which application threads were stopped: 0.0002860 seconds, Stopping threads took: 0.0001430 seconds
2015-11-12T14:02:05.764-0600: 23.018: Total time for which application threads were stopped: 0.0001200 seconds, Stopping threads took: 0.0000230 seconds
{Heap before GC invocations=4 (full 0):
 par new generation   total 109248K, used 102094K [0x00000000d5a00000, 0x00000000dda00000, 0x00000000dda00000)
  eden space 87424K, 100% used [0x00000000d5a00000, 0x00000000daf60000, 0x00000000daf60000)
  from space 21824K,  67% used [0x00000000daf60000, 0x00000000dbdb3920, 0x00000000dc4b0000)
  to   space 21824K,   0% used [0x00000000dc4b0000, 0x00000000dc4b0000, 0x00000000dda00000)
 concurrent mark-sweep generation total 393216K, used 0K [0x00000000dda00000, 0x00000000f5a00000, 0x00000000f5a00000)
 concurrent-mark-sweep perm gen total 26624K, used 26460K [0x00000000f5a00000, 0x00000000f7400000, 0x0000000100000000)
2015-11-12T14:02:06.397-0600: 23.652: [GC2015-11-12T14:02:06.397-0600: 23.652: [ParNew
Desired survivor size 20112992 bytes, new threshold 8 (max 8)
- age   1:     689080 bytes,     689080 total
- age   2:    1811384 bytes,    2500464 total
- age   3:    2796968 bytes,    5297432 total
- age   4:    3494896 bytes,    8792328 total
- age   5:    2118136 bytes,   10910464 total
: 102094K->14202K(109248K), 0.0493670 secs] 102094K->14202K(502464K), 0.0495660 secs] [Times: user=0.10 sys=0.00, real=0.05 secs] 
Heap after GC invocations=5 (full 0):
 par new generation   total 109248K, used 14202K [0x00000000d5a00000, 0x00000000dda00000, 0x00000000dda00000)
  eden space 87424K,   0% used [0x00000000d5a00000, 0x00000000d5a00000, 0x00000000daf60000)
  from space 21824K,  65% used [0x00000000dc4b0000, 0x00000000dd28eb40, 0x00000000dda00000)
  to   space 21824K,   0% used [0x00000000daf60000, 0x00000000daf60000, 0x00000000dc4b0000)
 concurrent mark-sweep generation total 393216K, used 0K [0x00000000dda00000, 0x00000000f5a00000, 0x00000000f5a00000)
 concurrent-mark-sweep perm gen total 26624K, used 26460K [0x00000000f5a00000, 0x00000000f7400000, 0x0000000100000000)
}
2015-11-12T14:02:06.447-0600: 23.701: Total time for which application threads were stopped: 0.0500940 seconds, Stopping threads took: 0.0000450 seconds
2015-11-12T14:02:06.813-0600: 24.068: Total time for which application threads were stopped: 0.0002880 seconds, Stopping threads took: 0.0000490 seconds
2015-11-12T14:02:06.826-0600: 24.081: Total time for which application threads were stopped: 0.0041440 seconds, Stopping threads took: 0.0040050 seconds
2015-11-12T14:02:06.846-0600: 24.101: Total time for which application threads were stopped: 0.0041620 seconds, Stopping threads took: 0.0040170 seconds
{Heap before GC invocations=5 (full 0):
 par new generation   total 109248K, used 101626K [0x00000000d5a00000, 0x00000000dda00000, 0x00000000dda00000)
  eden space 87424K, 100% used [0x00000000d5a00000, 0x00000000daf60000, 0x00000000daf60000)
  from space 21824K,  65% used [0x00000000dc4b0000, 0x00000000dd28eb40, 0x00000000dda00000)
  to   space 21824K,   0% used [0x00000000daf60000, 0x00000000daf60000, 0x00000000dc4b0000)
 concurrent mark-sweep generation total 393216K, used 0K [0x00000000dda00000, 0x00000000f5a00000, 0x00000000f5a00000)
 concurrent-mark-sweep perm gen total 26816K, used 26736K [0x00000000f5a00000, 0x00000000f7430000, 0x0000000100000000)
2015-11-12T14:02:06.870-0600: 24.125: [GC2015-11-12T14:02:06.871-0600: 24.125: [ParNew
Desired survivor size 20112992 bytes, new threshold 8 (max 8)
- age   1:     535072 bytes,     535072 total
- age   2:      77392 bytes,     612464 total
- age   3:    1800352 bytes,    2412816 total
- age   4:    2788968 bytes,    5201784 total
- age   5:    3494656 bytes,    8696440 total
- age   6:    2183688 bytes,   10880128 total
: 101626K->13539K(109248K), 0.0275430 secs] 101626K->13539K(502464K), 0.0277690 secs] [Times: user=0.08 sys=0.00, real=0.02 secs] 
Heap after GC invocations=6 (full 0):
 par new generation   total 109248K, used 13539K [0x00000000d5a00000, 0x00000000dda00000, 0x00000000dda00000)
  eden space 87424K,   0% used [0x00000000d5a00000, 0x00000000d5a00000, 0x00000000daf60000)
  from space 21824K,  62% used [0x00000000daf60000, 0x00000000dbc98e20, 0x00000000dc4b0000)
  to   space 21824K,   0% used [0x00000000dc4b0000, 0x00000000dc4b0000, 0x00000000dda00000)
 concurrent mark-sweep generation total 393216K, used 0K [0x00000000dda00000, 0x00000000f5a00000, 0x00000000f5a00000)
 concurrent-mark-sweep perm gen total 26816K, used 26736K [0x00000000f5a00000, 0x00000000f7430000, 0x0000000100000000)
}
2015-11-12T14:02:06.898-0600: 24.153: Total time for which application threads were stopped: 0.0306650 seconds, Stopping threads took: 0.0026210 seconds
{Heap before GC invocations=6 (full 0):
 par new generation   total 109248K, used 100963K [0x00000000d5a00000, 0x00000000dda00000, 0x00000000dda00000)
  eden space 87424K, 100% used [0x00000000d5a00000, 0x00000000daf60000, 0x00000000daf60000)
  from space 21824K,  62% used [0x00000000daf60000, 0x00000000dbc98e20, 0x00000000dc4b0000)
  to   space 21824K,   0% used [0x00000000dc4b0000, 0x00000000dc4b0000, 0x00000000dda00000)
 concurrent mark-sweep generation total 393216K, used 0K [0x00000000dda00000, 0x00000000f5a00000, 0x00000000f5a00000)
 concurrent-mark-sweep perm gen total 27008K, used 26796K [0x00000000f5a00000, 0x00000000f7460000, 0x0000000100000000)
2015-11-12T14:02:07.381-0600: 24.636: [GC2015-11-12T14:02:07.381-0600: 24.636: [ParNew
Desired survivor size 20112992 bytes, new threshold 8 (max 8)
- age   1:     160288 bytes,     160288 total
- age   2:     138968 bytes,     299256 total
- age   3:      71216 bytes,     370472 total
- age   4:    1790240 bytes,    2160712 total
- age   5:    2779904 bytes,    4940616 total
- age   6:    3494744 bytes,    8435360 total
- age   7:    2118136 bytes,   10553496 total
: 100963K->16230K(109248K), 0.0190370 secs] 100963K->16230K(502464K), 0.0192240 secs] [Times: user=0.06 sys=0.00, real=0.02 secs] 
Heap after GC invocations=7 (full 0):
 par new generation   total 109248K, used 16230K [0x00000000d5a00000, 0x00000000dda00000, 0x00000000dda00000)
  eden space 87424K,   0% used [0x00000000d5a00000, 0x00000000d5a00000, 0x00000000daf60000)
  from space 21824K,  74% used [0x00000000dc4b0000, 0x00000000dd489bb0, 0x00000000dda00000)
  to   space 21824K,   0% used [0x00000000daf60000, 0x00000000daf60000, 0x00000000dc4b0000)
 concurrent mark-sweep generation total 393216K, used 0K [0x00000000dda00000, 0x00000000f5a00000, 0x00000000f5a00000)
 concurrent-mark-sweep perm gen total 27008K, used 26796K [0x00000000f5a00000, 0x00000000f7460000, 0x0000000100000000)
}
2015-11-12T14:02:07.400-0600: 24.655: Total time for which application threads were stopped: 0.0196930 seconds, Stopping threads took: 0.0000370 seconds
{Heap before GC invocations=7 (full 0):
 par new generation   total 109248K, used 103654K [0x00000000d5a00000, 0x00000000dda00000, 0x00000000dda00000)
  eden space 87424K, 100% used [0x00000000d5a00000, 0x00000000daf60000, 0x00000000daf60000)
  from space 21824K,  74% used [0x00000000dc4b0000, 0x00000000dd489bb0, 0x00000000dda00000)
  to   space 21824K,   0% used [0x00000000daf60000, 0x00000000daf60000, 0x00000000dc4b0000)
 concurrent mark-sweep generation total 393216K, used 0K [0x00000000dda00000, 0x00000000f5a00000, 0x00000000f5a00000)
 concurrent-mark-sweep perm gen total 27584K, used 27436K [0x00000000f5a00000, 0x00000000f74f0000, 0x0000000100000000)
2015-11-12T14:02:07.818-0600: 25.073: [GC2015-11-12T14:02:07.818-0600: 25.073: [ParNew
Desired survivor size 20112992 bytes, new threshold 8 (max 8)
- age   1:     955952 bytes,     955952 total
- age   2:     106120 bytes,    1062072 total
- age   3:     136200 bytes,    1198272 total
- age   4:      67360 bytes,    1265632 total
- age   5:    1781616 bytes,    3047248 total
- age   6:    2774480 bytes,    5821728 total
- age   7:    3494656 bytes,    9316384 total
- age   8:    2118136 bytes,   11434520 total
: 103654K->12238K(109248K), 0.0279050 secs] 103654K->12238K(502464K), 0.0281100 secs] [Times: user=0.10 sys=0.00, real=0.03 secs] 
Heap after GC invocations=8 (full 0):
 par new generation   total 109248K, used 12238K [0x00000000d5a00000, 0x00000000dda00000, 0x00000000dda00000)
  eden space 87424K,   0% used [0x00000000d5a00000, 0x00000000d5a00000, 0x00000000daf60000)
  from space 21824K,  56% used [0x00000000daf60000, 0x00000000dbb53830, 0x00000000dc4b0000)
  to   space 21824K,   0% used [0x00000000dc4b0000, 0x00000000dc4b0000, 0x00000000dda00000)
 concurrent mark-sweep generation total 393216K, used 0K [0x00000000dda00000, 0x00000000f5a00000, 0x00000000f5a00000)
 concurrent-mark-sweep perm gen total 27584K, used 27436K [0x00000000f5a00000, 0x00000000f74f0000, 0x0000000100000000)
}
2015-11-12T14:02:07.846-0600: 25.101: Total time for which application threads were stopped: 0.0337480 seconds, Stopping threads took: 0.0052010 seconds
2015-11-12T14:02:08.019-0600: 25.274: Total time for which application threads were stopped: 0.0003000 seconds, Stopping threads took: 0.0000690 seconds
2015-11-12T14:02:08.109-0600: 25.364: Total time for which application threads were stopped: 0.0001500 seconds, Stopping threads took: 0.0000480 seconds
2015-11-12T14:02:08.117-0600: 25.372: Total time for which application threads were stopped: 0.0001530 seconds, Stopping threads took: 0.0000540 seconds
2015-11-12T14:02:08.125-0600: 25.380: Total time for which application threads were stopped: 0.0001470 seconds, Stopping threads took: 0.0000570 seconds
2015-11-12T14:02:08.128-0600: 25.383: Total time for which application threads were stopped: 0.0012520 seconds, Stopping threads took: 0.0011630 seconds
2015-11-12T14:02:08.150-0600: 25.405: Total time for which application threads were stopped: 0.0002970 seconds, Stopping threads took: 0.0000580 seconds
2015-11-12T14:02:08.165-0600: 25.419: Total time for which application threads were stopped: 0.0033160 seconds, Stopping threads took: 0.0032080 seconds
2015-11-12T14:02:08.168-0600: 25.422: Total time for which application threads were stopped: 0.0012740 seconds, Stopping threads took: 0.0011560 seconds
2015-11-12T14:02:08.186-0600: 25.441: Total time for which application threads were stopped: 0.0001660 seconds, Stopping threads took: 0.0000550 seconds
2015-11-12T14:02:08.194-0600: 25.448: Total time for which application threads were stopped: 0.0061010 seconds, Stopping threads took: 0.0059940 seconds
2015-11-12T14:02:08.224-0600: 25.479: Total time for which application threads were stopped: 0.0061600 seconds, Stopping threads took: 0.0060220 seconds
2015-11-12T14:02:08.239-0600: 25.494: Total time for which application threads were stopped: 0.0001690 seconds, Stopping threads took: 0.0000600 seconds
2015-11-12T14:02:08.247-0600: 25.502: Total time for which application threads were stopped: 0.0001770 seconds, Stopping threads took: 0.0000650 seconds
2015-11-12T14:02:08.254-0600: 25.509: Total time for which application threads were stopped: 0.0001970 seconds, Stopping threads took: 0.0000680 seconds
2015-11-12T14:02:08.262-0600: 25.517: Total time for which application threads were stopped: 0.0001550 seconds, Stopping threads took: 0.0000430 seconds
2015-11-12T14:02:08.274-0600: 25.529: Total time for which application threads were stopped: 0.0041990 seconds, Stopping threads took: 0.0040630 seconds
2015-11-12T14:02:08.278-0600: 25.533: Total time for which application threads were stopped: 0.0009870 seconds, Stopping threads took: 0.0008640 seconds
2015-11-12T14:02:08.299-0600: 25.553: Total time for which application threads were stopped: 0.0010080 seconds, Stopping threads took: 0.0008690 seconds
2015-11-12T14:02:08.306-0600: 25.561: Total time for which application threads were stopped: 0.0001730 seconds, Stopping threads took: 0.0000640 seconds
2015-11-12T14:02:08.322-0600: 25.577: Total time for which application threads were stopped: 0.0031870 seconds, Stopping threads took: 0.0030630 seconds
2015-11-12T14:02:08.651-0600: 25.906: Total time for which application threads were stopped: 0.0003900 seconds, Stopping threads took: 0.0000380 seconds
2015-11-12T14:02:08.717-0600: 25.971: Total time for which application threads were stopped: 0.0005020 seconds, Stopping threads took: 0.0003630 seconds
2015-11-12T14:02:08.875-0600: 26.130: Total time for which application threads were stopped: 0.0002760 seconds, Stopping threads took: 0.0000900 seconds
2015-11-12T14:02:08.899-0600: 26.154: Total time for which application threads were stopped: 0.0002020 seconds, Stopping threads took: 0.0000680 seconds
2015-11-12T14:02:08.930-0600: 26.185: Total time for which application threads were stopped: 0.0002000 seconds, Stopping threads took: 0.0000660 seconds
2015-11-12T14:02:09.016-0600: 26.271: Total time for which application threads were stopped: 0.0009920 seconds, Stopping threads took: 0.0008110 seconds
2015-11-12T14:02:09.067-0600: 26.322: Total time for which application threads were stopped: 0.0007660 seconds, Stopping threads took: 0.0006420 seconds
2015-11-12T14:02:09.078-0600: 26.333: Total time for which application threads were stopped: 0.0002170 seconds, Stopping threads took: 0.0000960 seconds
2015-11-12T14:02:09.135-0600: 26.390: Total time for which application threads were stopped: 0.0001860 seconds, Stopping threads took: 0.0000410 seconds
2015-11-12T14:02:09.156-0600: 26.411: Total time for which application threads were stopped: 0.0003550 seconds, Stopping threads took: 0.0000400 seconds
2015-11-12T14:02:09.320-0600: 26.574: Total time for which application threads were stopped: 0.0002280 seconds, Stopping threads took: 0.0000800 seconds
{Heap before GC invocations=8 (full 0):
 par new generation   total 109248K, used 99662K [0x00000000d5a00000, 0x00000000dda00000, 0x00000000dda00000)
  eden space 87424K, 100% used [0x00000000d5a00000, 0x00000000daf60000, 0x00000000daf60000)
  from space 21824K,  56% used [0x00000000daf60000, 0x00000000dbb53830, 0x00000000dc4b0000)
  to   space 21824K,   0% used [0x00000000dc4b0000, 0x00000000dc4b0000, 0x00000000dda00000)
 concurrent mark-sweep generation total 393216K, used 0K [0x00000000dda00000, 0x00000000f5a00000, 0x00000000f5a00000)
 concurrent-mark-sweep perm gen total 28928K, used 28720K [0x00000000f5a00000, 0x00000000f7640000, 0x0000000100000000)
2015-11-12T14:02:09.340-0600: 26.595: [GC2015-11-12T14:02:09.341-0600: 26.595: [ParNew
Desired survivor size 20112992 bytes, new threshold 8 (max 8)
- age   1:    2435640 bytes,    2435640 total
- age   2:     152648 bytes,    2588288 total
- age   3:      96992 bytes,    2685280 total
- age   4:     129208 bytes,    2814488 total
- age   5:      60152 bytes,    2874640 total
- age   6:     392208 bytes,    3266848 total
- age   7:    2758648 bytes,    6025496 total
- age   8:    3493096 bytes,    9518592 total
: 99662K->14397K(109248K), 0.0547410 secs] 99662K->16687K(502464K), 0.0549600 secs] [Times: user=0.11 sys=0.00, real=0.06 secs] 
Heap after GC invocations=9 (full 0):
 par new generation   total 109248K, used 14397K [0x00000000d5a00000, 0x00000000dda00000, 0x00000000dda00000)
  eden space 87424K,   0% used [0x00000000d5a00000, 0x00000000d5a00000, 0x00000000daf60000)
  from space 21824K,  65% used [0x00000000dc4b0000, 0x00000000dd2bf7f0, 0x00000000dda00000)
  to   space 21824K,   0% used [0x00000000daf60000, 0x00000000daf60000, 0x00000000dc4b0000)
 concurrent mark-sweep generation total 393216K, used 2289K [0x00000000dda00000, 0x00000000f5a00000, 0x00000000f5a00000)
 concurrent-mark-sweep perm gen total 28928K, used 28720K [0x00000000f5a00000, 0x00000000f7640000, 0x0000000100000000)
}
2015-11-12T14:02:09.395-0600: 26.650: Total time for which application threads were stopped: 0.0606870 seconds, Stopping threads took: 0.0054840 seconds
2015-11-12T14:02:09.881-0600: 27.136: Total time for which application threads were stopped: 0.0004840 seconds, Stopping threads took: 0.0000390 seconds
2015-11-12T14:02:10.084-0600: 27.339: Total time for which application threads were stopped: 0.0004690 seconds, Stopping threads took: 0.0003250 seconds
2015-11-12T14:02:10.096-0600: 27.351: Total time for which application threads were stopped: 0.0001770 seconds, Stopping threads took: 0.0000640 seconds
2015-11-12T14:02:10.097-0600: 27.352: Total time for which application threads were stopped: 0.0001620 seconds, Stopping threads took: 0.0000670 seconds
2015-11-12T14:02:10.098-0600: 27.352: Total time for which application threads were stopped: 0.0001160 seconds, Stopping threads took: 0.0000300 seconds
2015-11-12T14:02:10.107-0600: 27.362: Total time for which application threads were stopped: 0.0002200 seconds, Stopping threads took: 0.0000930 seconds
2015-11-12T14:02:10.107-0600: 27.362: Total time for which application threads were stopped: 0.0001210 seconds, Stopping threads took: 0.0000340 seconds
2015-11-12T14:02:10.107-0600: 27.362: Total time for which application threads were stopped: 0.0001660 seconds, Stopping threads took: 0.0000780 seconds
2015-11-12T14:02:10.110-0600: 27.365: Total time for which application threads were stopped: 0.0025820 seconds, Stopping threads took: 0.0024730 seconds
2015-11-12T14:02:10.115-0600: 27.370: Total time for which application threads were stopped: 0.0013420 seconds, Stopping threads took: 0.0012140 seconds
2015-11-12T14:02:10.117-0600: 27.372: Total time for which application threads were stopped: 0.0001530 seconds, Stopping threads took: 0.0000400 seconds
2015-11-12T14:02:10.133-0600: 27.388: Total time for which application threads were stopped: 0.0006310 seconds, Stopping threads took: 0.0002350 seconds
2015-11-12T14:02:10.147-0600: 27.401: Total time for which application threads were stopped: 0.0002060 seconds, Stopping threads took: 0.0000550 seconds
2015-11-12T14:02:10.206-0600: 27.460: Total time for which application threads were stopped: 0.0002660 seconds, Stopping threads took: 0.0000710 seconds
2015-11-12T14:02:10.213-0600: 27.468: Total time for which application threads were stopped: 0.0001390 seconds, Stopping threads took: 0.0000370 seconds
2015-11-12T14:02:10.218-0600: 27.473: Total time for which application threads were stopped: 0.0008840 seconds, Stopping threads took: 0.0007520 seconds
2015-11-12T14:02:10.222-0600: 27.477: Total time for which application threads were stopped: 0.0002090 seconds, Stopping threads took: 0.0000820 seconds
2015-11-12T14:02:10.228-0600: 27.483: Total time for which application threads were stopped: 0.0001690 seconds, Stopping threads took: 0.0000560 seconds
2015-11-12T14:02:10.231-0600: 27.486: Total time for which application threads were stopped: 0.0008090 seconds, Stopping threads took: 0.0006860 seconds
2015-11-12T14:02:10.234-0600: 27.489: Total time for which application threads were stopped: 0.0001910 seconds, Stopping threads took: 0.0000640 seconds
2015-11-12T14:02:10.238-0600: 27.492: Total time for which application threads were stopped: 0.0024660 seconds, Stopping threads took: 0.0023510 seconds
2015-11-12T14:02:10.238-0600: 27.493: Total time for which application threads were stopped: 0.0001690 seconds, Stopping threads took: 0.0000550 seconds
2015-11-12T14:02:10.241-0600: 27.496: Total time for which application threads were stopped: 0.0001930 seconds, Stopping threads took: 0.0000740 seconds
2015-11-12T14:02:10.244-0600: 27.498: Total time for which application threads were stopped: 0.0001950 seconds, Stopping threads took: 0.0000910 seconds
2015-11-12T14:02:10.246-0600: 27.501: Total time for which application threads were stopped: 0.0007930 seconds, Stopping threads took: 0.0006740 seconds
2015-11-12T14:02:10.247-0600: 27.502: Total time for which application threads were stopped: 0.0001500 seconds, Stopping threads took: 0.0000460 seconds
2015-11-12T14:02:10.248-0600: 27.503: Total time for which application threads were stopped: 0.0001690 seconds, Stopping threads took: 0.0000540 seconds
2015-11-12T14:02:10.249-0600: 27.503: Total time for which application threads were stopped: 0.0001580 seconds, Stopping threads took: 0.0000560 seconds
2015-11-12T14:02:10.250-0600: 27.504: Total time for which application threads were stopped: 0.0001720 seconds, Stopping threads took: 0.0000480 seconds
2015-11-12T14:02:10.250-0600: 27.505: Total time for which application threads were stopped: 0.0001100 seconds, Stopping threads took: 0.0000260 seconds
2015-11-12T14:02:10.251-0600: 27.506: Total time for which application threads were stopped: 0.0001330 seconds, Stopping threads took: 0.0000380 seconds
2015-11-12T14:02:10.251-0600: 27.506: Total time for which application threads were stopped: 0.0001210 seconds, Stopping threads took: 0.0000460 seconds
2015-11-12T14:02:10.252-0600: 27.507: Total time for which application threads were stopped: 0.0001550 seconds, Stopping threads took: 0.0000680 seconds
2015-11-12T14:02:10.252-0600: 27.507: Total time for which application threads were stopped: 0.0001280 seconds, Stopping threads took: 0.0000550 seconds
2015-11-12T14:02:10.253-0600: 27.508: Total time for which application threads were stopped: 0.0001700 seconds, Stopping threads took: 0.0000900 seconds
2015-11-12T14:02:10.253-0600: 27.508: Total time for which application threads were stopped: 0.0001090 seconds, Stopping threads took: 0.0000390 seconds
2015-11-12T14:02:10.255-0600: 27.510: Total time for which application threads were stopped: 0.0007630 seconds, Stopping threads took: 0.0006480 seconds
2015-11-12T14:02:10.256-0600: 27.511: Total time for which application threads were stopped: 0.0001460 seconds, Stopping threads took: 0.0000320 seconds
2015-11-12T14:02:10.257-0600: 27.511: Total time for which application threads were stopped: 0.0001310 seconds, Stopping threads took: 0.0000450 seconds
2015-11-12T14:02:10.257-0600: 27.512: Total time for which application threads were stopped: 0.0002400 seconds, Stopping threads took: 0.0001500 seconds
2015-11-12T14:02:10.258-0600: 27.513: Total time for which application threads were stopped: 0.0003680 seconds, Stopping threads took: 0.0000350 seconds
2015-11-12T14:02:10.326-0600: 27.581: Total time for which application threads were stopped: 0.0020660 seconds, Stopping threads took: 0.0019540 seconds
2015-11-12T14:02:10.346-0600: 27.601: Total time for which application threads were stopped: 0.0015620 seconds, Stopping threads took: 0.0014610 seconds
2015-11-12T14:02:10.352-0600: 27.607: Total time for which application threads were stopped: 0.0001460 seconds, Stopping threads took: 0.0000360 seconds
2015-11-12T14:02:10.382-0600: 27.636: Total time for which application threads were stopped: 0.0056860 seconds, Stopping threads took: 0.0055860 seconds
2015-11-12T14:02:10.394-0600: 27.649: Total time for which application threads were stopped: 0.0006040 seconds, Stopping threads took: 0.0004310 seconds
2015-11-12T14:02:10.563-0600: 27.818: Total time for which application threads were stopped: 0.0003060 seconds, Stopping threads took: 0.0000800 seconds
2015-11-12T14:02:10.690-0600: 27.945: Total time for which application threads were stopped: 0.0039430 seconds, Stopping threads took: 0.0037490 seconds
{Heap before GC invocations=9 (full 0):
 par new generation   total 109248K, used 101821K [0x00000000d5a00000, 0x00000000dda00000, 0x00000000dda00000)
  eden space 87424K, 100% used [0x00000000d5a00000, 0x00000000daf60000, 0x00000000daf60000)
  from space 21824K,  65% used [0x00000000dc4b0000, 0x00000000dd2bf7f0, 0x00000000dda00000)
  to   space 21824K,   0% used [0x00000000daf60000, 0x00000000daf60000, 0x00000000dc4b0000)
 concurrent mark-sweep generation total 393216K, used 2289K [0x00000000dda00000, 0x00000000f5a00000, 0x00000000f5a00000)
 concurrent-mark-sweep perm gen total 31232K, used 31071K [0x00000000f5a00000, 0x00000000f7880000, 0x0000000100000000)
2015-11-12T14:02:10.785-0600: 28.040: [GC2015-11-12T14:02:10.785-0600: 28.040: [ParNew
Desired survivor size 20112992 bytes, new threshold 8 (max 8)
- age   1:    2961400 bytes,    2961400 total
- age   2:     923424 bytes,    3884824 total
- age   3:     147080 bytes,    4031904 total
- age   4:      91552 bytes,    4123456 total
- age   5:     125664 bytes,    4249120 total
- age   6:      54264 bytes,    4303384 total
- age   7:     270744 bytes,    4574128 total
- age   8:    2732632 bytes,    7306760 total
: 101821K->9446K(109248K), 0.0233970 secs] 104111K->15324K(502464K), 0.0235480 secs] [Times: user=0.08 sys=0.00, real=0.02 secs] 
Heap after GC invocations=10 (full 0):
 par new generation   total 109248K, used 9446K [0x00000000d5a00000, 0x00000000dda00000, 0x00000000dda00000)
  eden space 87424K,   0% used [0x00000000d5a00000, 0x00000000d5a00000, 0x00000000daf60000)
  from space 21824K,  43% used [0x00000000daf60000, 0x00000000db899bc0, 0x00000000dc4b0000)
  to   space 21824K,   0% used [0x00000000dc4b0000, 0x00000000dc4b0000, 0x00000000dda00000)
 concurrent mark-sweep generation total 393216K, used 5877K [0x00000000dda00000, 0x00000000f5a00000, 0x00000000f5a00000)
 concurrent-mark-sweep perm gen total 31232K, used 31071K [0x00000000f5a00000, 0x00000000f7880000, 0x0000000100000000)
}
2015-11-12T14:02:10.809-0600: 28.064: Total time for which application threads were stopped: 0.0240140 seconds, Stopping threads took: 0.0000660 seconds
2015-11-12T14:02:10.863-0600: 28.117: Total time for which application threads were stopped: 0.0002950 seconds, Stopping threads took: 0.0000460 seconds
2015-11-12T14:02:10.919-0600: 28.173: Total time for which application threads were stopped: 0.0003360 seconds, Stopping threads took: 0.0000960 seconds
2015-11-12T14:02:10.923-0600: 28.178: Total time for which application threads were stopped: 0.0001660 seconds, Stopping threads took: 0.0000350 seconds
2015-11-12T14:02:10.923-0600: 28.178: Total time for which application threads were stopped: 0.0001410 seconds, Stopping threads took: 0.0000470 seconds
2015-11-12T14:02:10.947-0600: 28.202: Total time for which application threads were stopped: 0.0002580 seconds, Stopping threads took: 0.0000600 seconds
2015-11-12T14:02:10.950-0600: 28.205: Total time for which application threads were stopped: 0.0002210 seconds, Stopping threads took: 0.0000890 seconds
2015-11-12T14:02:10.985-0600: 28.240: Total time for which application threads were stopped: 0.0001870 seconds, Stopping threads took: 0.0000600 seconds
2015-11-12T14:02:11.058-0600: 28.313: Total time for which application threads were stopped: 0.0048850 seconds, Stopping threads took: 0.0047470 seconds
2015-11-12T14:02:11.059-0600: 28.314: Total time for which application threads were stopped: 0.0001310 seconds, Stopping threads took: 0.0000280 seconds
2015-11-12T14:02:11.095-0600: 28.349: Total time for which application threads were stopped: 0.0003290 seconds, Stopping threads took: 0.0000730 seconds
2015-11-12T14:02:11.095-0600: 28.350: Total time for which application threads were stopped: 0.0001850 seconds, Stopping threads took: 0.0000670 seconds
2015-11-12T14:02:11.096-0600: 28.351: Total time for which application threads were stopped: 0.0001790 seconds, Stopping threads took: 0.0000660 seconds
2015-11-12T14:02:11.144-0600: 28.399: Total time for which application threads were stopped: 0.0004160 seconds, Stopping threads took: 0.0000640 seconds
2015-11-12T14:02:11.171-0600: 28.426: Total time for which application threads were stopped: 0.0004360 seconds, Stopping threads took: 0.0003010 seconds
2015-11-12T14:02:11.188-0600: 28.443: Total time for which application threads were stopped: 0.0003430 seconds, Stopping threads took: 0.0000430 seconds
2015-11-12T14:02:11.190-0600: 28.445: Total time for which application threads were stopped: 0.0003990 seconds, Stopping threads took: 0.0000380 seconds
2015-11-12T14:02:11.198-0600: 28.453: Total time for which application threads were stopped: 0.0026920 seconds, Stopping threads took: 0.0025620 seconds
2015-11-12T14:02:11.218-0600: 28.473: Total time for which application threads were stopped: 0.0016430 seconds, Stopping threads took: 0.0015140 seconds
2015-11-12T14:02:11.219-0600: 28.474: Total time for which application threads were stopped: 0.0001820 seconds, Stopping threads took: 0.0000730 seconds
2015-11-12T14:02:11.225-0600: 28.480: Total time for which application threads were stopped: 0.0001900 seconds, Stopping threads took: 0.0000680 seconds
2015-11-12T14:02:11.238-0600: 28.493: Total time for which application threads were stopped: 0.0048700 seconds, Stopping threads took: 0.0046880 seconds
2015-11-12T14:02:11.266-0600: 28.521: Total time for which application threads were stopped: 0.0001910 seconds, Stopping threads took: 0.0000720 seconds
2015-11-12T14:02:11.318-0600: 28.573: Total time for which application threads were stopped: 0.0024050 seconds, Stopping threads took: 0.0022750 seconds
2015-11-12T14:02:11.359-0600: 28.614: Total time for which application threads were stopped: 0.0013770 seconds, Stopping threads took: 0.0012440 seconds
2015-11-12T14:02:11.385-0600: 28.640: Total time for which application threads were stopped: 0.0002870 seconds, Stopping threads took: 0.0000860 seconds
2015-11-12T14:02:11.851-0600: 29.106: Total time for which application threads were stopped: 0.0010230 seconds, Stopping threads took: 0.0000750 seconds
2015-11-12T14:02:11.907-0600: 29.162: Total time for which application threads were stopped: 0.0003080 seconds, Stopping threads took: 0.0001650 seconds
2015-11-12T14:02:11.912-0600: 29.167: Total time for which application threads were stopped: 0.0002180 seconds, Stopping threads took: 0.0000900 seconds
2015-11-12T14:02:11.932-0600: 29.187: Total time for which application threads were stopped: 0.0001700 seconds, Stopping threads took: 0.0000550 seconds
2015-11-12T14:02:11.936-0600: 29.191: Total time for which application threads were stopped: 0.0004120 seconds, Stopping threads took: 0.0000720 seconds
2015-11-12T14:02:11.969-0600: 29.224: Total time for which application threads were stopped: 0.0002160 seconds, Stopping threads took: 0.0000520 seconds
2015-11-12T14:02:11.970-0600: 29.224: Total time for which application threads were stopped: 0.0003730 seconds, Stopping threads took: 0.0002580 seconds
2015-11-12T14:02:11.972-0600: 29.227: Total time for which application threads were stopped: 0.0001720 seconds, Stopping threads took: 0.0000340 seconds
2015-11-12T14:02:11.972-0600: 29.227: Total time for which application threads were stopped: 0.0001640 seconds, Stopping threads took: 0.0000600 seconds
2015-11-12T14:02:11.995-0600: 29.250: Total time for which application threads were stopped: 0.0058020 seconds, Stopping threads took: 0.0051920 seconds
2015-11-12T14:02:12.400-0600: 29.655: Total time for which application threads were stopped: 0.0008130 seconds, Stopping threads took: 0.0001360 seconds
2015-11-12T14:02:12.413-0600: 29.668: Total time for which application threads were stopped: 0.0004550 seconds, Stopping threads took: 0.0000920 seconds
2015-11-12T14:02:12.427-0600: 29.682: Total time for which application threads were stopped: 0.0001830 seconds, Stopping threads took: 0.0000700 seconds
2015-11-12T14:02:12.428-0600: 29.683: Total time for which application threads were stopped: 0.0001320 seconds, Stopping threads took: 0.0000270 seconds
2015-11-12T14:02:12.442-0600: 29.697: Total time for which application threads were stopped: 0.0002420 seconds, Stopping threads took: 0.0000970 seconds
2015-11-12T14:02:12.445-0600: 29.700: Total time for which application threads were stopped: 0.0002130 seconds, Stopping threads took: 0.0000920 seconds
2015-11-12T14:02:12.471-0600: 29.725: Total time for which application threads were stopped: 0.0002000 seconds, Stopping threads took: 0.0000590 seconds
2015-11-12T14:02:12.471-0600: 29.726: Total time for which application threads were stopped: 0.0001450 seconds, Stopping threads took: 0.0000470 seconds
2015-11-12T14:02:12.471-0600: 29.726: Total time for which application threads were stopped: 0.0001340 seconds, Stopping threads took: 0.0000360 seconds
2015-11-12T14:02:12.481-0600: 29.736: Total time for which application threads were stopped: 0.0002330 seconds, Stopping threads took: 0.0000500 seconds
2015-11-12T14:02:12.492-0600: 29.747: Total time for which application threads were stopped: 0.0001930 seconds, Stopping threads took: 0.0000530 seconds
2015-11-12T14:02:12.499-0600: 29.754: Total time for which application threads were stopped: 0.0019120 seconds, Stopping threads took: 0.0015320 seconds
2015-11-12T14:02:12.500-0600: 29.755: Total time for which application threads were stopped: 0.0005280 seconds, Stopping threads took: 0.0002600 seconds
{Heap before GC invocations=10 (full 0):
 par new generation   total 109248K, used 96870K [0x00000000d5a00000, 0x00000000dda00000, 0x00000000dda00000)
  eden space 87424K, 100% used [0x00000000d5a00000, 0x00000000daf60000, 0x00000000daf60000)
  from space 21824K,  43% used [0x00000000daf60000, 0x00000000db899bc0, 0x00000000dc4b0000)
  to   space 21824K,   0% used [0x00000000dc4b0000, 0x00000000dc4b0000, 0x00000000dda00000)
 concurrent mark-sweep generation total 393216K, used 5877K [0x00000000dda00000, 0x00000000f5a00000, 0x00000000f5a00000)
 concurrent-mark-sweep perm gen total 33344K, used 33261K [0x00000000f5a00000, 0x00000000f7a90000, 0x0000000100000000)
2015-11-12T14:02:12.545-0600: 29.800: [GC2015-11-12T14:02:12.545-0600: 29.800: [ParNew
Desired survivor size 20112992 bytes, new threshold 8 (max 8)
- age   1:    6228248 bytes,    6228248 total
- age   2:     914136 bytes,    7142384 total
- age   3:     912352 bytes,    8054736 total
- age   4:     144168 bytes,    8198904 total
- age   5:      88768 bytes,    8287672 total
- age   6:     123856 bytes,    8411528 total
- age   7:      52200 bytes,    8463728 total
- age   8:     262168 bytes,    8725896 total
: 96870K->10605K(109248K), 0.0308370 secs] 102748K->19085K(502464K), 0.0309730 secs] [Times: user=0.12 sys=0.00, real=0.03 secs] 
Heap after GC invocations=11 (full 0):
 par new generation   total 109248K, used 10605K [0x00000000d5a00000, 0x00000000dda00000, 0x00000000dda00000)
  eden space 87424K,   0% used [0x00000000d5a00000, 0x00000000d5a00000, 0x00000000daf60000)
  from space 21824K,  48% used [0x00000000dc4b0000, 0x00000000dcf0b420, 0x00000000dda00000)
  to   space 21824K,   0% used [0x00000000daf60000, 0x00000000daf60000, 0x00000000dc4b0000)
 concurrent mark-sweep generation total 393216K, used 8480K [0x00000000dda00000, 0x00000000f5a00000, 0x00000000f5a00000)
 concurrent-mark-sweep perm gen total 33344K, used 33261K [0x00000000f5a00000, 0x00000000f7a90000, 0x0000000100000000)
}
2015-11-12T14:02:12.576-0600: 29.831: Total time for which application threads were stopped: 0.0313370 seconds, Stopping threads took: 0.0000390 seconds
2015-11-12T14:02:12.582-0600: 29.836: Total time for which application threads were stopped: 0.0001380 seconds, Stopping threads took: 0.0000300 seconds
2015-11-12T14:02:12.583-0600: 29.837: Total time for which application threads were stopped: 0.0001120 seconds, Stopping threads took: 0.0000270 seconds
2015-11-12T14:02:12.583-0600: 29.838: Total time for which application threads were stopped: 0.0001330 seconds, Stopping threads took: 0.0000430 seconds
2015-11-12T14:02:12.583-0600: 29.838: Total time for which application threads were stopped: 0.0001020 seconds, Stopping threads took: 0.0000180 seconds
2015-11-12T14:02:12.583-0600: 29.838: Total time for which application threads were stopped: 0.0000990 seconds, Stopping threads took: 0.0000180 seconds
2015-11-12T14:02:12.583-0600: 29.838: Total time for which application threads were stopped: 0.0000960 seconds, Stopping threads took: 0.0000170 seconds
2015-11-12T14:02:12.583-0600: 29.838: Total time for which application threads were stopped: 0.0001060 seconds, Stopping threads took: 0.0000290 seconds
2015-11-12T14:02:12.584-0600: 29.838: Total time for which application threads were stopped: 0.0000830 seconds, Stopping threads took: 0.0000110 seconds
2015-11-12T14:02:12.584-0600: 29.838: Total time for which application threads were stopped: 0.0000820 seconds, Stopping threads took: 0.0000110 seconds
2015-11-12T14:02:12.584-0600: 29.839: Total time for which application threads were stopped: 0.0000820 seconds, Stopping threads took: 0.0000110 seconds
2015-11-12T14:02:12.584-0600: 29.839: Total time for which application threads were stopped: 0.0000810 seconds, Stopping threads took: 0.0000100 seconds
2015-11-12T14:02:12.584-0600: 29.839: Total time for which application threads were stopped: 0.0000810 seconds, Stopping threads took: 0.0000110 seconds
2015-11-12T14:02:12.584-0600: 29.839: Total time for which application threads were stopped: 0.0000810 seconds, Stopping threads took: 0.0000100 seconds
2015-11-12T14:02:12.584-0600: 29.839: Total time for which application threads were stopped: 0.0000800 seconds, Stopping threads took: 0.0000110 seconds
2015-11-12T14:02:12.584-0600: 29.839: Total time for which application threads were stopped: 0.0000790 seconds, Stopping threads took: 0.0000100 seconds
2015-11-12T14:02:12.585-0600: 29.839: Total time for which application threads were stopped: 0.0000830 seconds, Stopping threads took: 0.0000140 seconds
2015-11-12T14:02:12.585-0600: 29.839: Total time for which application threads were stopped: 0.0000780 seconds, Stopping threads took: 0.0000110 seconds
2015-11-12T14:02:12.585-0600: 29.840: Total time for which application threads were stopped: 0.0000780 seconds, Stopping threads took: 0.0000100 seconds
2015-11-12T14:02:12.585-0600: 29.840: Total time for which application threads were stopped: 0.0000770 seconds, Stopping threads took: 0.0000100 seconds
2015-11-12T14:02:12.585-0600: 29.840: Total time for which application threads were stopped: 0.0000780 seconds, Stopping threads took: 0.0000100 seconds
2015-11-12T14:02:12.585-0600: 29.840: Total time for which application threads were stopped: 0.0000770 seconds, Stopping threads took: 0.0000100 seconds
2015-11-12T14:02:12.586-0600: 29.840: Total time for which application threads were stopped: 0.0003180 seconds, Stopping threads took: 0.0000100 seconds
2015-11-12T14:02:12.586-0600: 29.841: Total time for which application threads were stopped: 0.0000840 seconds, Stopping threads took: 0.0000140 seconds
2015-11-12T14:02:12.629-0600: 29.884: Total time for which application threads were stopped: 0.0006190 seconds, Stopping threads took: 0.0001840 seconds
2015-11-12T14:02:12.634-0600: 29.888: Total time for which application threads were stopped: 0.0001390 seconds, Stopping threads took: 0.0000290 seconds
2015-11-12T14:02:12.634-0600: 29.889: Total time for which application threads were stopped: 0.0001370 seconds, Stopping threads took: 0.0000240 seconds
2015-11-12T14:02:12.635-0600: 29.890: Total time for which application threads were stopped: 0.0003110 seconds, Stopping threads took: 0.0000230 seconds
2015-11-12T14:02:12.636-0600: 29.891: Total time for which application threads were stopped: 0.0001050 seconds, Stopping threads took: 0.0000210 seconds
2015-11-12T14:02:12.636-0600: 29.891: Total time for which application threads were stopped: 0.0000990 seconds, Stopping threads took: 0.0000200 seconds
2015-11-12T14:02:12.637-0600: 29.891: Total time for which application threads were stopped: 0.0000920 seconds, Stopping threads took: 0.0000190 seconds
2015-11-12T14:02:12.638-0600: 29.893: Total time for which application threads were stopped: 0.0001220 seconds, Stopping threads took: 0.0000310 seconds
2015-11-12T14:02:12.638-0600: 29.893: Total time for which application threads were stopped: 0.0001150 seconds, Stopping threads took: 0.0000250 seconds
2015-11-12T14:02:12.639-0600: 29.894: Total time for which application threads were stopped: 0.0001100 seconds, Stopping threads took: 0.0000280 seconds
2015-11-12T14:02:12.640-0600: 29.894: Total time for which application threads were stopped: 0.0001370 seconds, Stopping threads took: 0.0000550 seconds
2015-11-12T14:02:12.641-0600: 29.896: Total time for which application threads were stopped: 0.0001150 seconds, Stopping threads took: 0.0000280 seconds
2015-11-12T14:02:12.641-0600: 29.896: Total time for which application threads were stopped: 0.0001090 seconds, Stopping threads took: 0.0000240 seconds
2015-11-12T14:02:12.642-0600: 29.897: Total time for which application threads were stopped: 0.0001730 seconds, Stopping threads took: 0.0000270 seconds
2015-11-12T14:02:12.643-0600: 29.898: Total time for which application threads were stopped: 0.0002780 seconds, Stopping threads took: 0.0000590 seconds
2015-11-12T14:02:12.652-0600: 29.907: Total time for which application threads were stopped: 0.0005850 seconds, Stopping threads took: 0.0001340 seconds
2015-11-12T14:02:12.710-0600: 29.965: Total time for which application threads were stopped: 0.0002100 seconds, Stopping threads took: 0.0000600 seconds
2015-11-12T14:02:12.751-0600: 30.005: Total time for which application threads were stopped: 0.0041400 seconds, Stopping threads took: 0.0039840 seconds
2015-11-12T14:02:12.751-0600: 30.006: Total time for which application threads were stopped: 0.0001750 seconds, Stopping threads took: 0.0000730 seconds
2015-11-12T14:02:12.760-0600: 30.015: Total time for which application threads were stopped: 0.0041400 seconds, Stopping threads took: 0.0000410 seconds
2015-11-12T14:02:12.761-0600: 30.016: Total time for which application threads were stopped: 0.0001840 seconds, Stopping threads took: 0.0000710 seconds
2015-11-12T14:02:12.765-0600: 30.019: Total time for which application threads were stopped: 0.0002030 seconds, Stopping threads took: 0.0000770 seconds
2015-11-12T14:02:12.776-0600: 30.031: Total time for which application threads were stopped: 0.0039020 seconds, Stopping threads took: 0.0037930 seconds
2015-11-12T14:02:12.907-0600: 30.162: Total time for which application threads were stopped: 0.0006750 seconds, Stopping threads took: 0.0002920 seconds
2015-11-12T14:02:12.937-0600: 30.192: Total time for which application threads were stopped: 0.0002350 seconds, Stopping threads took: 0.0000910 seconds
2015-11-12T14:02:13.029-0600: 30.284: Total time for which application threads were stopped: 0.0002980 seconds, Stopping threads took: 0.0000490 seconds
2015-11-12T14:02:13.077-0600: 30.331: Total time for which application threads were stopped: 0.0003950 seconds, Stopping threads took: 0.0002580 seconds
2015-11-12T14:02:13.162-0600: 30.417: Total time for which application threads were stopped: 0.0022060 seconds, Stopping threads took: 0.0020520 seconds
2015-11-12T14:02:13.311-0600: 30.565: Total time for which application threads were stopped: 0.0082350 seconds, Stopping threads took: 0.0080360 seconds
2015-11-12T14:02:13.312-0600: 30.567: Total time for which application threads were stopped: 0.0001790 seconds, Stopping threads took: 0.0000770 seconds
{Heap before GC invocations=11 (full 0):
 par new generation   total 109248K, used 98026K [0x00000000d5a00000, 0x00000000dda00000, 0x00000000dda00000)
  eden space 87424K,  99% used [0x00000000d5a00000, 0x00000000daf5f6b8, 0x00000000daf60000)
  from space 21824K,  48% used [0x00000000dc4b0000, 0x00000000dcf0b420, 0x00000000dda00000)
  to   space 21824K,   0% used [0x00000000daf60000, 0x00000000daf60000, 0x00000000dc4b0000)
 concurrent mark-sweep generation total 393216K, used 8480K [0x00000000dda00000, 0x00000000f5a00000, 0x00000000f5a00000)
 concurrent-mark-sweep perm gen total 33536K, used 33365K [0x00000000f5a00000, 0x00000000f7ac0000, 0x0000000100000000)
2015-11-12T14:02:13.377-0600: 30.631: [GC2015-11-12T14:02:13.377-0600: 30.631: [ParNew
Desired survivor size 20112992 bytes, new threshold 8 (max 8)
- age   1:    2117880 bytes,    2117880 total
- age   2:    4790928 bytes,    6908808 total
- age   3:     909320 bytes,    7818128 total
- age   4:     912352 bytes,    8730480 total
- age   5:     144168 bytes,    8874648 total
- age   6:      88768 bytes,    8963416 total
- age   7:     123856 bytes,    9087272 total
- age   8:      52200 bytes,    9139472 total
: 98026K->14710K(109248K), 0.0528320 secs] 106506K->23449K(502464K), 0.0530540 secs] [Times: user=0.08 sys=0.00, real=0.05 secs] 
Heap after GC invocations=12 (full 0):
 par new generation   total 109248K, used 14710K [0x00000000d5a00000, 0x00000000dda00000, 0x00000000dda00000)
  eden space 87424K,   0% used [0x00000000d5a00000, 0x00000000d5a00000, 0x00000000daf60000)
  from space 21824K,  67% used [0x00000000daf60000, 0x00000000dbdbd940, 0x00000000dc4b0000)
  to   space 21824K,   0% used [0x00000000dc4b0000, 0x00000000dc4b0000, 0x00000000dda00000)
 concurrent mark-sweep generation total 393216K, used 8738K [0x00000000dda00000, 0x00000000f5a00000, 0x00000000f5a00000)
 concurrent-mark-sweep perm gen total 33536K, used 33365K [0x00000000f5a00000, 0x00000000f7ac0000, 0x0000000100000000)
}
2015-11-12T14:02:13.430-0600: 30.684: Total time for which application threads were stopped: 0.0534020 seconds, Stopping threads took: 0.0000380 seconds
2015-11-12T14:02:13.434-0600: 30.689: Total time for which application threads were stopped: 0.0015090 seconds, Stopping threads took: 0.0013080 seconds
2015-11-12T14:02:13.458-0600: 30.713: Total time for which application threads were stopped: 0.0195630 seconds, Stopping threads took: 0.0194250 seconds
2015-11-12T14:02:13.459-0600: 30.714: Total time for which application threads were stopped: 0.0001320 seconds, Stopping threads took: 0.0000330 seconds
2015-11-12T14:02:13.460-0600: 30.715: Total time for which application threads were stopped: 0.0001790 seconds, Stopping threads took: 0.0000780 seconds
2015-11-12T14:02:13.463-0600: 30.718: Total time for which application threads were stopped: 0.0001590 seconds, Stopping threads took: 0.0000390 seconds
2015-11-12T14:02:13.464-0600: 30.719: Total time for which application threads were stopped: 0.0001170 seconds, Stopping threads took: 0.0000230 seconds
2015-11-12T14:02:13.469-0600: 30.724: Total time for which application threads were stopped: 0.0002560 seconds, Stopping threads took: 0.0000970 seconds
2015-11-12T14:02:13.470-0600: 30.725: Total time for which application threads were stopped: 0.0001550 seconds, Stopping threads took: 0.0000690 seconds
2015-11-12T14:02:13.603-0600: 30.858: Total time for which application threads were stopped: 0.0002150 seconds, Stopping threads took: 0.0000610 seconds
2015-11-12T14:02:13.610-0600: 30.864: Total time for which application threads were stopped: 0.0004580 seconds, Stopping threads took: 0.0003330 seconds
2015-11-12T14:02:13.716-0600: 30.971: Total time for which application threads were stopped: 0.0008700 seconds, Stopping threads took: 0.0007310 seconds
2015-11-12T14:02:13.729-0600: 30.984: Total time for which application threads were stopped: 0.0002700 seconds, Stopping threads took: 0.0001410 seconds
{Heap before GC invocations=12 (full 0):
 par new generation   total 109248K, used 102134K [0x00000000d5a00000, 0x00000000dda00000, 0x00000000dda00000)
  eden space 87424K, 100% used [0x00000000d5a00000, 0x00000000daf60000, 0x00000000daf60000)
  from space 21824K,  67% used [0x00000000daf60000, 0x00000000dbdbd940, 0x00000000dc4b0000)
  to   space 21824K,   0% used [0x00000000dc4b0000, 0x00000000dc4b0000, 0x00000000dda00000)
 concurrent mark-sweep generation total 393216K, used 8738K [0x00000000dda00000, 0x00000000f5a00000, 0x00000000f5a00000)
 concurrent-mark-sweep perm gen total 33536K, used 33379K [0x00000000f5a00000, 0x00000000f7ac0000, 0x0000000100000000)
2015-11-12T14:02:13.829-0600: 31.083: [GC2015-11-12T14:02:13.829-0600: 31.084: [ParNew
Desired survivor size 20112992 bytes, new threshold 8 (max 8)
- age   1:     198928 bytes,     198928 total
- age   2:    1664328 bytes,    1863256 total
- age   3:    4740152 bytes,    6603408 total
- age   4:     909320 bytes,    7512728 total
- age   5:     912352 bytes,    8425080 total
- age   6:     144168 bytes,    8569248 total
- age   7:      88768 bytes,    8658016 total
- age   8:     123856 bytes,    8781872 total
: 102134K->11192K(109248K), 0.0333950 secs] 110873K->19984K(502464K), 0.0336220 secs] [Times: user=0.06 sys=0.00, real=0.04 secs] 
Heap after GC invocations=13 (full 0):
 par new generation   total 109248K, used 11192K [0x00000000d5a00000, 0x00000000dda00000, 0x00000000dda00000)
  eden space 87424K,   0% used [0x00000000d5a00000, 0x00000000d5a00000, 0x00000000daf60000)
  from space 21824K,  51% used [0x00000000dc4b0000, 0x00000000dcf9e308, 0x00000000dda00000)
  to   space 21824K,   0% used [0x00000000daf60000, 0x00000000daf60000, 0x00000000dc4b0000)
 concurrent mark-sweep generation total 393216K, used 8791K [0x00000000dda00000, 0x00000000f5a00000, 0x00000000f5a00000)
 concurrent-mark-sweep perm gen total 33536K, used 33379K [0x00000000f5a00000, 0x00000000f7ac0000, 0x0000000100000000)
}
2015-11-12T14:02:13.862-0600: 31.117: Total time for which application threads were stopped: 0.0340030 seconds, Stopping threads took: 0.0000650 seconds
2015-11-12T14:02:13.873-0600: 31.128: Total time for which application threads were stopped: 0.0061780 seconds, Stopping threads took: 0.0060320 seconds
2015-11-12T14:02:13.896-0600: 31.151: Total time for which application threads were stopped: 0.0003360 seconds, Stopping threads took: 0.0002020 seconds
2015-11-12T14:02:13.997-0600: 31.252: Total time for which application threads were stopped: 0.0008010 seconds, Stopping threads took: 0.0001860 seconds
2015-11-12T14:02:14.018-0600: 31.272: Total time for which application threads were stopped: 0.0001900 seconds, Stopping threads took: 0.0000750 seconds
2015-11-12T14:02:14.089-0600: 31.344: Total time for which application threads were stopped: 0.0001880 seconds, Stopping threads took: 0.0000430 seconds
2015-11-12T14:02:14.108-0600: 31.363: Total time for which application threads were stopped: 0.0001740 seconds, Stopping threads took: 0.0000470 seconds
2015-11-12T14:02:14.144-0600: 31.399: Total time for which application threads were stopped: 0.0003210 seconds, Stopping threads took: 0.0000880 seconds
2015-11-12T14:02:14.234-0600: 31.489: Total time for which application threads were stopped: 0.0017680 seconds, Stopping threads took: 0.0016300 seconds
2015-11-12T14:02:14.243-0600: 31.498: Total time for which application threads were stopped: 0.0002250 seconds, Stopping threads took: 0.0000650 seconds
2015-11-12T14:02:14.243-0600: 31.498: Total time for which application threads were stopped: 0.0001300 seconds, Stopping threads took: 0.0000390 seconds
2015-11-12T14:02:14.272-0600: 31.527: Total time for which application threads were stopped: 0.0001970 seconds, Stopping threads took: 0.0000470 seconds
2015-11-12T14:02:14.349-0600: 31.604: Total time for which application threads were stopped: 0.0001910 seconds, Stopping threads took: 0.0000610 seconds
2015-11-12T14:02:14.361-0600: 31.616: Total time for which application threads were stopped: 0.0001460 seconds, Stopping threads took: 0.0000380 seconds
2015-11-12T14:02:14.371-0600: 31.626: Total time for which application threads were stopped: 0.0001790 seconds, Stopping threads took: 0.0000630 seconds
2015-11-12T14:02:14.380-0600: 31.634: Total time for which application threads were stopped: 0.0007410 seconds, Stopping threads took: 0.0006300 seconds
2015-11-12T14:02:14.390-0600: 31.645: Total time for which application threads were stopped: 0.0001790 seconds, Stopping threads took: 0.0000390 seconds
2015-11-12T14:02:14.456-0600: 31.710: Total time for which application threads were stopped: 0.0002810 seconds, Stopping threads took: 0.0000440 seconds
2015-11-12T14:02:14.456-0600: 31.710: Total time for which application threads were stopped: 0.0001440 seconds, Stopping threads took: 0.0000530 seconds
2015-11-12T14:02:14.456-0600: 31.711: Total time for which application threads were stopped: 0.0003180 seconds, Stopping threads took: 0.0002370 seconds
2015-11-12T14:02:14.456-0600: 31.711: Total time for which application threads were stopped: 0.0001280 seconds, Stopping threads took: 0.0000510 seconds
2015-11-12T14:02:14.457-0600: 31.711: Total time for which application threads were stopped: 0.0001490 seconds, Stopping threads took: 0.0000620 seconds
2015-11-12T14:02:14.457-0600: 31.711: Total time for which application threads were stopped: 0.0001450 seconds, Stopping threads took: 0.0000600 seconds
2015-11-12T14:02:14.462-0600: 31.716: Total time for which application threads were stopped: 0.0002030 seconds, Stopping threads took: 0.0000580 seconds
2015-11-12T14:02:14.463-0600: 31.718: Total time for which application threads were stopped: 0.0001520 seconds, Stopping threads took: 0.0000480 seconds
2015-11-12T14:02:14.474-0600: 31.729: Total time for which application threads were stopped: 0.0001790 seconds, Stopping threads took: 0.0000470 seconds
2015-11-12T14:02:14.475-0600: 31.729: Total time for which application threads were stopped: 0.0001160 seconds, Stopping threads took: 0.0000270 seconds
2015-11-12T14:02:14.475-0600: 31.729: Total time for which application threads were stopped: 0.0001020 seconds, Stopping threads took: 0.0000230 seconds
2015-11-12T14:02:14.475-0600: 31.730: Total time for which application threads were stopped: 0.0000970 seconds, Stopping threads took: 0.0000200 seconds
2015-11-12T14:02:14.475-0600: 31.730: Total time for which application threads were stopped: 0.0000930 seconds, Stopping threads took: 0.0000200 seconds
2015-11-12T14:02:14.475-0600: 31.730: Total time for which application threads were stopped: 0.0000940 seconds, Stopping threads took: 0.0000210 seconds
2015-11-12T14:02:14.475-0600: 31.730: Total time for which application threads were stopped: 0.0001020 seconds, Stopping threads took: 0.0000180 seconds
2015-11-12T14:02:14.475-0600: 31.730: Total time for which application threads were stopped: 0.0000950 seconds, Stopping threads took: 0.0000190 seconds
2015-11-12T14:02:14.476-0600: 31.730: Total time for which application threads were stopped: 0.0000940 seconds, Stopping threads took: 0.0000180 seconds
2015-11-12T14:02:14.476-0600: 31.730: Total time for which application threads were stopped: 0.0000930 seconds, Stopping threads took: 0.0000190 seconds
2015-11-12T14:02:14.476-0600: 31.731: Total time for which application threads were stopped: 0.0000920 seconds, Stopping threads took: 0.0000200 seconds
2015-11-12T14:02:14.476-0600: 31.731: Total time for which application threads were stopped: 0.0000900 seconds, Stopping threads took: 0.0000180 seconds
2015-11-12T14:02:14.476-0600: 31.731: Total time for which application threads were stopped: 0.0000910 seconds, Stopping threads took: 0.0000190 seconds
2015-11-12T14:02:14.476-0600: 31.731: Total time for which application threads were stopped: 0.0000910 seconds, Stopping threads took: 0.0000190 seconds
2015-11-12T14:02:14.476-0600: 31.731: Total time for which application threads were stopped: 0.0000920 seconds, Stopping threads took: 0.0000190 seconds
2015-11-12T14:02:14.476-0600: 31.731: Total time for which application threads were stopped: 0.0000910 seconds, Stopping threads took: 0.0000180 seconds
2015-11-12T14:02:14.477-0600: 31.731: Total time for which application threads were stopped: 0.0000910 seconds, Stopping threads took: 0.0000180 seconds
2015-11-12T14:02:14.477-0600: 31.732: Total time for which application threads were stopped: 0.0000900 seconds, Stopping threads took: 0.0000190 seconds
2015-11-12T14:02:14.477-0600: 31.732: Total time for which application threads were stopped: 0.0000950 seconds, Stopping threads took: 0.0000200 seconds
2015-11-12T14:02:14.478-0600: 31.732: Total time for which application threads were stopped: 0.0003350 seconds, Stopping threads took: 0.0000190 seconds
2015-11-12T14:02:14.483-0600: 31.738: Total time for which application threads were stopped: 0.0001690 seconds, Stopping threads took: 0.0000530 seconds
2015-11-12T14:02:14.483-0600: 31.738: Total time for which application threads were stopped: 0.0001180 seconds, Stopping threads took: 0.0000330 seconds
2015-11-12T14:02:14.485-0600: 31.740: Total time for which application threads were stopped: 0.0001650 seconds, Stopping threads took: 0.0000480 seconds
2015-11-12T14:02:14.490-0600: 31.744: Total time for which application threads were stopped: 0.0002720 seconds, Stopping threads took: 0.0001590 seconds
2015-11-12T14:02:14.556-0600: 31.811: Total time for which application threads were stopped: 0.0003810 seconds, Stopping threads took: 0.0000470 seconds
2015-11-12T14:02:14.586-0600: 31.841: Total time for which application threads were stopped: 0.0002620 seconds, Stopping threads took: 0.0000950 seconds
2015-11-12T14:02:14.614-0600: 31.869: Total time for which application threads were stopped: 0.0014900 seconds, Stopping threads took: 0.0013630 seconds
{Heap before GC invocations=13 (full 0):
 par new generation   total 109248K, used 98616K [0x00000000d5a00000, 0x00000000dda00000, 0x00000000dda00000)
  eden space 87424K, 100% used [0x00000000d5a00000, 0x00000000daf60000, 0x00000000daf60000)
  from space 21824K,  51% used [0x00000000dc4b0000, 0x00000000dcf9e308, 0x00000000dda00000)
  to   space 21824K,   0% used [0x00000000daf60000, 0x00000000daf60000, 0x00000000dc4b0000)
 concurrent mark-sweep generation total 393216K, used 8791K [0x00000000dda00000, 0x00000000f5a00000, 0x00000000f5a00000)
 concurrent-mark-sweep perm gen total 33536K, used 33437K [0x00000000f5a00000, 0x00000000f7ac0000, 0x0000000100000000)
2015-11-12T14:02:14.691-0600: 31.946: [GC2015-11-12T14:02:14.691-0600: 31.946: [ParNew
Desired survivor size 20112992 bytes, new threshold 8 (max 8)
- age   1:    3341776 bytes,    3341776 total
- age   2:      82088 bytes,    3423864 total
- age   3:     901232 bytes,    4325096 total
- age   4:    3132608 bytes,    7457704 total
- age   5:     879064 bytes,    8336768 total
- age   6:     911472 bytes,    9248240 total
- age   7:     143912 bytes,    9392152 total
- age   8:      88512 bytes,    9480664 total
: 98616K->11642K(109248K), 0.0177950 secs] 107408K->20558K(502464K), 0.0179780 secs] [Times: user=0.06 sys=0.00, real=0.01 secs] 
Heap after GC invocations=14 (full 0):
 par new generation   total 109248K, used 11642K [0x00000000d5a00000, 0x00000000dda00000, 0x00000000dda00000)
  eden space 87424K,   0% used [0x00000000d5a00000, 0x00000000d5a00000, 0x00000000daf60000)
  from space 21824K,  53% used [0x00000000daf60000, 0x00000000dbabe8d8, 0x00000000dc4b0000)
  to   space 21824K,   0% used [0x00000000dc4b0000, 0x00000000dc4b0000, 0x00000000dda00000)
 concurrent mark-sweep generation total 393216K, used 8915K [0x00000000dda00000, 0x00000000f5a00000, 0x00000000f5a00000)
 concurrent-mark-sweep perm gen total 33536K, used 33437K [0x00000000f5a00000, 0x00000000f7ac0000, 0x0000000100000000)
}
2015-11-12T14:02:14.709-0600: 31.964: Total time for which application threads were stopped: 0.0183340 seconds, Stopping threads took: 0.0000690 seconds
2015-11-12T14:02:14.710-0600: 31.965: Total time for which application threads were stopped: 0.0002260 seconds, Stopping threads took: 0.0000680 seconds
2015-11-12T14:02:14.727-0600: 31.982: Total time for which application threads were stopped: 0.0066070 seconds, Stopping threads took: 0.0064870 seconds
2015-11-12T14:02:14.742-0600: 31.997: Total time for which application threads were stopped: 0.0008170 seconds, Stopping threads took: 0.0006720 seconds
2015-11-12T14:02:14.847-0600: 32.102: Total time for which application threads were stopped: 0.0010230 seconds, Stopping threads took: 0.0008100 seconds
2015-11-12T14:02:14.878-0600: 32.133: Total time for which application threads were stopped: 0.0052580 seconds, Stopping threads took: 0.0051270 seconds
2015-11-12T14:02:14.954-0600: 32.209: Total time for which application threads were stopped: 0.0003320 seconds, Stopping threads took: 0.0000850 seconds
2015-11-12T14:02:14.997-0600: 32.252: Total time for which application threads were stopped: 0.0038960 seconds, Stopping threads took: 0.0037730 seconds
2015-11-12T14:02:15.102-0600: 32.357: Total time for which application threads were stopped: 0.0003720 seconds, Stopping threads took: 0.0000820 seconds
{Heap before GC invocations=14 (full 0):
 par new generation   total 109248K, used 99066K [0x00000000d5a00000, 0x00000000dda00000, 0x00000000dda00000)
  eden space 87424K, 100% used [0x00000000d5a00000, 0x00000000daf60000, 0x00000000daf60000)
  from space 21824K,  53% used [0x00000000daf60000, 0x00000000dbabe8d8, 0x00000000dc4b0000)
  to   space 21824K,   0% used [0x00000000dc4b0000, 0x00000000dc4b0000, 0x00000000dda00000)
 concurrent mark-sweep generation total 393216K, used 8915K [0x00000000dda00000, 0x00000000f5a00000, 0x00000000f5a00000)
 concurrent-mark-sweep perm gen total 33536K, used 33485K [0x00000000f5a00000, 0x00000000f7ac0000, 0x0000000100000000)
2015-11-12T14:02:15.187-0600: 32.441: [GC2015-11-12T14:02:15.187-0600: 32.441: [ParNew
Desired survivor size 20112992 bytes, new threshold 8 (max 8)
- age   1:     957912 bytes,     957912 total
- age   2:    2947656 bytes,    3905568 total
- age   3:      81360 bytes,    3986928 total
- age   4:     857792 bytes,    4844720 total
- age   5:    3132608 bytes,    7977328 total
- age   6:     879064 bytes,    8856392 total
- age   7:     911472 bytes,    9767864 total
- age   8:     143912 bytes,    9911776 total
: 99066K->14003K(109248K), 0.0497290 secs] 107982K->23007K(502464K), 0.0499340 secs] [Times: user=0.07 sys=0.00, real=0.05 secs] 
Heap after GC invocations=15 (full 0):
 par new generation   total 109248K, used 14003K [0x00000000d5a00000, 0x00000000dda00000, 0x00000000dda00000)
  eden space 87424K,   0% used [0x00000000d5a00000, 0x00000000d5a00000, 0x00000000daf60000)
  from space 21824K,  64% used [0x00000000dc4b0000, 0x00000000dd25cfc0, 0x00000000dda00000)
  to   space 21824K,   0% used [0x00000000daf60000, 0x00000000daf60000, 0x00000000dc4b0000)
 concurrent mark-sweep generation total 393216K, used 9003K [0x00000000dda00000, 0x00000000f5a00000, 0x00000000f5a00000)
 concurrent-mark-sweep perm gen total 33536K, used 33485K [0x00000000f5a00000, 0x00000000f7ac0000, 0x0000000100000000)
}
2015-11-12T14:02:15.237-0600: 32.491: Total time for which application threads were stopped: 0.0502690 seconds, Stopping threads took: 0.0000390 seconds
2015-11-12T14:02:15.261-0600: 32.516: Total time for which application threads were stopped: 0.0148860 seconds, Stopping threads took: 0.0147430 seconds
2015-11-12T14:02:15.292-0600: 32.547: Total time for which application threads were stopped: 0.0002100 seconds, Stopping threads took: 0.0000760 seconds
{Heap before GC invocations=15 (full 0):
 par new generation   total 109248K, used 101427K [0x00000000d5a00000, 0x00000000dda00000, 0x00000000dda00000)
  eden space 87424K, 100% used [0x00000000d5a00000, 0x00000000daf60000, 0x00000000daf60000)
  from space 21824K,  64% used [0x00000000dc4b0000, 0x00000000dd25cfc0, 0x00000000dda00000)
  to   space 21824K,   0% used [0x00000000daf60000, 0x00000000daf60000, 0x00000000dc4b0000)
 concurrent mark-sweep generation total 393216K, used 9003K [0x00000000dda00000, 0x00000000f5a00000, 0x00000000f5a00000)
 concurrent-mark-sweep perm gen total 33728K, used 33506K [0x00000000f5a00000, 0x00000000f7af0000, 0x0000000100000000)
2015-11-12T14:02:15.606-0600: 32.860: [GC2015-11-12T14:02:15.606-0600: 32.861: [ParNew
Desired survivor size 20112992 bytes, new threshold 8 (max 8)
- age   1:     385336 bytes,     385336 total
- age   2:     885360 bytes,    1270696 total
- age   3:    2937104 bytes,    4207800 total
- age   4:      81360 bytes,    4289160 total
- age   5:     807144 bytes,    5096304 total
- age   6:    3130848 bytes,    8227152 total
- age   7:     879064 bytes,    9106216 total
- age   8:     911472 bytes,   10017688 total
: 101427K->12668K(109248K), 0.0316040 secs] 110431K->21818K(502464K), 0.0318120 secs] [Times: user=0.05 sys=0.00, real=0.03 secs] 
Heap after GC invocations=16 (full 0):
 par new generation   total 109248K, used 12668K [0x00000000d5a00000, 0x00000000dda00000, 0x00000000dda00000)
  eden space 87424K,   0% used [0x00000000d5a00000, 0x00000000d5a00000, 0x00000000daf60000)
  from space 21824K,  58% used [0x00000000daf60000, 0x00000000dbbbf160, 0x00000000dc4b0000)
  to   space 21824K,   0% used [0x00000000dc4b0000, 0x00000000dc4b0000, 0x00000000dda00000)
 concurrent mark-sweep generation total 393216K, used 9150K [0x00000000dda00000, 0x00000000f5a00000, 0x00000000f5a00000)
 concurrent-mark-sweep perm gen total 33728K, used 33506K [0x00000000f5a00000, 0x00000000f7af0000, 0x0000000100000000)
}
2015-11-12T14:02:15.638-0600: 32.892: Total time for which application threads were stopped: 0.0322100 seconds, Stopping threads took: 0.0000350 seconds
2015-11-12T14:02:15.963-0600: 33.218: Total time for which application threads were stopped: 0.0002850 seconds, Stopping threads took: 0.0000450 seconds
2015-11-12T14:02:16.010-0600: 33.265: Total time for which application threads were stopped: 0.0234600 seconds, Stopping threads took: 0.0233010 seconds
2015-11-12T14:02:16.053-0600: 33.308: Total time for which application threads were stopped: 0.0014500 seconds, Stopping threads took: 0.0013270 seconds
2015-11-12T14:02:16.053-0600: 33.308: Total time for which application threads were stopped: 0.0001280 seconds, Stopping threads took: 0.0000470 seconds
2015-11-12T14:02:16.053-0600: 33.308: Total time for which application threads were stopped: 0.0001890 seconds, Stopping threads took: 0.0000990 seconds
2015-11-12T14:02:16.058-0600: 33.313: Total time for which application threads were stopped: 0.0043840 seconds, Stopping threads took: 0.0042650 seconds
2015-11-12T14:02:16.059-0600: 33.313: Total time for which application threads were stopped: 0.0001200 seconds, Stopping threads took: 0.0000280 seconds
2015-11-12T14:02:16.059-0600: 33.314: Total time for which application threads were stopped: 0.0000990 seconds, Stopping threads took: 0.0000180 seconds
2015-11-12T14:02:16.070-0600: 33.325: Total time for which application threads were stopped: 0.0001960 seconds, Stopping threads took: 0.0000600 seconds
2015-11-12T14:02:16.085-0600: 33.339: Total time for which application threads were stopped: 0.0001640 seconds, Stopping threads took: 0.0000380 seconds
2015-11-12T14:02:16.085-0600: 33.340: Total time for which application threads were stopped: 0.0001260 seconds, Stopping threads took: 0.0000280 seconds
2015-11-12T14:02:16.088-0600: 33.342: Total time for which application threads were stopped: 0.0001870 seconds, Stopping threads took: 0.0000570 seconds
2015-11-12T14:02:19.536-0600: 36.791: Total time for which application threads were stopped: 0.0009530 seconds, Stopping threads took: 0.0000600 seconds
2015-11-12T14:02:19.546-0600: 36.800: Total time for which application threads were stopped: 0.0000990 seconds, Stopping threads took: 0.0000200 seconds
2015-11-12T14:02:19.564-0600: 36.819: Total time for which application threads were stopped: 0.0005120 seconds, Stopping threads took: 0.0001680 seconds
2015-11-12T14:02:19.564-0600: 36.819: Total time for which application threads were stopped: 0.0001930 seconds, Stopping threads took: 0.0000560 seconds
2015-11-12T14:02:19.565-0600: 36.820: Total time for which application threads were stopped: 0.0002640 seconds, Stopping threads took: 0.0001320 seconds
2015-11-12T14:02:19.565-0600: 36.820: Total time for which application threads were stopped: 0.0002950 seconds, Stopping threads took: 0.0001460 seconds
2015-11-12T14:02:19.566-0600: 36.820: Total time for which application threads were stopped: 0.0001810 seconds, Stopping threads took: 0.0000520 seconds
2015-11-12T14:02:19.566-0600: 36.821: Total time for which application threads were stopped: 0.0001920 seconds, Stopping threads took: 0.0000430 seconds
2015-11-12T14:02:19.566-0600: 36.821: Total time for which application threads were stopped: 0.0002710 seconds, Stopping threads took: 0.0001430 seconds
2015-11-12T14:02:19.567-0600: 36.822: Total time for which application threads were stopped: 0.0003110 seconds, Stopping threads took: 0.0001580 seconds
2015-11-12T14:02:19.567-0600: 36.822: Total time for which application threads were stopped: 0.0002380 seconds, Stopping threads took: 0.0001000 seconds
2015-11-12T14:02:19.568-0600: 36.823: Total time for which application threads were stopped: 0.0002470 seconds, Stopping threads took: 0.0001130 seconds
2015-11-12T14:02:19.568-0600: 36.823: Total time for which application threads were stopped: 0.0001720 seconds, Stopping threads took: 0.0000450 seconds
2015-11-12T14:02:19.568-0600: 36.823: Total time for which application threads were stopped: 0.0002040 seconds, Stopping threads took: 0.0000770 seconds
2015-11-12T14:02:19.569-0600: 36.823: Total time for which application threads were stopped: 0.0001630 seconds, Stopping threads took: 0.0000380 seconds
2015-11-12T14:02:19.569-0600: 36.824: Total time for which application threads were stopped: 0.0001890 seconds, Stopping threads took: 0.0000400 seconds
2015-11-12T14:02:19.569-0600: 36.824: Total time for which application threads were stopped: 0.0002650 seconds, Stopping threads took: 0.0001360 seconds
2015-11-12T14:02:19.570-0600: 36.824: Total time for which application threads were stopped: 0.0002150 seconds, Stopping threads took: 0.0000910 seconds
2015-11-12T14:02:19.570-0600: 36.825: Total time for which application threads were stopped: 0.0002140 seconds, Stopping threads took: 0.0000750 seconds
2015-11-12T14:02:19.570-0600: 36.825: Total time for which application threads were stopped: 0.0001860 seconds, Stopping threads took: 0.0000560 seconds
2015-11-12T14:02:19.571-0600: 36.825: Total time for which application threads were stopped: 0.0002090 seconds, Stopping threads took: 0.0000800 seconds
2015-11-12T14:02:19.571-0600: 36.826: Total time for which application threads were stopped: 0.0006560 seconds, Stopping threads took: 0.0000740 seconds
2015-11-12T14:02:19.588-0600: 36.843: Total time for which application threads were stopped: 0.0004710 seconds, Stopping threads took: 0.0000910 seconds
2015-11-12T14:02:19.606-0600: 36.861: Total time for which application threads were stopped: 0.0001510 seconds, Stopping threads took: 0.0000640 seconds
2015-11-12T14:02:20.465-0600: 37.720: Total time for which application threads were stopped: 0.0006820 seconds, Stopping threads took: 0.0000890 seconds
2015-11-12T14:02:20.518-0600: 37.773: Total time for which application threads were stopped: 0.0001320 seconds, Stopping threads took: 0.0000360 seconds
2015-11-12T14:02:20.523-0600: 37.778: Total time for which application threads were stopped: 0.0001390 seconds, Stopping threads took: 0.0000550 seconds
2015-11-12T14:02:25.479-0600: 42.734: Total time for which application threads were stopped: 0.0011380 seconds, Stopping threads took: 0.0001050 seconds
2015-11-12T14:02:51.826-0600: 69.081: Total time for which application threads were stopped: 0.0002740 seconds, Stopping threads took: 0.0000400 seconds
2015-11-12T14:02:51.841-0600: 69.096: Total time for which application threads were stopped: 0.0003660 seconds, Stopping threads took: 0.0000380 seconds
2015-11-12T14:02:51.843-0600: 69.097: Total time for which application threads were stopped: 0.0001350 seconds, Stopping threads took: 0.0000320 seconds
2015-11-12T14:02:51.858-0600: 69.112: Total time for which application threads were stopped: 0.0001750 seconds, Stopping threads took: 0.0000750 seconds
2015-11-12T14:02:52.017-0600: 69.271: Total time for which application threads were stopped: 0.0002510 seconds, Stopping threads took: 0.0000290 seconds
2015-11-12T14:02:52.314-0600: 69.569: Total time for which application threads were stopped: 0.0047720 seconds, Stopping threads took: 0.0046170 seconds
2015-11-12T14:02:52.447-0600: 69.701: Total time for which application threads were stopped: 0.0047420 seconds, Stopping threads took: 0.0044770 seconds
2015-11-12T14:02:52.461-0600: 69.715: Total time for which application threads were stopped: 0.0010760 seconds, Stopping threads took: 0.0009120 seconds
2015-11-12T14:02:52.518-0600: 69.773: Total time for which application threads were stopped: 0.0148870 seconds, Stopping threads took: 0.0108420 seconds
{Heap before GC invocations=16 (full 0):
 par new generation   total 109248K, used 100092K [0x00000000d5a00000, 0x00000000dda00000, 0x00000000dda00000)
  eden space 87424K, 100% used [0x00000000d5a00000, 0x00000000daf60000, 0x00000000daf60000)
  from space 21824K,  58% used [0x00000000daf60000, 0x00000000dbbbf160, 0x00000000dc4b0000)
  to   space 21824K,   0% used [0x00000000dc4b0000, 0x00000000dc4b0000, 0x00000000dda00000)
 concurrent mark-sweep generation total 393216K, used 9150K [0x00000000dda00000, 0x00000000f5a00000, 0x00000000f5a00000)
 concurrent-mark-sweep perm gen total 34112K, used 33952K [0x00000000f5a00000, 0x00000000f7b50000, 0x0000000100000000)
2015-11-12T14:02:52.582-0600: 69.837: [GC2015-11-12T14:02:52.583-0600: 69.837: [ParNew
Desired survivor size 20112992 bytes, new threshold 8 (max 8)
- age   1:    8543256 bytes,    8543256 total
- age   2:      70208 bytes,    8613464 total
- age   3:     140728 bytes,    8754192 total
- age   4:    1360728 bytes,   10114920 total
- age   5:      81360 bytes,   10196280 total
- age   6:     777760 bytes,   10974040 total
- age   7:    1478072 bytes,   12452112 total
- age   8:     845192 bytes,   13297304 total
: 100092K->15228K(109248K), 0.0768230 secs] 109242K->25272K(502464K), 0.0770810 secs] [Times: user=0.12 sys=0.00, real=0.07 secs] 
Heap after GC invocations=17 (full 0):
 par new generation   total 109248K, used 15228K [0x00000000d5a00000, 0x00000000dda00000, 0x00000000dda00000)
  eden space 87424K,   0% used [0x00000000d5a00000, 0x00000000d5a00000, 0x00000000daf60000)
  from space 21824K,  69% used [0x00000000dc4b0000, 0x00000000dd38f240, 0x00000000dda00000)
  to   space 21824K,   0% used [0x00000000daf60000, 0x00000000daf60000, 0x00000000dc4b0000)
 concurrent mark-sweep generation total 393216K, used 10044K [0x00000000dda00000, 0x00000000f5a00000, 0x00000000f5a00000)
 concurrent-mark-sweep perm gen total 34112K, used 33952K [0x00000000f5a00000, 0x00000000f7b50000, 0x0000000100000000)
}
2015-11-12T14:02:52.660-0600: 69.914: Total time for which application threads were stopped: 0.0796400 seconds, Stopping threads took: 0.0022110 seconds
{Heap before GC invocations=17 (full 0):
 par new generation   total 109248K, used 102652K [0x00000000d5a00000, 0x00000000dda00000, 0x00000000dda00000)
  eden space 87424K, 100% used [0x00000000d5a00000, 0x00000000daf60000, 0x00000000daf60000)
  from space 21824K,  69% used [0x00000000dc4b0000, 0x00000000dd38f240, 0x00000000dda00000)
  to   space 21824K,   0% used [0x00000000daf60000, 0x00000000daf60000, 0x00000000dc4b0000)
 concurrent mark-sweep generation total 393216K, used 10044K [0x00000000dda00000, 0x00000000f5a00000, 0x00000000f5a00000)
 concurrent-mark-sweep perm gen total 34112K, used 33967K [0x00000000f5a00000, 0x00000000f7b50000, 0x0000000100000000)
2015-11-12T14:02:52.952-0600: 70.207: [GC2015-11-12T14:02:52.953-0600: 70.208: [ParNew
Desired survivor size 20112992 bytes, new threshold 8 (max 8)
- age   1:     482648 bytes,     482648 total
- age   2:    8004800 bytes,    8487448 total
- age   3:      70208 bytes,    8557656 total
- age   4:     140728 bytes,    8698384 total
- age   5:    1360088 bytes,   10058472 total
- age   6:      81360 bytes,   10139832 total
- age   7:     777760 bytes,   10917592 total
- age   8:    1465592 bytes,   12383184 total
: 102652K->16512K(109248K), 0.1028460 secs] 112696K->27395K(502464K), 0.1035050 secs] [Times: user=0.12 sys=0.00, real=0.10 secs] 
Heap after GC invocations=18 (full 0):
 par new generation   total 109248K, used 16512K [0x00000000d5a00000, 0x00000000dda00000, 0x00000000dda00000)
  eden space 87424K,   0% used [0x00000000d5a00000, 0x00000000d5a00000, 0x00000000daf60000)
  from space 21824K,  75% used [0x00000000daf60000, 0x00000000dbf801e0, 0x00000000dc4b0000)
  to   space 21824K,   0% used [0x00000000dc4b0000, 0x00000000dc4b0000, 0x00000000dda00000)
 concurrent mark-sweep generation total 393216K, used 10883K [0x00000000dda00000, 0x00000000f5a00000, 0x00000000f5a00000)
 concurrent-mark-sweep perm gen total 34112K, used 33967K [0x00000000f5a00000, 0x00000000f7b50000, 0x0000000100000000)
}
2015-11-12T14:02:53.056-0600: 70.311: Total time for which application threads were stopped: 0.1177060 seconds, Stopping threads took: 0.0136440 seconds
2015-11-12T14:02:53.375-0600: 70.630: Total time for which application threads were stopped: 0.0035170 seconds, Stopping threads took: 0.0033400 seconds
2015-11-12T14:02:53.476-0600: 70.730: Total time for which application threads were stopped: 0.0093330 seconds, Stopping threads took: 0.0090720 seconds
{Heap before GC invocations=18 (full 0):
 par new generation   total 109248K, used 103935K [0x00000000d5a00000, 0x00000000dda00000, 0x00000000dda00000)
  eden space 87424K,  99% used [0x00000000d5a00000, 0x00000000daf5fd28, 0x00000000daf60000)
  from space 21824K,  75% used [0x00000000daf60000, 0x00000000dbf801e0, 0x00000000dc4b0000)
  to   space 21824K,   0% used [0x00000000dc4b0000, 0x00000000dc4b0000, 0x00000000dda00000)
 concurrent mark-sweep generation total 393216K, used 10883K [0x00000000dda00000, 0x00000000f5a00000, 0x00000000f5a00000)
 concurrent-mark-sweep perm gen total 34112K, used 34022K [0x00000000f5a00000, 0x00000000f7b50000, 0x0000000100000000)
2015-11-12T14:02:53.488-0600: 70.743: [GC2015-11-12T14:02:53.489-0600: 70.743: [ParNew
Desired survivor size 20112992 bytes, new threshold 8 (max 8)
- age   1:     735784 bytes,     735784 total
- age   2:      87752 bytes,     823536 total
- age   3:    8004768 bytes,    8828304 total
- age   4:      70208 bytes,    8898512 total
- age   5:     140728 bytes,    9039240 total
- age   6:    1360088 bytes,   10399328 total
- age   7:      81360 bytes,   10480688 total
- age   8:     777720 bytes,   11258408 total
: 103935K->14809K(109248K), 0.0347580 secs] 114818K->27138K(502464K), 0.0350310 secs] [Times: user=0.07 sys=0.00, real=0.04 secs] 
Heap after GC invocations=19 (full 0):
 par new generation   total 109248K, used 14809K [0x00000000d5a00000, 0x00000000dda00000, 0x00000000dda00000)
  eden space 87424K,   0% used [0x00000000d5a00000, 0x00000000d5a00000, 0x00000000daf60000)
  from space 21824K,  67% used [0x00000000dc4b0000, 0x00000000dd3266a8, 0x00000000dda00000)
  to   space 21824K,   0% used [0x00000000daf60000, 0x00000000daf60000, 0x00000000dc4b0000)
 concurrent mark-sweep generation total 393216K, used 12328K [0x00000000dda00000, 0x00000000f5a00000, 0x00000000f5a00000)
 concurrent-mark-sweep perm gen total 34112K, used 34022K [0x00000000f5a00000, 0x00000000f7b50000, 0x0000000100000000)
}
2015-11-12T14:02:53.524-0600: 70.778: Total time for which application threads were stopped: 0.0358480 seconds, Stopping threads took: 0.0005060 seconds
{Heap before GC invocations=19 (full 0):
 par new generation   total 109248K, used 102233K [0x00000000d5a00000, 0x00000000dda00000, 0x00000000dda00000)
  eden space 87424K, 100% used [0x00000000d5a00000, 0x00000000daf60000, 0x00000000daf60000)
  from space 21824K,  67% used [0x00000000dc4b0000, 0x00000000dd3266a8, 0x00000000dda00000)
  to   space 21824K,   0% used [0x00000000daf60000, 0x00000000daf60000, 0x00000000dc4b0000)
 concurrent mark-sweep generation total 393216K, used 12328K [0x00000000dda00000, 0x00000000f5a00000, 0x00000000f5a00000)
 concurrent-mark-sweep perm gen total 34496K, used 34415K [0x00000000f5a00000, 0x00000000f7bb0000, 0x0000000100000000)
2015-11-12T14:02:54.051-0600: 71.306: [GC2015-11-12T14:02:54.052-0600: 71.306: [ParNew
Desired survivor size 20112992 bytes, new threshold 8 (max 8)
- age   1:     881896 bytes,     881896 total
- age   2:     211824 bytes,    1093720 total
- age   3:      87752 bytes,    1181472 total
- age   4:    8004552 bytes,    9186024 total
- age   5:      70208 bytes,    9256232 total
- age   6:     140728 bytes,    9396960 total
- age   7:    1360088 bytes,   10757048 total
- age   8:      81360 bytes,   10838408 total
: 102233K->13176K(109248K), 0.0636360 secs] 114562K->26287K(502464K), 0.0638860 secs] [Times: user=0.16 sys=0.00, real=0.06 secs] 
Heap after GC invocations=20 (full 0):
 par new generation   total 109248K, used 13176K [0x00000000d5a00000, 0x00000000dda00000, 0x00000000dda00000)
  eden space 87424K,   0% used [0x00000000d5a00000, 0x00000000d5a00000, 0x00000000daf60000)
  from space 21824K,  60% used [0x00000000daf60000, 0x00000000dbc3e288, 0x00000000dc4b0000)
  to   space 21824K,   0% used [0x00000000dc4b0000, 0x00000000dc4b0000, 0x00000000dda00000)
 concurrent mark-sweep generation total 393216K, used 13111K [0x00000000dda00000, 0x00000000f5a00000, 0x00000000f5a00000)
 concurrent-mark-sweep perm gen total 34496K, used 34415K [0x00000000f5a00000, 0x00000000f7bb0000, 0x0000000100000000)
}
2015-11-12T14:02:54.115-0600: 71.370: Total time for which application threads were stopped: 0.0742990 seconds, Stopping threads took: 0.0099540 seconds
{Heap before GC invocations=20 (full 0):
 par new generation   total 109248K, used 100600K [0x00000000d5a00000, 0x00000000dda00000, 0x00000000dda00000)
  eden space 87424K, 100% used [0x00000000d5a00000, 0x00000000daf60000, 0x00000000daf60000)
  from space 21824K,  60% used [0x00000000daf60000, 0x00000000dbc3e288, 0x00000000dc4b0000)
  to   space 21824K,   0% used [0x00000000dc4b0000, 0x00000000dc4b0000, 0x00000000dda00000)
 concurrent mark-sweep generation total 393216K, used 13111K [0x00000000dda00000, 0x00000000f5a00000, 0x00000000f5a00000)
 concurrent-mark-sweep perm gen total 34496K, used 34423K [0x00000000f5a00000, 0x00000000f7bb0000, 0x0000000100000000)
2015-11-12T14:02:54.494-0600: 71.749: [GC2015-11-12T14:02:54.494-0600: 71.749: [ParNew
Desired survivor size 20112992 bytes, new threshold 8 (max 8)
- age   1:     665168 bytes,     665168 total
- age   2:     120152 bytes,     785320 total
- age   3:     202016 bytes,     987336 total
- age   4:      87752 bytes,    1075088 total
- age   5:    8004576 bytes,    9079664 total
- age   6:      70208 bytes,    9149872 total
- age   7:     140728 bytes,    9290600 total
- age   8:    1360088 bytes,   10650688 total
: 100600K->14103K(109248K), 0.0533950 secs] 113711K->27296K(502464K), 0.0535500 secs] [Times: user=0.12 sys=0.00, real=0.05 secs] 
Heap after GC invocations=21 (full 0):
 par new generation   total 109248K, used 14103K [0x00000000d5a00000, 0x00000000dda00000, 0x00000000dda00000)
  eden space 87424K,   0% used [0x00000000d5a00000, 0x00000000d5a00000, 0x00000000daf60000)
  from space 21824K,  64% used [0x00000000dc4b0000, 0x00000000dd275e40, 0x00000000dda00000)
  to   space 21824K,   0% used [0x00000000daf60000, 0x00000000daf60000, 0x00000000dc4b0000)
 concurrent mark-sweep generation total 393216K, used 13192K [0x00000000dda00000, 0x00000000f5a00000, 0x00000000f5a00000)
 concurrent-mark-sweep perm gen total 34496K, used 34423K [0x00000000f5a00000, 0x00000000f7bb0000, 0x0000000100000000)
}
2015-11-12T14:02:54.548-0600: 71.802: Total time for which application threads were stopped: 0.0540320 seconds, Stopping threads took: 0.0000760 seconds
{Heap before GC invocations=21 (full 0):
 par new generation   total 109248K, used 101527K [0x00000000d5a00000, 0x00000000dda00000, 0x00000000dda00000)
  eden space 87424K, 100% used [0x00000000d5a00000, 0x00000000daf60000, 0x00000000daf60000)
  from space 21824K,  64% used [0x00000000dc4b0000, 0x00000000dd275e40, 0x00000000dda00000)
  to   space 21824K,   0% used [0x00000000daf60000, 0x00000000daf60000, 0x00000000dc4b0000)
 concurrent mark-sweep generation total 393216K, used 13192K [0x00000000dda00000, 0x00000000f5a00000, 0x00000000f5a00000)
 concurrent-mark-sweep perm gen total 34496K, used 34451K [0x00000000f5a00000, 0x00000000f7bb0000, 0x0000000100000000)
2015-11-12T14:02:54.811-0600: 72.066: [GC2015-11-12T14:02:54.811-0600: 72.066: [ParNew
Desired survivor size 20112992 bytes, new threshold 8 (max 8)
- age   1:     728952 bytes,     728952 total
- age   2:     111312 bytes,     840264 total
- age   3:     119288 bytes,     959552 total
- age   4:     200928 bytes,    1160480 total
- age   5:      87752 bytes,    1248232 total
- age   6:    8004264 bytes,    9252496 total
- age   7:      70208 bytes,    9322704 total
- age   8:     140728 bytes,    9463432 total
: 101527K->12501K(109248K), 0.0757490 secs] 114720K->27033K(502464K), 0.0759870 secs] [Times: user=0.09 sys=0.01, real=0.07 secs] 
Heap after GC invocations=22 (full 0):
 par new generation   total 109248K, used 12501K [0x00000000d5a00000, 0x00000000dda00000, 0x00000000dda00000)
  eden space 87424K,   0% used [0x00000000d5a00000, 0x00000000d5a00000, 0x00000000daf60000)
  from space 21824K,  57% used [0x00000000daf60000, 0x00000000dbb957c0, 0x00000000dc4b0000)
  to   space 21824K,   0% used [0x00000000dc4b0000, 0x00000000dc4b0000, 0x00000000dda00000)
 concurrent mark-sweep generation total 393216K, used 14531K [0x00000000dda00000, 0x00000000f5a00000, 0x00000000f5a00000)
 concurrent-mark-sweep perm gen total 34496K, used 34451K [0x00000000f5a00000, 0x00000000f7bb0000, 0x0000000100000000)
}
2015-11-12T14:02:54.887-0600: 72.142: Total time for which application threads were stopped: 0.0766830 seconds, Stopping threads took: 0.0001230 seconds
{Heap before GC invocations=22 (full 0):
 par new generation   total 109248K, used 99925K [0x00000000d5a00000, 0x00000000dda00000, 0x00000000dda00000)
  eden space 87424K, 100% used [0x00000000d5a00000, 0x00000000daf60000, 0x00000000daf60000)
  from space 21824K,  57% used [0x00000000daf60000, 0x00000000dbb957c0, 0x00000000dc4b0000)
  to   space 21824K,   0% used [0x00000000dc4b0000, 0x00000000dc4b0000, 0x00000000dda00000)
 concurrent mark-sweep generation total 393216K, used 14531K [0x00000000dda00000, 0x00000000f5a00000, 0x00000000f5a00000)
 concurrent-mark-sweep perm gen total 34688K, used 34460K [0x00000000f5a00000, 0x00000000f7be0000, 0x0000000100000000)
2015-11-12T14:02:55.079-0600: 72.334: [GC2015-11-12T14:02:55.080-0600: 72.334: [ParNew
Desired survivor size 20112992 bytes, new threshold 8 (max 8)
- age   1:     868176 bytes,     868176 total
- age   2:      89752 bytes,     957928 total
- age   3:     111312 bytes,    1069240 total
- age   4:     119288 bytes,    1188528 total
- age   5:     200928 bytes,    1389456 total
- age   6:      87752 bytes,    1477208 total
- age   7:    8004264 bytes,    9481472 total
- age   8:      70208 bytes,    9551680 total
: 99925K->11313K(109248K), 0.0649700 secs] 114457K->25985K(502464K), 0.0652510 secs] [Times: user=0.07 sys=0.00, real=0.07 secs] 
Heap after GC invocations=23 (full 0):
 par new generation   total 109248K, used 11313K [0x00000000d5a00000, 0x00000000dda00000, 0x00000000dda00000)
  eden space 87424K,   0% used [0x00000000d5a00000, 0x00000000d5a00000, 0x00000000daf60000)
  from space 21824K,  51% used [0x00000000dc4b0000, 0x00000000dcfbc760, 0x00000000dda00000)
  to   space 21824K,   0% used [0x00000000daf60000, 0x00000000daf60000, 0x00000000dc4b0000)
 concurrent mark-sweep generation total 393216K, used 14671K [0x00000000dda00000, 0x00000000f5a00000, 0x00000000f5a00000)
 concurrent-mark-sweep perm gen total 34688K, used 34460K [0x00000000f5a00000, 0x00000000f7be0000, 0x0000000100000000)
}
2015-11-12T14:02:55.145-0600: 72.400: Total time for which application threads were stopped: 0.0692370 seconds, Stopping threads took: 0.0036660 seconds
{Heap before GC invocations=23 (full 0):
 par new generation   total 109248K, used 98737K [0x00000000d5a00000, 0x00000000dda00000, 0x00000000dda00000)
  eden space 87424K, 100% used [0x00000000d5a00000, 0x00000000daf60000, 0x00000000daf60000)
  from space 21824K,  51% used [0x00000000dc4b0000, 0x00000000dcfbc760, 0x00000000dda00000)
  to   space 21824K,   0% used [0x00000000daf60000, 0x00000000daf60000, 0x00000000dc4b0000)
 concurrent mark-sweep generation total 393216K, used 14671K [0x00000000dda00000, 0x00000000f5a00000, 0x00000000f5a00000)
 concurrent-mark-sweep perm gen total 34688K, used 34463K [0x00000000f5a00000, 0x00000000f7be0000, 0x0000000100000000)
2015-11-12T14:02:55.389-0600: 72.643: [GC2015-11-12T14:02:55.389-0600: 72.643: [ParNew
Desired survivor size 20112992 bytes, new threshold 8 (max 8)
- age   1:     671304 bytes,     671304 total
- age   2:      78912 bytes,     750216 total
- age   3:      89752 bytes,     839968 total
- age   4:     111312 bytes,     951280 total
- age   5:     119288 bytes,    1070568 total
- age   6:     200928 bytes,    1271496 total
- age   7:      87752 bytes,    1359248 total
- age   8:    8004232 bytes,    9363480 total
: 98737K->14442K(109248K), 0.0261690 secs] 113409K->29184K(502464K), 0.0263770 secs] [Times: user=0.05 sys=0.00, real=0.03 secs] 
Heap after GC invocations=24 (full 0):
 par new generation   total 109248K, used 14442K [0x00000000d5a00000, 0x00000000dda00000, 0x00000000dda00000)
  eden space 87424K,   0% used [0x00000000d5a00000, 0x00000000d5a00000, 0x00000000daf60000)
  from space 21824K,  66% used [0x00000000daf60000, 0x00000000dbd7ab00, 0x00000000dc4b0000)
  to   space 21824K,   0% used [0x00000000dc4b0000, 0x00000000dc4b0000, 0x00000000dda00000)
 concurrent mark-sweep generation total 393216K, used 14741K [0x00000000dda00000, 0x00000000f5a00000, 0x00000000f5a00000)
 concurrent-mark-sweep perm gen total 34688K, used 34463K [0x00000000f5a00000, 0x00000000f7be0000, 0x0000000100000000)
}
2015-11-12T14:02:55.415-0600: 72.670: Total time for which application threads were stopped: 0.0342930 seconds, Stopping threads took: 0.0074400 seconds
2015-11-12T14:02:55.748-0600: 73.002: Total time for which application threads were stopped: 0.0003240 seconds, Stopping threads took: 0.0000920 seconds
2015-11-12T14:02:55.775-0600: 73.030: Total time for which application threads were stopped: 0.0001630 seconds, Stopping threads took: 0.0000430 seconds
2015-11-12T14:02:55.811-0600: 73.066: Total time for which application threads were stopped: 0.0001820 seconds, Stopping threads took: 0.0000450 seconds
2015-11-12T14:02:55.813-0600: 73.068: Total time for which application threads were stopped: 0.0001540 seconds, Stopping threads took: 0.0000370 seconds
2015-11-12T14:02:55.980-0600: 73.235: Total time for which application threads were stopped: 0.0003200 seconds, Stopping threads took: 0.0000660 seconds
2015-11-12T14:02:55.980-0600: 73.235: Total time for which application threads were stopped: 0.0001130 seconds, Stopping threads took: 0.0000340 seconds
2015-11-12T14:02:56.001-0600: 73.255: Total time for which application threads were stopped: 0.0001400 seconds, Stopping threads took: 0.0000350 seconds
2015-11-12T14:02:56.029-0600: 73.284: Total time for which application threads were stopped: 0.0004660 seconds, Stopping threads took: 0.0000540 seconds
2015-11-12T14:02:56.290-0600: 73.544: Total time for which application threads were stopped: 0.0002540 seconds, Stopping threads took: 0.0000370 seconds
2015-11-12T14:02:56.315-0600: 73.570: Total time for which application threads were stopped: 0.0001740 seconds, Stopping threads took: 0.0000450 seconds
2015-11-12T14:02:56.323-0600: 73.577: Total time for which application threads were stopped: 0.0001930 seconds, Stopping threads took: 0.0000570 seconds
2015-11-12T14:02:56.323-0600: 73.577: Total time for which application threads were stopped: 0.0001000 seconds, Stopping threads took: 0.0000280 seconds
2015-11-12T14:02:56.356-0600: 73.610: Total time for which application threads were stopped: 0.0001520 seconds, Stopping threads took: 0.0000410 seconds
2015-11-12T14:02:56.358-0600: 73.613: Total time for which application threads were stopped: 0.0001510 seconds, Stopping threads took: 0.0000490 seconds
2015-11-12T14:02:56.359-0600: 73.614: Total time for which application threads were stopped: 0.0001140 seconds, Stopping threads took: 0.0000370 seconds
2015-11-12T14:02:56.481-0600: 73.735: Total time for which application threads were stopped: 0.0024870 seconds, Stopping threads took: 0.0022770 seconds
2015-11-12T14:02:56.785-0600: 74.039: Total time for which application threads were stopped: 0.0003060 seconds, Stopping threads took: 0.0000490 seconds
2015-11-12T14:02:57.203-0600: 74.458: Total time for which application threads were stopped: 0.0002890 seconds, Stopping threads took: 0.0000360 seconds
2015-11-12T14:02:57.315-0600: 74.569: Total time for which application threads were stopped: 0.0067680 seconds, Stopping threads took: 0.0066400 seconds
2015-11-12T14:02:57.317-0600: 74.572: Total time for which application threads were stopped: 0.0001800 seconds, Stopping threads took: 0.0000410 seconds
2015-11-12T14:02:57.317-0600: 74.572: Total time for which application threads were stopped: 0.0001140 seconds, Stopping threads took: 0.0000280 seconds
2015-11-12T14:02:57.317-0600: 74.572: Total time for which application threads were stopped: 0.0001360 seconds, Stopping threads took: 0.0000500 seconds
2015-11-12T14:02:57.360-0600: 74.614: Total time for which application threads were stopped: 0.0002800 seconds, Stopping threads took: 0.0000410 seconds
2015-11-12T14:02:57.362-0600: 74.616: Total time for which application threads were stopped: 0.0001520 seconds, Stopping threads took: 0.0000350 seconds
2015-11-12T14:02:57.362-0600: 74.617: Total time for which application threads were stopped: 0.0001310 seconds, Stopping threads took: 0.0000290 seconds
2015-11-12T14:02:57.362-0600: 74.617: Total time for which application threads were stopped: 0.0001300 seconds, Stopping threads took: 0.0000230 seconds
{Heap before GC invocations=24 (full 0):
 par new generation   total 109248K, used 101866K [0x00000000d5a00000, 0x00000000dda00000, 0x00000000dda00000)
  eden space 87424K, 100% used [0x00000000d5a00000, 0x00000000daf60000, 0x00000000daf60000)
  from space 21824K,  66% used [0x00000000daf60000, 0x00000000dbd7ab00, 0x00000000dc4b0000)
  to   space 21824K,   0% used [0x00000000dc4b0000, 0x00000000dc4b0000, 0x00000000dda00000)
 concurrent mark-sweep generation total 393216K, used 14741K [0x00000000dda00000, 0x00000000f5a00000, 0x00000000f5a00000)
 concurrent-mark-sweep perm gen total 35264K, used 35110K [0x00000000f5a00000, 0x00000000f7c70000, 0x0000000100000000)
2015-11-12T14:02:57.372-0600: 74.627: [GC2015-11-12T14:02:57.372-0600: 74.627: [ParNew
Desired survivor size 20112992 bytes, new threshold 8 (max 8)
- age   1:    9205440 bytes,    9205440 total
- age   2:      50000 bytes,    9255440 total
- age   3:      78144 bytes,    9333584 total
- age   4:      87544 bytes,    9421128 total
- age   5:     110568 bytes,    9531696 total
- age   6:     117240 bytes,    9648936 total
- age   7:      37992 bytes,    9686928 total
- age   8:      34544 bytes,    9721472 total
: 101866K->12292K(109248K), 0.0658540 secs] 116608K->31467K(502464K), 0.0661080 secs] [Times: user=0.10 sys=0.00, real=0.06 secs] 
Heap after GC invocations=25 (full 0):
 par new generation   total 109248K, used 12292K [0x00000000d5a00000, 0x00000000dda00000, 0x00000000dda00000)
  eden space 87424K,   0% used [0x00000000d5a00000, 0x00000000d5a00000, 0x00000000daf60000)
  from space 21824K,  56% used [0x00000000dc4b0000, 0x00000000dd0b1048, 0x00000000dda00000)
  to   space 21824K,   0% used [0x00000000daf60000, 0x00000000daf60000, 0x00000000dc4b0000)
 concurrent mark-sweep generation total 393216K, used 19175K [0x00000000dda00000, 0x00000000f5a00000, 0x00000000f5a00000)
 concurrent-mark-sweep perm gen total 35264K, used 35110K [0x00000000f5a00000, 0x00000000f7c70000, 0x0000000100000000)
}
2015-11-12T14:02:57.438-0600: 74.693: Total time for which application threads were stopped: 0.0665200 seconds, Stopping threads took: 0.0000870 seconds
2015-11-12T14:02:57.442-0600: 74.696: Total time for which application threads were stopped: 0.0002240 seconds, Stopping threads took: 0.0001000 seconds
2015-11-12T14:02:57.442-0600: 74.696: Total time for which application threads were stopped: 0.0001060 seconds, Stopping threads took: 0.0000220 seconds
2015-11-12T14:02:57.466-0600: 74.721: Total time for which application threads were stopped: 0.0049070 seconds, Stopping threads took: 0.0047690 seconds
2015-11-12T14:02:57.481-0600: 74.736: Total time for which application threads were stopped: 0.0040300 seconds, Stopping threads took: 0.0039050 seconds
2015-11-12T14:02:57.510-0600: 74.765: Total time for which application threads were stopped: 0.0037540 seconds, Stopping threads took: 0.0036010 seconds
2015-11-12T14:02:57.539-0600: 74.794: Total time for which application threads were stopped: 0.0013760 seconds, Stopping threads took: 0.0012190 seconds
2015-11-12T14:02:57.577-0600: 74.832: Total time for which application threads were stopped: 0.0065130 seconds, Stopping threads took: 0.0062220 seconds
2015-11-12T14:02:57.608-0600: 74.862: Total time for which application threads were stopped: 0.0001860 seconds, Stopping threads took: 0.0000500 seconds
2015-11-12T14:02:57.649-0600: 74.904: Total time for which application threads were stopped: 0.0018980 seconds, Stopping threads took: 0.0017430 seconds
2015-11-12T14:02:57.656-0600: 74.911: Total time for which application threads were stopped: 0.0001810 seconds, Stopping threads took: 0.0000560 seconds
2015-11-12T14:02:57.659-0600: 74.914: Total time for which application threads were stopped: 0.0001820 seconds, Stopping threads took: 0.0000400 seconds
2015-11-12T14:02:57.662-0600: 74.916: Total time for which application threads were stopped: 0.0002050 seconds, Stopping threads took: 0.0000820 seconds
2015-11-12T14:02:57.663-0600: 74.918: Total time for which application threads were stopped: 0.0008250 seconds, Stopping threads took: 0.0006740 seconds
2015-11-12T14:02:58.123-0600: 75.378: Total time for which application threads were stopped: 0.0004350 seconds, Stopping threads took: 0.0000490 seconds
2015-11-12T14:02:58.242-0600: 75.497: Total time for which application threads were stopped: 0.0116120 seconds, Stopping threads took: 0.0114330 seconds
2015-11-12T14:02:58.494-0600: 75.748: Total time for which application threads were stopped: 0.0010150 seconds, Stopping threads took: 0.0007460 seconds
2015-11-12T14:02:58.599-0600: 75.853: Total time for which application threads were stopped: 0.0061780 seconds, Stopping threads took: 0.0060310 seconds
2015-11-12T14:02:58.608-0600: 75.863: Total time for which application threads were stopped: 0.0005390 seconds, Stopping threads took: 0.0000650 seconds
2015-11-12T14:02:58.613-0600: 75.868: Total time for which application threads were stopped: 0.0001790 seconds, Stopping threads took: 0.0000530 seconds
2015-11-12T14:02:58.757-0600: 76.012: Total time for which application threads were stopped: 0.0002990 seconds, Stopping threads took: 0.0000360 seconds
2015-11-12T14:02:58.784-0600: 76.039: Total time for which application threads were stopped: 0.0060190 seconds, Stopping threads took: 0.0057370 seconds
2015-11-12T14:02:58.822-0600: 76.077: Total time for which application threads were stopped: 0.0069950 seconds, Stopping threads took: 0.0068500 seconds
2015-11-12T14:02:58.867-0600: 76.122: Total time for which application threads were stopped: 0.0002340 seconds, Stopping threads took: 0.0000830 seconds
2015-11-12T14:02:58.894-0600: 76.148: Total time for which application threads were stopped: 0.0077470 seconds, Stopping threads took: 0.0076090 seconds
2015-11-12T14:02:58.903-0600: 76.158: Total time for which application threads were stopped: 0.0002100 seconds, Stopping threads took: 0.0000660 seconds
2015-11-12T14:02:58.924-0600: 76.178: Total time for which application threads were stopped: 0.0076310 seconds, Stopping threads took: 0.0075010 seconds
2015-11-12T14:02:58.938-0600: 76.193: Total time for which application threads were stopped: 0.0001940 seconds, Stopping threads took: 0.0000640 seconds
2015-11-12T14:02:58.958-0600: 76.213: Total time for which application threads were stopped: 0.0059540 seconds, Stopping threads took: 0.0057810 seconds
2015-11-12T14:02:58.978-0600: 76.233: Total time for which application threads were stopped: 0.0027320 seconds, Stopping threads took: 0.0025740 seconds
2015-11-12T14:02:59.140-0600: 76.395: Total time for which application threads were stopped: 0.0114320 seconds, Stopping threads took: 0.0112680 seconds
2015-11-12T14:02:59.271-0600: 76.526: Total time for which application threads were stopped: 0.0004110 seconds, Stopping threads took: 0.0000360 seconds
2015-11-12T14:02:59.271-0600: 76.526: Total time for which application threads were stopped: 0.0000970 seconds, Stopping threads took: 0.0000190 seconds
2015-11-12T14:02:59.273-0600: 76.528: Total time for which application threads were stopped: 0.0002090 seconds, Stopping threads took: 0.0000650 seconds
2015-11-12T14:02:59.275-0600: 76.530: Total time for which application threads were stopped: 0.0001620 seconds, Stopping threads took: 0.0000380 seconds
2015-11-12T14:02:59.324-0600: 76.579: Total time for which application threads were stopped: 0.0001980 seconds, Stopping threads took: 0.0000490 seconds
2015-11-12T14:02:59.333-0600: 76.588: Total time for which application threads were stopped: 0.0002690 seconds, Stopping threads took: 0.0000710 seconds
2015-11-12T14:02:59.339-0600: 76.594: Total time for which application threads were stopped: 0.0001930 seconds, Stopping threads took: 0.0000650 seconds
2015-11-12T14:02:59.359-0600: 76.614: Total time for which application threads were stopped: 0.0073520 seconds, Stopping threads took: 0.0072060 seconds
2015-11-12T14:02:59.461-0600: 76.716: Total time for which application threads were stopped: 0.0030380 seconds, Stopping threads took: 0.0028660 seconds
2015-11-12T14:02:59.478-0600: 76.733: Total time for which application threads were stopped: 0.0039810 seconds, Stopping threads took: 0.0038100 seconds
2015-11-12T14:02:59.479-0600: 76.734: Total time for which application threads were stopped: 0.0001970 seconds, Stopping threads took: 0.0000860 seconds
2015-11-12T14:02:59.561-0600: 76.816: Total time for which application threads were stopped: 0.0055080 seconds, Stopping threads took: 0.0051960 seconds
{Heap before GC invocations=25 (full 0):
 par new generation   total 109248K, used 99716K [0x00000000d5a00000, 0x00000000dda00000, 0x00000000dda00000)
  eden space 87424K, 100% used [0x00000000d5a00000, 0x00000000daf60000, 0x00000000daf60000)
  from space 21824K,  56% used [0x00000000dc4b0000, 0x00000000dd0b1048, 0x00000000dda00000)
  to   space 21824K,   0% used [0x00000000daf60000, 0x00000000daf60000, 0x00000000dc4b0000)
 concurrent mark-sweep generation total 393216K, used 19175K [0x00000000dda00000, 0x00000000f5a00000, 0x00000000f5a00000)
 concurrent-mark-sweep perm gen total 35456K, used 35324K [0x00000000f5a00000, 0x00000000f7ca0000, 0x0000000100000000)
2015-11-12T14:02:59.566-0600: 76.821: [GC2015-11-12T14:02:59.566-0600: 76.821: [ParNew
Desired survivor size 20112992 bytes, new threshold 8 (max 8)
- age   1:    5533960 bytes,    5533960 total
- age   2:    8585864 bytes,   14119824 total
- age   3:      50000 bytes,   14169824 total
- age   4:      78144 bytes,   14247968 total
- age   5:      87544 bytes,   14335512 total
- age   6:     110568 bytes,   14446080 total
- age   7:     117240 bytes,   14563320 total
- age   8:      37992 bytes,   14601312 total
: 99716K->15998K(109248K), 0.0447050 secs] 118891K->35209K(502464K), 0.0450270 secs] [Times: user=0.04 sys=0.00, real=0.05 secs] 
Heap after GC invocations=26 (full 0):
 par new generation   total 109248K, used 15998K [0x00000000d5a00000, 0x00000000dda00000, 0x00000000dda00000)
  eden space 87424K,   0% used [0x00000000d5a00000, 0x00000000d5a00000, 0x00000000daf60000)
  from space 21824K,  73% used [0x00000000daf60000, 0x00000000dbeffaf0, 0x00000000dc4b0000)
  to   space 21824K,   0% used [0x00000000dc4b0000, 0x00000000dc4b0000, 0x00000000dda00000)
 concurrent mark-sweep generation total 393216K, used 19211K [0x00000000dda00000, 0x00000000f5a00000, 0x00000000f5a00000)
 concurrent-mark-sweep perm gen total 35456K, used 35324K [0x00000000f5a00000, 0x00000000f7ca0000, 0x0000000100000000)
}
2015-11-12T14:02:59.611-0600: 76.866: Total time for which application threads were stopped: 0.0453940 seconds, Stopping threads took: 0.0000620 seconds
2015-11-12T14:02:59.647-0600: 76.901: Total time for which application threads were stopped: 0.0065550 seconds, Stopping threads took: 0.0061320 seconds
2015-11-12T14:02:59.727-0600: 76.982: Total time for which application threads were stopped: 0.0021480 seconds, Stopping threads took: 0.0020110 seconds
2015-11-12T14:02:59.813-0600: 77.068: Total time for which application threads were stopped: 0.0079540 seconds, Stopping threads took: 0.0075610 seconds
2015-11-12T14:02:59.888-0600: 77.143: Total time for which application threads were stopped: 0.0098480 seconds, Stopping threads took: 0.0097030 seconds
2015-11-12T14:02:59.905-0600: 77.160: Total time for which application threads were stopped: 0.0037540 seconds, Stopping threads took: 0.0033060 seconds
2015-11-12T14:03:00.335-0600: 77.589: Total time for which application threads were stopped: 0.0035710 seconds, Stopping threads took: 0.0031630 seconds
2015-11-12T14:03:00.335-0600: 77.590: Total time for which application threads were stopped: 0.0001250 seconds, Stopping threads took: 0.0000320 seconds
2015-11-12T14:03:00.335-0600: 77.590: Total time for which application threads were stopped: 0.0001130 seconds, Stopping threads took: 0.0000290 seconds
2015-11-12T14:03:00.343-0600: 77.598: Total time for which application threads were stopped: 0.0002000 seconds, Stopping threads took: 0.0000610 seconds
2015-11-12T14:03:00.369-0600: 77.623: Total time for which application threads were stopped: 0.0144240 seconds, Stopping threads took: 0.0142380 seconds
2015-11-12T14:03:00.467-0600: 77.721: Total time for which application threads were stopped: 0.0167030 seconds, Stopping threads took: 0.0164410 seconds
2015-11-12T14:03:00.475-0600: 77.730: Total time for which application threads were stopped: 0.0002440 seconds, Stopping threads took: 0.0001080 seconds
2015-11-12T14:03:00.762-0600: 78.017: Total time for which application threads were stopped: 0.0091200 seconds, Stopping threads took: 0.0089520 seconds
2015-11-12T14:03:00.997-0600: 78.252: Total time for which application threads were stopped: 0.0003480 seconds, Stopping threads took: 0.0001000 seconds
2015-11-12T14:03:01.821-0600: 79.075: Total time for which application threads were stopped: 0.0003950 seconds, Stopping threads took: 0.0000400 seconds
2015-11-12T14:03:01.974-0600: 79.228: Total time for which application threads were stopped: 0.0002710 seconds, Stopping threads took: 0.0000330 seconds
2015-11-12T14:03:01.993-0600: 79.247: Total time for which application threads were stopped: 0.0002400 seconds, Stopping threads took: 0.0000930 seconds
2015-11-12T14:03:01.997-0600: 79.252: Total time for which application threads were stopped: 0.0002140 seconds, Stopping threads took: 0.0000360 seconds
2015-11-12T14:03:01.997-0600: 79.252: Total time for which application threads were stopped: 0.0001100 seconds, Stopping threads took: 0.0000210 seconds
2015-11-12T14:03:02.004-0600: 79.259: Total time for which application threads were stopped: 0.0033690 seconds, Stopping threads took: 0.0032080 seconds
2015-11-12T14:03:02.004-0600: 79.259: Total time for which application threads were stopped: 0.0001400 seconds, Stopping threads took: 0.0000270 seconds
2015-11-12T14:03:02.010-0600: 79.265: Total time for which application threads were stopped: 0.0026710 seconds, Stopping threads took: 0.0024860 seconds
2015-11-12T14:03:02.030-0600: 79.285: Total time for which application threads were stopped: 0.0081430 seconds, Stopping threads took: 0.0080060 seconds
2015-11-12T14:03:02.036-0600: 79.291: Total time for which application threads were stopped: 0.0001630 seconds, Stopping threads took: 0.0000440 seconds
2015-11-12T14:03:02.046-0600: 79.301: Total time for which application threads were stopped: 0.0002300 seconds, Stopping threads took: 0.0000670 seconds
2015-11-12T14:03:02.050-0600: 79.305: Total time for which application threads were stopped: 0.0019950 seconds, Stopping threads took: 0.0018340 seconds
2015-11-12T14:03:02.188-0600: 79.442: Total time for which application threads were stopped: 0.0026430 seconds, Stopping threads took: 0.0023920 seconds
2015-11-12T14:03:02.210-0600: 79.465: Total time for which application threads were stopped: 0.0080980 seconds, Stopping threads took: 0.0079710 seconds
2015-11-12T14:03:02.234-0600: 79.489: Total time for which application threads were stopped: 0.0006110 seconds, Stopping threads took: 0.0004830 seconds
{Heap before GC invocations=26 (full 0):
 par new generation   total 109248K, used 103422K [0x00000000d5a00000, 0x00000000dda00000, 0x00000000dda00000)
  eden space 87424K, 100% used [0x00000000d5a00000, 0x00000000daf60000, 0x00000000daf60000)
  from space 21824K,  73% used [0x00000000daf60000, 0x00000000dbeffaf0, 0x00000000dc4b0000)
  to   space 21824K,   0% used [0x00000000dc4b0000, 0x00000000dc4b0000, 0x00000000dda00000)
 concurrent mark-sweep generation total 393216K, used 19211K [0x00000000dda00000, 0x00000000f5a00000, 0x00000000f5a00000)
 concurrent-mark-sweep perm gen total 36032K, used 35928K [0x00000000f5a00000, 0x00000000f7d30000, 0x0000000100000000)
2015-11-12T14:03:02.250-0600: 79.505: [GC2015-11-12T14:03:02.251-0600: 79.505: [ParNew
Desired survivor size 20112992 bytes, new threshold 8 (max 8)
- age   1:    5093352 bytes,    5093352 total
- age   2:     981800 bytes,    6075152 total
- age   3:    7611888 bytes,   13687040 total
- age   4:      50000 bytes,   13737040 total
- age   5:      78144 bytes,   13815184 total
- age   6:      87544 bytes,   13902728 total
- age   7:     110568 bytes,   14013296 total
- age   8:     117240 bytes,   14130536 total
: 103422K->20280K(109248K), 0.0386890 secs] 122633K->39530K(502464K), 0.0389360 secs] [Times: user=0.05 sys=0.01, real=0.03 secs] 
Heap after GC invocations=27 (full 0):
 par new generation   total 109248K, used 20280K [0x00000000d5a00000, 0x00000000dda00000, 0x00000000dda00000)
  eden space 87424K,   0% used [0x00000000d5a00000, 0x00000000d5a00000, 0x00000000daf60000)
  from space 21824K,  92% used [0x00000000dc4b0000, 0x00000000dd87e1a0, 0x00000000dda00000)
  to   space 21824K,   0% used [0x00000000daf60000, 0x00000000daf60000, 0x00000000dc4b0000)
 concurrent mark-sweep generation total 393216K, used 19249K [0x00000000dda00000, 0x00000000f5a00000, 0x00000000f5a00000)
 concurrent-mark-sweep perm gen total 36032K, used 35928K [0x00000000f5a00000, 0x00000000f7d30000, 0x0000000100000000)
}
2015-11-12T14:03:02.290-0600: 79.544: Total time for which application threads were stopped: 0.0393030 seconds, Stopping threads took: 0.0000630 seconds
2015-11-12T14:03:02.295-0600: 79.550: Total time for which application threads were stopped: 0.0002060 seconds, Stopping threads took: 0.0000740 seconds
2015-11-12T14:03:02.295-0600: 79.550: Total time for which application threads were stopped: 0.0001060 seconds, Stopping threads took: 0.0000220 seconds
2015-11-12T14:03:02.295-0600: 79.550: Total time for which application threads were stopped: 0.0000880 seconds, Stopping threads took: 0.0000190 seconds
2015-11-12T14:03:02.296-0600: 79.550: Total time for which application threads were stopped: 0.0000850 seconds, Stopping threads took: 0.0000170 seconds
2015-11-12T14:03:02.300-0600: 79.555: Total time for which application threads were stopped: 0.0014420 seconds, Stopping threads took: 0.0013280 seconds
2015-11-12T14:03:02.300-0600: 79.555: Total time for which application threads were stopped: 0.0001080 seconds, Stopping threads took: 0.0000240 seconds
2015-11-12T14:03:02.301-0600: 79.555: Total time for which application threads were stopped: 0.0000990 seconds, Stopping threads took: 0.0000200 seconds
2015-11-12T14:03:02.301-0600: 79.556: Total time for which application threads were stopped: 0.0000990 seconds, Stopping threads took: 0.0000200 seconds
2015-11-12T14:03:02.586-0600: 79.841: Total time for which application threads were stopped: 0.0005050 seconds, Stopping threads took: 0.0000700 seconds
2015-11-12T14:03:02.606-0600: 79.861: Total time for which application threads were stopped: 0.0002110 seconds, Stopping threads took: 0.0000640 seconds
2015-11-12T14:03:02.614-0600: 79.869: Total time for which application threads were stopped: 0.0002150 seconds, Stopping threads took: 0.0000700 seconds
2015-11-12T14:03:02.622-0600: 79.877: Total time for which application threads were stopped: 0.0002010 seconds, Stopping threads took: 0.0000690 seconds
2015-11-12T14:03:02.623-0600: 79.877: Total time for which application threads were stopped: 0.0001480 seconds, Stopping threads took: 0.0000430 seconds
2015-11-12T14:03:02.623-0600: 79.878: Total time for which application threads were stopped: 0.0005330 seconds, Stopping threads took: 0.0000380 seconds
2015-11-12T14:03:02.624-0600: 79.878: Total time for which application threads were stopped: 0.0001390 seconds, Stopping threads took: 0.0000440 seconds
2015-11-12T14:03:02.989-0600: 80.244: Total time for which application threads were stopped: 0.0002190 seconds, Stopping threads took: 0.0000420 seconds
2015-11-12T14:03:02.990-0600: 80.245: Total time for which application threads were stopped: 0.0001100 seconds, Stopping threads took: 0.0000240 seconds
2015-11-12T14:03:03.499-0600: 80.753: Total time for which application threads were stopped: 0.0001830 seconds, Stopping threads took: 0.0000270 seconds
2015-11-12T14:03:03.499-0600: 80.754: Total time for which application threads were stopped: 0.0001280 seconds, Stopping threads took: 0.0000540 seconds
2015-11-12T14:03:03.708-0600: 80.962: Total time for which application threads were stopped: 0.0001520 seconds, Stopping threads took: 0.0000320 seconds
2015-11-12T14:03:03.708-0600: 80.963: Total time for which application threads were stopped: 0.0000910 seconds, Stopping threads took: 0.0000260 seconds
2015-11-12T14:03:03.708-0600: 80.963: Total time for which application threads were stopped: 0.0000820 seconds, Stopping threads took: 0.0000200 seconds
2015-11-12T14:03:03.708-0600: 80.963: Total time for which application threads were stopped: 0.0000870 seconds, Stopping threads took: 0.0000230 seconds
2015-11-12T14:03:14.518-0600: 91.773: Total time for which application threads were stopped: 0.0003040 seconds, Stopping threads took: 0.0000500 seconds
2015-11-12T14:03:14.543-0600: 91.797: Total time for which application threads were stopped: 0.0033430 seconds, Stopping threads took: 0.0032040 seconds
2015-11-12T14:03:14.566-0600: 91.820: Total time for which application threads were stopped: 0.0004430 seconds, Stopping threads took: 0.0001570 seconds
{Heap before GC invocations=27 (full 0):
 par new generation   total 109248K, used 107704K [0x00000000d5a00000, 0x00000000dda00000, 0x00000000dda00000)
  eden space 87424K, 100% used [0x00000000d5a00000, 0x00000000daf60000, 0x00000000daf60000)
  from space 21824K,  92% used [0x00000000dc4b0000, 0x00000000dd87e1a0, 0x00000000dda00000)
  to   space 21824K,   0% used [0x00000000daf60000, 0x00000000daf60000, 0x00000000dc4b0000)
 concurrent mark-sweep generation total 393216K, used 19249K [0x00000000dda00000, 0x00000000f5a00000, 0x00000000f5a00000)
 concurrent-mark-sweep perm gen total 36032K, used 35967K [0x00000000f5a00000, 0x00000000f7d30000, 0x0000000100000000)
2015-11-12T14:03:14.867-0600: 92.122: [GC2015-11-12T14:03:14.867-0600: 92.122: [ParNew
Desired survivor size 20112992 bytes, new threshold 8 (max 8)
- age   1:    4859224 bytes,    4859224 total
- age   2:    2829768 bytes,    7688992 total
- age   3:     720280 bytes,    8409272 total
- age   4:    7608064 bytes,   16017336 total
- age   5:      50000 bytes,   16067336 total
- age   6:      78144 bytes,   16145480 total
- age   7:      87328 bytes,   16232808 total
- age   8:     110568 bytes,   16343376 total
: 107704K->17934K(109248K), 0.0404590 secs] 126954K->37300K(502464K), 0.0406880 secs] [Times: user=0.05 sys=0.00, real=0.04 secs] 
Heap after GC invocations=28 (full 0):
 par new generation   total 109248K, used 17934K [0x00000000d5a00000, 0x00000000dda00000, 0x00000000dda00000)
  eden space 87424K,   0% used [0x00000000d5a00000, 0x00000000d5a00000, 0x00000000daf60000)
  from space 21824K,  82% used [0x00000000daf60000, 0x00000000dc0e3ab0, 0x00000000dc4b0000)
  to   space 21824K,   0% used [0x00000000dc4b0000, 0x00000000dc4b0000, 0x00000000dda00000)
 concurrent mark-sweep generation total 393216K, used 19366K [0x00000000dda00000, 0x00000000f5a00000, 0x00000000f5a00000)
 concurrent-mark-sweep perm gen total 36032K, used 35967K [0x00000000f5a00000, 0x00000000f7d30000, 0x0000000100000000)
}
2015-11-12T14:03:14.908-0600: 92.162: Total time for which application threads were stopped: 0.0420130 seconds, Stopping threads took: 0.0007800 seconds
{Heap before GC invocations=28 (full 0):
 par new generation   total 109248K, used 105358K [0x00000000d5a00000, 0x00000000dda00000, 0x00000000dda00000)
  eden space 87424K, 100% used [0x00000000d5a00000, 0x00000000daf60000, 0x00000000daf60000)
  from space 21824K,  82% used [0x00000000daf60000, 0x00000000dc0e3ab0, 0x00000000dc4b0000)
  to   space 21824K,   0% used [0x00000000dc4b0000, 0x00000000dc4b0000, 0x00000000dda00000)
 concurrent mark-sweep generation total 393216K, used 19366K [0x00000000dda00000, 0x00000000f5a00000, 0x00000000f5a00000)
 concurrent-mark-sweep perm gen total 36032K, used 35968K [0x00000000f5a00000, 0x00000000f7d30000, 0x0000000100000000)
2015-11-12T14:03:15.071-0600: 92.325: [GC2015-11-12T14:03:15.071-0600: 92.325: [ParNew
Desired survivor size 20112992 bytes, new threshold 8 (max 8)
- age   1:     679304 bytes,     679304 total
- age   2:    4490248 bytes,    5169552 total
- age   3:    2827320 bytes,    7996872 total
- age   4:     720280 bytes,    8717152 total
- age   5:    7608064 bytes,   16325216 total
- age   6:      50000 bytes,   16375216 total
- age   7:      78144 bytes,   16453360 total
- age   8:      87328 bytes,   16540688 total
: 105358K->19326K(109248K), 0.0295450 secs] 124724K->38803K(502464K), 0.0297670 secs] [Times: user=0.04 sys=0.00, real=0.02 secs] 
Heap after GC invocations=29 (full 0):
 par new generation   total 109248K, used 19326K [0x00000000d5a00000, 0x00000000dda00000, 0x00000000dda00000)
  eden space 87424K,   0% used [0x00000000d5a00000, 0x00000000d5a00000, 0x00000000daf60000)
  from space 21824K,  88% used [0x00000000dc4b0000, 0x00000000dd78fbd0, 0x00000000dda00000)
  to   space 21824K,   0% used [0x00000000daf60000, 0x00000000daf60000, 0x00000000dc4b0000)
 concurrent mark-sweep generation total 393216K, used 19476K [0x00000000dda00000, 0x00000000f5a00000, 0x00000000f5a00000)
 concurrent-mark-sweep perm gen total 36032K, used 35968K [0x00000000f5a00000, 0x00000000f7d30000, 0x0000000100000000)
}
2015-11-12T14:03:15.101-0600: 92.355: Total time for which application threads were stopped: 0.0330710 seconds, Stopping threads took: 0.0029130 seconds
{Heap before GC invocations=29 (full 0):
 par new generation   total 109248K, used 106750K [0x00000000d5a00000, 0x00000000dda00000, 0x00000000dda00000)
  eden space 87424K, 100% used [0x00000000d5a00000, 0x00000000daf60000, 0x00000000daf60000)
  from space 21824K,  88% used [0x00000000dc4b0000, 0x00000000dd78fbd0, 0x00000000dda00000)
  to   space 21824K,   0% used [0x00000000daf60000, 0x00000000daf60000, 0x00000000dc4b0000)
 concurrent mark-sweep generation total 393216K, used 19476K [0x00000000dda00000, 0x00000000f5a00000, 0x00000000f5a00000)
 concurrent-mark-sweep perm gen total 36032K, used 35975K [0x00000000f5a00000, 0x00000000f7d30000, 0x0000000100000000)
2015-11-12T14:03:15.274-0600: 92.529: [GC2015-11-12T14:03:15.274-0600: 92.529: [ParNew
Desired survivor size 20112992 bytes, new threshold 8 (max 8)
- age   1:     545800 bytes,     545800 total
- age   2:      33072 bytes,     578872 total
- age   3:    4490248 bytes,    5069120 total
- age   4:    2827320 bytes,    7896440 total
- age   5:     720280 bytes,    8616720 total
- age   6:    7608064 bytes,   16224784 total
- age   7:      50000 bytes,   16274784 total
- age   8:      78144 bytes,   16352928 total
: 106750K->19142K(109248K), 0.0371860 secs] 126227K->38705K(502464K), 0.0374130 secs] [Times: user=0.06 sys=0.00, real=0.04 secs] 
Heap after GC invocations=30 (full 0):
 par new generation   total 109248K, used 19142K [0x00000000d5a00000, 0x00000000dda00000, 0x00000000dda00000)
  eden space 87424K,   0% used [0x00000000d5a00000, 0x00000000d5a00000, 0x00000000daf60000)
  from space 21824K,  87% used [0x00000000daf60000, 0x00000000dc2119e0, 0x00000000dc4b0000)
  to   space 21824K,   0% used [0x00000000dc4b0000, 0x00000000dc4b0000, 0x00000000dda00000)
 concurrent mark-sweep generation total 393216K, used 19563K [0x00000000dda00000, 0x00000000f5a00000, 0x00000000f5a00000)
 concurrent-mark-sweep perm gen total 36032K, used 35975K [0x00000000f5a00000, 0x00000000f7d30000, 0x0000000100000000)
}
2015-11-12T14:03:15.312-0600: 92.567: Total time for which application threads were stopped: 0.0377710 seconds, Stopping threads took: 0.0000530 seconds
{Heap before GC invocations=30 (full 0):
 par new generation   total 109248K, used 106566K [0x00000000d5a00000, 0x00000000dda00000, 0x00000000dda00000)
  eden space 87424K, 100% used [0x00000000d5a00000, 0x00000000daf60000, 0x00000000daf60000)
  from space 21824K,  87% used [0x00000000daf60000, 0x00000000dc2119e0, 0x00000000dc4b0000)
  to   space 21824K,   0% used [0x00000000dc4b0000, 0x00000000dc4b0000, 0x00000000dda00000)
 concurrent mark-sweep generation total 393216K, used 19563K [0x00000000dda00000, 0x00000000f5a00000, 0x00000000f5a00000)
 concurrent-mark-sweep perm gen total 36032K, used 35978K [0x00000000f5a00000, 0x00000000f7d30000, 0x0000000100000000)
2015-11-12T14:03:15.499-0600: 92.754: [GC2015-11-12T14:03:15.499-0600: 92.754: [ParNew
Desired survivor size 20112992 bytes, new threshold 8 (max 8)
- age   1:     774624 bytes,     774624 total
- age   2:      50496 bytes,     825120 total
- age   3:      33072 bytes,     858192 total
- age   4:    4490248 bytes,    5348440 total
- age   5:    2827320 bytes,    8175760 total
- age   6:     720280 bytes,    8896040 total
- age   7:    7608064 bytes,   16504104 total
- age   8:      50000 bytes,   16554104 total
: 106566K->21824K(109248K), 0.0249580 secs] 126129K->41465K(502464K), 0.0251410 secs] [Times: user=0.06 sys=0.00, real=0.03 secs] 
Heap after GC invocations=31 (full 0):
 par new generation   total 109248K, used 21824K [0x00000000d5a00000, 0x00000000dda00000, 0x00000000dda00000)
  eden space 87424K,   0% used [0x00000000d5a00000, 0x00000000d5a00000, 0x00000000daf60000)
  from space 21824K, 100% used [0x00000000dc4b0000, 0x00000000dda00000, 0x00000000dda00000)
  to   space 21824K,   0% used [0x00000000daf60000, 0x00000000daf60000, 0x00000000dc4b0000)
 concurrent mark-sweep generation total 393216K, used 19641K [0x00000000dda00000, 0x00000000f5a00000, 0x00000000f5a00000)
 concurrent-mark-sweep perm gen total 36032K, used 35978K [0x00000000f5a00000, 0x00000000f7d30000, 0x0000000100000000)
}
2015-11-12T14:03:15.524-0600: 92.779: Total time for which application threads were stopped: 0.0255300 seconds, Stopping threads took: 0.0001120 seconds
{Heap before GC invocations=31 (full 0):
 par new generation   total 109248K, used 109248K [0x00000000d5a00000, 0x00000000dda00000, 0x00000000dda00000)
  eden space 87424K, 100% used [0x00000000d5a00000, 0x00000000daf60000, 0x00000000daf60000)
  from space 21824K, 100% used [0x00000000dc4b0000, 0x00000000dda00000, 0x00000000dda00000)
  to   space 21824K,   0% used [0x00000000daf60000, 0x00000000daf60000, 0x00000000dc4b0000)
 concurrent mark-sweep generation total 393216K, used 19641K [0x00000000dda00000, 0x00000000f5a00000, 0x00000000f5a00000)
 concurrent-mark-sweep perm gen total 36032K, used 35978K [0x00000000f5a00000, 0x00000000f7d30000, 0x0000000100000000)
2015-11-12T14:03:15.716-0600: 92.971: [GC2015-11-12T14:03:15.716-0600: 92.971: [ParNew
Desired survivor size 20112992 bytes, new threshold 8 (max 8)
- age   1:     487920 bytes,     487920 total
- age   2:     109576 bytes,     597496 total
- age   3:      50496 bytes,     647992 total
- age   4:      33072 bytes,     681064 total
- age   5:    4490248 bytes,    5171312 total
- age   6:    2827320 bytes,    7998632 total
- age   7:     720280 bytes,    8718912 total
- age   8:    7609776 bytes,   16328688 total
: 109248K->18493K(109248K), 0.0293800 secs] 128889K->38185K(502464K), 0.0296100 secs] [Times: user=0.07 sys=0.00, real=0.03 secs] 
Heap after GC invocations=32 (full 0):
 par new generation   total 109248K, used 18493K [0x00000000d5a00000, 0x00000000dda00000, 0x00000000dda00000)
  eden space 87424K,   0% used [0x00000000d5a00000, 0x00000000d5a00000, 0x00000000daf60000)
  from space 21824K,  84% used [0x00000000daf60000, 0x00000000dc16f6a0, 0x00000000dc4b0000)
  to   space 21824K,   0% used [0x00000000dc4b0000, 0x00000000dc4b0000, 0x00000000dda00000)
 concurrent mark-sweep generation total 393216K, used 19691K [0x00000000dda00000, 0x00000000f5a00000, 0x00000000f5a00000)
 concurrent-mark-sweep perm gen total 36032K, used 35978K [0x00000000f5a00000, 0x00000000f7d30000, 0x0000000100000000)
}
2015-11-12T14:03:15.746-0600: 93.000: Total time for which application threads were stopped: 0.0314210 seconds, Stopping threads took: 0.0013660 seconds
{Heap before GC invocations=32 (full 0):
 par new generation   total 109248K, used 105917K [0x00000000d5a00000, 0x00000000dda00000, 0x00000000dda00000)
  eden space 87424K, 100% used [0x00000000d5a00000, 0x00000000daf60000, 0x00000000daf60000)
  from space 21824K,  84% used [0x00000000daf60000, 0x00000000dc16f6a0, 0x00000000dc4b0000)
  to   space 21824K,   0% used [0x00000000dc4b0000, 0x00000000dc4b0000, 0x00000000dda00000)
 concurrent mark-sweep generation total 393216K, used 19691K [0x00000000dda00000, 0x00000000f5a00000, 0x00000000f5a00000)
 concurrent-mark-sweep perm gen total 36032K, used 35984K [0x00000000f5a00000, 0x00000000f7d30000, 0x0000000100000000)
2015-11-12T14:03:15.933-0600: 93.187: [GC2015-11-12T14:03:15.933-0600: 93.187: [ParNew
Desired survivor size 20112992 bytes, new threshold 8 (max 8)
- age   1:     954432 bytes,     954432 total
- age   2:      89888 bytes,    1044320 total
- age   3:     108928 bytes,    1153248 total
- age   4:      49192 bytes,    1202440 total
- age   5:      33072 bytes,    1235512 total
- age   6:    4490248 bytes,    5725760 total
- age   7:    2827320 bytes,    8553080 total
- age   8:     720280 bytes,    9273360 total
: 105917K->13077K(109248K), 0.0359960 secs] 125609K->38033K(502464K), 0.0362060 secs] [Times: user=0.07 sys=0.00, real=0.03 secs] 
Heap after GC invocations=33 (full 0):
 par new generation   total 109248K, used 13077K [0x00000000d5a00000, 0x00000000dda00000, 0x00000000dda00000)
  eden space 87424K,   0% used [0x00000000d5a00000, 0x00000000d5a00000, 0x00000000daf60000)
  from space 21824K,  59% used [0x00000000dc4b0000, 0x00000000dd1755b0, 0x00000000dda00000)
  to   space 21824K,   0% used [0x00000000daf60000, 0x00000000daf60000, 0x00000000dc4b0000)
 concurrent mark-sweep generation total 393216K, used 24956K [0x00000000dda00000, 0x00000000f5a00000, 0x00000000f5a00000)
 concurrent-mark-sweep perm gen total 36032K, used 35984K [0x00000000f5a00000, 0x00000000f7d30000, 0x0000000100000000)
}
2015-11-12T14:03:15.969-0600: 93.224: Total time for which application threads were stopped: 0.0366330 seconds, Stopping threads took: 0.0001080 seconds
{Heap before GC invocations=33 (full 0):
 par new generation   total 109248K, used 100501K [0x00000000d5a00000, 0x00000000dda00000, 0x00000000dda00000)
  eden space 87424K, 100% used [0x00000000d5a00000, 0x00000000daf60000, 0x00000000daf60000)
  from space 21824K,  59% used [0x00000000dc4b0000, 0x00000000dd1755b0, 0x00000000dda00000)
  to   space 21824K,   0% used [0x00000000daf60000, 0x00000000daf60000, 0x00000000dc4b0000)
 concurrent mark-sweep generation total 393216K, used 24956K [0x00000000dda00000, 0x00000000f5a00000, 0x00000000f5a00000)
 concurrent-mark-sweep perm gen total 36032K, used 35988K [0x00000000f5a00000, 0x00000000f7d30000, 0x0000000100000000)
2015-11-12T14:03:16.114-0600: 93.369: [GC2015-11-12T14:03:16.114-0600: 93.369: [ParNew
Desired survivor size 20112992 bytes, new threshold 8 (max 8)
- age   1:     672800 bytes,     672800 total
- age   2:      82816 bytes,     755616 total
- age   3:      89888 bytes,     845504 total
- age   4:     108928 bytes,     954432 total
- age   5:      49192 bytes,    1003624 total
- age   6:      33072 bytes,    1036696 total
- age   7:    4490248 bytes,    5526944 total
- age   8:    2827104 bytes,    8354048 total
: 100501K->12023K(109248K), 0.0383630 secs] 125457K->37683K(502464K), 0.0385970 secs] [Times: user=0.04 sys=0.01, real=0.04 secs] 
Heap after GC invocations=34 (full 0):
 par new generation   total 109248K, used 12023K [0x00000000d5a00000, 0x00000000dda00000, 0x00000000dda00000)
  eden space 87424K,   0% used [0x00000000d5a00000, 0x00000000d5a00000, 0x00000000daf60000)
  from space 21824K,  55% used [0x00000000daf60000, 0x00000000dbb1dc00, 0x00000000dc4b0000)
  to   space 21824K,   0% used [0x00000000dc4b0000, 0x00000000dc4b0000, 0x00000000dda00000)
 concurrent mark-sweep generation total 393216K, used 25660K [0x00000000dda00000, 0x00000000f5a00000, 0x00000000f5a00000)
 concurrent-mark-sweep perm gen total 36032K, used 35988K [0x00000000f5a00000, 0x00000000f7d30000, 0x0000000100000000)
}
2015-11-12T14:03:16.153-0600: 93.408: Total time for which application threads were stopped: 0.0450160 seconds, Stopping threads took: 0.0060520 seconds
{Heap before GC invocations=34 (full 0):
 par new generation   total 109248K, used 99446K [0x00000000d5a00000, 0x00000000dda00000, 0x00000000dda00000)
  eden space 87424K,  99% used [0x00000000d5a00000, 0x00000000daf5ff90, 0x00000000daf60000)
  from space 21824K,  55% used [0x00000000daf60000, 0x00000000dbb1dc00, 0x00000000dc4b0000)
  to   space 21824K,   0% used [0x00000000dc4b0000, 0x00000000dc4b0000, 0x00000000dda00000)
 concurrent mark-sweep generation total 393216K, used 25660K [0x00000000dda00000, 0x00000000f5a00000, 0x00000000f5a00000)
 concurrent-mark-sweep perm gen total 36224K, used 36005K [0x00000000f5a00000, 0x00000000f7d60000, 0x0000000100000000)
2015-11-12T14:03:16.415-0600: 93.670: [GC2015-11-12T14:03:16.415-0600: 93.670: [ParNew
Desired survivor size 20112992 bytes, new threshold 8 (max 8)
- age   1:    1245912 bytes,    1245912 total
- age   2:      71920 bytes,    1317832 total
- age   3:      80824 bytes,    1398656 total
- age   4:      89168 bytes,    1487824 total
- age   5:     108208 bytes,    1596032 total
- age   6:      48064 bytes,    1644096 total
- age   7:      31824 bytes,    1675920 total
- age   8:    3927944 bytes,    5603864 total
: 99446K->7983K(109248K), 0.0546060 secs] 125106K->36406K(502464K), 0.0548200 secs] [Times: user=0.08 sys=0.00, real=0.05 secs] 
Heap after GC invocations=35 (full 0):
 par new generation   total 109248K, used 7983K [0x00000000d5a00000, 0x00000000dda00000, 0x00000000dda00000)
  eden space 87424K,   0% used [0x00000000d5a00000, 0x00000000d5a00000, 0x00000000daf60000)
  from space 21824K,  36% used [0x00000000dc4b0000, 0x00000000dcc7bf88, 0x00000000dda00000)
  to   space 21824K,   0% used [0x00000000daf60000, 0x00000000daf60000, 0x00000000dc4b0000)
 concurrent mark-sweep generation total 393216K, used 28422K [0x00000000dda00000, 0x00000000f5a00000, 0x00000000f5a00000)
 concurrent-mark-sweep perm gen total 36224K, used 36005K [0x00000000f5a00000, 0x00000000f7d60000, 0x0000000100000000)
}
2015-11-12T14:03:16.470-0600: 93.724: Total time for which application threads were stopped: 0.0714630 seconds, Stopping threads took: 0.0159940 seconds
2015-11-12T14:03:16.792-0600: 94.047: Total time for which application threads were stopped: 0.0002320 seconds, Stopping threads took: 0.0000360 seconds
2015-11-12T14:03:16.793-0600: 94.048: Total time for which application threads were stopped: 0.0001500 seconds, Stopping threads took: 0.0000380 seconds
2015-11-12T14:03:16.798-0600: 94.053: Total time for which application threads were stopped: 0.0001940 seconds, Stopping threads took: 0.0000550 seconds
2015-11-12T14:03:16.842-0600: 94.097: Total time for which application threads were stopped: 0.0002830 seconds, Stopping threads took: 0.0000550 seconds
2015-11-12T14:03:16.842-0600: 94.097: Total time for which application threads were stopped: 0.0001020 seconds, Stopping threads took: 0.0000280 seconds
2015-11-12T14:03:17.007-0600: 94.262: Total time for which application threads were stopped: 0.0109690 seconds, Stopping threads took: 0.0107040 seconds
2015-11-12T14:03:17.009-0600: 94.263: Total time for which application threads were stopped: 0.0001920 seconds, Stopping threads took: 0.0000390 seconds
2015-11-12T14:03:17.028-0600: 94.282: Total time for which application threads were stopped: 0.0014550 seconds, Stopping threads took: 0.0013120 seconds
2015-11-12T14:03:17.037-0600: 94.292: Total time for which application threads were stopped: 0.0027840 seconds, Stopping threads took: 0.0026350 seconds
2015-11-12T14:03:17.038-0600: 94.293: Total time for which application threads were stopped: 0.0001630 seconds, Stopping threads took: 0.0000520 seconds
{Heap before GC invocations=35 (full 0):
 par new generation   total 109248K, used 95407K [0x00000000d5a00000, 0x00000000dda00000, 0x00000000dda00000)
  eden space 87424K, 100% used [0x00000000d5a00000, 0x00000000daf60000, 0x00000000daf60000)
  from space 21824K,  36% used [0x00000000dc4b0000, 0x00000000dcc7bf88, 0x00000000dda00000)
  to   space 21824K,   0% used [0x00000000daf60000, 0x00000000daf60000, 0x00000000dc4b0000)
 concurrent mark-sweep generation total 393216K, used 28422K [0x00000000dda00000, 0x00000000f5a00000, 0x00000000f5a00000)
 concurrent-mark-sweep perm gen total 36224K, used 36077K [0x00000000f5a00000, 0x00000000f7d60000, 0x0000000100000000)
2015-11-12T14:03:18.038-0600: 95.293: [GC2015-11-12T14:03:18.038-0600: 95.293: [ParNew
Desired survivor size 20112992 bytes, new threshold 8 (max 8)
- age   1:    5979096 bytes,    5979096 total
- age   2:    1192184 bytes,    7171280 total
- age   3:      71920 bytes,    7243200 total
- age   4:      80824 bytes,    7324024 total
- age   5:      89168 bytes,    7413192 total
- age   6:     108208 bytes,    7521400 total
- age   7:      48064 bytes,    7569464 total
- age   8:      31824 bytes,    7601288 total
: 95407K->8780K(109248K), 0.0287420 secs] 123830K->38326K(502464K), 0.0289770 secs] [Times: user=0.04 sys=0.01, real=0.03 secs] 
Heap after GC invocations=36 (full 0):
 par new generation   total 109248K, used 8780K [0x00000000d5a00000, 0x00000000dda00000, 0x00000000dda00000)
  eden space 87424K,   0% used [0x00000000d5a00000, 0x00000000d5a00000, 0x00000000daf60000)
  from space 21824K,  40% used [0x00000000daf60000, 0x00000000db7f3040, 0x00000000dc4b0000)
  to   space 21824K,   0% used [0x00000000dc4b0000, 0x00000000dc4b0000, 0x00000000dda00000)
 concurrent mark-sweep generation total 393216K, used 29546K [0x00000000dda00000, 0x00000000f5a00000, 0x00000000f5a00000)
 concurrent-mark-sweep perm gen total 36224K, used 36077K [0x00000000f5a00000, 0x00000000f7d60000, 0x0000000100000000)
}
2015-11-12T14:03:18.067-0600: 95.322: Total time for which application threads were stopped: 0.0296130 seconds, Stopping threads took: 0.0000580 seconds
2015-11-12T14:03:18.241-0600: 95.496: Total time for which application threads were stopped: 0.0003130 seconds, Stopping threads took: 0.0000440 seconds
2015-11-12T14:03:18.244-0600: 95.499: Total time for which application threads were stopped: 0.0002690 seconds, Stopping threads took: 0.0001370 seconds
2015-11-12T14:03:18.260-0600: 95.514: Total time for which application threads were stopped: 0.0001580 seconds, Stopping threads took: 0.0000400 seconds
2015-11-12T14:03:18.261-0600: 95.516: Total time for which application threads were stopped: 0.0002210 seconds, Stopping threads took: 0.0001060 seconds
2015-11-12T14:03:18.261-0600: 95.516: Total time for which application threads were stopped: 0.0002000 seconds, Stopping threads took: 0.0000960 seconds
2015-11-12T14:03:18.262-0600: 95.517: Total time for which application threads were stopped: 0.0001280 seconds, Stopping threads took: 0.0000290 seconds
2015-11-12T14:03:18.263-0600: 95.518: Total time for which application threads were stopped: 0.0001670 seconds, Stopping threads took: 0.0000720 seconds
2015-11-12T14:03:18.270-0600: 95.525: Total time for which application threads were stopped: 0.0002030 seconds, Stopping threads took: 0.0000510 seconds
2015-11-12T14:03:18.283-0600: 95.537: Total time for which application threads were stopped: 0.0002890 seconds, Stopping threads took: 0.0000920 seconds
2015-11-12T14:03:18.285-0600: 95.540: Total time for which application threads were stopped: 0.0002640 seconds, Stopping threads took: 0.0000380 seconds
2015-11-12T14:03:18.294-0600: 95.549: Total time for which application threads were stopped: 0.0002870 seconds, Stopping threads took: 0.0001330 seconds
2015-11-12T14:03:18.463-0600: 95.717: Total time for which application threads were stopped: 0.0127990 seconds, Stopping threads took: 0.0125070 seconds
2015-11-12T14:03:18.471-0600: 95.725: Total time for which application threads were stopped: 0.0002290 seconds, Stopping threads took: 0.0000830 seconds
2015-11-12T14:03:18.887-0600: 96.142: Total time for which application threads were stopped: 0.0003750 seconds, Stopping threads took: 0.0000480 seconds
2015-11-12T14:03:18.895-0600: 96.150: Total time for which application threads were stopped: 0.0001410 seconds, Stopping threads took: 0.0000300 seconds
2015-11-12T14:03:19.021-0600: 96.276: Total time for which application threads were stopped: 0.0004160 seconds, Stopping threads took: 0.0000640 seconds
2015-11-12T14:03:19.021-0600: 96.276: Total time for which application threads were stopped: 0.0001820 seconds, Stopping threads took: 0.0000370 seconds
2015-11-12T14:03:19.022-0600: 96.277: Total time for which application threads were stopped: 0.0001790 seconds, Stopping threads took: 0.0000370 seconds
2015-11-12T14:03:19.022-0600: 96.277: Total time for which application threads were stopped: 0.0001540 seconds, Stopping threads took: 0.0000290 seconds
2015-11-12T14:03:19.022-0600: 96.277: Total time for which application threads were stopped: 0.0001560 seconds, Stopping threads took: 0.0000330 seconds
2015-11-12T14:03:19.023-0600: 96.277: Total time for which application threads were stopped: 0.0001460 seconds, Stopping threads took: 0.0000260 seconds
2015-11-12T14:03:23.853-0600: 101.108: Total time for which application threads were stopped: 0.0002340 seconds, Stopping threads took: 0.0000320 seconds
{Heap before GC invocations=36 (full 0):
 par new generation   total 109248K, used 96204K [0x00000000d5a00000, 0x00000000dda00000, 0x00000000dda00000)
  eden space 87424K, 100% used [0x00000000d5a00000, 0x00000000daf60000, 0x00000000daf60000)
  from space 21824K,  40% used [0x00000000daf60000, 0x00000000db7f3040, 0x00000000dc4b0000)
  to   space 21824K,   0% used [0x00000000dc4b0000, 0x00000000dc4b0000, 0x00000000dda00000)
 concurrent mark-sweep generation total 393216K, used 29546K [0x00000000dda00000, 0x00000000f5a00000, 0x00000000f5a00000)
 concurrent-mark-sweep perm gen total 36224K, used 36111K [0x00000000f5a00000, 0x00000000f7d60000, 0x0000000100000000)
2015-11-12T14:03:24.090-0600: 101.345: [GC2015-11-12T14:03:24.090-0600: 101.345: [ParNew
Desired survivor size 20112992 bytes, new threshold 8 (max 8)
- age   1:    6993464 bytes,    6993464 total
- age   2:    1921656 bytes,    8915120 total
- age   3:    1192056 bytes,   10107176 total
- age   4:      71920 bytes,   10179096 total
- age   5:      80824 bytes,   10259920 total
- age   6:      89168 bytes,   10349088 total
- age   7:     108208 bytes,   10457296 total
- age   8:      48064 bytes,   10505360 total
: 96204K->12731K(109248K), 0.0295590 secs] 125750K->42310K(502464K), 0.0297530 secs] [Times: user=0.04 sys=0.00, real=0.03 secs] 
Heap after GC invocations=37 (full 0):
 par new generation   total 109248K, used 12731K [0x00000000d5a00000, 0x00000000dda00000, 0x00000000dda00000)
  eden space 87424K,   0% used [0x00000000d5a00000, 0x00000000d5a00000, 0x00000000daf60000)
  from space 21824K,  58% used [0x00000000dc4b0000, 0x00000000dd11ec80, 0x00000000dda00000)
  to   space 21824K,   0% used [0x00000000daf60000, 0x00000000daf60000, 0x00000000dc4b0000)
 concurrent mark-sweep generation total 393216K, used 29579K [0x00000000dda00000, 0x00000000f5a00000, 0x00000000f5a00000)
 concurrent-mark-sweep perm gen total 36224K, used 36111K [0x00000000f5a00000, 0x00000000f7d60000, 0x0000000100000000)
}
2015-11-12T14:03:24.120-0600: 101.375: Total time for which application threads were stopped: 0.0304830 seconds, Stopping threads took: 0.0004280 seconds
{Heap before GC invocations=37 (full 0):
 par new generation   total 109248K, used 100155K [0x00000000d5a00000, 0x00000000dda00000, 0x00000000dda00000)
  eden space 87424K, 100% used [0x00000000d5a00000, 0x00000000daf60000, 0x00000000daf60000)
  from space 21824K,  58% used [0x00000000dc4b0000, 0x00000000dd11ec80, 0x00000000dda00000)
  to   space 21824K,   0% used [0x00000000daf60000, 0x00000000daf60000, 0x00000000dc4b0000)
 concurrent mark-sweep generation total 393216K, used 29579K [0x00000000dda00000, 0x00000000f5a00000, 0x00000000f5a00000)
 concurrent-mark-sweep perm gen total 36224K, used 36120K [0x00000000f5a00000, 0x00000000f7d60000, 0x0000000100000000)
2015-11-12T14:03:24.243-0600: 101.498: [GC2015-11-12T14:03:24.243-0600: 101.498: [ParNew
Desired survivor size 20112992 bytes, new threshold 8 (max 8)
- age   1:     578576 bytes,     578576 total
- age   2:    6605216 bytes,    7183792 total
- age   3:    1921656 bytes,    9105448 total
- age   4:    1192056 bytes,   10297504 total
- age   5:      71920 bytes,   10369424 total
- age   6:      80824 bytes,   10450248 total
- age   7:      89168 bytes,   10539416 total
- age   8:     108208 bytes,   10647624 total
: 100155K->13928K(109248K), 0.0213260 secs] 129734K->43556K(502464K), 0.0215330 secs] [Times: user=0.04 sys=0.01, real=0.02 secs] 
Heap after GC invocations=38 (full 0):
 par new generation   total 109248K, used 13928K [0x00000000d5a00000, 0x00000000dda00000, 0x00000000dda00000)
  eden space 87424K,   0% used [0x00000000d5a00000, 0x00000000d5a00000, 0x00000000daf60000)
  from space 21824K,  63% used [0x00000000daf60000, 0x00000000dbcfa2b0, 0x00000000dc4b0000)
  to   space 21824K,   0% used [0x00000000dc4b0000, 0x00000000dc4b0000, 0x00000000dda00000)
 concurrent mark-sweep generation total 393216K, used 29627K [0x00000000dda00000, 0x00000000f5a00000, 0x00000000f5a00000)
 concurrent-mark-sweep perm gen total 36224K, used 36120K [0x00000000f5a00000, 0x00000000f7d60000, 0x0000000100000000)
}
2015-11-12T14:03:24.265-0600: 101.519: Total time for which application threads were stopped: 0.0219980 seconds, Stopping threads took: 0.0000470 seconds
{Heap before GC invocations=38 (full 0):
 par new generation   total 109248K, used 101352K [0x00000000d5a00000, 0x00000000dda00000, 0x00000000dda00000)
  eden space 87424K, 100% used [0x00000000d5a00000, 0x00000000daf60000, 0x00000000daf60000)
  from space 21824K,  63% used [0x00000000daf60000, 0x00000000dbcfa2b0, 0x00000000dc4b0000)
  to   space 21824K,   0% used [0x00000000dc4b0000, 0x00000000dc4b0000, 0x00000000dda00000)
 concurrent mark-sweep generation total 393216K, used 29627K [0x00000000dda00000, 0x00000000f5a00000, 0x00000000f5a00000)
 concurrent-mark-sweep perm gen total 36224K, used 36135K [0x00000000f5a00000, 0x00000000f7d60000, 0x0000000100000000)
2015-11-12T14:03:24.416-0600: 101.671: [GC2015-11-12T14:03:24.416-0600: 101.671: [ParNew
Desired survivor size 20112992 bytes, new threshold 8 (max 8)
- age   1:     521088 bytes,     521088 total
- age   2:     110624 bytes,     631712 total
- age   3:    6605216 bytes,    7236928 total
- age   4:    1921656 bytes,    9158584 total
- age   5:    1192056 bytes,   10350640 total
- age   6:      71920 bytes,   10422560 total
- age   7:      80824 bytes,   10503384 total
- age   8:      89168 bytes,   10592552 total
: 101352K->13996K(109248K), 0.0241870 secs] 130980K->43731K(502464K), 0.0243500 secs] [Times: user=0.04 sys=0.01, real=0.02 secs] 
Heap after GC invocations=39 (full 0):
 par new generation   total 109248K, used 13996K [0x00000000d5a00000, 0x00000000dda00000, 0x00000000dda00000)
  eden space 87424K,   0% used [0x00000000d5a00000, 0x00000000d5a00000, 0x00000000daf60000)
  from space 21824K,  64% used [0x00000000dc4b0000, 0x00000000dd25b278, 0x00000000dda00000)
  to   space 21824K,   0% used [0x00000000daf60000, 0x00000000daf60000, 0x00000000dc4b0000)
 concurrent mark-sweep generation total 393216K, used 29735K [0x00000000dda00000, 0x00000000f5a00000, 0x00000000f5a00000)
 concurrent-mark-sweep perm gen total 36224K, used 36135K [0x00000000f5a00000, 0x00000000f7d60000, 0x0000000100000000)
}
2015-11-12T14:03:24.441-0600: 101.695: Total time for which application threads were stopped: 0.0248570 seconds, Stopping threads took: 0.0000710 seconds
{Heap before GC invocations=39 (full 0):
 par new generation   total 109248K, used 101420K [0x00000000d5a00000, 0x00000000dda00000, 0x00000000dda00000)
  eden space 87424K, 100% used [0x00000000d5a00000, 0x00000000daf60000, 0x00000000daf60000)
  from space 21824K,  64% used [0x00000000dc4b0000, 0x00000000dd25b278, 0x00000000dda00000)
  to   space 21824K,   0% used [0x00000000daf60000, 0x00000000daf60000, 0x00000000dc4b0000)
 concurrent mark-sweep generation total 393216K, used 29735K [0x00000000dda00000, 0x00000000f5a00000, 0x00000000f5a00000)
 concurrent-mark-sweep perm gen total 36224K, used 36143K [0x00000000f5a00000, 0x00000000f7d60000, 0x0000000100000000)
2015-11-12T14:03:24.548-0600: 101.802: [GC2015-11-12T14:03:24.548-0600: 101.802: [ParNew
Desired survivor size 20112992 bytes, new threshold 8 (max 8)
- age   1:    1030904 bytes,    1030904 total
- age   2:      50520 bytes,    1081424 total
- age   3:     110624 bytes,    1192048 total
- age   4:    6605216 bytes,    7797264 total
- age   5:    1921656 bytes,    9718920 total
- age   6:    1192056 bytes,   10910976 total
- age   7:      71920 bytes,   10982896 total
- age   8:      80824 bytes,   11063720 total
: 101420K->13585K(109248K), 0.0295930 secs] 131155K->43409K(502464K), 0.0298140 secs] [Times: user=0.06 sys=0.00, real=0.03 secs] 
Heap after GC invocations=40 (full 0):
 par new generation   total 109248K, used 13585K [0x00000000d5a00000, 0x00000000dda00000, 0x00000000dda00000)
  eden space 87424K,   0% used [0x00000000d5a00000, 0x00000000d5a00000, 0x00000000daf60000)
  from space 21824K,  62% used [0x00000000daf60000, 0x00000000dbca46d0, 0x00000000dc4b0000)
  to   space 21824K,   0% used [0x00000000dc4b0000, 0x00000000dc4b0000, 0x00000000dda00000)
 concurrent mark-sweep generation total 393216K, used 29824K [0x00000000dda00000, 0x00000000f5a00000, 0x00000000f5a00000)
 concurrent-mark-sweep perm gen total 36224K, used 36143K [0x00000000f5a00000, 0x00000000f7d60000, 0x0000000100000000)
}
2015-11-12T14:03:24.577-0600: 101.832: Total time for which application threads were stopped: 0.0302140 seconds, Stopping threads took: 0.0001080 seconds
{Heap before GC invocations=40 (full 0):
 par new generation   total 109248K, used 101009K [0x00000000d5a00000, 0x00000000dda00000, 0x00000000dda00000)
  eden space 87424K, 100% used [0x00000000d5a00000, 0x00000000daf60000, 0x00000000daf60000)
  from space 21824K,  62% used [0x00000000daf60000, 0x00000000dbca46d0, 0x00000000dc4b0000)
  to   space 21824K,   0% used [0x00000000dc4b0000, 0x00000000dc4b0000, 0x00000000dda00000)
 concurrent mark-sweep generation total 393216K, used 29824K [0x00000000dda00000, 0x00000000f5a00000, 0x00000000f5a00000)
 concurrent-mark-sweep perm gen total 36224K, used 36164K [0x00000000f5a00000, 0x00000000f7d60000, 0x0000000100000000)
2015-11-12T14:03:24.681-0600: 101.936: [GC2015-11-12T14:03:24.682-0600: 101.936: [ParNew
Desired survivor size 20112992 bytes, new threshold 8 (max 8)
- age   1:     886872 bytes,     886872 total
- age   2:      89440 bytes,     976312 total
- age   3:      50368 bytes,    1026680 total
- age   4:     110512 bytes,    1137192 total
- age   5:    6605072 bytes,    7742264 total
- age   6:    1921656 bytes,    9663920 total
- age   7:    1192056 bytes,   10855976 total
- age   8:      71920 bytes,   10927896 total
: 101009K->16558K(109248K), 0.0143560 secs] 130833K->46463K(502464K), 0.0145790 secs] [Times: user=0.04 sys=0.00, real=0.02 secs] 
Heap after GC invocations=41 (full 0):
 par new generation   total 109248K, used 16558K [0x00000000d5a00000, 0x00000000dda00000, 0x00000000dda00000)
  eden space 87424K,   0% used [0x00000000d5a00000, 0x00000000d5a00000, 0x00000000daf60000)
  from space 21824K,  75% used [0x00000000dc4b0000, 0x00000000dd4db958, 0x00000000dda00000)
  to   space 21824K,   0% used [0x00000000daf60000, 0x00000000daf60000, 0x00000000dc4b0000)
 concurrent mark-sweep generation total 393216K, used 29904K [0x00000000dda00000, 0x00000000f5a00000, 0x00000000f5a00000)
 concurrent-mark-sweep perm gen total 36224K, used 36164K [0x00000000f5a00000, 0x00000000f7d60000, 0x0000000100000000)
}
2015-11-12T14:03:24.696-0600: 101.951: Total time for which application threads were stopped: 0.0150480 seconds, Stopping threads took: 0.0001230 seconds
{Heap before GC invocations=41 (full 0):
 par new generation   total 109248K, used 103982K [0x00000000d5a00000, 0x00000000dda00000, 0x00000000dda00000)
  eden space 87424K, 100% used [0x00000000d5a00000, 0x00000000daf60000, 0x00000000daf60000)
  from space 21824K,  75% used [0x00000000dc4b0000, 0x00000000dd4db958, 0x00000000dda00000)
  to   space 21824K,   0% used [0x00000000daf60000, 0x00000000daf60000, 0x00000000dc4b0000)
 concurrent mark-sweep generation total 393216K, used 29904K [0x00000000dda00000, 0x00000000f5a00000, 0x00000000f5a00000)
 concurrent-mark-sweep perm gen total 36224K, used 36182K [0x00000000f5a00000, 0x00000000f7d60000, 0x0000000100000000)
2015-11-12T14:03:24.821-0600: 102.076: [GC2015-11-12T14:03:24.821-0600: 102.076: [ParNew
Desired survivor size 20112992 bytes, new threshold 8 (max 8)
- age   1:     416696 bytes,     416696 total
- age   2:     108512 bytes,     525208 total
- age   3:      89008 bytes,     614216 total
- age   4:      49336 bytes,     663552 total
- age   5:     110512 bytes,     774064 total
- age   6:    6605072 bytes,    7379136 total
- age   7:    1921656 bytes,    9300792 total
- age   8:    1192056 bytes,   10492848 total
: 103982K->13841K(109248K), 0.0439360 secs] 133887K->43818K(502464K), 0.0441210 secs] [Times: user=0.06 sys=0.00, real=0.05 secs] 
Heap after GC invocations=42 (full 0):
 par new generation   total 109248K, used 13841K [0x00000000d5a00000, 0x00000000dda00000, 0x00000000dda00000)
  eden space 87424K,   0% used [0x00000000d5a00000, 0x00000000d5a00000, 0x00000000daf60000)
  from space 21824K,  63% used [0x00000000daf60000, 0x00000000dbce4778, 0x00000000dc4b0000)
  to   space 21824K,   0% used [0x00000000dc4b0000, 0x00000000dc4b0000, 0x00000000dda00000)
 concurrent mark-sweep generation total 393216K, used 29976K [0x00000000dda00000, 0x00000000f5a00000, 0x00000000f5a00000)
 concurrent-mark-sweep perm gen total 36224K, used 36182K [0x00000000f5a00000, 0x00000000f7d60000, 0x0000000100000000)
}
2015-11-12T14:03:24.865-0600: 102.120: Total time for which application threads were stopped: 0.0444040 seconds, Stopping threads took: 0.0000330 seconds
{Heap before GC invocations=42 (full 0):
 par new generation   total 109248K, used 101265K [0x00000000d5a00000, 0x00000000dda00000, 0x00000000dda00000)
  eden space 87424K, 100% used [0x00000000d5a00000, 0x00000000daf60000, 0x00000000daf60000)
  from space 21824K,  63% used [0x00000000daf60000, 0x00000000dbce4778, 0x00000000dc4b0000)
  to   space 21824K,   0% used [0x00000000dc4b0000, 0x00000000dc4b0000, 0x00000000dda00000)
 concurrent mark-sweep generation total 393216K, used 29976K [0x00000000dda00000, 0x00000000f5a00000, 0x00000000f5a00000)
 concurrent-mark-sweep perm gen total 36416K, used 36206K [0x00000000f5a00000, 0x00000000f7d90000, 0x0000000100000000)
2015-11-12T14:03:24.986-0600: 102.241: [GC2015-11-12T14:03:24.986-0600: 102.241: [ParNew
Desired survivor size 20112992 bytes, new threshold 8 (max 8)
- age   1:     974256 bytes,     974256 total
- age   2:      93056 bytes,    1067312 total
- age   3:     108296 bytes,    1175608 total
- age   4:      88736 bytes,    1264344 total
- age   5:      49336 bytes,    1313680 total
- age   6:     110512 bytes,    1424192 total
- age   7:    6605072 bytes,    8029264 total
- age   8:    1921656 bytes,    9950920 total
: 101265K->11477K(109248K), 0.0258650 secs] 131242K->42623K(502464K), 0.0261160 secs] [Times: user=0.04 sys=0.00, real=0.03 secs] 
Heap after GC invocations=43 (full 0):
 par new generation   total 109248K, used 11477K [0x00000000d5a00000, 0x00000000dda00000, 0x00000000dda00000)
  eden space 87424K,   0% used [0x00000000d5a00000, 0x00000000d5a00000, 0x00000000daf60000)
  from space 21824K,  52% used [0x00000000dc4b0000, 0x00000000dcfe5470, 0x00000000dda00000)
  to   space 21824K,   0% used [0x00000000daf60000, 0x00000000daf60000, 0x00000000dc4b0000)
 concurrent mark-sweep generation total 393216K, used 31145K [0x00000000dda00000, 0x00000000f5a00000, 0x00000000f5a00000)
 concurrent-mark-sweep perm gen total 36416K, used 36206K [0x00000000f5a00000, 0x00000000f7d90000, 0x0000000100000000)
}
2015-11-12T14:03:25.012-0600: 102.267: Total time for which application threads were stopped: 0.0266690 seconds, Stopping threads took: 0.0001000 seconds
{Heap before GC invocations=43 (full 0):
 par new generation   total 109248K, used 98901K [0x00000000d5a00000, 0x00000000dda00000, 0x00000000dda00000)
  eden space 87424K, 100% used [0x00000000d5a00000, 0x00000000daf60000, 0x00000000daf60000)
  from space 21824K,  52% used [0x00000000dc4b0000, 0x00000000dcfe5470, 0x00000000dda00000)
  to   space 21824K,   0% used [0x00000000daf60000, 0x00000000daf60000, 0x00000000dc4b0000)
 concurrent mark-sweep generation total 393216K, used 31145K [0x00000000dda00000, 0x00000000f5a00000, 0x00000000f5a00000)
 concurrent-mark-sweep perm gen total 36416K, used 36232K [0x00000000f5a00000, 0x00000000f7d90000, 0x0000000100000000)
2015-11-12T14:03:25.198-0600: 102.453: [GC2015-11-12T14:03:25.198-0600: 102.453: [ParNew
Desired survivor size 20112992 bytes, new threshold 8 (max 8)
- age   1:     891024 bytes,     891024 total
- age   2:      82136 bytes,     973160 total
- age   3:      91592 bytes,    1064752 total
- age   4:     107632 bytes,    1172384 total
- age   5:      88160 bytes,    1260544 total
- age   6:      48400 bytes,    1308944 total
- age   7:     109464 bytes,    1418408 total
- age   8:    6603960 bytes,    8022368 total
: 98901K->12845K(109248K), 0.0552200 secs] 130047K->45875K(502464K), 0.0554380 secs] [Times: user=0.06 sys=0.00, real=0.06 secs] 
Heap after GC invocations=44 (full 0):
 par new generation   total 109248K, used 12845K [0x00000000d5a00000, 0x00000000dda00000, 0x00000000dda00000)
  eden space 87424K,   0% used [0x00000000d5a00000, 0x00000000d5a00000, 0x00000000daf60000)
  from space 21824K,  58% used [0x00000000daf60000, 0x00000000dbbeb530, 0x00000000dc4b0000)
  to   space 21824K,   0% used [0x00000000dc4b0000, 0x00000000dc4b0000, 0x00000000dda00000)
 concurrent mark-sweep generation total 393216K, used 33029K [0x00000000dda00000, 0x00000000f5a00000, 0x00000000f5a00000)
 concurrent-mark-sweep perm gen total 36416K, used 36232K [0x00000000f5a00000, 0x00000000f7d90000, 0x0000000100000000)
}
2015-11-12T14:03:25.254-0600: 102.509: Total time for which application threads were stopped: 0.0618840 seconds, Stopping threads took: 0.0060440 seconds
2015-11-12T14:03:25.513-0600: 102.767: Total time for which application threads were stopped: 0.0003320 seconds, Stopping threads took: 0.0000400 seconds
2015-11-12T14:03:25.517-0600: 102.771: Total time for which application threads were stopped: 0.0002040 seconds, Stopping threads took: 0.0000630 seconds
2015-11-12T14:03:25.518-0600: 102.772: Total time for which application threads were stopped: 0.0001550 seconds, Stopping threads took: 0.0000460 seconds
2015-11-12T14:03:25.522-0600: 102.776: Total time for which application threads were stopped: 0.0001810 seconds, Stopping threads took: 0.0000550 seconds
2015-11-12T14:03:25.522-0600: 102.777: Total time for which application threads were stopped: 0.0001040 seconds, Stopping threads took: 0.0000290 seconds
2015-11-12T14:03:25.614-0600: 102.869: Total time for which application threads were stopped: 0.0001730 seconds, Stopping threads took: 0.0000360 seconds
2015-11-12T14:03:25.614-0600: 102.869: Total time for which application threads were stopped: 0.0001380 seconds, Stopping threads took: 0.0000230 seconds
2015-11-12T14:03:26.034-0600: 103.289: Total time for which application threads were stopped: 0.0002670 seconds, Stopping threads took: 0.0000360 seconds
2015-11-12T14:03:26.036-0600: 103.291: Total time for which application threads were stopped: 0.0001120 seconds, Stopping threads took: 0.0000350 seconds
2015-11-12T14:03:26.037-0600: 103.292: Total time for which application threads were stopped: 0.0000980 seconds, Stopping threads took: 0.0000290 seconds
2015-11-12T14:03:26.037-0600: 103.292: Total time for which application threads were stopped: 0.0000900 seconds, Stopping threads took: 0.0000270 seconds
2015-11-12T14:03:26.037-0600: 103.292: Total time for which application threads were stopped: 0.0000760 seconds, Stopping threads took: 0.0000150 seconds
2015-11-12T14:03:26.134-0600: 103.389: Total time for which application threads were stopped: 0.0001360 seconds, Stopping threads took: 0.0000290 seconds
2015-11-12T14:03:26.135-0600: 103.390: Total time for which application threads were stopped: 0.0002820 seconds, Stopping threads took: 0.0001720 seconds
2015-11-12T14:03:26.136-0600: 103.391: Total time for which application threads were stopped: 0.0001600 seconds, Stopping threads took: 0.0000670 seconds
2015-11-12T14:03:26.136-0600: 103.391: Total time for which application threads were stopped: 0.0000920 seconds, Stopping threads took: 0.0000170 seconds
2015-11-12T14:03:26.137-0600: 103.392: Total time for which application threads were stopped: 0.0001550 seconds, Stopping threads took: 0.0000610 seconds
2015-11-12T14:03:26.142-0600: 103.397: Total time for which application threads were stopped: 0.0002370 seconds, Stopping threads took: 0.0000430 seconds
2015-11-12T14:03:26.145-0600: 103.400: Total time for which application threads were stopped: 0.0002050 seconds, Stopping threads took: 0.0000410 seconds
2015-11-12T14:03:26.146-0600: 103.401: Total time for which application threads were stopped: 0.0001420 seconds, Stopping threads took: 0.0000350 seconds
2015-11-12T14:03:26.147-0600: 103.402: Total time for which application threads were stopped: 0.0001750 seconds, Stopping threads took: 0.0000340 seconds
2015-11-12T14:03:26.172-0600: 103.426: Total time for which application threads were stopped: 0.0002210 seconds, Stopping threads took: 0.0000750 seconds
2015-11-12T14:03:26.182-0600: 103.437: Total time for which application threads were stopped: 0.0012550 seconds, Stopping threads took: 0.0011220 seconds
2015-11-12T14:03:26.199-0600: 103.454: Total time for which application threads were stopped: 0.0001690 seconds, Stopping threads took: 0.0000450 seconds
2015-11-12T14:03:26.201-0600: 103.456: Total time for which application threads were stopped: 0.0001460 seconds, Stopping threads took: 0.0000400 seconds
2015-11-12T14:03:26.201-0600: 103.456: Total time for which application threads were stopped: 0.0001080 seconds, Stopping threads took: 0.0000330 seconds
2015-11-12T14:03:26.724-0600: 103.978: Total time for which application threads were stopped: 0.0002640 seconds, Stopping threads took: 0.0000370 seconds
2015-11-12T14:03:26.724-0600: 103.979: Total time for which application threads were stopped: 0.0000750 seconds, Stopping threads took: 0.0000240 seconds
2015-11-12T14:03:26.724-0600: 103.979: Total time for which application threads were stopped: 0.0000760 seconds, Stopping threads took: 0.0000110 seconds
2015-11-12T14:03:26.724-0600: 103.979: Total time for which application threads were stopped: 0.0001030 seconds, Stopping threads took: 0.0000310 seconds
2015-11-12T14:03:26.748-0600: 104.003: Total time for which application threads were stopped: 0.0004260 seconds, Stopping threads took: 0.0000700 seconds
2015-11-12T14:03:26.758-0600: 104.012: Total time for which application threads were stopped: 0.0001180 seconds, Stopping threads took: 0.0000330 seconds
2015-11-12T14:03:26.758-0600: 104.013: Total time for which application threads were stopped: 0.0002770 seconds, Stopping threads took: 0.0000220 seconds
2015-11-12T14:03:26.817-0600: 104.072: Total time for which application threads were stopped: 0.0002500 seconds, Stopping threads took: 0.0000830 seconds
2015-11-12T14:03:26.818-0600: 104.072: Total time for which application threads were stopped: 0.0001300 seconds, Stopping threads took: 0.0000300 seconds
2015-11-12T14:03:26.818-0600: 104.073: Total time for which application threads were stopped: 0.0001340 seconds, Stopping threads took: 0.0000210 seconds
2015-11-12T14:03:26.818-0600: 104.073: Total time for which application threads were stopped: 0.0001350 seconds, Stopping threads took: 0.0000290 seconds
2015-11-12T14:03:26.818-0600: 104.073: Total time for which application threads were stopped: 0.0001790 seconds, Stopping threads took: 0.0000280 seconds
2015-11-12T14:03:26.818-0600: 104.073: Total time for which application threads were stopped: 0.0001320 seconds, Stopping threads took: 0.0000240 seconds
2015-11-12T14:03:33.066-0600: 110.321: Total time for which application threads were stopped: 0.0002950 seconds, Stopping threads took: 0.0000380 seconds
2015-11-12T14:03:33.097-0600: 110.352: Total time for which application threads were stopped: 0.0002180 seconds, Stopping threads took: 0.0001120 seconds
2015-11-12T14:03:33.105-0600: 110.360: Total time for which application threads were stopped: 0.0060420 seconds, Stopping threads took: 0.0059070 seconds
2015-11-12T14:03:33.106-0600: 110.361: Total time for which application threads were stopped: 0.0001190 seconds, Stopping threads took: 0.0000350 seconds
2015-11-12T14:03:33.108-0600: 110.363: Total time for which application threads were stopped: 0.0001870 seconds, Stopping threads took: 0.0000810 seconds
2015-11-12T14:03:33.109-0600: 110.363: Total time for which application threads were stopped: 0.0001420 seconds, Stopping threads took: 0.0000480 seconds
2015-11-12T14:03:33.111-0600: 110.366: Total time for which application threads were stopped: 0.0001270 seconds, Stopping threads took: 0.0000350 seconds
2015-11-12T14:03:33.121-0600: 110.376: Total time for which application threads were stopped: 0.0006530 seconds, Stopping threads took: 0.0002060 seconds
2015-11-12T14:03:33.131-0600: 110.386: Total time for which application threads were stopped: 0.0006650 seconds, Stopping threads took: 0.0002790 seconds
2015-11-12T14:03:33.135-0600: 110.390: Total time for which application threads were stopped: 0.0008520 seconds, Stopping threads took: 0.0002070 seconds
2015-11-12T14:03:33.138-0600: 110.393: Total time for which application threads were stopped: 0.0005500 seconds, Stopping threads took: 0.0002210 seconds
2015-11-12T14:03:33.139-0600: 110.393: Total time for which application threads were stopped: 0.0003030 seconds, Stopping threads took: 0.0000660 seconds
2015-11-12T14:03:33.140-0600: 110.395: Total time for which application threads were stopped: 0.0004690 seconds, Stopping threads took: 0.0002730 seconds
2015-11-12T14:03:33.140-0600: 110.395: Total time for which application threads were stopped: 0.0002490 seconds, Stopping threads took: 0.0000410 seconds
2015-11-12T14:03:33.141-0600: 110.395: Total time for which application threads were stopped: 0.0002730 seconds, Stopping threads took: 0.0000900 seconds
2015-11-12T14:03:33.141-0600: 110.396: Total time for which application threads were stopped: 0.0003030 seconds, Stopping threads took: 0.0001550 seconds
2015-11-12T14:03:33.164-0600: 110.419: Total time for which application threads were stopped: 0.0002210 seconds, Stopping threads took: 0.0000430 seconds
2015-11-12T14:03:33.184-0600: 110.438: Total time for which application threads were stopped: 0.0001810 seconds, Stopping threads took: 0.0000470 seconds
2015-11-12T14:03:33.184-0600: 110.439: Total time for which application threads were stopped: 0.0001750 seconds, Stopping threads took: 0.0000360 seconds
2015-11-12T14:03:33.186-0600: 110.441: Total time for which application threads were stopped: 0.0001770 seconds, Stopping threads took: 0.0000820 seconds
2015-11-12T14:03:33.187-0600: 110.442: Total time for which application threads were stopped: 0.0001290 seconds, Stopping threads took: 0.0000460 seconds
2015-11-12T14:03:33.188-0600: 110.443: Total time for which application threads were stopped: 0.0001260 seconds, Stopping threads took: 0.0000480 seconds
2015-11-12T14:03:33.191-0600: 110.446: Total time for which application threads were stopped: 0.0001240 seconds, Stopping threads took: 0.0000350 seconds
2015-11-12T14:03:33.194-0600: 110.449: Total time for which application threads were stopped: 0.0001780 seconds, Stopping threads took: 0.0000520 seconds
2015-11-12T14:03:33.195-0600: 110.449: Total time for which application threads were stopped: 0.0000820 seconds, Stopping threads took: 0.0000310 seconds
2015-11-12T14:03:33.195-0600: 110.450: Total time for which application threads were stopped: 0.0001060 seconds, Stopping threads took: 0.0000410 seconds
2015-11-12T14:03:33.196-0600: 110.450: Total time for which application threads were stopped: 0.0000830 seconds, Stopping threads took: 0.0000220 seconds
2015-11-12T14:03:33.196-0600: 110.451: Total time for which application threads were stopped: 0.0001060 seconds, Stopping threads took: 0.0000500 seconds
2015-11-12T14:03:33.196-0600: 110.451: Total time for which application threads were stopped: 0.0002980 seconds, Stopping threads took: 0.0000190 seconds
2015-11-12T14:03:33.197-0600: 110.451: Total time for which application threads were stopped: 0.0000780 seconds, Stopping threads took: 0.0000180 seconds
2015-11-12T14:03:33.197-0600: 110.452: Total time for which application threads were stopped: 0.0001040 seconds, Stopping threads took: 0.0000430 seconds
2015-11-12T14:03:33.198-0600: 110.452: Total time for which application threads were stopped: 0.0001320 seconds, Stopping threads took: 0.0000700 seconds
2015-11-12T14:03:33.198-0600: 110.453: Total time for which application threads were stopped: 0.0001860 seconds, Stopping threads took: 0.0000610 seconds
2015-11-12T14:03:33.199-0600: 110.454: Total time for which application threads were stopped: 0.0001070 seconds, Stopping threads took: 0.0000270 seconds
2015-11-12T14:03:33.200-0600: 110.455: Total time for which application threads were stopped: 0.0000800 seconds, Stopping threads took: 0.0000270 seconds
2015-11-12T14:03:33.200-0600: 110.455: Total time for which application threads were stopped: 0.0000740 seconds, Stopping threads took: 0.0000140 seconds
2015-11-12T14:04:45.746-0600: 183.000: Total time for which application threads were stopped: 0.0003470 seconds, Stopping threads took: 0.0000420 seconds
2015-11-12T14:04:45.750-0600: 183.005: Total time for which application threads were stopped: 0.0003140 seconds, Stopping threads took: 0.0000550 seconds
2015-11-12T14:04:45.756-0600: 183.011: Total time for which application threads were stopped: 0.0016150 seconds, Stopping threads took: 0.0000910 seconds
2015-11-12T14:04:45.818-0600: 183.073: Total time for which application threads were stopped: 0.0001580 seconds, Stopping threads took: 0.0000400 seconds
2015-11-12T14:04:45.819-0600: 183.073: Total time for which application threads were stopped: 0.0001130 seconds, Stopping threads took: 0.0000220 seconds
2015-11-12T14:05:11.692-0600: 208.947: Total time for which application threads were stopped: 0.0003850 seconds, Stopping threads took: 0.0000410 seconds
2015-11-12T14:05:11.696-0600: 208.951: Total time for which application threads were stopped: 0.0005570 seconds, Stopping threads took: 0.0001940 seconds
2015-11-12T14:06:24.763-0600: 282.018: Total time for which application threads were stopped: 0.0004000 seconds, Stopping threads took: 0.0000440 seconds
2015-11-12T14:06:24.766-0600: 282.021: Total time for which application threads were stopped: 0.0001170 seconds, Stopping threads took: 0.0000450 seconds
2015-11-12T14:06:24.767-0600: 282.021: Total time for which application threads were stopped: 0.0001370 seconds, Stopping threads took: 0.0000360 seconds
2015-11-12T14:06:24.768-0600: 282.023: Total time for which application threads were stopped: 0.0001390 seconds, Stopping threads took: 0.0000280 seconds
2015-11-12T14:06:24.775-0600: 282.030: Total time for which application threads were stopped: 0.0007010 seconds, Stopping threads took: 0.0004760 seconds
2015-11-12T14:06:24.777-0600: 282.032: Total time for which application threads were stopped: 0.0002600 seconds, Stopping threads took: 0.0000600 seconds
2015-11-12T14:06:24.781-0600: 282.036: Total time for which application threads were stopped: 0.0005110 seconds, Stopping threads took: 0.0000780 seconds
2015-11-12T14:07:38.794-0600: 356.048: Total time for which application threads were stopped: 0.0006730 seconds, Stopping threads took: 0.0000820 seconds
2015-11-12T14:19:29.908-0600: 1067.163: Total time for which application threads were stopped: 0.0006250 seconds, Stopping threads took: 0.0000770 seconds
{Heap before GC invocations=44 (full 0):
 par new generation   total 109248K, used 100269K [0x00000000d5a00000, 0x00000000dda00000, 0x00000000dda00000)
  eden space 87424K, 100% used [0x00000000d5a00000, 0x00000000daf60000, 0x00000000daf60000)
  from space 21824K,  58% used [0x00000000daf60000, 0x00000000dbbeb530, 0x00000000dc4b0000)
  to   space 21824K,   0% used [0x00000000dc4b0000, 0x00000000dc4b0000, 0x00000000dda00000)
 concurrent mark-sweep generation total 393216K, used 33029K [0x00000000dda00000, 0x00000000f5a00000, 0x00000000f5a00000)
 concurrent-mark-sweep perm gen total 36992K, used 36870K [0x00000000f5a00000, 0x00000000f7e20000, 0x0000000100000000)
2015-11-12T14:26:47.454-0600: 1504.709: [GC2015-11-12T14:26:47.454-0600: 1504.709: [ParNew
Desired survivor size 20112992 bytes, new threshold 8 (max 8)
- age   1:    3805216 bytes,    3805216 total
- age   2:     667808 bytes,    4473024 total
- age   3:      81656 bytes,    4554680 total
- age   4:      91376 bytes,    4646056 total
- age   5:     107344 bytes,    4753400 total
- age   6:      87920 bytes,    4841320 total
- age   7:      48112 bytes,    4889432 total
- age   8:      66448 bytes,    4955880 total
: 100269K->7174K(109248K), 0.0193840 secs] 133299K->42301K(502464K), 0.0197300 secs] [Times: user=0.06 sys=0.00, real=0.02 secs] 
Heap after GC invocations=45 (full 0):
 par new generation   total 109248K, used 7174K [0x00000000d5a00000, 0x00000000dda00000, 0x00000000dda00000)
  eden space 87424K,   0% used [0x00000000d5a00000, 0x00000000d5a00000, 0x00000000daf60000)
  from space 21824K,  32% used [0x00000000dc4b0000, 0x00000000dcbb1848, 0x00000000dda00000)
  to   space 21824K,   0% used [0x00000000daf60000, 0x00000000daf60000, 0x00000000dc4b0000)
 concurrent mark-sweep generation total 393216K, used 35127K [0x00000000dda00000, 0x00000000f5a00000, 0x00000000f5a00000)
 concurrent-mark-sweep perm gen total 36992K, used 36870K [0x00000000f5a00000, 0x00000000f7e20000, 0x0000000100000000)
}
2015-11-12T14:26:47.474-0600: 1504.728: Total time for which application threads were stopped: 0.0204830 seconds, Stopping threads took: 0.0000620 seconds
2015-11-12T14:52:28.718-0600: 3045.973: Total time for which application threads were stopped: 0.0006880 seconds, Stopping threads took: 0.0000680 seconds
2015-11-12T15:10:12.200-0600: 4109.454: Total time for which application threads were stopped: 0.0003550 seconds, Stopping threads took: 0.0000320 seconds
2015-11-12T15:10:12.206-0600: 4109.460: Total time for which application threads were stopped: 0.0001870 seconds, Stopping threads took: 0.0000480 seconds
2015-11-12T15:10:12.220-0600: 4109.475: Total time for which application threads were stopped: 0.0001930 seconds, Stopping threads took: 0.0000370 seconds
2015-11-12T15:10:13.841-0600: 4111.095: Total time for which application threads were stopped: 0.0002480 seconds, Stopping threads took: 0.0000270 seconds
2015-11-12T15:10:13.847-0600: 4111.102: Total time for which application threads were stopped: 0.0012440 seconds, Stopping threads took: 0.0008780 seconds
2015-11-12T15:18:18.596-0600: 4595.851: Total time for which application threads were stopped: 0.0002240 seconds, Stopping threads took: 0.0000240 seconds
2015-11-12T15:18:18.598-0600: 4595.853: Total time for which application threads were stopped: 0.0001670 seconds, Stopping threads took: 0.0000790 seconds
2015-11-12T15:18:18.599-0600: 4595.854: Total time for which application threads were stopped: 0.0001130 seconds, Stopping threads took: 0.0000530 seconds
2015-11-12T15:18:24.825-0600: 4602.079: Total time for which application threads were stopped: 0.0002570 seconds, Stopping threads took: 0.0000280 seconds
2015-11-12T15:18:24.830-0600: 4602.085: Total time for which application threads were stopped: 0.0033360 seconds, Stopping threads took: 0.0032430 seconds
2015-11-12T15:18:24.832-0600: 4602.087: Total time for which application threads were stopped: 0.0001230 seconds, Stopping threads took: 0.0000210 seconds
2015-11-12T15:18:24.839-0600: 4602.094: Total time for which application threads were stopped: 0.0001910 seconds, Stopping threads took: 0.0000480 seconds
2015-11-12T15:19:13.090-0600: 4650.344: Total time for which application threads were stopped: 0.0001880 seconds, Stopping threads took: 0.0000200 seconds
2015-11-12T15:19:13.092-0600: 4650.346: Total time for which application threads were stopped: 0.0000980 seconds, Stopping threads took: 0.0000280 seconds
2015-11-12T15:33:09.554-0600: 5486.808: Total time for which application threads were stopped: 0.0002950 seconds, Stopping threads took: 0.0000320 seconds
2015-11-12T15:33:09.559-0600: 5486.814: Total time for which application threads were stopped: 0.0001400 seconds, Stopping threads took: 0.0000290 seconds
2015-11-12T15:33:10.560-0600: 5487.815: Total time for which application threads were stopped: 0.0006080 seconds, Stopping threads took: 0.0000740 seconds
2015-11-12T15:57:46.796-0600: 6964.051: Total time for which application threads were stopped: 0.0004150 seconds, Stopping threads took: 0.0000550 seconds
2015-11-12T15:57:48.797-0600: 6966.052: Total time for which application threads were stopped: 0.0007210 seconds, Stopping threads took: 0.0001050 seconds
2015-11-12T16:11:29.909-0600: 7787.164: Total time for which application threads were stopped: 0.0010140 seconds, Stopping threads took: 0.0000540 seconds
2015-11-12T17:06:08.885-0600: 11066.146: Total time for which application threads were stopped: 0.0128150 seconds, Stopping threads took: 0.0000470 seconds
2015-11-12T17:06:08.900-0600: 11066.155: Total time for which application threads were stopped: 0.0001820 seconds, Stopping threads took: 0.0000340 seconds
2015-11-12T17:06:08.915-0600: 11066.170: Total time for which application threads were stopped: 0.0002870 seconds, Stopping threads took: 0.0000670 seconds
2015-11-12T17:06:08.918-0600: 11066.172: Total time for which application threads were stopped: 0.0001430 seconds, Stopping threads took: 0.0000250 seconds
2015-11-12T17:08:19.039-0600: 11196.293: Total time for which application threads were stopped: 0.0002880 seconds, Stopping threads took: 0.0000320 seconds
2015-11-12T17:08:19.046-0600: 11196.301: Total time for which application threads were stopped: 0.0001340 seconds, Stopping threads took: 0.0000320 seconds
2015-11-12T17:08:22.657-0600: 11199.911: Total time for which application threads were stopped: 0.0002560 seconds, Stopping threads took: 0.0000310 seconds
2015-11-12T17:08:27.402-0600: 11204.656: Total time for which application threads were stopped: 0.0002130 seconds, Stopping threads took: 0.0000270 seconds
2015-11-12T17:08:27.405-0600: 11204.660: Total time for which application threads were stopped: 0.0001850 seconds, Stopping threads took: 0.0000360 seconds
2015-11-12T17:08:27.413-0600: 11204.668: Total time for which application threads were stopped: 0.0002820 seconds, Stopping threads took: 0.0001530 seconds
2015-11-12T17:08:27.438-0600: 11204.693: Total time for which application threads were stopped: 0.0236720 seconds, Stopping threads took: 0.0235270 seconds
2015-11-12T17:08:36.418-0600: 11213.673: Total time for which application threads were stopped: 0.0002920 seconds, Stopping threads took: 0.0000370 seconds
2015-11-12T17:08:36.422-0600: 11213.676: Total time for which application threads were stopped: 0.0006540 seconds, Stopping threads took: 0.0005470 seconds
2015-11-12T17:08:36.422-0600: 11213.677: Total time for which application threads were stopped: 0.0001410 seconds, Stopping threads took: 0.0000240 seconds
2015-11-12T17:09:15.954-0600: 11253.209: Total time for which application threads were stopped: 0.0002700 seconds, Stopping threads took: 0.0000260 seconds
2015-11-12T17:09:15.958-0600: 11253.213: Total time for which application threads were stopped: 0.0001520 seconds, Stopping threads took: 0.0000470 seconds
2015-11-12T17:10:06.967-0600: 11304.221: Total time for which application threads were stopped: 0.0004120 seconds, Stopping threads took: 0.0001090 seconds
2015-11-12T17:11:55.559-0600: 11412.814: Total time for which application threads were stopped: 0.0005330 seconds, Stopping threads took: 0.0000460 seconds
2015-11-12T17:11:55.569-0600: 11412.824: Total time for which application threads were stopped: 0.0002340 seconds, Stopping threads took: 0.0000730 seconds
2015-11-12T17:11:55.581-0600: 11412.836: Total time for which application threads were stopped: 0.0034200 seconds, Stopping threads took: 0.0000340 seconds
2015-11-12T17:12:29.685-0600: 11446.940: Total time for which application threads were stopped: 0.0002500 seconds, Stopping threads took: 0.0000380 seconds
2015-11-12T17:12:29.687-0600: 11446.942: Total time for which application threads were stopped: 0.0001320 seconds, Stopping threads took: 0.0000320 seconds
2015-11-12T17:12:29.687-0600: 11446.942: Total time for which application threads were stopped: 0.0000840 seconds, Stopping threads took: 0.0000170 seconds
2015-11-12T17:12:29.689-0600: 11446.944: Total time for which application threads were stopped: 0.0002270 seconds, Stopping threads took: 0.0000390 seconds
2015-11-12T17:12:29.690-0600: 11446.944: Total time for which application threads were stopped: 0.0001380 seconds, Stopping threads took: 0.0000570 seconds
2015-11-12T17:12:29.696-0600: 11446.951: Total time for which application threads were stopped: 0.0001660 seconds, Stopping threads took: 0.0000600 seconds
2015-11-12T17:12:31.825-0600: 11449.079: Total time for which application threads were stopped: 0.0002100 seconds, Stopping threads took: 0.0000240 seconds
2015-11-12T17:13:17.093-0600: 11494.348: Total time for which application threads were stopped: 0.0002590 seconds, Stopping threads took: 0.0000380 seconds
2015-11-12T17:13:17.096-0600: 11494.350: Total time for which application threads were stopped: 0.0004580 seconds, Stopping threads took: 0.0003620 seconds
2015-11-12T17:13:17.096-0600: 11494.351: Total time for which application threads were stopped: 0.0001280 seconds, Stopping threads took: 0.0000490 seconds
2015-11-12T17:13:17.105-0600: 11494.359: Total time for which application threads were stopped: 0.0001420 seconds, Stopping threads took: 0.0000310 seconds
2015-11-12T17:13:17.542-0600: 11494.796: Total time for which application threads were stopped: 0.0001400 seconds, Stopping threads took: 0.0000320 seconds
2015-11-12T17:13:37.423-0600: 11514.678: Total time for which application threads were stopped: 0.0003800 seconds, Stopping threads took: 0.0000450 seconds
2015-11-12T17:13:37.427-0600: 11514.681: Total time for which application threads were stopped: 0.0001400 seconds, Stopping threads took: 0.0000440 seconds
2015-11-12T17:14:23.637-0600: 11560.892: Total time for which application threads were stopped: 0.0002700 seconds, Stopping threads took: 0.0000250 seconds
2015-11-12T17:14:23.972-0600: 11561.227: Total time for which application threads were stopped: 0.0001910 seconds, Stopping threads took: 0.0000470 seconds
2015-11-12T17:14:23.974-0600: 11561.229: Total time for which application threads were stopped: 0.0001350 seconds, Stopping threads took: 0.0000270 seconds
2015-11-12T17:14:24.201-0600: 11561.455: Total time for which application threads were stopped: 0.0002940 seconds, Stopping threads took: 0.0000360 seconds
2015-11-12T17:14:24.403-0600: 11561.658: Total time for which application threads were stopped: 0.0002730 seconds, Stopping threads took: 0.0000530 seconds
2015-11-12T17:16:01.426-0600: 11658.681: Total time for which application threads were stopped: 0.0002220 seconds, Stopping threads took: 0.0000240 seconds
2015-11-12T17:16:01.429-0600: 11658.684: Total time for which application threads were stopped: 0.0001740 seconds, Stopping threads took: 0.0000530 seconds
2015-11-12T17:16:01.430-0600: 11658.685: Total time for which application threads were stopped: 0.0001780 seconds, Stopping threads took: 0.0000480 seconds
2015-11-12T17:16:01.438-0600: 11658.692: Total time for which application threads were stopped: 0.0003310 seconds, Stopping threads took: 0.0000510 seconds
2015-11-12T17:16:01.441-0600: 11658.695: Total time for which application threads were stopped: 0.0002830 seconds, Stopping threads took: 0.0000850 seconds
2015-11-12T17:16:02.632-0600: 11659.887: Total time for which application threads were stopped: 0.0007050 seconds, Stopping threads took: 0.0000720 seconds
2015-11-12T17:16:02.636-0600: 11659.891: Total time for which application threads were stopped: 0.0001450 seconds, Stopping threads took: 0.0000330 seconds
2015-11-12T17:16:02.644-0600: 11659.899: Total time for which application threads were stopped: 0.0005850 seconds, Stopping threads took: 0.0000390 seconds
2015-11-12T17:16:02.804-0600: 11660.059: Total time for which application threads were stopped: 0.0001460 seconds, Stopping threads took: 0.0000240 seconds
2015-11-12T17:16:02.958-0600: 11660.213: Total time for which application threads were stopped: 0.0003360 seconds, Stopping threads took: 0.0001440 seconds
2015-11-12T17:16:02.961-0600: 11660.216: Total time for which application threads were stopped: 0.0001290 seconds, Stopping threads took: 0.0000240 seconds
2015-11-12T17:16:03.116-0600: 11660.371: Total time for which application threads were stopped: 0.0002080 seconds, Stopping threads took: 0.0000390 seconds
2015-11-12T17:16:03.284-0600: 11660.539: Total time for which application threads were stopped: 0.0004320 seconds, Stopping threads took: 0.0000520 seconds
2015-11-12T17:16:51.898-0600: 11709.153: Total time for which application threads were stopped: 0.0002490 seconds, Stopping threads took: 0.0000280 seconds
2015-11-12T17:16:52.786-0600: 11710.041: Total time for which application threads were stopped: 0.0003620 seconds, Stopping threads took: 0.0000280 seconds
2015-11-12T17:16:52.987-0600: 11710.242: Total time for which application threads were stopped: 0.0002530 seconds, Stopping threads took: 0.0000510 seconds
2015-11-12T17:17:24.011-0600: 11741.266: Total time for which application threads were stopped: 0.0002990 seconds, Stopping threads took: 0.0000450 seconds
2015-11-12T17:17:36.832-0600: 11754.087: Total time for which application threads were stopped: 0.0003500 seconds, Stopping threads took: 0.0000420 seconds
2015-11-12T17:17:36.836-0600: 11754.091: Total time for which application threads were stopped: 0.0001190 seconds, Stopping threads took: 0.0000290 seconds
2015-11-12T17:20:51.848-0600: 11949.102: Total time for which application threads were stopped: 0.0002500 seconds, Stopping threads took: 0.0000330 seconds
2015-11-12T17:20:51.854-0600: 11949.109: Total time for which application threads were stopped: 0.0001480 seconds, Stopping threads took: 0.0000470 seconds
2015-11-12T17:22:20.447-0600: 12037.702: Total time for which application threads were stopped: 0.0002730 seconds, Stopping threads took: 0.0000390 seconds
{Heap before GC invocations=45 (full 0):
 par new generation   total 109248K, used 94598K [0x00000000d5a00000, 0x00000000dda00000, 0x00000000dda00000)
  eden space 87424K, 100% used [0x00000000d5a00000, 0x00000000daf60000, 0x00000000daf60000)
  from space 21824K,  32% used [0x00000000dc4b0000, 0x00000000dcbb1848, 0x00000000dda00000)
  to   space 21824K,   0% used [0x00000000daf60000, 0x00000000daf60000, 0x00000000dc4b0000)
 concurrent mark-sweep generation total 393216K, used 35127K [0x00000000dda00000, 0x00000000f5a00000, 0x00000000f5a00000)
 concurrent-mark-sweep perm gen total 36992K, used 36940K [0x00000000f5a00000, 0x00000000f7e20000, 0x0000000100000000)
2015-11-12T17:22:20.450-0600: 12037.704: [GC2015-11-12T17:22:20.450-0600: 12037.704: [ParNew
Desired survivor size 20112992 bytes, new threshold 8 (max 8)
- age   1:     618368 bytes,     618368 total
- age   2:    3167264 bytes,    3785632 total
- age   3:     667304 bytes,    4452936 total
- age   4:      81080 bytes,    4534016 total
- age   5:      90944 bytes,    4624960 total
- age   6:     106840 bytes,    4731800 total
- age   7:      87776 bytes,    4819576 total
- age   8:      47752 bytes,    4867328 total
: 94598K->6389K(109248K), 0.0199320 secs] 129725K->41582K(502464K), 0.0203990 secs] [Times: user=0.03 sys=0.01, real=0.02 secs] 
Heap after GC invocations=46 (full 0):
 par new generation   total 109248K, used 6389K [0x00000000d5a00000, 0x00000000dda00000, 0x00000000dda00000)
  eden space 87424K,   0% used [0x00000000d5a00000, 0x00000000d5a00000, 0x00000000daf60000)
  from space 21824K,  29% used [0x00000000daf60000, 0x00000000db59d5c0, 0x00000000dc4b0000)
  to   space 21824K,   0% used [0x00000000dc4b0000, 0x00000000dc4b0000, 0x00000000dda00000)
 concurrent mark-sweep generation total 393216K, used 35192K [0x00000000dda00000, 0x00000000f5a00000, 0x00000000f5a00000)
 concurrent-mark-sweep perm gen total 36992K, used 36940K [0x00000000f5a00000, 0x00000000f7e20000, 0x0000000100000000)
}
2015-11-12T17:22:20.470-0600: 12037.725: Total time for which application threads were stopped: 0.0211300 seconds, Stopping threads took: 0.0000380 seconds
2015-11-12T17:22:20.473-0600: 12037.728: Total time for which application threads were stopped: 0.0001970 seconds, Stopping threads took: 0.0001070 seconds
2015-11-12T17:23:37.332-0600: 12114.587: Total time for which application threads were stopped: 0.0003010 seconds, Stopping threads took: 0.0000290 seconds
2015-11-12T17:23:37.335-0600: 12114.590: Total time for which application threads were stopped: 0.0001550 seconds, Stopping threads took: 0.0000550 seconds
2015-11-12T17:23:37.336-0600: 12114.591: Total time for which application threads were stopped: 0.0001750 seconds, Stopping threads took: 0.0000340 seconds
2015-11-12T17:23:37.344-0600: 12114.599: Total time for which application threads were stopped: 0.0001750 seconds, Stopping threads took: 0.0000280 seconds
2015-11-12T17:23:37.700-0600: 12114.955: Total time for which application threads were stopped: 0.0002770 seconds, Stopping threads took: 0.0000530 seconds
2015-11-12T17:23:37.702-0600: 12114.957: Total time for which application threads were stopped: 0.0001560 seconds, Stopping threads took: 0.0000350 seconds
2015-11-12T17:23:37.702-0600: 12114.957: Total time for which application threads were stopped: 0.0000930 seconds, Stopping threads took: 0.0000180 seconds
2015-11-12T17:23:55.503-0600: 12132.757: Total time for which application threads were stopped: 0.0008400 seconds, Stopping threads took: 0.0000740 seconds
2015-11-12T17:23:56.288-0600: 12133.543: Total time for which application threads were stopped: 0.0005520 seconds, Stopping threads took: 0.0000840 seconds
2015-11-12T17:24:00.799-0600: 12138.053: Total time for which application threads were stopped: 0.0007080 seconds, Stopping threads took: 0.0000660 seconds
2015-11-12T17:24:01.266-0600: 12138.521: Total time for which application threads were stopped: 0.0001310 seconds, Stopping threads took: 0.0000240 seconds
2015-11-12T17:24:01.276-0600: 12138.531: Total time for which application threads were stopped: 0.0005690 seconds, Stopping threads took: 0.0001440 seconds
2015-11-12T17:24:01.287-0600: 12138.542: Total time for which application threads were stopped: 0.0002030 seconds, Stopping threads took: 0.0000450 seconds
2015-11-12T17:24:20.578-0600: 12157.833: Total time for which application threads were stopped: 0.0002290 seconds, Stopping threads took: 0.0000370 seconds
2015-11-12T17:24:20.581-0600: 12157.836: Total time for which application threads were stopped: 0.0001650 seconds, Stopping threads took: 0.0000690 seconds
2015-11-12T17:24:20.807-0600: 12158.062: Total time for which application threads were stopped: 0.0001630 seconds, Stopping threads took: 0.0000370 seconds
2015-11-12T17:24:20.809-0600: 12158.064: Total time for which application threads were stopped: 0.0001220 seconds, Stopping threads took: 0.0000370 seconds
2015-11-12T17:24:20.944-0600: 12158.199: Total time for which application threads were stopped: 0.0001640 seconds, Stopping threads took: 0.0000320 seconds
2015-11-12T17:25:42.668-0600: 12239.923: Total time for which application threads were stopped: 0.0003110 seconds, Stopping threads took: 0.0000370 seconds
2015-11-12T17:25:42.670-0600: 12239.925: Total time for which application threads were stopped: 0.0001520 seconds, Stopping threads took: 0.0000340 seconds
2015-11-12T17:25:42.679-0600: 12239.934: Total time for which application threads were stopped: 0.0001960 seconds, Stopping threads took: 0.0000630 seconds
2015-11-12T17:25:42.683-0600: 12239.938: Total time for which application threads were stopped: 0.0001990 seconds, Stopping threads took: 0.0000580 seconds
2015-11-12T17:25:42.827-0600: 12240.082: Total time for which application threads were stopped: 0.0001480 seconds, Stopping threads took: 0.0000370 seconds
2015-11-12T17:25:42.946-0600: 12240.201: Total time for which application threads were stopped: 0.0001360 seconds, Stopping threads took: 0.0000240 seconds
2015-11-12T17:25:42.950-0600: 12240.205: Total time for which application threads were stopped: 0.0001470 seconds, Stopping threads took: 0.0000330 seconds
2015-11-12T17:25:42.957-0600: 12240.212: Total time for which application threads were stopped: 0.0001750 seconds, Stopping threads took: 0.0000380 seconds
2015-11-12T17:28:27.513-0600: 12404.768: Total time for which application threads were stopped: 0.0003880 seconds, Stopping threads took: 0.0000250 seconds
2015-11-12T17:28:27.524-0600: 12404.779: Total time for which application threads were stopped: 0.0001400 seconds, Stopping threads took: 0.0000320 seconds
2015-11-12T17:28:27.524-0600: 12404.779: Total time for which application threads were stopped: 0.0000900 seconds, Stopping threads took: 0.0000130 seconds
2015-11-12T17:30:05.769-0600: 12503.024: Total time for which application threads were stopped: 0.0002110 seconds, Stopping threads took: 0.0000260 seconds
2015-11-12T17:30:05.772-0600: 12503.027: Total time for which application threads were stopped: 0.0001220 seconds, Stopping threads took: 0.0000260 seconds
2015-11-12T17:30:05.775-0600: 12503.030: Total time for which application threads were stopped: 0.0001710 seconds, Stopping threads took: 0.0000320 seconds
2015-11-12T17:30:05.779-0600: 12503.034: Total time for which application threads were stopped: 0.0002260 seconds, Stopping threads took: 0.0000720 seconds
2015-11-12T17:30:05.780-0600: 12503.034: Total time for which application threads were stopped: 0.0001500 seconds, Stopping threads took: 0.0000360 seconds
2015-11-12T17:30:05.782-0600: 12503.036: Total time for which application threads were stopped: 0.0001650 seconds, Stopping threads took: 0.0000330 seconds
2015-11-12T17:30:06.003-0600: 12503.258: Total time for which application threads were stopped: 0.0005100 seconds, Stopping threads took: 0.0000770 seconds
2015-11-12T17:30:06.010-0600: 12503.265: Total time for which application threads were stopped: 0.0001650 seconds, Stopping threads took: 0.0000610 seconds
2015-11-12T17:30:06.016-0600: 12503.270: Total time for which application threads were stopped: 0.0001620 seconds, Stopping threads took: 0.0000570 seconds
2015-11-12T17:30:06.187-0600: 12503.442: Total time for which application threads were stopped: 0.0002370 seconds, Stopping threads took: 0.0000440 seconds
2015-11-12T17:30:06.195-0600: 12503.449: Total time for which application threads were stopped: 0.0001310 seconds, Stopping threads took: 0.0000230 seconds
2015-11-12T17:30:06.753-0600: 12504.008: Total time for which application threads were stopped: 0.0002600 seconds, Stopping threads took: 0.0000380 seconds
2015-11-12T17:30:06.955-0600: 12504.210: Total time for which application threads were stopped: 0.0002590 seconds, Stopping threads took: 0.0000520 seconds
2015-11-12T17:30:51.263-0600: 12548.518: Total time for which application threads were stopped: 0.0002220 seconds, Stopping threads took: 0.0000280 seconds
2015-11-12T17:32:22.232-0600: 12639.487: Total time for which application threads were stopped: 0.0004690 seconds, Stopping threads took: 0.0000980 seconds
2015-11-12T17:32:22.237-0600: 12639.492: Total time for which application threads were stopped: 0.0024710 seconds, Stopping threads took: 0.0023640 seconds
2015-11-12T17:32:22.247-0600: 12639.501: Total time for which application threads were stopped: 0.0027450 seconds, Stopping threads took: 0.0022720 seconds
2015-11-12T17:32:23.443-0600: 12640.697: Total time for which application threads were stopped: 0.0008640 seconds, Stopping threads took: 0.0000790 seconds
2015-11-12T17:32:23.448-0600: 12640.703: Total time for which application threads were stopped: 0.0002380 seconds, Stopping threads took: 0.0001170 seconds
2015-11-12T17:32:23.448-0600: 12640.703: Total time for which application threads were stopped: 0.0001340 seconds, Stopping threads took: 0.0000420 seconds
2015-11-12T17:32:23.458-0600: 12640.713: Total time for which application threads were stopped: 0.0001760 seconds, Stopping threads took: 0.0000340 seconds
2015-11-12T17:32:23.614-0600: 12640.869: Total time for which application threads were stopped: 0.0002110 seconds, Stopping threads took: 0.0000240 seconds
2015-11-12T17:32:23.616-0600: 12640.871: Total time for which application threads were stopped: 0.0001430 seconds, Stopping threads took: 0.0000260 seconds
2015-11-12T17:32:59.680-0600: 12676.934: Total time for which application threads were stopped: 0.0007010 seconds, Stopping threads took: 0.0000630 seconds
2015-11-12T17:35:07.583-0600: 12804.838: Total time for which application threads were stopped: 0.0002860 seconds, Stopping threads took: 0.0000300 seconds
2015-11-12T17:35:07.586-0600: 12804.841: Total time for which application threads were stopped: 0.0001460 seconds, Stopping threads took: 0.0000320 seconds
2015-11-12T17:35:07.587-0600: 12804.842: Total time for which application threads were stopped: 0.0001420 seconds, Stopping threads took: 0.0000350 seconds
2015-11-12T17:35:07.594-0600: 12804.849: Total time for which application threads were stopped: 0.0001610 seconds, Stopping threads took: 0.0000370 seconds
2015-11-12T17:35:07.600-0600: 12804.855: Total time for which application threads were stopped: 0.0001690 seconds, Stopping threads took: 0.0000390 seconds
2015-11-12T17:40:50.456-0600: 13147.711: Total time for which application threads were stopped: 0.0002180 seconds, Stopping threads took: 0.0000230 seconds
2015-11-12T17:40:50.460-0600: 13147.715: Total time for which application threads were stopped: 0.0015940 seconds, Stopping threads took: 0.0014800 seconds
2015-11-12T17:40:50.466-0600: 13147.721: Total time for which application threads were stopped: 0.0001810 seconds, Stopping threads took: 0.0000400 seconds
2015-11-12T17:40:50.473-0600: 13147.728: Total time for which application threads were stopped: 0.0001900 seconds, Stopping threads took: 0.0000580 seconds
2015-11-12T17:40:51.130-0600: 13148.385: Total time for which application threads were stopped: 0.0002120 seconds, Stopping threads took: 0.0000240 seconds
2015-11-12T17:40:51.132-0600: 13148.387: Total time for which application threads were stopped: 0.0001380 seconds, Stopping threads took: 0.0000300 seconds
2015-11-12T17:42:35.083-0600: 13252.338: Total time for which application threads were stopped: 0.0003890 seconds, Stopping threads took: 0.0000240 seconds
2015-11-12T17:42:35.085-0600: 13252.340: Total time for which application threads were stopped: 0.0001910 seconds, Stopping threads took: 0.0000850 seconds
2015-11-12T17:42:35.086-0600: 13252.341: Total time for which application threads were stopped: 0.0001180 seconds, Stopping threads took: 0.0000220 seconds
2015-11-12T17:43:06.262-0600: 13283.517: Total time for which application threads were stopped: 0.0002640 seconds, Stopping threads took: 0.0000360 seconds
2015-11-12T17:43:06.264-0600: 13283.519: Total time for which application threads were stopped: 0.0001750 seconds, Stopping threads took: 0.0000770 seconds
2015-11-12T17:43:06.266-0600: 13283.520: Total time for which application threads were stopped: 0.0001500 seconds, Stopping threads took: 0.0000390 seconds
2015-11-12T17:43:06.266-0600: 13283.521: Total time for which application threads were stopped: 0.0001760 seconds, Stopping threads took: 0.0000800 seconds
2015-11-12T17:43:06.273-0600: 13283.528: Total time for which application threads were stopped: 0.0001410 seconds, Stopping threads took: 0.0000250 seconds
2015-11-12T17:44:32.771-0600: 13370.025: Total time for which application threads were stopped: 0.0002110 seconds, Stopping threads took: 0.0000220 seconds
2015-11-12T17:44:32.773-0600: 13370.027: Total time for which application threads were stopped: 0.0001670 seconds, Stopping threads took: 0.0000770 seconds
2015-11-12T17:44:32.774-0600: 13370.028: Total time for which application threads were stopped: 0.0001090 seconds, Stopping threads took: 0.0000280 seconds
2015-11-12T17:44:32.782-0600: 13370.036: Total time for which application threads were stopped: 0.0014250 seconds, Stopping threads took: 0.0013160 seconds
2015-11-12T17:44:32.782-0600: 13370.036: Total time for which application threads were stopped: 0.0001060 seconds, Stopping threads took: 0.0000150 seconds
2015-11-12T18:00:38.459-0600: 14335.714: Total time for which application threads were stopped: 0.0002180 seconds, Stopping threads took: 0.0000260 seconds
2015-11-12T18:00:38.482-0600: 14335.736: Total time for which application threads were stopped: 0.0001400 seconds, Stopping threads took: 0.0000350 seconds
2015-11-12T18:00:38.484-0600: 14335.739: Total time for which application threads were stopped: 0.0001160 seconds, Stopping threads took: 0.0000300 seconds
2015-11-12T18:00:38.493-0600: 14335.748: Total time for which application threads were stopped: 0.0001850 seconds, Stopping threads took: 0.0000730 seconds
2015-11-12T18:00:38.517-0600: 14335.772: Total time for which application threads were stopped: 0.0001260 seconds, Stopping threads took: 0.0000260 seconds
2015-11-12T18:00:38.519-0600: 14335.774: Total time for which application threads were stopped: 0.0001230 seconds, Stopping threads took: 0.0000440 seconds
2015-11-12T18:00:38.520-0600: 14335.775: Total time for which application threads were stopped: 0.0000950 seconds, Stopping threads took: 0.0000210 seconds
2015-11-12T18:00:38.520-0600: 14335.775: Total time for which application threads were stopped: 0.0001150 seconds, Stopping threads took: 0.0000500 seconds
2015-11-12T18:00:38.521-0600: 14335.775: Total time for which application threads were stopped: 0.0000860 seconds, Stopping threads took: 0.0000290 seconds
2015-11-12T18:00:38.521-0600: 14335.775: Total time for which application threads were stopped: 0.0000940 seconds, Stopping threads took: 0.0000410 seconds
2015-11-12T18:00:38.526-0600: 14335.780: Total time for which application threads were stopped: 0.0000830 seconds, Stopping threads took: 0.0000140 seconds
2015-11-12T18:00:38.526-0600: 14335.781: Total time for which application threads were stopped: 0.0000650 seconds, Stopping threads took: 0.0000080 seconds
2015-11-12T18:00:38.526-0600: 14335.781: Total time for which application threads were stopped: 0.0000610 seconds, Stopping threads took: 0.0000110 seconds
2015-11-12T18:00:38.528-0600: 14335.783: Total time for which application threads were stopped: 0.0003370 seconds, Stopping threads took: 0.0001650 seconds
2015-11-12T18:00:38.529-0600: 14335.783: Total time for which application threads were stopped: 0.0002710 seconds, Stopping threads took: 0.0001230 seconds
2015-11-12T18:00:38.530-0600: 14335.785: Total time for which application threads were stopped: 0.0008480 seconds, Stopping threads took: 0.0006710 seconds
2015-11-12T18:00:38.532-0600: 14335.787: Total time for which application threads were stopped: 0.0001810 seconds, Stopping threads took: 0.0000320 seconds
2015-11-12T18:00:38.533-0600: 14335.788: Total time for which application threads were stopped: 0.0002140 seconds, Stopping threads took: 0.0000610 seconds
2015-11-12T18:00:38.533-0600: 14335.788: Total time for which application threads were stopped: 0.0001680 seconds, Stopping threads took: 0.0000360 seconds
Heap
 par new generation   total 109248K, used 46066K [0x00000000d5a00000, 0x00000000dda00000, 0x00000000dda00000)
  eden space 87424K,  45% used [0x00000000d5a00000, 0x00000000d80bf458, 0x00000000daf60000)
  from space 21824K,  29% used [0x00000000daf60000, 0x00000000db59d5c0, 0x00000000dc4b0000)
  to   space 21824K,   0% used [0x00000000dc4b0000, 0x00000000dc4b0000, 0x00000000dda00000)
 concurrent mark-sweep generation total 393216K, used 35192K [0x00000000dda00000, 0x00000000f5a00000, 0x00000000f5a00000)
 concurrent-mark-sweep perm gen total 37184K, used 37029K [0x00000000f5a00000, 0x00000000f7e50000, 0x0000000100000000)
