OpenJDK 64-Bit Server VM (24.85-b03) for linux-amd64 JRE (1.7.0_85-b01), built on Oct 22 2015 06:46:50 by "buildd" with gcc 4.8.2
Memory: 4k page, physical 3972464k(1455124k free), swap 1048572k(1048572k free)
CommandLine flags: -XX:CMSFullGCsBeforeCompaction=1 -XX:CMSInitiatingOccupancyFraction=50 -XX:CMSMaxAbortablePrecleanTime=6000 -XX:+CMSParallelRemarkEnabled -XX:+CMSScavengeBeforeRemark -XX:CMSTriggerPermRatio=80 -XX:ConcGCThreads=4 -XX:InitialHeapSize=536870912 -XX:MaxHeapSize=536870912 -XX:MaxTenuringThreshold=8 -XX:NewRatio=3 -XX:OldPLABSize=16 -XX:ParallelGCThreads=4 -XX:+ParallelRefProcEnabled -XX:PretenureSizeThreshold=67108864 -XX:+PrintGC -XX:+PrintGCApplicationStoppedTime -XX:+PrintGCDateStamps -XX:+PrintGCDetails -XX:+PrintGCTimeStamps -XX:+PrintHeapAtGC -XX:+PrintTenuringDistribution -XX:SurvivorRatio=4 -XX:TargetSurvivorRatio=90 -XX:ThreadStackSize=256 -XX:+UseCMSInitiatingOccupancyOnly -XX:+UseCompressedOops -XX:+UseConcMarkSweepGC -XX:+UseParNewGC 
2015-11-12T00:51:25.773-0600: 1.036: Total time for which application threads were stopped: 0.0001970 seconds, Stopping threads took: 0.0000530 seconds
{Heap before GC invocations=0 (full 0):
 par new generation   total 109248K, used 87424K [0x00000000d5a00000, 0x00000000dda00000, 0x00000000dda00000)
  eden space 87424K, 100% used [0x00000000d5a00000, 0x00000000daf60000, 0x00000000daf60000)
  from space 21824K,   0% used [0x00000000daf60000, 0x00000000daf60000, 0x00000000dc4b0000)
  to   space 21824K,   0% used [0x00000000dc4b0000, 0x00000000dc4b0000, 0x00000000dda00000)
 concurrent mark-sweep generation total 393216K, used 0K [0x00000000dda00000, 0x00000000f5a00000, 0x00000000f5a00000)
 concurrent-mark-sweep perm gen total 21248K, used 10289K [0x00000000f5a00000, 0x00000000f6ec0000, 0x0000000100000000)
2015-11-12T00:51:25.856-0600: 1.119: [GC2015-11-12T00:51:25.856-0600: 1.119: [ParNew
Desired survivor size 20112992 bytes, new threshold 8 (max 8)
- age   1:    5367128 bytes,    5367128 total
: 87424K->5306K(109248K), 0.0142790 secs] 87424K->5306K(502464K), 0.0144660 secs] [Times: user=0.04 sys=0.00, real=0.01 secs] 
Heap after GC invocations=1 (full 0):
 par new generation   total 109248K, used 5306K [0x00000000d5a00000, 0x00000000dda00000, 0x00000000dda00000)
  eden space 87424K,   0% used [0x00000000d5a00000, 0x00000000d5a00000, 0x00000000daf60000)
  from space 21824K,  24% used [0x00000000dc4b0000, 0x00000000dc9deb90, 0x00000000dda00000)
  to   space 21824K,   0% used [0x00000000daf60000, 0x00000000daf60000, 0x00000000dc4b0000)
 concurrent mark-sweep generation total 393216K, used 0K [0x00000000dda00000, 0x00000000f5a00000, 0x00000000f5a00000)
 concurrent-mark-sweep perm gen total 21248K, used 10289K [0x00000000f5a00000, 0x00000000f6ec0000, 0x0000000100000000)
}
2015-11-12T00:51:25.871-0600: 1.133: Total time for which application threads were stopped: 0.0146900 seconds, Stopping threads took: 0.0000370 seconds
2015-11-12T00:51:26.420-0600: 1.682: Total time for which application threads were stopped: 0.0001890 seconds, Stopping threads took: 0.0000240 seconds
2015-11-12T00:51:26.661-0600: 1.924: Total time for which application threads were stopped: 0.0001700 seconds, Stopping threads took: 0.0000260 seconds
2015-11-12T00:51:28.826-0600: 4.089: Total time for which application threads were stopped: 0.0003820 seconds, Stopping threads took: 0.0000350 seconds
2015-11-12T00:51:28.923-0600: 4.186: Total time for which application threads were stopped: 0.0004360 seconds, Stopping threads took: 0.0002140 seconds
2015-11-12T00:51:29.048-0600: 4.310: Total time for which application threads were stopped: 0.0001840 seconds, Stopping threads took: 0.0001090 seconds
2015-11-12T00:51:29.067-0600: 4.330: Total time for which application threads were stopped: 0.0004990 seconds, Stopping threads took: 0.0000740 seconds
2015-11-12T00:51:29.231-0600: 4.494: Total time for which application threads were stopped: 0.0002850 seconds, Stopping threads took: 0.0000560 seconds
2015-11-12T00:51:29.311-0600: 4.574: Total time for which application threads were stopped: 0.0001340 seconds, Stopping threads took: 0.0000640 seconds
2015-11-12T00:51:29.312-0600: 4.574: Total time for which application threads were stopped: 0.0000600 seconds, Stopping threads took: 0.0000170 seconds
2015-11-12T00:51:30.525-0600: 5.788: Total time for which application threads were stopped: 0.0001140 seconds, Stopping threads took: 0.0000270 seconds
2015-11-12T00:51:30.526-0600: 5.788: Total time for which application threads were stopped: 0.0000460 seconds, Stopping threads took: 0.0000180 seconds
2015-11-12T00:51:30.531-0600: 5.794: Total time for which application threads were stopped: 0.0000600 seconds, Stopping threads took: 0.0000220 seconds
2015-11-12T00:51:30.553-0600: 5.816: Total time for which application threads were stopped: 0.0000500 seconds, Stopping threads took: 0.0000220 seconds
2015-11-12T00:51:30.553-0600: 5.816: Total time for which application threads were stopped: 0.0000390 seconds, Stopping threads took: 0.0000150 seconds
2015-11-12T00:51:30.582-0600: 5.845: Total time for which application threads were stopped: 0.0000630 seconds, Stopping threads took: 0.0000210 seconds
2015-11-12T00:51:30.681-0600: 5.944: Total time for which application threads were stopped: 0.0002600 seconds, Stopping threads took: 0.0000710 seconds
2015-11-12T00:51:30.683-0600: 5.946: Total time for which application threads were stopped: 0.0010410 seconds, Stopping threads took: 0.0009590 seconds
2015-11-12T00:51:30.683-0600: 5.946: Total time for which application threads were stopped: 0.0000520 seconds, Stopping threads took: 0.0000170 seconds
2015-11-12T00:51:30.684-0600: 5.946: Total time for which application threads were stopped: 0.0001100 seconds, Stopping threads took: 0.0000610 seconds
2015-11-12T00:51:30.684-0600: 5.947: Total time for which application threads were stopped: 0.0000830 seconds, Stopping threads took: 0.0000470 seconds
2015-11-12T00:51:30.686-0600: 5.949: Total time for which application threads were stopped: 0.0000920 seconds, Stopping threads took: 0.0000420 seconds
2015-11-12T00:51:30.686-0600: 5.949: Total time for which application threads were stopped: 0.0000830 seconds, Stopping threads took: 0.0000570 seconds
2015-11-12T00:51:30.687-0600: 5.949: Total time for which application threads were stopped: 0.0000780 seconds, Stopping threads took: 0.0000450 seconds
2015-11-12T00:51:30.687-0600: 5.949: Total time for which application threads were stopped: 0.0000720 seconds, Stopping threads took: 0.0000460 seconds
2015-11-12T00:51:30.687-0600: 5.950: Total time for which application threads were stopped: 0.0000740 seconds, Stopping threads took: 0.0000330 seconds
2015-11-12T00:51:30.779-0600: 6.042: Total time for which application threads were stopped: 0.0001220 seconds, Stopping threads took: 0.0000490 seconds
2015-11-12T00:51:30.780-0600: 6.042: Total time for which application threads were stopped: 0.0000700 seconds, Stopping threads took: 0.0000300 seconds
2015-11-12T00:51:30.807-0600: 6.070: Total time for which application threads were stopped: 0.0001270 seconds, Stopping threads took: 0.0000630 seconds
2015-11-12T00:51:30.816-0600: 6.079: Total time for which application threads were stopped: 0.0001170 seconds, Stopping threads took: 0.0000570 seconds
2015-11-12T00:51:30.817-0600: 6.079: Total time for which application threads were stopped: 0.0001110 seconds, Stopping threads took: 0.0000710 seconds
2015-11-12T00:51:32.823-0600: 8.086: Total time for which application threads were stopped: 0.0001970 seconds, Stopping threads took: 0.0000440 seconds
2015-11-12T00:51:32.855-0600: 8.118: Total time for which application threads were stopped: 0.0002640 seconds, Stopping threads took: 0.0000330 seconds
2015-11-12T00:51:33.429-0600: 8.691: Total time for which application threads were stopped: 0.0002050 seconds, Stopping threads took: 0.0000430 seconds
2015-11-12T00:51:36.597-0600: 11.860: Total time for which application threads were stopped: 0.0002960 seconds, Stopping threads took: 0.0000460 seconds
2015-11-12T00:51:36.661-0600: 11.924: Total time for which application threads were stopped: 0.0001470 seconds, Stopping threads took: 0.0000520 seconds
2015-11-12T00:51:36.662-0600: 11.925: Total time for which application threads were stopped: 0.0000940 seconds, Stopping threads took: 0.0000420 seconds
2015-11-12T00:51:36.666-0600: 11.929: Total time for which application threads were stopped: 0.0000650 seconds, Stopping threads took: 0.0000230 seconds
2015-11-12T00:51:36.666-0600: 11.929: Total time for which application threads were stopped: 0.0000510 seconds, Stopping threads took: 0.0000230 seconds
2015-11-12T00:51:36.666-0600: 11.929: Total time for which application threads were stopped: 0.0001110 seconds, Stopping threads took: 0.0000370 seconds
2015-11-12T00:51:36.669-0600: 11.932: Total time for which application threads were stopped: 0.0001240 seconds, Stopping threads took: 0.0000410 seconds
2015-11-12T00:51:36.671-0600: 11.934: Total time for which application threads were stopped: 0.0001060 seconds, Stopping threads took: 0.0000380 seconds
2015-11-12T00:51:36.678-0600: 11.941: Total time for which application threads were stopped: 0.0001470 seconds, Stopping threads took: 0.0000570 seconds
2015-11-12T00:51:36.679-0600: 11.942: Total time for which application threads were stopped: 0.0000740 seconds, Stopping threads took: 0.0000260 seconds
2015-11-12T00:51:36.679-0600: 11.942: Total time for which application threads were stopped: 0.0000560 seconds, Stopping threads took: 0.0000190 seconds
2015-11-12T00:51:36.685-0600: 11.947: Total time for which application threads were stopped: 0.0000900 seconds, Stopping threads took: 0.0000310 seconds
2015-11-12T00:51:36.685-0600: 11.948: Total time for which application threads were stopped: 0.0000380 seconds, Stopping threads took: 0.0000140 seconds
{Heap before GC invocations=1 (full 0):
 par new generation   total 109248K, used 92730K [0x00000000d5a00000, 0x00000000dda00000, 0x00000000dda00000)
  eden space 87424K, 100% used [0x00000000d5a00000, 0x00000000daf60000, 0x00000000daf60000)
  from space 21824K,  24% used [0x00000000dc4b0000, 0x00000000dc9deb90, 0x00000000dda00000)
  to   space 21824K,   0% used [0x00000000daf60000, 0x00000000daf60000, 0x00000000dc4b0000)
 concurrent mark-sweep generation total 393216K, used 0K [0x00000000dda00000, 0x00000000f5a00000, 0x00000000f5a00000)
 concurrent-mark-sweep perm gen total 23744K, used 23546K [0x00000000f5a00000, 0x00000000f7130000, 0x0000000100000000)
2015-11-12T00:51:36.685-0600: 11.948: [GC2015-11-12T00:51:36.685-0600: 11.948: [ParNew
Desired survivor size 20112992 bytes, new threshold 8 (max 8)
- age   1:   10840912 bytes,   10840912 total
- age   2:    2137744 bytes,   12978656 total
: 92730K->13784K(109248K), 0.0206540 secs] 92730K->13784K(502464K), 0.0208020 secs] [Times: user=0.07 sys=0.01, real=0.03 secs] 
Heap after GC invocations=2 (full 0):
 par new generation   total 109248K, used 13784K [0x00000000d5a00000, 0x00000000dda00000, 0x00000000dda00000)
  eden space 87424K,   0% used [0x00000000d5a00000, 0x00000000d5a00000, 0x00000000daf60000)
  from space 21824K,  63% used [0x00000000daf60000, 0x00000000dbcd6110, 0x00000000dc4b0000)
  to   space 21824K,   0% used [0x00000000dc4b0000, 0x00000000dc4b0000, 0x00000000dda00000)
 concurrent mark-sweep generation total 393216K, used 0K [0x00000000dda00000, 0x00000000f5a00000, 0x00000000f5a00000)
 concurrent-mark-sweep perm gen total 23744K, used 23546K [0x00000000f5a00000, 0x00000000f7130000, 0x0000000100000000)
}
2015-11-12T00:51:36.706-0600: 11.969: Total time for which application threads were stopped: 0.0211380 seconds, Stopping threads took: 0.0000360 seconds
2015-11-12T00:51:36.707-0600: 11.970: Total time for which application threads were stopped: 0.0000820 seconds, Stopping threads took: 0.0000410 seconds
2015-11-12T00:51:36.709-0600: 11.971: Total time for which application threads were stopped: 0.0000720 seconds, Stopping threads took: 0.0000400 seconds
2015-11-12T00:51:36.710-0600: 11.972: Total time for which application threads were stopped: 0.0001140 seconds, Stopping threads took: 0.0000720 seconds
2015-11-12T00:51:36.710-0600: 11.972: Total time for which application threads were stopped: 0.0000620 seconds, Stopping threads took: 0.0000340 seconds
2015-11-12T00:51:36.710-0600: 11.972: Total time for which application threads were stopped: 0.0000580 seconds, Stopping threads took: 0.0000300 seconds
2015-11-12T00:51:36.710-0600: 11.973: Total time for which application threads were stopped: 0.0000570 seconds, Stopping threads took: 0.0000310 seconds
2015-11-12T00:51:36.710-0600: 11.973: Total time for which application threads were stopped: 0.0000420 seconds, Stopping threads took: 0.0000190 seconds
2015-11-12T00:51:36.710-0600: 11.973: Total time for which application threads were stopped: 0.0000880 seconds, Stopping threads took: 0.0000470 seconds
2015-11-12T00:51:36.710-0600: 11.973: Total time for which application threads were stopped: 0.0000680 seconds, Stopping threads took: 0.0000430 seconds
2015-11-12T00:51:36.710-0600: 11.973: Total time for which application threads were stopped: 0.0000440 seconds, Stopping threads took: 0.0000160 seconds
2015-11-12T00:51:36.710-0600: 11.973: Total time for which application threads were stopped: 0.0000580 seconds, Stopping threads took: 0.0000300 seconds
2015-11-12T00:51:36.711-0600: 11.973: Total time for which application threads were stopped: 0.0000550 seconds, Stopping threads took: 0.0000260 seconds
2015-11-12T00:51:36.715-0600: 11.978: Total time for which application threads were stopped: 0.0000900 seconds, Stopping threads took: 0.0000450 seconds
2015-11-12T00:51:36.716-0600: 11.978: Total time for which application threads were stopped: 0.0000720 seconds, Stopping threads took: 0.0000390 seconds
2015-11-12T00:51:36.716-0600: 11.978: Total time for which application threads were stopped: 0.0000770 seconds, Stopping threads took: 0.0000450 seconds
2015-11-12T00:51:36.716-0600: 11.978: Total time for which application threads were stopped: 0.0000730 seconds, Stopping threads took: 0.0000420 seconds
2015-11-12T00:51:36.716-0600: 11.979: Total time for which application threads were stopped: 0.0000640 seconds, Stopping threads took: 0.0000330 seconds
2015-11-12T00:51:36.716-0600: 11.979: Total time for which application threads were stopped: 0.0000530 seconds, Stopping threads took: 0.0000300 seconds
2015-11-12T00:51:36.716-0600: 11.979: Total time for which application threads were stopped: 0.0000440 seconds, Stopping threads took: 0.0000260 seconds
2015-11-12T00:51:36.717-0600: 11.979: Total time for which application threads were stopped: 0.0000520 seconds, Stopping threads took: 0.0000340 seconds
2015-11-12T00:51:36.717-0600: 11.979: Total time for which application threads were stopped: 0.0000440 seconds, Stopping threads took: 0.0000250 seconds
2015-11-12T00:51:36.717-0600: 11.979: Total time for which application threads were stopped: 0.0000430 seconds, Stopping threads took: 0.0000250 seconds
2015-11-12T00:51:36.717-0600: 11.980: Total time for which application threads were stopped: 0.0000520 seconds, Stopping threads took: 0.0000310 seconds
2015-11-12T00:51:36.717-0600: 11.980: Total time for which application threads were stopped: 0.0000450 seconds, Stopping threads took: 0.0000270 seconds
2015-11-12T00:51:36.717-0600: 11.980: Total time for which application threads were stopped: 0.0000450 seconds, Stopping threads took: 0.0000270 seconds
2015-11-12T00:51:36.717-0600: 11.980: Total time for which application threads were stopped: 0.0000410 seconds, Stopping threads took: 0.0000230 seconds
2015-11-12T00:51:36.717-0600: 11.980: Total time for which application threads were stopped: 0.0000430 seconds, Stopping threads took: 0.0000240 seconds
2015-11-12T00:51:36.717-0600: 11.980: Total time for which application threads were stopped: 0.0000450 seconds, Stopping threads took: 0.0000260 seconds
2015-11-12T00:51:36.717-0600: 11.980: Total time for which application threads were stopped: 0.0001400 seconds, Stopping threads took: 0.0000260 seconds
2015-11-12T00:51:36.724-0600: 11.987: Total time for which application threads were stopped: 0.0000810 seconds, Stopping threads took: 0.0000310 seconds
2015-11-12T00:51:36.724-0600: 11.987: Total time for which application threads were stopped: 0.0000680 seconds, Stopping threads took: 0.0000260 seconds
2015-11-12T00:51:36.736-0600: 11.999: Total time for which application threads were stopped: 0.0001870 seconds, Stopping threads took: 0.0000610 seconds
2015-11-12T00:51:36.740-0600: 12.003: Total time for which application threads were stopped: 0.0002050 seconds, Stopping threads took: 0.0000610 seconds
2015-11-12T00:51:36.748-0600: 12.010: Total time for which application threads were stopped: 0.0004480 seconds, Stopping threads took: 0.0000560 seconds
2015-11-12T00:51:36.809-0600: 12.071: Total time for which application threads were stopped: 0.0001740 seconds, Stopping threads took: 0.0000680 seconds
2015-11-12T00:51:36.819-0600: 12.081: Total time for which application threads were stopped: 0.0001900 seconds, Stopping threads took: 0.0000680 seconds
2015-11-12T00:51:36.935-0600: 12.198: Total time for which application threads were stopped: 0.0000730 seconds, Stopping threads took: 0.0000280 seconds
2015-11-12T00:51:37.682-0600: 12.945: Total time for which application threads were stopped: 0.0003300 seconds, Stopping threads took: 0.0000710 seconds
2015-11-12T00:51:37.694-0600: 12.957: Total time for which application threads were stopped: 0.0000680 seconds, Stopping threads took: 0.0000310 seconds
2015-11-12T00:51:37.730-0600: 12.993: Total time for which application threads were stopped: 0.0001630 seconds, Stopping threads took: 0.0000620 seconds
2015-11-12T00:51:37.732-0600: 12.995: Total time for which application threads were stopped: 0.0001780 seconds, Stopping threads took: 0.0000780 seconds
2015-11-12T00:51:37.749-0600: 13.012: Total time for which application threads were stopped: 0.0001220 seconds, Stopping threads took: 0.0000660 seconds
2015-11-12T00:51:37.795-0600: 13.058: Total time for which application threads were stopped: 0.0001950 seconds, Stopping threads took: 0.0000840 seconds
2015-11-12T00:51:37.804-0600: 13.067: Total time for which application threads were stopped: 0.0000890 seconds, Stopping threads took: 0.0000350 seconds
2015-11-12T00:51:37.847-0600: 13.109: Total time for which application threads were stopped: 0.0001420 seconds, Stopping threads took: 0.0000930 seconds
2015-11-12T00:51:37.854-0600: 13.116: Total time for which application threads were stopped: 0.0000840 seconds, Stopping threads took: 0.0000380 seconds
2015-11-12T00:51:37.909-0600: 13.172: Total time for which application threads were stopped: 0.0002370 seconds, Stopping threads took: 0.0000880 seconds
2015-11-12T00:51:37.978-0600: 13.240: Total time for which application threads were stopped: 0.0001240 seconds, Stopping threads took: 0.0000650 seconds
2015-11-12T00:51:38.028-0600: 13.291: Total time for which application threads were stopped: 0.0038910 seconds, Stopping threads took: 0.0037550 seconds
2015-11-12T00:51:38.032-0600: 13.295: Total time for which application threads were stopped: 0.0000950 seconds, Stopping threads took: 0.0000310 seconds
2015-11-12T00:51:38.038-0600: 13.300: Total time for which application threads were stopped: 0.0004320 seconds, Stopping threads took: 0.0001020 seconds
2015-11-12T00:51:38.045-0600: 13.308: Total time for which application threads were stopped: 0.0004500 seconds, Stopping threads took: 0.0002210 seconds
2015-11-12T00:51:38.064-0600: 13.326: Total time for which application threads were stopped: 0.0001250 seconds, Stopping threads took: 0.0000600 seconds
2015-11-12T00:51:38.121-0600: 13.384: Total time for which application threads were stopped: 0.0004870 seconds, Stopping threads took: 0.0001440 seconds
2015-11-12T00:51:38.167-0600: 13.430: Total time for which application threads were stopped: 0.0002810 seconds, Stopping threads took: 0.0001850 seconds
2015-11-12T00:51:38.184-0600: 13.446: Total time for which application threads were stopped: 0.0001580 seconds, Stopping threads took: 0.0000410 seconds
2015-11-12T00:51:38.214-0600: 13.476: Total time for which application threads were stopped: 0.0002410 seconds, Stopping threads took: 0.0000910 seconds
2015-11-12T00:51:38.225-0600: 13.488: Total time for which application threads were stopped: 0.0002600 seconds, Stopping threads took: 0.0001200 seconds
2015-11-12T00:51:38.242-0600: 13.505: Total time for which application threads were stopped: 0.0001050 seconds, Stopping threads took: 0.0000400 seconds
2015-11-12T00:51:38.248-0600: 13.511: Total time for which application threads were stopped: 0.0001810 seconds, Stopping threads took: 0.0001200 seconds
2015-11-12T00:51:38.255-0600: 13.517: Total time for which application threads were stopped: 0.0001640 seconds, Stopping threads took: 0.0000870 seconds
2015-11-12T00:51:38.271-0600: 13.534: Total time for which application threads were stopped: 0.0003170 seconds, Stopping threads took: 0.0001990 seconds
2015-11-12T00:51:39.272-0600: 14.534: Total time for which application threads were stopped: 0.0002700 seconds, Stopping threads took: 0.0000640 seconds
2015-11-12T00:51:39.411-0600: 14.674: Total time for which application threads were stopped: 0.0002100 seconds, Stopping threads took: 0.0000640 seconds
2015-11-12T00:51:39.551-0600: 14.814: Total time for which application threads were stopped: 0.0001960 seconds, Stopping threads took: 0.0000270 seconds
2015-11-12T00:51:39.586-0600: 14.849: Total time for which application threads were stopped: 0.0107120 seconds, Stopping threads took: 0.0105310 seconds
2015-11-12T00:51:40.596-0600: 15.859: Total time for which application threads were stopped: 0.0100960 seconds, Stopping threads took: 0.0097170 seconds
{Heap before GC invocations=2 (full 0):
 par new generation   total 109248K, used 101208K [0x00000000d5a00000, 0x00000000dda00000, 0x00000000dda00000)
  eden space 87424K, 100% used [0x00000000d5a00000, 0x00000000daf60000, 0x00000000daf60000)
  from space 21824K,  63% used [0x00000000daf60000, 0x00000000dbcd6110, 0x00000000dc4b0000)
  to   space 21824K,   0% used [0x00000000dc4b0000, 0x00000000dc4b0000, 0x00000000dda00000)
 concurrent mark-sweep generation total 393216K, used 0K [0x00000000dda00000, 0x00000000f5a00000, 0x00000000f5a00000)
 concurrent-mark-sweep perm gen total 25856K, used 25657K [0x00000000f5a00000, 0x00000000f7340000, 0x0000000100000000)
2015-11-12T00:51:40.650-0600: 15.913: [GC2015-11-12T00:51:40.651-0600: 15.913: [ParNew
Desired survivor size 20112992 bytes, new threshold 8 (max 8)
- age   1:    5143936 bytes,    5143936 total
- age   2:    3590168 bytes,    8734104 total
- age   3:    2135304 bytes,   10869408 total
: 101208K->15395K(109248K), 0.0554230 secs] 101208K->15395K(502464K), 0.0556880 secs] [Times: user=0.09 sys=0.00, real=0.06 secs] 
Heap after GC invocations=3 (full 0):
 par new generation   total 109248K, used 15395K [0x00000000d5a00000, 0x00000000dda00000, 0x00000000dda00000)
  eden space 87424K,   0% used [0x00000000d5a00000, 0x00000000d5a00000, 0x00000000daf60000)
  from space 21824K,  70% used [0x00000000dc4b0000, 0x00000000dd3b8c40, 0x00000000dda00000)
  to   space 21824K,   0% used [0x00000000daf60000, 0x00000000daf60000, 0x00000000dc4b0000)
 concurrent mark-sweep generation total 393216K, used 0K [0x00000000dda00000, 0x00000000f5a00000, 0x00000000f5a00000)
 concurrent-mark-sweep perm gen total 25856K, used 25657K [0x00000000f5a00000, 0x00000000f7340000, 0x0000000100000000)
}
2015-11-12T00:51:40.706-0600: 15.969: Total time for which application threads were stopped: 0.0663180 seconds, Stopping threads took: 0.0103500 seconds
2015-11-12T00:51:40.711-0600: 15.973: Total time for which application threads were stopped: 0.0001880 seconds, Stopping threads took: 0.0001100 seconds
2015-11-12T00:51:40.711-0600: 15.973: Total time for which application threads were stopped: 0.0000620 seconds, Stopping threads took: 0.0000180 seconds
2015-11-12T00:51:40.713-0600: 15.976: Total time for which application threads were stopped: 0.0001300 seconds, Stopping threads took: 0.0000390 seconds
2015-11-12T00:51:40.719-0600: 15.982: Total time for which application threads were stopped: 0.0035060 seconds, Stopping threads took: 0.0033900 seconds
2015-11-12T00:51:40.719-0600: 15.982: Total time for which application threads were stopped: 0.0000750 seconds, Stopping threads took: 0.0000230 seconds
2015-11-12T00:51:40.720-0600: 15.982: Total time for which application threads were stopped: 0.0000530 seconds, Stopping threads took: 0.0000130 seconds
2015-11-12T00:51:40.720-0600: 15.982: Total time for which application threads were stopped: 0.0000500 seconds, Stopping threads took: 0.0000110 seconds
2015-11-12T00:51:40.720-0600: 15.982: Total time for which application threads were stopped: 0.0000520 seconds, Stopping threads took: 0.0000110 seconds
2015-11-12T00:51:40.720-0600: 15.983: Total time for which application threads were stopped: 0.0000510 seconds, Stopping threads took: 0.0000130 seconds
2015-11-12T00:51:40.720-0600: 15.983: Total time for which application threads were stopped: 0.0000490 seconds, Stopping threads took: 0.0000110 seconds
2015-11-12T00:51:40.720-0600: 15.983: Total time for which application threads were stopped: 0.0000520 seconds, Stopping threads took: 0.0000130 seconds
2015-11-12T00:51:40.720-0600: 15.983: Total time for which application threads were stopped: 0.0000580 seconds, Stopping threads took: 0.0000170 seconds
2015-11-12T00:51:40.720-0600: 15.983: Total time for which application threads were stopped: 0.0000510 seconds, Stopping threads took: 0.0000120 seconds
2015-11-12T00:51:40.722-0600: 15.985: Total time for which application threads were stopped: 0.0001190 seconds, Stopping threads took: 0.0000380 seconds
2015-11-12T00:51:40.722-0600: 15.985: Total time for which application threads were stopped: 0.0000530 seconds, Stopping threads took: 0.0000130 seconds
2015-11-12T00:51:40.726-0600: 15.989: Total time for which application threads were stopped: 0.0041040 seconds, Stopping threads took: 0.0040170 seconds
2015-11-12T00:51:40.730-0600: 15.993: Total time for which application threads were stopped: 0.0013290 seconds, Stopping threads took: 0.0012530 seconds
2015-11-12T00:51:40.730-0600: 15.993: Total time for which application threads were stopped: 0.0000580 seconds, Stopping threads took: 0.0000170 seconds
2015-11-12T00:51:40.730-0600: 15.993: Total time for which application threads were stopped: 0.0000470 seconds, Stopping threads took: 0.0000110 seconds
2015-11-12T00:51:40.731-0600: 15.993: Total time for which application threads were stopped: 0.0003680 seconds, Stopping threads took: 0.0000100 seconds
2015-11-12T00:51:40.734-0600: 15.996: Total time for which application threads were stopped: 0.0001390 seconds, Stopping threads took: 0.0000340 seconds
2015-11-12T00:51:40.735-0600: 15.998: Total time for which application threads were stopped: 0.0001320 seconds, Stopping threads took: 0.0000230 seconds
2015-11-12T00:51:41.742-0600: 17.004: Total time for which application threads were stopped: 0.0064660 seconds, Stopping threads took: 0.0061600 seconds
2015-11-12T00:51:41.916-0600: 17.179: Total time for which application threads were stopped: 0.0035310 seconds, Stopping threads took: 0.0033080 seconds
2015-11-12T00:51:42.178-0600: 17.441: Total time for which application threads were stopped: 0.0023680 seconds, Stopping threads took: 0.0022350 seconds
2015-11-12T00:51:42.187-0600: 17.449: Total time for which application threads were stopped: 0.0019040 seconds, Stopping threads took: 0.0017550 seconds
2015-11-12T00:51:42.206-0600: 17.469: Total time for which application threads were stopped: 0.0005070 seconds, Stopping threads took: 0.0003040 seconds
2015-11-12T00:51:42.210-0600: 17.473: Total time for which application threads were stopped: 0.0006810 seconds, Stopping threads took: 0.0005630 seconds
{Heap before GC invocations=3 (full 0):
 par new generation   total 109248K, used 102819K [0x00000000d5a00000, 0x00000000dda00000, 0x00000000dda00000)
  eden space 87424K, 100% used [0x00000000d5a00000, 0x00000000daf60000, 0x00000000daf60000)
  from space 21824K,  70% used [0x00000000dc4b0000, 0x00000000dd3b8c40, 0x00000000dda00000)
  to   space 21824K,   0% used [0x00000000daf60000, 0x00000000daf60000, 0x00000000dc4b0000)
 concurrent mark-sweep generation total 393216K, used 0K [0x00000000dda00000, 0x00000000f5a00000, 0x00000000f5a00000)
 concurrent-mark-sweep perm gen total 26432K, used 26326K [0x00000000f5a00000, 0x00000000f73d0000, 0x0000000100000000)
2015-11-12T00:51:42.514-0600: 17.777: [GC2015-11-12T00:51:42.514-0600: 17.777: [ParNew
Desired survivor size 20112992 bytes, new threshold 8 (max 8)
- age   1:    2287712 bytes,    2287712 total
- age   2:    2744896 bytes,    5032608 total
- age   3:    3588656 bytes,    8621264 total
- age   4:    2135304 bytes,   10756568 total
: 102819K->13092K(109248K), 0.0524190 secs] 102819K->13092K(502464K), 0.0526500 secs] [Times: user=0.09 sys=0.00, real=0.06 secs] 
Heap after GC invocations=4 (full 0):
 par new generation   total 109248K, used 13092K [0x00000000d5a00000, 0x00000000dda00000, 0x00000000dda00000)
  eden space 87424K,   0% used [0x00000000d5a00000, 0x00000000d5a00000, 0x00000000daf60000)
  from space 21824K,  59% used [0x00000000daf60000, 0x00000000dbc29240, 0x00000000dc4b0000)
  to   space 21824K,   0% used [0x00000000dc4b0000, 0x00000000dc4b0000, 0x00000000dda00000)
 concurrent mark-sweep generation total 393216K, used 0K [0x00000000dda00000, 0x00000000f5a00000, 0x00000000f5a00000)
 concurrent-mark-sweep perm gen total 26432K, used 26326K [0x00000000f5a00000, 0x00000000f73d0000, 0x0000000100000000)
}
2015-11-12T00:51:42.567-0600: 17.830: Total time for which application threads were stopped: 0.0533230 seconds, Stopping threads took: 0.0002110 seconds
2015-11-12T00:51:42.581-0600: 17.844: Total time for which application threads were stopped: 0.0023260 seconds, Stopping threads took: 0.0022100 seconds
2015-11-12T00:51:42.581-0600: 17.844: Total time for which application threads were stopped: 0.0001440 seconds, Stopping threads took: 0.0000620 seconds
{Heap before GC invocations=4 (full 0):
 par new generation   total 109248K, used 100516K [0x00000000d5a00000, 0x00000000dda00000, 0x00000000dda00000)
  eden space 87424K, 100% used [0x00000000d5a00000, 0x00000000daf60000, 0x00000000daf60000)
  from space 21824K,  59% used [0x00000000daf60000, 0x00000000dbc29240, 0x00000000dc4b0000)
  to   space 21824K,   0% used [0x00000000dc4b0000, 0x00000000dc4b0000, 0x00000000dda00000)
 concurrent mark-sweep generation total 393216K, used 0K [0x00000000dda00000, 0x00000000f5a00000, 0x00000000f5a00000)
 concurrent-mark-sweep perm gen total 26624K, used 26495K [0x00000000f5a00000, 0x00000000f7400000, 0x0000000100000000)
2015-11-12T00:51:43.119-0600: 18.382: [GC2015-11-12T00:51:43.120-0600: 18.382: [ParNew
Desired survivor size 20112992 bytes, new threshold 8 (max 8)
- age   1:     746736 bytes,     746736 total
- age   2:    1769968 bytes,    2516704 total
- age   3:    2711760 bytes,    5228464 total
- age   4:    3588440 bytes,    8816904 total
- age   5:    2135304 bytes,   10952208 total
: 100516K->14272K(109248K), 0.0423690 secs] 100516K->14272K(502464K), 0.0425810 secs] [Times: user=0.10 sys=0.01, real=0.04 secs] 
Heap after GC invocations=5 (full 0):
 par new generation   total 109248K, used 14272K [0x00000000d5a00000, 0x00000000dda00000, 0x00000000dda00000)
  eden space 87424K,   0% used [0x00000000d5a00000, 0x00000000d5a00000, 0x00000000daf60000)
  from space 21824K,  65% used [0x00000000dc4b0000, 0x00000000dd2a01a0, 0x00000000dda00000)
  to   space 21824K,   0% used [0x00000000daf60000, 0x00000000daf60000, 0x00000000dc4b0000)
 concurrent mark-sweep generation total 393216K, used 0K [0x00000000dda00000, 0x00000000f5a00000, 0x00000000f5a00000)
 concurrent-mark-sweep perm gen total 26624K, used 26495K [0x00000000f5a00000, 0x00000000f7400000, 0x0000000100000000)
}
2015-11-12T00:51:43.162-0600: 18.425: Total time for which application threads were stopped: 0.0432030 seconds, Stopping threads took: 0.0000690 seconds
2015-11-12T00:51:43.582-0600: 18.845: Total time for which application threads were stopped: 0.0001980 seconds, Stopping threads took: 0.0000360 seconds
2015-11-12T00:51:43.583-0600: 18.846: Total time for which application threads were stopped: 0.0001150 seconds, Stopping threads took: 0.0000310 seconds
{Heap before GC invocations=5 (full 0):
 par new generation   total 109248K, used 101696K [0x00000000d5a00000, 0x00000000dda00000, 0x00000000dda00000)
  eden space 87424K, 100% used [0x00000000d5a00000, 0x00000000daf60000, 0x00000000daf60000)
  from space 21824K,  65% used [0x00000000dc4b0000, 0x00000000dd2a01a0, 0x00000000dda00000)
  to   space 21824K,   0% used [0x00000000daf60000, 0x00000000daf60000, 0x00000000dc4b0000)
 concurrent mark-sweep generation total 393216K, used 0K [0x00000000dda00000, 0x00000000f5a00000, 0x00000000f5a00000)
 concurrent-mark-sweep perm gen total 26816K, used 26746K [0x00000000f5a00000, 0x00000000f7430000, 0x0000000100000000)
2015-11-12T00:51:43.722-0600: 18.984: [GC2015-11-12T00:51:43.722-0600: 18.984: [ParNew
Desired survivor size 20112992 bytes, new threshold 8 (max 8)
- age   1:    1088976 bytes,    1088976 total
- age   2:     112760 bytes,    1201736 total
- age   3:    1756016 bytes,    2957752 total
- age   4:    2698624 bytes,    5656376 total
- age   5:    3588296 bytes,    9244672 total
- age   6:    2135304 bytes,   11379976 total
: 101696K->14376K(109248K), 0.0400660 secs] 101696K->14376K(502464K), 0.0402610 secs] [Times: user=0.09 sys=0.01, real=0.04 secs] 
Heap after GC invocations=6 (full 0):
 par new generation   total 109248K, used 14376K [0x00000000d5a00000, 0x00000000dda00000, 0x00000000dda00000)
  eden space 87424K,   0% used [0x00000000d5a00000, 0x00000000d5a00000, 0x00000000daf60000)
  from space 21824K,  65% used [0x00000000daf60000, 0x00000000dbd6a210, 0x00000000dc4b0000)
  to   space 21824K,   0% used [0x00000000dc4b0000, 0x00000000dc4b0000, 0x00000000dda00000)
 concurrent mark-sweep generation total 393216K, used 0K [0x00000000dda00000, 0x00000000f5a00000, 0x00000000f5a00000)
 concurrent-mark-sweep perm gen total 26816K, used 26746K [0x00000000f5a00000, 0x00000000f7430000, 0x0000000100000000)
}
2015-11-12T00:51:43.762-0600: 19.025: Total time for which application threads were stopped: 0.0405850 seconds, Stopping threads took: 0.0000430 seconds
{Heap before GC invocations=6 (full 0):
 par new generation   total 109248K, used 101778K [0x00000000d5a00000, 0x00000000dda00000, 0x00000000dda00000)
  eden space 87424K,  99% used [0x00000000d5a00000, 0x00000000daf5a748, 0x00000000daf60000)
  from space 21824K,  65% used [0x00000000daf60000, 0x00000000dbd6a210, 0x00000000dc4b0000)
  to   space 21824K,   0% used [0x00000000dc4b0000, 0x00000000dc4b0000, 0x00000000dda00000)
 concurrent mark-sweep generation total 393216K, used 0K [0x00000000dda00000, 0x00000000f5a00000, 0x00000000f5a00000)
 concurrent-mark-sweep perm gen total 27008K, used 26806K [0x00000000f5a00000, 0x00000000f7460000, 0x0000000100000000)
2015-11-12T00:51:44.178-0600: 19.441: [GC2015-11-12T00:51:44.179-0600: 19.441: [ParNew
Desired survivor size 20112992 bytes, new threshold 8 (max 8)
- age   1:     891856 bytes,     891856 total
- age   2:     132008 bytes,    1023864 total
- age   3:     108888 bytes,    1132752 total
- age   4:    1746576 bytes,    2879328 total
- age   5:    2691304 bytes,    5570632 total
- age   6:    3588080 bytes,    9158712 total
- age   7:    2135304 bytes,   11294016 total
: 101778K->12970K(109248K), 0.0317590 secs] 101778K->12970K(502464K), 0.0319440 secs] [Times: user=0.07 sys=0.00, real=0.03 secs] 
Heap after GC invocations=7 (full 0):
 par new generation   total 109248K, used 12970K [0x00000000d5a00000, 0x00000000dda00000, 0x00000000dda00000)
  eden space 87424K,   0% used [0x00000000d5a00000, 0x00000000d5a00000, 0x00000000daf60000)
  from space 21824K,  59% used [0x00000000dc4b0000, 0x00000000dd15abe0, 0x00000000dda00000)
  to   space 21824K,   0% used [0x00000000daf60000, 0x00000000daf60000, 0x00000000dc4b0000)
 concurrent mark-sweep generation total 393216K, used 0K [0x00000000dda00000, 0x00000000f5a00000, 0x00000000f5a00000)
 concurrent-mark-sweep perm gen total 27008K, used 26806K [0x00000000f5a00000, 0x00000000f7460000, 0x0000000100000000)
}
2015-11-12T00:51:44.211-0600: 19.473: Total time for which application threads were stopped: 0.0324460 seconds, Stopping threads took: 0.0000850 seconds
{Heap before GC invocations=7 (full 0):
 par new generation   total 109248K, used 100394K [0x00000000d5a00000, 0x00000000dda00000, 0x00000000dda00000)
  eden space 87424K, 100% used [0x00000000d5a00000, 0x00000000daf60000, 0x00000000daf60000)
  from space 21824K,  59% used [0x00000000dc4b0000, 0x00000000dd15abe0, 0x00000000dda00000)
  to   space 21824K,   0% used [0x00000000daf60000, 0x00000000daf60000, 0x00000000dc4b0000)
 concurrent mark-sweep generation total 393216K, used 0K [0x00000000dda00000, 0x00000000f5a00000, 0x00000000f5a00000)
 concurrent-mark-sweep perm gen total 27584K, used 27436K [0x00000000f5a00000, 0x00000000f74f0000, 0x0000000100000000)
2015-11-12T00:51:44.681-0600: 19.944: [GC2015-11-12T00:51:44.681-0600: 19.944: [ParNew
Desired survivor size 20112992 bytes, new threshold 8 (max 8)
- age   1:    1100304 bytes,    1100304 total
- age   2:     104112 bytes,    1204416 total
- age   3:     128520 bytes,    1332936 total
- age   4:     106840 bytes,    1439776 total
- age   5:    1736368 bytes,    3176144 total
- age   6:    2683216 bytes,    5859360 total
- age   7:    3588008 bytes,    9447368 total
- age   8:    2135304 bytes,   11582672 total
: 100394K->12141K(109248K), 0.0862460 secs] 100394K->12141K(502464K), 0.0864800 secs] [Times: user=0.15 sys=0.00, real=0.09 secs] 
Heap after GC invocations=8 (full 0):
 par new generation   total 109248K, used 12141K [0x00000000d5a00000, 0x00000000dda00000, 0x00000000dda00000)
  eden space 87424K,   0% used [0x00000000d5a00000, 0x00000000d5a00000, 0x00000000daf60000)
  from space 21824K,  55% used [0x00000000daf60000, 0x00000000dbb3b640, 0x00000000dc4b0000)
  to   space 21824K,   0% used [0x00000000dc4b0000, 0x00000000dc4b0000, 0x00000000dda00000)
 concurrent mark-sweep generation total 393216K, used 0K [0x00000000dda00000, 0x00000000f5a00000, 0x00000000f5a00000)
 concurrent-mark-sweep perm gen total 27584K, used 27436K [0x00000000f5a00000, 0x00000000f74f0000, 0x0000000100000000)
}
2015-11-12T00:51:44.768-0600: 20.030: Total time for which application threads were stopped: 0.0896080 seconds, Stopping threads took: 0.0027190 seconds
2015-11-12T00:51:44.947-0600: 20.209: Total time for which application threads were stopped: 0.0002550 seconds, Stopping threads took: 0.0000450 seconds
2015-11-12T00:51:45.038-0600: 20.301: Total time for which application threads were stopped: 0.0086540 seconds, Stopping threads took: 0.0084080 seconds
2015-11-12T00:51:45.070-0600: 20.332: Total time for which application threads were stopped: 0.0066870 seconds, Stopping threads took: 0.0065490 seconds
2015-11-12T00:51:45.074-0600: 20.337: Total time for which application threads were stopped: 0.0001940 seconds, Stopping threads took: 0.0000760 seconds
2015-11-12T00:51:45.097-0600: 20.360: Total time for which application threads were stopped: 0.0001830 seconds, Stopping threads took: 0.0000570 seconds
2015-11-12T00:51:45.126-0600: 20.389: Total time for which application threads were stopped: 0.0069460 seconds, Stopping threads took: 0.0068120 seconds
2015-11-12T00:51:45.142-0600: 20.405: Total time for which application threads were stopped: 0.0004150 seconds, Stopping threads took: 0.0002960 seconds
2015-11-12T00:51:45.148-0600: 20.410: Total time for which application threads were stopped: 0.0004480 seconds, Stopping threads took: 0.0002800 seconds
2015-11-12T00:51:45.230-0600: 20.493: Total time for which application threads were stopped: 0.0003490 seconds, Stopping threads took: 0.0000490 seconds
2015-11-12T00:51:45.248-0600: 20.510: Total time for which application threads were stopped: 0.0002080 seconds, Stopping threads took: 0.0000710 seconds
2015-11-12T00:51:45.258-0600: 20.520: Total time for which application threads were stopped: 0.0002780 seconds, Stopping threads took: 0.0001500 seconds
2015-11-12T00:51:45.609-0600: 20.872: Total time for which application threads were stopped: 0.0074220 seconds, Stopping threads took: 0.0071590 seconds
2015-11-12T00:51:45.667-0600: 20.929: Total time for which application threads were stopped: 0.0003260 seconds, Stopping threads took: 0.0000820 seconds
2015-11-12T00:51:45.701-0600: 20.963: Total time for which application threads were stopped: 0.0002400 seconds, Stopping threads took: 0.0000590 seconds
2015-11-12T00:51:45.870-0600: 21.133: Total time for which application threads were stopped: 0.0004370 seconds, Stopping threads took: 0.0000820 seconds
2015-11-12T00:51:45.904-0600: 21.167: Total time for which application threads were stopped: 0.0002140 seconds, Stopping threads took: 0.0000650 seconds
2015-11-12T00:51:45.978-0600: 21.241: Total time for which application threads were stopped: 0.0011920 seconds, Stopping threads took: 0.0010600 seconds
2015-11-12T00:51:46.059-0600: 21.322: Total time for which application threads were stopped: 0.0002610 seconds, Stopping threads took: 0.0000770 seconds
2015-11-12T00:51:46.092-0600: 21.355: Total time for which application threads were stopped: 0.0002130 seconds, Stopping threads took: 0.0000800 seconds
2015-11-12T00:51:46.121-0600: 21.384: Total time for which application threads were stopped: 0.0002020 seconds, Stopping threads took: 0.0000590 seconds
2015-11-12T00:51:46.225-0600: 21.488: Total time for which application threads were stopped: 0.0062090 seconds, Stopping threads took: 0.0060740 seconds
2015-11-12T00:51:46.241-0600: 21.504: Total time for which application threads were stopped: 0.0002090 seconds, Stopping threads took: 0.0000640 seconds
2015-11-12T00:51:46.486-0600: 21.749: Total time for which application threads were stopped: 0.0005800 seconds, Stopping threads took: 0.0002360 seconds
{Heap before GC invocations=8 (full 0):
 par new generation   total 109248K, used 99565K [0x00000000d5a00000, 0x00000000dda00000, 0x00000000dda00000)
  eden space 87424K, 100% used [0x00000000d5a00000, 0x00000000daf60000, 0x00000000daf60000)
  from space 21824K,  55% used [0x00000000daf60000, 0x00000000dbb3b640, 0x00000000dc4b0000)
  to   space 21824K,   0% used [0x00000000dc4b0000, 0x00000000dc4b0000, 0x00000000dda00000)
 concurrent mark-sweep generation total 393216K, used 0K [0x00000000dda00000, 0x00000000f5a00000, 0x00000000f5a00000)
 concurrent-mark-sweep perm gen total 28928K, used 28731K [0x00000000f5a00000, 0x00000000f7640000, 0x0000000100000000)
2015-11-12T00:51:46.970-0600: 22.233: [GC2015-11-12T00:51:46.970-0600: 22.233: [ParNew
Desired survivor size 20112992 bytes, new threshold 8 (max 8)
- age   1:    2306224 bytes,    2306224 total
- age   2:     155392 bytes,    2461616 total
- age   3:      96024 bytes,    2557640 total
- age   4:     119104 bytes,    2676744 total
- age   5:      73000 bytes,    2749744 total
- age   6:     373992 bytes,    3123736 total
- age   7:    2668088 bytes,    5791824 total
- age   8:    3586472 bytes,    9378296 total
: 99565K->16367K(109248K), 0.0623420 secs] 99565K->18673K(502464K), 0.0625580 secs] [Times: user=0.10 sys=0.00, real=0.06 secs] 
Heap after GC invocations=9 (full 0):
 par new generation   total 109248K, used 16367K [0x00000000d5a00000, 0x00000000dda00000, 0x00000000dda00000)
  eden space 87424K,   0% used [0x00000000d5a00000, 0x00000000d5a00000, 0x00000000daf60000)
  from space 21824K,  74% used [0x00000000dc4b0000, 0x00000000dd4abe80, 0x00000000dda00000)
  to   space 21824K,   0% used [0x00000000daf60000, 0x00000000daf60000, 0x00000000dc4b0000)
 concurrent mark-sweep generation total 393216K, used 2306K [0x00000000dda00000, 0x00000000f5a00000, 0x00000000f5a00000)
 concurrent-mark-sweep perm gen total 28928K, used 28731K [0x00000000f5a00000, 0x00000000f7640000, 0x0000000100000000)
}
2015-11-12T00:51:47.033-0600: 22.296: Total time for which application threads were stopped: 0.0630890 seconds, Stopping threads took: 0.0000720 seconds
2015-11-12T00:51:47.114-0600: 22.377: Total time for which application threads were stopped: 0.0015590 seconds, Stopping threads took: 0.0010550 seconds
2015-11-12T00:51:47.209-0600: 22.472: Total time for which application threads were stopped: 0.0002820 seconds, Stopping threads took: 0.0000620 seconds
2015-11-12T00:51:47.236-0600: 22.498: Total time for which application threads were stopped: 0.0003720 seconds, Stopping threads took: 0.0002560 seconds
2015-11-12T00:51:47.273-0600: 22.535: Total time for which application threads were stopped: 0.0001950 seconds, Stopping threads took: 0.0000810 seconds
2015-11-12T00:51:47.280-0600: 22.542: Total time for which application threads were stopped: 0.0002310 seconds, Stopping threads took: 0.0000730 seconds
2015-11-12T00:51:47.281-0600: 22.543: Total time for which application threads were stopped: 0.0002160 seconds, Stopping threads took: 0.0000600 seconds
2015-11-12T00:51:47.320-0600: 22.583: Total time for which application threads were stopped: 0.0058240 seconds, Stopping threads took: 0.0056980 seconds
2015-11-12T00:51:47.320-0600: 22.583: Total time for which application threads were stopped: 0.0000980 seconds, Stopping threads took: 0.0000230 seconds
2015-11-12T00:51:47.321-0600: 22.583: Total time for which application threads were stopped: 0.0000720 seconds, Stopping threads took: 0.0000120 seconds
2015-11-12T00:51:47.321-0600: 22.584: Total time for which application threads were stopped: 0.0001050 seconds, Stopping threads took: 0.0000250 seconds
2015-11-12T00:51:47.364-0600: 22.627: Total time for which application threads were stopped: 0.0048790 seconds, Stopping threads took: 0.0047430 seconds
2015-11-12T00:51:47.390-0600: 22.653: Total time for which application threads were stopped: 0.0002830 seconds, Stopping threads took: 0.0000720 seconds
2015-11-12T00:51:47.449-0600: 22.711: Total time for which application threads were stopped: 0.0011810 seconds, Stopping threads took: 0.0007530 seconds
2015-11-12T00:51:47.461-0600: 22.724: Total time for which application threads were stopped: 0.0002250 seconds, Stopping threads took: 0.0000810 seconds
2015-11-12T00:51:47.467-0600: 22.730: Total time for which application threads were stopped: 0.0001800 seconds, Stopping threads took: 0.0000410 seconds
2015-11-12T00:51:47.468-0600: 22.731: Total time for which application threads were stopped: 0.0001740 seconds, Stopping threads took: 0.0000510 seconds
2015-11-12T00:51:47.634-0600: 22.896: Total time for which application threads were stopped: 0.0005120 seconds, Stopping threads took: 0.0001600 seconds
2015-11-12T00:51:47.647-0600: 22.909: Total time for which application threads were stopped: 0.0006540 seconds, Stopping threads took: 0.0005300 seconds
2015-11-12T00:51:47.653-0600: 22.915: Total time for which application threads were stopped: 0.0001830 seconds, Stopping threads took: 0.0000610 seconds
2015-11-12T00:51:47.653-0600: 22.916: Total time for which application threads were stopped: 0.0001600 seconds, Stopping threads took: 0.0000670 seconds
2015-11-12T00:51:47.699-0600: 22.961: Total time for which application threads were stopped: 0.0001990 seconds, Stopping threads took: 0.0000740 seconds
2015-11-12T00:51:47.710-0600: 22.973: Total time for which application threads were stopped: 0.0072010 seconds, Stopping threads took: 0.0070530 seconds
2015-11-12T00:51:47.711-0600: 22.974: Total time for which application threads were stopped: 0.0001260 seconds, Stopping threads took: 0.0000370 seconds
2015-11-12T00:51:47.711-0600: 22.974: Total time for which application threads were stopped: 0.0000910 seconds, Stopping threads took: 0.0000230 seconds
2015-11-12T00:51:47.714-0600: 22.977: Total time for which application threads were stopped: 0.0028180 seconds, Stopping threads took: 0.0026990 seconds
2015-11-12T00:51:47.715-0600: 22.977: Total time for which application threads were stopped: 0.0001190 seconds, Stopping threads took: 0.0000320 seconds
2015-11-12T00:51:47.715-0600: 22.978: Total time for which application threads were stopped: 0.0001050 seconds, Stopping threads took: 0.0000230 seconds
2015-11-12T00:51:47.715-0600: 22.978: Total time for which application threads were stopped: 0.0001130 seconds, Stopping threads took: 0.0000250 seconds
2015-11-12T00:51:47.715-0600: 22.978: Total time for which application threads were stopped: 0.0001040 seconds, Stopping threads took: 0.0000230 seconds
2015-11-12T00:51:47.730-0600: 22.993: Total time for which application threads were stopped: 0.0003160 seconds, Stopping threads took: 0.0001860 seconds
2015-11-12T00:51:47.755-0600: 23.018: Total time for which application threads were stopped: 0.0002350 seconds, Stopping threads took: 0.0001100 seconds
2015-11-12T00:51:47.755-0600: 23.018: Total time for which application threads were stopped: 0.0001740 seconds, Stopping threads took: 0.0000770 seconds
2015-11-12T00:51:47.755-0600: 23.018: Total time for which application threads were stopped: 0.0000930 seconds, Stopping threads took: 0.0000210 seconds
2015-11-12T00:51:47.756-0600: 23.018: Total time for which application threads were stopped: 0.0000870 seconds, Stopping threads took: 0.0000200 seconds
2015-11-12T00:51:47.756-0600: 23.019: Total time for which application threads were stopped: 0.0000850 seconds, Stopping threads took: 0.0000190 seconds
2015-11-12T00:51:47.756-0600: 23.019: Total time for which application threads were stopped: 0.0000840 seconds, Stopping threads took: 0.0000190 seconds
2015-11-12T00:51:47.757-0600: 23.019: Total time for which application threads were stopped: 0.0003790 seconds, Stopping threads took: 0.0000180 seconds
2015-11-12T00:51:47.958-0600: 23.221: Total time for which application threads were stopped: 0.0005450 seconds, Stopping threads took: 0.0003910 seconds
2015-11-12T00:51:48.168-0600: 23.431: Total time for which application threads were stopped: 0.0005580 seconds, Stopping threads took: 0.0000950 seconds
2015-11-12T00:51:48.186-0600: 23.449: Total time for which application threads were stopped: 0.0036130 seconds, Stopping threads took: 0.0034960 seconds
2015-11-12T00:51:48.204-0600: 23.466: Total time for which application threads were stopped: 0.0001610 seconds, Stopping threads took: 0.0000720 seconds
2015-11-12T00:51:48.206-0600: 23.469: Total time for which application threads were stopped: 0.0001690 seconds, Stopping threads took: 0.0000820 seconds
2015-11-12T00:51:48.209-0600: 23.471: Total time for which application threads were stopped: 0.0004330 seconds, Stopping threads took: 0.0000730 seconds
2015-11-12T00:51:48.218-0600: 23.480: Total time for which application threads were stopped: 0.0001870 seconds, Stopping threads took: 0.0000480 seconds
2015-11-12T00:51:48.218-0600: 23.481: Total time for which application threads were stopped: 0.0001260 seconds, Stopping threads took: 0.0000460 seconds
2015-11-12T00:51:48.269-0600: 23.532: Total time for which application threads were stopped: 0.0002730 seconds, Stopping threads took: 0.0000840 seconds
2015-11-12T00:51:48.295-0600: 23.558: Total time for which application threads were stopped: 0.0001120 seconds, Stopping threads took: 0.0000390 seconds
2015-11-12T00:51:48.304-0600: 23.567: Total time for which application threads were stopped: 0.0001440 seconds, Stopping threads took: 0.0000710 seconds
2015-11-12T00:51:48.336-0600: 23.599: Total time for which application threads were stopped: 0.0017500 seconds, Stopping threads took: 0.0015660 seconds
2015-11-12T00:51:48.347-0600: 23.610: Total time for which application threads were stopped: 0.0004060 seconds, Stopping threads took: 0.0002830 seconds
2015-11-12T00:51:48.429-0600: 23.692: Total time for which application threads were stopped: 0.0027920 seconds, Stopping threads took: 0.0026660 seconds
2015-11-12T00:51:48.495-0600: 23.758: Total time for which application threads were stopped: 0.0003290 seconds, Stopping threads took: 0.0000960 seconds
2015-11-12T00:51:48.503-0600: 23.765: Total time for which application threads were stopped: 0.0001940 seconds, Stopping threads took: 0.0000720 seconds
2015-11-12T00:51:48.503-0600: 23.766: Total time for which application threads were stopped: 0.0001460 seconds, Stopping threads took: 0.0000450 seconds
2015-11-12T00:51:48.534-0600: 23.797: Total time for which application threads were stopped: 0.0002450 seconds, Stopping threads took: 0.0001240 seconds
2015-11-12T00:51:48.579-0600: 23.842: Total time for which application threads were stopped: 0.0001690 seconds, Stopping threads took: 0.0000670 seconds
2015-11-12T00:51:48.662-0600: 23.925: Total time for which application threads were stopped: 0.0035980 seconds, Stopping threads took: 0.0034760 seconds
2015-11-12T00:51:48.665-0600: 23.928: Total time for which application threads were stopped: 0.0001600 seconds, Stopping threads took: 0.0000360 seconds
2015-11-12T00:51:48.669-0600: 23.932: Total time for which application threads were stopped: 0.0002250 seconds, Stopping threads took: 0.0000780 seconds
2015-11-12T00:51:48.690-0600: 23.953: Total time for which application threads were stopped: 0.0032640 seconds, Stopping threads took: 0.0031630 seconds
2015-11-12T00:51:48.691-0600: 23.954: Total time for which application threads were stopped: 0.0001390 seconds, Stopping threads took: 0.0000330 seconds
{Heap before GC invocations=9 (full 0):
 par new generation   total 109248K, used 103777K [0x00000000d5a00000, 0x00000000dda00000, 0x00000000dda00000)
  eden space 87424K,  99% used [0x00000000d5a00000, 0x00000000daf5c6a8, 0x00000000daf60000)
  from space 21824K,  74% used [0x00000000dc4b0000, 0x00000000dd4abe80, 0x00000000dda00000)
  to   space 21824K,   0% used [0x00000000daf60000, 0x00000000daf60000, 0x00000000dc4b0000)
 concurrent mark-sweep generation total 393216K, used 2306K [0x00000000dda00000, 0x00000000f5a00000, 0x00000000f5a00000)
 concurrent-mark-sweep perm gen total 32192K, used 31990K [0x00000000f5a00000, 0x00000000f7970000, 0x0000000100000000)
2015-11-12T00:51:48.719-0600: 23.982: [GC2015-11-12T00:51:48.719-0600: 23.982: [ParNew
Desired survivor size 20112992 bytes, new threshold 8 (max 8)
- age   1:    6220992 bytes,    6220992 total
- age   2:    1230344 bytes,    7451336 total
- age   3:     147136 bytes,    7598472 total
- age   4:      92488 bytes,    7690960 total
- age   5:     114664 bytes,    7805624 total
- age   6:      68808 bytes,    7874432 total
- age   7:     251424 bytes,    8125856 total
- age   8:    2644720 bytes,   10770576 total
: 103777K->12543K(109248K), 0.0361340 secs] 106083K->18554K(502464K), 0.0363400 secs] [Times: user=0.11 sys=0.00, real=0.04 secs] 
Heap after GC invocations=10 (full 0):
 par new generation   total 109248K, used 12543K [0x00000000d5a00000, 0x00000000dda00000, 0x00000000dda00000)
  eden space 87424K,   0% used [0x00000000d5a00000, 0x00000000d5a00000, 0x00000000daf60000)
  from space 21824K,  57% used [0x00000000daf60000, 0x00000000dbb9ffa0, 0x00000000dc4b0000)
  to   space 21824K,   0% used [0x00000000dc4b0000, 0x00000000dc4b0000, 0x00000000dda00000)
 concurrent mark-sweep generation total 393216K, used 6010K [0x00000000dda00000, 0x00000000f5a00000, 0x00000000f5a00000)
 concurrent-mark-sweep perm gen total 32192K, used 31990K [0x00000000f5a00000, 0x00000000f7970000, 0x0000000100000000)
}
2015-11-12T00:51:48.756-0600: 24.018: Total time for which application threads were stopped: 0.0367920 seconds, Stopping threads took: 0.0001020 seconds
2015-11-12T00:51:48.797-0600: 24.059: Total time for which application threads were stopped: 0.0003910 seconds, Stopping threads took: 0.0000700 seconds
2015-11-12T00:51:48.842-0600: 24.104: Total time for which application threads were stopped: 0.0008540 seconds, Stopping threads took: 0.0007100 seconds
2015-11-12T00:51:48.868-0600: 24.131: Total time for which application threads were stopped: 0.0004500 seconds, Stopping threads took: 0.0000620 seconds
2015-11-12T00:51:48.882-0600: 24.145: Total time for which application threads were stopped: 0.0035460 seconds, Stopping threads took: 0.0034030 seconds
2015-11-12T00:51:48.911-0600: 24.174: Total time for which application threads were stopped: 0.0004260 seconds, Stopping threads took: 0.0000650 seconds
2015-11-12T00:51:48.926-0600: 24.189: Total time for which application threads were stopped: 0.0004250 seconds, Stopping threads took: 0.0000870 seconds
2015-11-12T00:51:48.943-0600: 24.206: Total time for which application threads were stopped: 0.0001890 seconds, Stopping threads took: 0.0000630 seconds
2015-11-12T00:51:49.002-0600: 24.265: Total time for which application threads were stopped: 0.0003010 seconds, Stopping threads took: 0.0000400 seconds
2015-11-12T00:51:49.031-0600: 24.294: Total time for which application threads were stopped: 0.0001250 seconds, Stopping threads took: 0.0000370 seconds
2015-11-12T00:51:49.323-0600: 24.585: Total time for which application threads were stopped: 0.0004010 seconds, Stopping threads took: 0.0000470 seconds
2015-11-12T00:51:49.459-0600: 24.722: Total time for which application threads were stopped: 0.0001520 seconds, Stopping threads took: 0.0000440 seconds
2015-11-12T00:51:49.471-0600: 24.734: Total time for which application threads were stopped: 0.0001460 seconds, Stopping threads took: 0.0000520 seconds
2015-11-12T00:51:49.498-0600: 24.761: Total time for which application threads were stopped: 0.0001620 seconds, Stopping threads took: 0.0000400 seconds
2015-11-12T00:51:49.509-0600: 24.772: Total time for which application threads were stopped: 0.0001630 seconds, Stopping threads took: 0.0000410 seconds
2015-11-12T00:51:49.535-0600: 24.798: Total time for which application threads were stopped: 0.0001380 seconds, Stopping threads took: 0.0000410 seconds
2015-11-12T00:51:49.564-0600: 24.826: Total time for which application threads were stopped: 0.0006170 seconds, Stopping threads took: 0.0005040 seconds
2015-11-12T00:51:49.579-0600: 24.841: Total time for which application threads were stopped: 0.0002030 seconds, Stopping threads took: 0.0000900 seconds
2015-11-12T00:51:49.579-0600: 24.842: Total time for which application threads were stopped: 0.0001710 seconds, Stopping threads took: 0.0000790 seconds
2015-11-12T00:51:49.580-0600: 24.842: Total time for which application threads were stopped: 0.0001360 seconds, Stopping threads took: 0.0000310 seconds
2015-11-12T00:51:49.580-0600: 24.843: Total time for which application threads were stopped: 0.0001230 seconds, Stopping threads took: 0.0000420 seconds
2015-11-12T00:51:49.582-0600: 24.845: Total time for which application threads were stopped: 0.0001590 seconds, Stopping threads took: 0.0000650 seconds
2015-11-12T00:51:49.582-0600: 24.845: Total time for which application threads were stopped: 0.0001440 seconds, Stopping threads took: 0.0000530 seconds
2015-11-12T00:51:49.588-0600: 24.850: Total time for which application threads were stopped: 0.0003990 seconds, Stopping threads took: 0.0002940 seconds
2015-11-12T00:51:49.600-0600: 24.863: Total time for which application threads were stopped: 0.0002070 seconds, Stopping threads took: 0.0001020 seconds
2015-11-12T00:51:50.103-0600: 25.366: Total time for which application threads were stopped: 0.0006130 seconds, Stopping threads took: 0.0001110 seconds
2015-11-12T00:51:50.105-0600: 25.367: Total time for which application threads were stopped: 0.0001890 seconds, Stopping threads took: 0.0000650 seconds
2015-11-12T00:51:50.130-0600: 25.393: Total time for which application threads were stopped: 0.0001970 seconds, Stopping threads took: 0.0000830 seconds
2015-11-12T00:51:50.130-0600: 25.393: Total time for which application threads were stopped: 0.0001280 seconds, Stopping threads took: 0.0000590 seconds
2015-11-12T00:51:50.134-0600: 25.396: Total time for which application threads were stopped: 0.0005940 seconds, Stopping threads took: 0.0004940 seconds
2015-11-12T00:51:50.134-0600: 25.397: Total time for which application threads were stopped: 0.0001800 seconds, Stopping threads took: 0.0000820 seconds
2015-11-12T00:51:50.150-0600: 25.413: Total time for which application threads were stopped: 0.0027700 seconds, Stopping threads took: 0.0026440 seconds
2015-11-12T00:51:50.169-0600: 25.432: Total time for which application threads were stopped: 0.0002100 seconds, Stopping threads took: 0.0000650 seconds
2015-11-12T00:51:50.169-0600: 25.432: Total time for which application threads were stopped: 0.0001450 seconds, Stopping threads took: 0.0000410 seconds
2015-11-12T00:51:50.169-0600: 25.432: Total time for which application threads were stopped: 0.0001460 seconds, Stopping threads took: 0.0000460 seconds
2015-11-12T00:51:50.171-0600: 25.434: Total time for which application threads were stopped: 0.0001890 seconds, Stopping threads took: 0.0000770 seconds
2015-11-12T00:51:50.171-0600: 25.434: Total time for which application threads were stopped: 0.0000820 seconds, Stopping threads took: 0.0000170 seconds
2015-11-12T00:51:50.181-0600: 25.444: Total time for which application threads were stopped: 0.0001650 seconds, Stopping threads took: 0.0000360 seconds
2015-11-12T00:51:50.191-0600: 25.454: Total time for which application threads were stopped: 0.0001590 seconds, Stopping threads took: 0.0000410 seconds
2015-11-12T00:51:50.192-0600: 25.455: Total time for which application threads were stopped: 0.0001640 seconds, Stopping threads took: 0.0000350 seconds
2015-11-12T00:51:50.227-0600: 25.489: Total time for which application threads were stopped: 0.0013090 seconds, Stopping threads took: 0.0008740 seconds
2015-11-12T00:51:50.284-0600: 25.547: Total time for which application threads were stopped: 0.0001180 seconds, Stopping threads took: 0.0000230 seconds
2015-11-12T00:51:50.286-0600: 25.549: Total time for which application threads were stopped: 0.0001580 seconds, Stopping threads took: 0.0000340 seconds
2015-11-12T00:51:50.287-0600: 25.549: Total time for which application threads were stopped: 0.0001000 seconds, Stopping threads took: 0.0000240 seconds
2015-11-12T00:51:50.287-0600: 25.549: Total time for which application threads were stopped: 0.0000930 seconds, Stopping threads took: 0.0000180 seconds
2015-11-12T00:51:50.287-0600: 25.550: Total time for which application threads were stopped: 0.0000920 seconds, Stopping threads took: 0.0000220 seconds
2015-11-12T00:51:50.287-0600: 25.550: Total time for which application threads were stopped: 0.0001120 seconds, Stopping threads took: 0.0000180 seconds
2015-11-12T00:51:50.287-0600: 25.550: Total time for which application threads were stopped: 0.0001150 seconds, Stopping threads took: 0.0000230 seconds
2015-11-12T00:51:50.288-0600: 25.551: Total time for which application threads were stopped: 0.0001180 seconds, Stopping threads took: 0.0000280 seconds
2015-11-12T00:51:50.288-0600: 25.551: Total time for which application threads were stopped: 0.0001890 seconds, Stopping threads took: 0.0000220 seconds
2015-11-12T00:51:50.288-0600: 25.551: Total time for which application threads were stopped: 0.0000820 seconds, Stopping threads took: 0.0000220 seconds
2015-11-12T00:51:50.288-0600: 25.551: Total time for which application threads were stopped: 0.0000720 seconds, Stopping threads took: 0.0000180 seconds
2015-11-12T00:51:50.289-0600: 25.551: Total time for which application threads were stopped: 0.0000650 seconds, Stopping threads took: 0.0000130 seconds
2015-11-12T00:51:50.289-0600: 25.551: Total time for which application threads were stopped: 0.0000630 seconds, Stopping threads took: 0.0000120 seconds
2015-11-12T00:51:50.289-0600: 25.551: Total time for which application threads were stopped: 0.0000650 seconds, Stopping threads took: 0.0000150 seconds
2015-11-12T00:51:50.289-0600: 25.552: Total time for which application threads were stopped: 0.0000560 seconds, Stopping threads took: 0.0000090 seconds
2015-11-12T00:51:50.289-0600: 25.552: Total time for which application threads were stopped: 0.0000560 seconds, Stopping threads took: 0.0000090 seconds
2015-11-12T00:51:50.289-0600: 25.552: Total time for which application threads were stopped: 0.0000560 seconds, Stopping threads took: 0.0000090 seconds
2015-11-12T00:51:50.289-0600: 25.552: Total time for which application threads were stopped: 0.0000550 seconds, Stopping threads took: 0.0000090 seconds
2015-11-12T00:51:50.289-0600: 25.552: Total time for which application threads were stopped: 0.0000590 seconds, Stopping threads took: 0.0000130 seconds
2015-11-12T00:51:50.289-0600: 25.552: Total time for which application threads were stopped: 0.0000540 seconds, Stopping threads took: 0.0000090 seconds
2015-11-12T00:51:50.289-0600: 25.552: Total time for which application threads were stopped: 0.0000580 seconds, Stopping threads took: 0.0000120 seconds
2015-11-12T00:51:50.290-0600: 25.552: Total time for which application threads were stopped: 0.0002440 seconds, Stopping threads took: 0.0000110 seconds
2015-11-12T00:51:50.290-0600: 25.552: Total time for which application threads were stopped: 0.0000630 seconds, Stopping threads took: 0.0000150 seconds
2015-11-12T00:51:50.320-0600: 25.583: Total time for which application threads were stopped: 0.0011460 seconds, Stopping threads took: 0.0009620 seconds
2015-11-12T00:51:50.328-0600: 25.591: Total time for which application threads were stopped: 0.0001380 seconds, Stopping threads took: 0.0000390 seconds
2015-11-12T00:51:50.329-0600: 25.591: Total time for which application threads were stopped: 0.0000920 seconds, Stopping threads took: 0.0000230 seconds
2015-11-12T00:51:50.330-0600: 25.592: Total time for which application threads were stopped: 0.0000970 seconds, Stopping threads took: 0.0000230 seconds
2015-11-12T00:51:50.330-0600: 25.593: Total time for which application threads were stopped: 0.0001350 seconds, Stopping threads took: 0.0000330 seconds
2015-11-12T00:51:50.331-0600: 25.594: Total time for which application threads were stopped: 0.0001010 seconds, Stopping threads took: 0.0000310 seconds
2015-11-12T00:51:50.332-0600: 25.594: Total time for which application threads were stopped: 0.0001020 seconds, Stopping threads took: 0.0000300 seconds
2015-11-12T00:51:50.332-0600: 25.595: Total time for which application threads were stopped: 0.0000980 seconds, Stopping threads took: 0.0000290 seconds
2015-11-12T00:51:50.333-0600: 25.596: Total time for which application threads were stopped: 0.0001230 seconds, Stopping threads took: 0.0000290 seconds
2015-11-12T00:51:50.336-0600: 25.598: Total time for which application threads were stopped: 0.0002510 seconds, Stopping threads took: 0.0000610 seconds
2015-11-12T00:51:50.338-0600: 25.601: Total time for which application threads were stopped: 0.0001950 seconds, Stopping threads took: 0.0000630 seconds
2015-11-12T00:51:50.339-0600: 25.602: Total time for which application threads were stopped: 0.0001890 seconds, Stopping threads took: 0.0000600 seconds
2015-11-12T00:51:50.340-0600: 25.603: Total time for which application threads were stopped: 0.0004950 seconds, Stopping threads took: 0.0000680 seconds
2015-11-12T00:51:50.341-0600: 25.604: Total time for which application threads were stopped: 0.0002570 seconds, Stopping threads took: 0.0000630 seconds
2015-11-12T00:51:50.346-0600: 25.609: Total time for which application threads were stopped: 0.0001750 seconds, Stopping threads took: 0.0000590 seconds
2015-11-12T00:51:50.347-0600: 25.609: Total time for which application threads were stopped: 0.0001540 seconds, Stopping threads took: 0.0000520 seconds
2015-11-12T00:51:50.429-0600: 25.692: Total time for which application threads were stopped: 0.0001500 seconds, Stopping threads took: 0.0000490 seconds
2015-11-12T00:51:50.430-0600: 25.692: Total time for which application threads were stopped: 0.0001010 seconds, Stopping threads took: 0.0000410 seconds
2015-11-12T00:51:50.430-0600: 25.693: Total time for which application threads were stopped: 0.0001140 seconds, Stopping threads took: 0.0000600 seconds
2015-11-12T00:51:50.431-0600: 25.694: Total time for which application threads were stopped: 0.0001190 seconds, Stopping threads took: 0.0000480 seconds
2015-11-12T00:51:50.434-0600: 25.697: Total time for which application threads were stopped: 0.0008730 seconds, Stopping threads took: 0.0007660 seconds
2015-11-12T00:51:50.459-0600: 25.721: Total time for which application threads were stopped: 0.0006420 seconds, Stopping threads took: 0.0001780 seconds
2015-11-12T00:51:50.474-0600: 25.737: Total time for which application threads were stopped: 0.0038410 seconds, Stopping threads took: 0.0037030 seconds
2015-11-12T00:51:50.588-0600: 25.851: Total time for which application threads were stopped: 0.0035870 seconds, Stopping threads took: 0.0033330 seconds
2015-11-12T00:51:50.601-0600: 25.864: Total time for which application threads were stopped: 0.0002020 seconds, Stopping threads took: 0.0000890 seconds
2015-11-12T00:51:50.722-0600: 25.985: Total time for which application threads were stopped: 0.0065530 seconds, Stopping threads took: 0.0062730 seconds
2015-11-12T00:51:50.743-0600: 26.006: Total time for which application threads were stopped: 0.0001850 seconds, Stopping threads took: 0.0000810 seconds
{Heap before GC invocations=10 (full 0):
 par new generation   total 109248K, used 99941K [0x00000000d5a00000, 0x00000000dda00000, 0x00000000dda00000)
  eden space 87424K,  99% used [0x00000000d5a00000, 0x00000000daf59550, 0x00000000daf60000)
  from space 21824K,  57% used [0x00000000daf60000, 0x00000000dbb9ffa0, 0x00000000dc4b0000)
  to   space 21824K,   0% used [0x00000000dc4b0000, 0x00000000dc4b0000, 0x00000000dda00000)
 concurrent mark-sweep generation total 393216K, used 6010K [0x00000000dda00000, 0x00000000f5a00000, 0x00000000f5a00000)
 concurrent-mark-sweep perm gen total 33536K, used 33341K [0x00000000f5a00000, 0x00000000f7ac0000, 0x0000000100000000)
2015-11-12T00:51:50.753-0600: 26.016: [GC2015-11-12T00:51:50.753-0600: 26.016: [ParNew
Desired survivor size 20112992 bytes, new threshold 8 (max 8)
- age   1:    3791072 bytes,    3791072 total
- age   2:    3515576 bytes,    7306648 total
- age   3:    1221352 bytes,    8528000 total
- age   4:     143992 bytes,    8671992 total
- age   5:      90376 bytes,    8762368 total
- age   6:     111584 bytes,    8873952 total
- age   7:      67096 bytes,    8941048 total
- age   8:     248120 bytes,    9189168 total
: 99941K->11428K(109248K), 0.0714340 secs] 105951K->19968K(502464K), 0.0718460 secs] [Times: user=0.11 sys=0.00, real=0.07 secs] 
Heap after GC invocations=11 (full 0):
 par new generation   total 109248K, used 11428K [0x00000000d5a00000, 0x00000000dda00000, 0x00000000dda00000)
  eden space 87424K,   0% used [0x00000000d5a00000, 0x00000000d5a00000, 0x00000000daf60000)
  from space 21824K,  52% used [0x00000000dc4b0000, 0x00000000dcfd9300, 0x00000000dda00000)
  to   space 21824K,   0% used [0x00000000daf60000, 0x00000000daf60000, 0x00000000dc4b0000)
 concurrent mark-sweep generation total 393216K, used 8539K [0x00000000dda00000, 0x00000000f5a00000, 0x00000000f5a00000)
 concurrent-mark-sweep perm gen total 33536K, used 33341K [0x00000000f5a00000, 0x00000000f7ac0000, 0x0000000100000000)
}
2015-11-12T00:51:50.825-0600: 26.088: Total time for which application threads were stopped: 0.0722190 seconds, Stopping threads took: 0.0000450 seconds
2015-11-12T00:51:50.844-0600: 26.107: Total time for which application threads were stopped: 0.0079270 seconds, Stopping threads took: 0.0077920 seconds
2015-11-12T00:51:50.869-0600: 26.132: Total time for which application threads were stopped: 0.0032030 seconds, Stopping threads took: 0.0030880 seconds
2015-11-12T00:51:50.872-0600: 26.134: Total time for which application threads were stopped: 0.0007790 seconds, Stopping threads took: 0.0006760 seconds
2015-11-12T00:51:50.980-0600: 26.242: Total time for which application threads were stopped: 0.0002090 seconds, Stopping threads took: 0.0000900 seconds
2015-11-12T00:51:50.982-0600: 26.244: Total time for which application threads were stopped: 0.0001660 seconds, Stopping threads took: 0.0000420 seconds
2015-11-12T00:51:51.118-0600: 26.381: Total time for which application threads were stopped: 0.0011940 seconds, Stopping threads took: 0.0009960 seconds
2015-11-12T00:51:51.132-0600: 26.395: Total time for which application threads were stopped: 0.0002270 seconds, Stopping threads took: 0.0001050 seconds
2015-11-12T00:51:51.230-0600: 26.493: Total time for which application threads were stopped: 0.0007580 seconds, Stopping threads took: 0.0005840 seconds
2015-11-12T00:51:51.234-0600: 26.497: Total time for which application threads were stopped: 0.0031810 seconds, Stopping threads took: 0.0030630 seconds
2015-11-12T00:51:51.281-0600: 26.543: Total time for which application threads were stopped: 0.0074620 seconds, Stopping threads took: 0.0073560 seconds
{Heap before GC invocations=11 (full 0):
 par new generation   total 109248K, used 98852K [0x00000000d5a00000, 0x00000000dda00000, 0x00000000dda00000)
  eden space 87424K, 100% used [0x00000000d5a00000, 0x00000000daf60000, 0x00000000daf60000)
  from space 21824K,  52% used [0x00000000dc4b0000, 0x00000000dcfd9300, 0x00000000dda00000)
  to   space 21824K,   0% used [0x00000000daf60000, 0x00000000daf60000, 0x00000000dc4b0000)
 concurrent mark-sweep generation total 393216K, used 8539K [0x00000000dda00000, 0x00000000f5a00000, 0x00000000f5a00000)
 concurrent-mark-sweep perm gen total 33536K, used 33373K [0x00000000f5a00000, 0x00000000f7ac0000, 0x0000000100000000)
2015-11-12T00:51:51.290-0600: 26.553: [GC2015-11-12T00:51:51.290-0600: 26.553: [ParNew
Desired survivor size 20112992 bytes, new threshold 8 (max 8)
- age   1:     947880 bytes,     947880 total
- age   2:    2612888 bytes,    3560768 total
- age   3:    3515576 bytes,    7076344 total
- age   4:    1221352 bytes,    8297696 total
- age   5:     143992 bytes,    8441688 total
- age   6:      90376 bytes,    8532064 total
- age   7:     111584 bytes,    8643648 total
- age   8:      67096 bytes,    8710744 total
: 98852K->11270K(109248K), 0.0515880 secs] 107392K->20055K(502464K), 0.0518380 secs] [Times: user=0.12 sys=0.00, real=0.05 secs] 
Heap after GC invocations=12 (full 0):
 par new generation   total 109248K, used 11270K [0x00000000d5a00000, 0x00000000dda00000, 0x00000000dda00000)
  eden space 87424K,   0% used [0x00000000d5a00000, 0x00000000d5a00000, 0x00000000daf60000)
  from space 21824K,  51% used [0x00000000daf60000, 0x00000000dba618a0, 0x00000000dc4b0000)
  to   space 21824K,   0% used [0x00000000dc4b0000, 0x00000000dc4b0000, 0x00000000dda00000)
 concurrent mark-sweep generation total 393216K, used 8784K [0x00000000dda00000, 0x00000000f5a00000, 0x00000000f5a00000)
 concurrent-mark-sweep perm gen total 33536K, used 33373K [0x00000000f5a00000, 0x00000000f7ac0000, 0x0000000100000000)
}
2015-11-12T00:51:51.342-0600: 26.605: Total time for which application threads were stopped: 0.0525850 seconds, Stopping threads took: 0.0000920 seconds
2015-11-12T00:51:51.351-0600: 26.614: Total time for which application threads were stopped: 0.0001690 seconds, Stopping threads took: 0.0000590 seconds
2015-11-12T00:51:51.354-0600: 26.617: Total time for which application threads were stopped: 0.0001830 seconds, Stopping threads took: 0.0000690 seconds
2015-11-12T00:51:51.418-0600: 26.681: Total time for which application threads were stopped: 0.0046690 seconds, Stopping threads took: 0.0045270 seconds
2015-11-12T00:51:51.483-0600: 26.745: Total time for which application threads were stopped: 0.0061680 seconds, Stopping threads took: 0.0060090 seconds
2015-11-12T00:51:51.546-0600: 26.809: Total time for which application threads were stopped: 0.0007830 seconds, Stopping threads took: 0.0006620 seconds
2015-11-12T00:51:51.619-0600: 26.882: Total time for which application threads were stopped: 0.0024820 seconds, Stopping threads took: 0.0023640 seconds
2015-11-12T00:51:51.669-0600: 26.932: Total time for which application threads were stopped: 0.0002090 seconds, Stopping threads took: 0.0000420 seconds
2015-11-12T00:51:51.741-0600: 27.004: Total time for which application threads were stopped: 0.0013980 seconds, Stopping threads took: 0.0010220 seconds
2015-11-12T00:51:51.821-0600: 27.084: Total time for which application threads were stopped: 0.0001900 seconds, Stopping threads took: 0.0000670 seconds
{Heap before GC invocations=12 (full 0):
 par new generation   total 109248K, used 98694K [0x00000000d5a00000, 0x00000000dda00000, 0x00000000dda00000)
  eden space 87424K, 100% used [0x00000000d5a00000, 0x00000000daf60000, 0x00000000daf60000)
  from space 21824K,  51% used [0x00000000daf60000, 0x00000000dba618a0, 0x00000000dc4b0000)
  to   space 21824K,   0% used [0x00000000dc4b0000, 0x00000000dc4b0000, 0x00000000dda00000)
 concurrent mark-sweep generation total 393216K, used 8784K [0x00000000dda00000, 0x00000000f5a00000, 0x00000000f5a00000)
 concurrent-mark-sweep perm gen total 33536K, used 33382K [0x00000000f5a00000, 0x00000000f7ac0000, 0x0000000100000000)
2015-11-12T00:51:51.834-0600: 27.097: [GC2015-11-12T00:51:51.834-0600: 27.097: [ParNew
Desired survivor size 20112992 bytes, new threshold 8 (max 8)
- age   1:     317984 bytes,     317984 total
- age   2:     866040 bytes,    1184024 total
- age   3:    2602032 bytes,    3786056 total
- age   4:    3515600 bytes,    7301656 total
- age   5:    1221352 bytes,    8523008 total
- age   6:     143992 bytes,    8667000 total
- age   7:      90376 bytes,    8757376 total
- age   8:     111584 bytes,    8868960 total
: 98694K->12249K(109248K), 0.0695790 secs] 107479K->21101K(502464K), 0.0698280 secs] [Times: user=0.07 sys=0.00, real=0.06 secs] 
Heap after GC invocations=13 (full 0):
 par new generation   total 109248K, used 12249K [0x00000000d5a00000, 0x00000000dda00000, 0x00000000dda00000)
  eden space 87424K,   0% used [0x00000000d5a00000, 0x00000000d5a00000, 0x00000000daf60000)
  from space 21824K,  56% used [0x00000000dc4b0000, 0x00000000dd0a6400, 0x00000000dda00000)
  to   space 21824K,   0% used [0x00000000daf60000, 0x00000000daf60000, 0x00000000dc4b0000)
 concurrent mark-sweep generation total 393216K, used 8852K [0x00000000dda00000, 0x00000000f5a00000, 0x00000000f5a00000)
 concurrent-mark-sweep perm gen total 33536K, used 33382K [0x00000000f5a00000, 0x00000000f7ac0000, 0x0000000100000000)
}
2015-11-12T00:51:51.904-0600: 27.167: Total time for which application threads were stopped: 0.0702160 seconds, Stopping threads took: 0.0000590 seconds
2015-11-12T00:51:51.920-0600: 27.183: Total time for which application threads were stopped: 0.0021150 seconds, Stopping threads took: 0.0019790 seconds
2015-11-12T00:51:51.938-0600: 27.201: Total time for which application threads were stopped: 0.0004960 seconds, Stopping threads took: 0.0003570 seconds
2015-11-12T00:51:51.972-0600: 27.235: Total time for which application threads were stopped: 0.0002180 seconds, Stopping threads took: 0.0000630 seconds
2015-11-12T00:51:52.053-0600: 27.316: Total time for which application threads were stopped: 0.0029310 seconds, Stopping threads took: 0.0028060 seconds
2015-11-12T00:51:52.059-0600: 27.322: Total time for which application threads were stopped: 0.0002020 seconds, Stopping threads took: 0.0000680 seconds
2015-11-12T00:51:52.173-0600: 27.436: Total time for which application threads were stopped: 0.0002750 seconds, Stopping threads took: 0.0000400 seconds
2015-11-12T00:51:52.186-0600: 27.449: Total time for which application threads were stopped: 0.0001230 seconds, Stopping threads took: 0.0000320 seconds
2015-11-12T00:51:52.194-0600: 27.457: Total time for which application threads were stopped: 0.0030000 seconds, Stopping threads took: 0.0028980 seconds
2015-11-12T00:51:52.325-0600: 27.588: Total time for which application threads were stopped: 0.0002660 seconds, Stopping threads took: 0.0000410 seconds
2015-11-12T00:51:52.332-0600: 27.594: Total time for which application threads were stopped: 0.0001640 seconds, Stopping threads took: 0.0000550 seconds
2015-11-12T00:51:52.349-0600: 27.612: Total time for which application threads were stopped: 0.0073690 seconds, Stopping threads took: 0.0072530 seconds
2015-11-12T00:51:52.354-0600: 27.617: Total time for which application threads were stopped: 0.0034470 seconds, Stopping threads took: 0.0032970 seconds
2015-11-12T00:51:52.422-0600: 27.684: Total time for which application threads were stopped: 0.0062630 seconds, Stopping threads took: 0.0061180 seconds
2015-11-12T00:51:52.422-0600: 27.685: Total time for which application threads were stopped: 0.0000830 seconds, Stopping threads took: 0.0000190 seconds
2015-11-12T00:51:52.422-0600: 27.685: Total time for which application threads were stopped: 0.0000680 seconds, Stopping threads took: 0.0000130 seconds
2015-11-12T00:51:52.422-0600: 27.685: Total time for which application threads were stopped: 0.0000890 seconds, Stopping threads took: 0.0000190 seconds
2015-11-12T00:51:52.422-0600: 27.685: Total time for which application threads were stopped: 0.0000790 seconds, Stopping threads took: 0.0000170 seconds
2015-11-12T00:51:52.422-0600: 27.685: Total time for which application threads were stopped: 0.0000860 seconds, Stopping threads took: 0.0000170 seconds
2015-11-12T00:51:52.429-0600: 27.691: Total time for which application threads were stopped: 0.0002440 seconds, Stopping threads took: 0.0000340 seconds
2015-11-12T00:51:52.436-0600: 27.698: Total time for which application threads were stopped: 0.0001790 seconds, Stopping threads took: 0.0000540 seconds
2015-11-12T00:51:52.448-0600: 27.711: Total time for which application threads were stopped: 0.0001820 seconds, Stopping threads took: 0.0000600 seconds
2015-11-12T00:51:52.449-0600: 27.711: Total time for which application threads were stopped: 0.0000990 seconds, Stopping threads took: 0.0000350 seconds
2015-11-12T00:51:52.449-0600: 27.711: Total time for which application threads were stopped: 0.0000960 seconds, Stopping threads took: 0.0000300 seconds
2015-11-12T00:51:52.450-0600: 27.712: Total time for which application threads were stopped: 0.0001440 seconds, Stopping threads took: 0.0000520 seconds
2015-11-12T00:51:52.450-0600: 27.713: Total time for which application threads were stopped: 0.0001060 seconds, Stopping threads took: 0.0000330 seconds
2015-11-12T00:51:52.455-0600: 27.718: Total time for which application threads were stopped: 0.0002760 seconds, Stopping threads took: 0.0000780 seconds
2015-11-12T00:51:52.458-0600: 27.720: Total time for which application threads were stopped: 0.0022590 seconds, Stopping threads took: 0.0020960 seconds
2015-11-12T00:51:52.464-0600: 27.727: Total time for which application threads were stopped: 0.0030340 seconds, Stopping threads took: 0.0029150 seconds
2015-11-12T00:51:52.464-0600: 27.727: Total time for which application threads were stopped: 0.0000950 seconds, Stopping threads took: 0.0000190 seconds
2015-11-12T00:51:52.464-0600: 27.727: Total time for which application threads were stopped: 0.0000780 seconds, Stopping threads took: 0.0000170 seconds
2015-11-12T00:51:52.464-0600: 27.727: Total time for which application threads were stopped: 0.0000700 seconds, Stopping threads took: 0.0000140 seconds
2015-11-12T00:51:52.465-0600: 27.727: Total time for which application threads were stopped: 0.0000640 seconds, Stopping threads took: 0.0000120 seconds
2015-11-12T00:51:52.465-0600: 27.727: Total time for which application threads were stopped: 0.0000650 seconds, Stopping threads took: 0.0000110 seconds
2015-11-12T00:51:52.465-0600: 27.727: Total time for which application threads were stopped: 0.0000660 seconds, Stopping threads took: 0.0000110 seconds
2015-11-12T00:51:52.465-0600: 27.728: Total time for which application threads were stopped: 0.0000650 seconds, Stopping threads took: 0.0000120 seconds
2015-11-12T00:51:52.465-0600: 27.728: Total time for which application threads were stopped: 0.0001070 seconds, Stopping threads took: 0.0000100 seconds
2015-11-12T00:51:52.465-0600: 27.728: Total time for which application threads were stopped: 0.0001190 seconds, Stopping threads took: 0.0000510 seconds
2015-11-12T00:51:52.465-0600: 27.728: Total time for which application threads were stopped: 0.0000690 seconds, Stopping threads took: 0.0000120 seconds
2015-11-12T00:51:52.465-0600: 27.728: Total time for which application threads were stopped: 0.0000900 seconds, Stopping threads took: 0.0000320 seconds
2015-11-12T00:51:52.466-0600: 27.728: Total time for which application threads were stopped: 0.0003490 seconds, Stopping threads took: 0.0000110 seconds
2015-11-12T00:51:52.468-0600: 27.731: Total time for which application threads were stopped: 0.0002560 seconds, Stopping threads took: 0.0001320 seconds
2015-11-12T00:51:52.474-0600: 27.736: Total time for which application threads were stopped: 0.0008180 seconds, Stopping threads took: 0.0007110 seconds
2015-11-12T00:51:52.474-0600: 27.737: Total time for which application threads were stopped: 0.0001370 seconds, Stopping threads took: 0.0000640 seconds
2015-11-12T00:51:52.474-0600: 27.737: Total time for which application threads were stopped: 0.0001130 seconds, Stopping threads took: 0.0000370 seconds
2015-11-12T00:51:52.478-0600: 27.741: Total time for which application threads were stopped: 0.0001400 seconds, Stopping threads took: 0.0000360 seconds
2015-11-12T00:51:52.548-0600: 27.811: Total time for which application threads were stopped: 0.0001980 seconds, Stopping threads took: 0.0000680 seconds
2015-11-12T00:51:52.602-0600: 27.864: Total time for which application threads were stopped: 0.0001700 seconds, Stopping threads took: 0.0000390 seconds
2015-11-12T00:51:52.614-0600: 27.877: Total time for which application threads were stopped: 0.0010930 seconds, Stopping threads took: 0.0009660 seconds
2015-11-12T00:51:52.738-0600: 28.001: Total time for which application threads were stopped: 0.0054200 seconds, Stopping threads took: 0.0050660 seconds
2015-11-12T00:51:52.750-0600: 28.013: Total time for which application threads were stopped: 0.0033850 seconds, Stopping threads took: 0.0032900 seconds
2015-11-12T00:51:52.854-0600: 28.117: Total time for which application threads were stopped: 0.0002950 seconds, Stopping threads took: 0.0000920 seconds
2015-11-12T00:51:52.890-0600: 28.153: Total time for which application threads were stopped: 0.0034530 seconds, Stopping threads took: 0.0032350 seconds
{Heap before GC invocations=13 (full 0):
 par new generation   total 109248K, used 99673K [0x00000000d5a00000, 0x00000000dda00000, 0x00000000dda00000)
  eden space 87424K, 100% used [0x00000000d5a00000, 0x00000000daf60000, 0x00000000daf60000)
  from space 21824K,  56% used [0x00000000dc4b0000, 0x00000000dd0a6400, 0x00000000dda00000)
  to   space 21824K,   0% used [0x00000000daf60000, 0x00000000daf60000, 0x00000000dc4b0000)
 concurrent mark-sweep generation total 393216K, used 8852K [0x00000000dda00000, 0x00000000f5a00000, 0x00000000f5a00000)
 concurrent-mark-sweep perm gen total 33536K, used 33458K [0x00000000f5a00000, 0x00000000f7ac0000, 0x0000000100000000)
2015-11-12T00:51:52.969-0600: 28.231: [GC2015-11-12T00:51:52.969-0600: 28.231: [ParNew
Desired survivor size 20112992 bytes, new threshold 8 (max 8)
- age   1:    4205024 bytes,    4205024 total
- age   2:      70872 bytes,    4275896 total
- age   3:     120632 bytes,    4396528 total
- age   4:    2300728 bytes,    6697256 total
- age   5:    2171112 bytes,    8868368 total
- age   6:    1221272 bytes,   10089640 total
- age   7:     143992 bytes,   10233632 total
- age   8:      90376 bytes,   10324008 total
: 99673K->13826K(109248K), 0.0287680 secs] 108525K->22791K(502464K), 0.0289190 secs] [Times: user=0.06 sys=0.00, real=0.03 secs] 
Heap after GC invocations=14 (full 0):
 par new generation   total 109248K, used 13826K [0x00000000d5a00000, 0x00000000dda00000, 0x00000000dda00000)
  eden space 87424K,   0% used [0x00000000d5a00000, 0x00000000d5a00000, 0x00000000daf60000)
  from space 21824K,  63% used [0x00000000daf60000, 0x00000000dbce0ae0, 0x00000000dc4b0000)
  to   space 21824K,   0% used [0x00000000dc4b0000, 0x00000000dc4b0000, 0x00000000dda00000)
 concurrent mark-sweep generation total 393216K, used 8964K [0x00000000dda00000, 0x00000000f5a00000, 0x00000000f5a00000)
 concurrent-mark-sweep perm gen total 33536K, used 33458K [0x00000000f5a00000, 0x00000000f7ac0000, 0x0000000100000000)
}
2015-11-12T00:51:52.998-0600: 28.260: Total time for which application threads were stopped: 0.0292260 seconds, Stopping threads took: 0.0000320 seconds
2015-11-12T00:51:53.007-0600: 28.270: Total time for which application threads were stopped: 0.0004920 seconds, Stopping threads took: 0.0003680 seconds
2015-11-12T00:51:53.026-0600: 28.289: Total time for which application threads were stopped: 0.0046800 seconds, Stopping threads took: 0.0045690 seconds
2015-11-12T00:51:53.028-0600: 28.291: Total time for which application threads were stopped: 0.0001370 seconds, Stopping threads took: 0.0000480 seconds
2015-11-12T00:51:53.123-0600: 28.385: Total time for which application threads were stopped: 0.0063870 seconds, Stopping threads took: 0.0059860 seconds
{Heap before GC invocations=14 (full 0):
 par new generation   total 109248K, used 101250K [0x00000000d5a00000, 0x00000000dda00000, 0x00000000dda00000)
  eden space 87424K, 100% used [0x00000000d5a00000, 0x00000000daf60000, 0x00000000daf60000)
  from space 21824K,  63% used [0x00000000daf60000, 0x00000000dbce0ae0, 0x00000000dc4b0000)
  to   space 21824K,   0% used [0x00000000dc4b0000, 0x00000000dc4b0000, 0x00000000dda00000)
 concurrent mark-sweep generation total 393216K, used 8964K [0x00000000dda00000, 0x00000000f5a00000, 0x00000000f5a00000)
 concurrent-mark-sweep perm gen total 33728K, used 33501K [0x00000000f5a00000, 0x00000000f7af0000, 0x0000000100000000)
2015-11-12T00:51:53.326-0600: 28.588: [GC2015-11-12T00:51:53.326-0600: 28.588: [ParNew
Desired survivor size 20112992 bytes, new threshold 8 (max 8)
- age   1:     233128 bytes,     233128 total
- age   2:    3755392 bytes,    3988520 total
- age   3:      70872 bytes,    4059392 total
- age   4:     120600 bytes,    4179992 total
- age   5:    2206560 bytes,    6386552 total
- age   6:    2171048 bytes,    8557600 total
- age   7:    1221272 bytes,    9778872 total
- age   8:     143992 bytes,    9922864 total
: 101250K->12332K(109248K), 0.0386050 secs] 110215K->21386K(502464K), 0.0388260 secs] [Times: user=0.07 sys=0.00, real=0.04 secs] 
Heap after GC invocations=15 (full 0):
 par new generation   total 109248K, used 12332K [0x00000000d5a00000, 0x00000000dda00000, 0x00000000dda00000)
  eden space 87424K,   0% used [0x00000000d5a00000, 0x00000000d5a00000, 0x00000000daf60000)
  from space 21824K,  56% used [0x00000000dc4b0000, 0x00000000dd0bb200, 0x00000000dda00000)
  to   space 21824K,   0% used [0x00000000daf60000, 0x00000000daf60000, 0x00000000dc4b0000)
 concurrent mark-sweep generation total 393216K, used 9054K [0x00000000dda00000, 0x00000000f5a00000, 0x00000000f5a00000)
 concurrent-mark-sweep perm gen total 33728K, used 33501K [0x00000000f5a00000, 0x00000000f7af0000, 0x0000000100000000)
}
2015-11-12T00:51:53.365-0600: 28.627: Total time for which application threads were stopped: 0.0391430 seconds, Stopping threads took: 0.0000550 seconds
2015-11-12T00:51:53.366-0600: 28.629: Total time for which application threads were stopped: 0.0002530 seconds, Stopping threads took: 0.0000700 seconds
2015-11-12T00:51:53.939-0600: 29.202: Total time for which application threads were stopped: 0.0003630 seconds, Stopping threads took: 0.0000430 seconds
{Heap before GC invocations=15 (full 0):
 par new generation   total 109248K, used 99756K [0x00000000d5a00000, 0x00000000dda00000, 0x00000000dda00000)
  eden space 87424K, 100% used [0x00000000d5a00000, 0x00000000daf60000, 0x00000000daf60000)
  from space 21824K,  56% used [0x00000000dc4b0000, 0x00000000dd0bb200, 0x00000000dda00000)
  to   space 21824K,   0% used [0x00000000daf60000, 0x00000000daf60000, 0x00000000dc4b0000)
 concurrent mark-sweep generation total 393216K, used 9054K [0x00000000dda00000, 0x00000000f5a00000, 0x00000000f5a00000)
 concurrent-mark-sweep perm gen total 33728K, used 33523K [0x00000000f5a00000, 0x00000000f7af0000, 0x0000000100000000)
2015-11-12T00:51:53.960-0600: 29.222: [GC2015-11-12T00:51:53.960-0600: 29.223: [ParNew
Desired survivor size 20112992 bytes, new threshold 8 (max 8)
- age   1:     551120 bytes,     551120 total
- age   2:      69832 bytes,     620952 total
- age   3:    3001072 bytes,    3622024 total
- age   4:      70872 bytes,    3692896 total
- age   5:     120600 bytes,    3813496 total
- age   6:    2202472 bytes,    6015968 total
- age   7:    2164120 bytes,    8180088 total
- age   8:    1221272 bytes,    9401360 total
: 99756K->14876K(109248K), 0.0717340 secs] 108810K->24077K(502464K), 0.0719560 secs] [Times: user=0.16 sys=0.00, real=0.07 secs] 
Heap after GC invocations=16 (full 0):
 par new generation   total 109248K, used 14876K [0x00000000d5a00000, 0x00000000dda00000, 0x00000000dda00000)
  eden space 87424K,   0% used [0x00000000d5a00000, 0x00000000d5a00000, 0x00000000daf60000)
  from space 21824K,  68% used [0x00000000daf60000, 0x00000000dbde7300, 0x00000000dc4b0000)
  to   space 21824K,   0% used [0x00000000dc4b0000, 0x00000000dc4b0000, 0x00000000dda00000)
 concurrent mark-sweep generation total 393216K, used 9200K [0x00000000dda00000, 0x00000000f5a00000, 0x00000000f5a00000)
 concurrent-mark-sweep perm gen total 33728K, used 33523K [0x00000000f5a00000, 0x00000000f7af0000, 0x0000000100000000)
}
2015-11-12T00:51:54.032-0600: 29.295: Total time for which application threads were stopped: 0.0736920 seconds, Stopping threads took: 0.0014120 seconds
2015-11-12T00:51:54.033-0600: 29.295: Total time for which application threads were stopped: 0.0001410 seconds, Stopping threads took: 0.0000300 seconds
2015-11-12T00:51:54.085-0600: 29.347: Total time for which application threads were stopped: 0.0001700 seconds, Stopping threads took: 0.0000500 seconds
2015-11-12T00:51:54.085-0600: 29.347: Total time for which application threads were stopped: 0.0000960 seconds, Stopping threads took: 0.0000300 seconds
2015-11-12T00:51:54.085-0600: 29.348: Total time for which application threads were stopped: 0.0000830 seconds, Stopping threads took: 0.0000250 seconds
2015-11-12T00:51:54.085-0600: 29.348: Total time for which application threads were stopped: 0.0000860 seconds, Stopping threads took: 0.0000290 seconds
2015-11-12T00:51:54.085-0600: 29.348: Total time for which application threads were stopped: 0.0000760 seconds, Stopping threads took: 0.0000240 seconds
2015-11-12T00:51:54.085-0600: 29.348: Total time for which application threads were stopped: 0.0000750 seconds, Stopping threads took: 0.0000230 seconds
2015-11-12T00:51:54.098-0600: 29.361: Total time for which application threads were stopped: 0.0001700 seconds, Stopping threads took: 0.0000560 seconds
2015-11-12T00:51:54.113-0600: 29.376: Total time for which application threads were stopped: 0.0001560 seconds, Stopping threads took: 0.0000520 seconds
2015-11-12T00:51:54.113-0600: 29.376: Total time for which application threads were stopped: 0.0000900 seconds, Stopping threads took: 0.0000270 seconds
2015-11-12T00:51:54.116-0600: 29.379: Total time for which application threads were stopped: 0.0001600 seconds, Stopping threads took: 0.0000510 seconds
2015-11-12T00:51:57.207-0600: 32.470: Total time for which application threads were stopped: 0.0003990 seconds, Stopping threads took: 0.0000350 seconds
2015-11-12T00:51:57.213-0600: 32.476: Total time for which application threads were stopped: 0.0001380 seconds, Stopping threads took: 0.0000410 seconds
2015-11-12T00:51:57.240-0600: 32.502: Total time for which application threads were stopped: 0.0001860 seconds, Stopping threads took: 0.0000850 seconds
2015-11-12T00:51:57.240-0600: 32.503: Total time for which application threads were stopped: 0.0001100 seconds, Stopping threads took: 0.0000320 seconds
2015-11-12T00:51:57.240-0600: 32.503: Total time for which application threads were stopped: 0.0001130 seconds, Stopping threads took: 0.0000460 seconds
2015-11-12T00:51:57.240-0600: 32.503: Total time for which application threads were stopped: 0.0001040 seconds, Stopping threads took: 0.0000490 seconds
2015-11-12T00:51:57.240-0600: 32.503: Total time for which application threads were stopped: 0.0000850 seconds, Stopping threads took: 0.0000280 seconds
2015-11-12T00:51:57.240-0600: 32.503: Total time for which application threads were stopped: 0.0000820 seconds, Stopping threads took: 0.0000270 seconds
2015-11-12T00:51:57.241-0600: 32.503: Total time for which application threads were stopped: 0.0001040 seconds, Stopping threads took: 0.0000440 seconds
2015-11-12T00:51:57.241-0600: 32.503: Total time for which application threads were stopped: 0.0001070 seconds, Stopping threads took: 0.0000490 seconds
2015-11-12T00:51:57.241-0600: 32.504: Total time for which application threads were stopped: 0.0000930 seconds, Stopping threads took: 0.0000350 seconds
2015-11-12T00:51:57.242-0600: 32.504: Total time for which application threads were stopped: 0.0001170 seconds, Stopping threads took: 0.0000570 seconds
2015-11-12T00:51:57.242-0600: 32.504: Total time for which application threads were stopped: 0.0000840 seconds, Stopping threads took: 0.0000210 seconds
2015-11-12T00:51:57.242-0600: 32.505: Total time for which application threads were stopped: 0.0001030 seconds, Stopping threads took: 0.0000540 seconds
2015-11-12T00:51:57.242-0600: 32.505: Total time for which application threads were stopped: 0.0000830 seconds, Stopping threads took: 0.0000350 seconds
2015-11-12T00:51:57.242-0600: 32.505: Total time for which application threads were stopped: 0.0000920 seconds, Stopping threads took: 0.0000420 seconds
2015-11-12T00:51:57.242-0600: 32.505: Total time for which application threads were stopped: 0.0001020 seconds, Stopping threads took: 0.0000450 seconds
2015-11-12T00:51:57.242-0600: 32.505: Total time for which application threads were stopped: 0.0000920 seconds, Stopping threads took: 0.0000340 seconds
2015-11-12T00:51:57.243-0600: 32.505: Total time for which application threads were stopped: 0.0000910 seconds, Stopping threads took: 0.0000340 seconds
2015-11-12T00:51:57.243-0600: 32.505: Total time for which application threads were stopped: 0.0000690 seconds, Stopping threads took: 0.0000160 seconds
2015-11-12T00:51:57.243-0600: 32.506: Total time for which application threads were stopped: 0.0000960 seconds, Stopping threads took: 0.0000380 seconds
2015-11-12T00:51:57.243-0600: 32.506: Total time for which application threads were stopped: 0.0003310 seconds, Stopping threads took: 0.0000320 seconds
2015-11-12T00:51:57.256-0600: 32.518: Total time for which application threads were stopped: 0.0001950 seconds, Stopping threads took: 0.0000520 seconds
2015-11-12T00:51:57.274-0600: 32.537: Total time for which application threads were stopped: 0.0001560 seconds, Stopping threads took: 0.0000510 seconds
2015-11-12T00:51:58.236-0600: 33.499: Total time for which application threads were stopped: 0.0007210 seconds, Stopping threads took: 0.0000860 seconds
2015-11-12T00:51:58.284-0600: 33.547: Total time for which application threads were stopped: 0.0001260 seconds, Stopping threads took: 0.0000380 seconds
2015-11-12T00:51:58.290-0600: 33.553: Total time for which application threads were stopped: 0.0001330 seconds, Stopping threads took: 0.0000290 seconds
2015-11-12T00:51:58.318-0600: 33.580: Total time for which application threads were stopped: 0.0001510 seconds, Stopping threads took: 0.0000460 seconds
2015-11-12T00:51:58.318-0600: 33.581: Total time for which application threads were stopped: 0.0001310 seconds, Stopping threads took: 0.0000570 seconds
2015-11-12T00:51:58.419-0600: 33.681: Total time for which application threads were stopped: 0.0002670 seconds, Stopping threads took: 0.0000910 seconds
2015-11-12T00:51:58.419-0600: 33.682: Total time for which application threads were stopped: 0.0000790 seconds, Stopping threads took: 0.0000220 seconds
2015-11-12T00:51:58.421-0600: 33.684: Total time for which application threads were stopped: 0.0001480 seconds, Stopping threads took: 0.0000390 seconds
2015-11-12T00:51:58.428-0600: 33.691: Total time for which application threads were stopped: 0.0001530 seconds, Stopping threads took: 0.0000400 seconds
2015-11-12T00:51:58.469-0600: 33.732: Total time for which application threads were stopped: 0.0001390 seconds, Stopping threads took: 0.0000420 seconds
2015-11-12T00:51:58.574-0600: 33.836: Total time for which application threads were stopped: 0.0001380 seconds, Stopping threads took: 0.0000410 seconds
2015-11-12T00:51:58.574-0600: 33.837: Total time for which application threads were stopped: 0.0000970 seconds, Stopping threads took: 0.0000280 seconds
2015-11-12T00:51:58.574-0600: 33.837: Total time for which application threads were stopped: 0.0001080 seconds, Stopping threads took: 0.0000300 seconds
2015-11-12T00:51:58.574-0600: 33.837: Total time for which application threads were stopped: 0.0001720 seconds, Stopping threads took: 0.0000190 seconds
2015-11-12T00:51:58.575-0600: 33.837: Total time for which application threads were stopped: 0.0000890 seconds, Stopping threads took: 0.0000250 seconds
2015-11-12T00:51:58.575-0600: 33.837: Total time for which application threads were stopped: 0.0000600 seconds, Stopping threads took: 0.0000140 seconds
2015-11-12T00:51:58.575-0600: 33.837: Total time for which application threads were stopped: 0.0000620 seconds, Stopping threads took: 0.0000150 seconds
2015-11-12T00:51:58.575-0600: 33.838: Total time for which application threads were stopped: 0.0000620 seconds, Stopping threads took: 0.0000160 seconds
2015-11-12T00:51:58.575-0600: 33.838: Total time for which application threads were stopped: 0.0000590 seconds, Stopping threads took: 0.0000160 seconds
2015-11-12T00:51:58.575-0600: 33.838: Total time for which application threads were stopped: 0.0000620 seconds, Stopping threads took: 0.0000190 seconds
2015-11-12T00:51:58.575-0600: 33.838: Total time for which application threads were stopped: 0.0000540 seconds, Stopping threads took: 0.0000130 seconds
2015-11-12T00:51:58.575-0600: 33.838: Total time for which application threads were stopped: 0.0000520 seconds, Stopping threads took: 0.0000120 seconds
2015-11-12T00:51:58.575-0600: 33.838: Total time for which application threads were stopped: 0.0000570 seconds, Stopping threads took: 0.0000150 seconds
2015-11-12T00:51:58.575-0600: 33.838: Total time for which application threads were stopped: 0.0000530 seconds, Stopping threads took: 0.0000130 seconds
2015-11-12T00:51:58.575-0600: 33.838: Total time for which application threads were stopped: 0.0000530 seconds, Stopping threads took: 0.0000130 seconds
2015-11-12T00:51:58.576-0600: 33.838: Total time for which application threads were stopped: 0.0000520 seconds, Stopping threads took: 0.0000120 seconds
2015-11-12T00:51:58.576-0600: 33.838: Total time for which application threads were stopped: 0.0000550 seconds, Stopping threads took: 0.0000140 seconds
2015-11-12T00:51:58.576-0600: 33.838: Total time for which application threads were stopped: 0.0000530 seconds, Stopping threads took: 0.0000130 seconds
2015-11-12T00:51:58.576-0600: 33.839: Total time for which application threads were stopped: 0.0000520 seconds, Stopping threads took: 0.0000120 seconds
2015-11-12T00:51:58.576-0600: 33.839: Total time for which application threads were stopped: 0.0000550 seconds, Stopping threads took: 0.0000140 seconds
2015-11-12T00:51:58.576-0600: 33.839: Total time for which application threads were stopped: 0.0002270 seconds, Stopping threads took: 0.0000120 seconds
2015-11-12T00:51:58.576-0600: 33.839: Total time for which application threads were stopped: 0.0000520 seconds, Stopping threads took: 0.0000120 seconds
2015-11-12T00:51:58.580-0600: 33.843: Total time for which application threads were stopped: 0.0001280 seconds, Stopping threads took: 0.0000380 seconds
2015-11-12T00:51:58.581-0600: 33.844: Total time for which application threads were stopped: 0.0001030 seconds, Stopping threads took: 0.0000280 seconds
2015-11-12T00:51:58.581-0600: 33.844: Total time for which application threads were stopped: 0.0000590 seconds, Stopping threads took: 0.0000160 seconds
2015-11-12T00:51:58.582-0600: 33.845: Total time for which application threads were stopped: 0.0000950 seconds, Stopping threads took: 0.0000280 seconds
2015-11-12T00:51:58.585-0600: 33.847: Total time for which application threads were stopped: 0.0001330 seconds, Stopping threads took: 0.0000390 seconds
2015-11-12T00:51:58.585-0600: 33.847: Total time for which application threads were stopped: 0.0000800 seconds, Stopping threads took: 0.0000240 seconds
2015-11-12T00:51:58.585-0600: 33.848: Total time for which application threads were stopped: 0.0000680 seconds, Stopping threads took: 0.0000170 seconds
2015-11-12T00:51:58.586-0600: 33.848: Total time for which application threads were stopped: 0.0000930 seconds, Stopping threads took: 0.0000270 seconds
2015-11-12T00:51:58.753-0600: 34.016: Total time for which application threads were stopped: 0.0001850 seconds, Stopping threads took: 0.0000350 seconds
2015-11-12T00:51:58.753-0600: 34.016: Total time for which application threads were stopped: 0.0000830 seconds, Stopping threads took: 0.0000280 seconds
2015-11-12T00:51:58.754-0600: 34.016: Total time for which application threads were stopped: 0.0000770 seconds, Stopping threads took: 0.0000280 seconds
2015-11-12T00:51:58.754-0600: 34.017: Total time for which application threads were stopped: 0.0000980 seconds, Stopping threads took: 0.0000230 seconds
2015-11-12T00:51:59.755-0600: 35.018: Total time for which application threads were stopped: 0.0005790 seconds, Stopping threads took: 0.0000800 seconds
2015-11-12T00:52:34.761-0600: 70.023: Total time for which application threads were stopped: 0.0006050 seconds, Stopping threads took: 0.0000790 seconds
2015-11-12T00:54:43.504-0600: 198.766: Total time for which application threads were stopped: 0.0004220 seconds, Stopping threads took: 0.0000250 seconds
2015-11-12T00:54:43.506-0600: 198.768: Total time for which application threads were stopped: 0.0001150 seconds, Stopping threads took: 0.0000220 seconds
2015-11-12T00:54:43.530-0600: 198.792: Total time for which application threads were stopped: 0.0061500 seconds, Stopping threads took: 0.0060430 seconds
2015-11-12T00:54:43.660-0600: 198.923: Total time for which application threads were stopped: 0.0001810 seconds, Stopping threads took: 0.0000320 seconds
2015-11-12T00:54:43.705-0600: 198.968: Total time for which application threads were stopped: 0.0001910 seconds, Stopping threads took: 0.0000420 seconds
2015-11-12T00:54:44.108-0600: 199.370: Total time for which application threads were stopped: 0.0115140 seconds, Stopping threads took: 0.0112540 seconds
2015-11-12T00:54:44.111-0600: 199.373: Total time for which application threads were stopped: 0.0002160 seconds, Stopping threads took: 0.0000860 seconds
2015-11-12T00:54:44.192-0600: 199.455: Total time for which application threads were stopped: 0.0224790 seconds, Stopping threads took: 0.0223580 seconds
2015-11-12T00:54:44.215-0600: 199.477: Total time for which application threads were stopped: 0.0009600 seconds, Stopping threads took: 0.0008140 seconds
{Heap before GC invocations=16 (full 0):
 par new generation   total 109248K, used 102300K [0x00000000d5a00000, 0x00000000dda00000, 0x00000000dda00000)
  eden space 87424K, 100% used [0x00000000d5a00000, 0x00000000daf60000, 0x00000000daf60000)
  from space 21824K,  68% used [0x00000000daf60000, 0x00000000dbde7300, 0x00000000dc4b0000)
  to   space 21824K,   0% used [0x00000000dc4b0000, 0x00000000dc4b0000, 0x00000000dda00000)
 concurrent mark-sweep generation total 393216K, used 9200K [0x00000000dda00000, 0x00000000f5a00000, 0x00000000f5a00000)
 concurrent-mark-sweep perm gen total 36416K, used 36226K [0x00000000f5a00000, 0x00000000f7d90000, 0x0000000100000000)
2015-11-12T00:54:44.290-0600: 199.553: [GC2015-11-12T00:54:44.290-0600: 199.553: [ParNew
Desired survivor size 20112992 bytes, new threshold 8 (max 8)
- age   1:   10327704 bytes,   10327704 total
- age   2:     545296 bytes,   10873000 total
- age   3:      69304 bytes,   10942304 total
- age   4:    1422200 bytes,   12364504 total
- age   5:      70872 bytes,   12435376 total
- age   6:     120064 bytes,   12555440 total
- age   7:    1207016 bytes,   13762456 total
- age   8:    1419464 bytes,   15181920 total
: 102300K->17068K(109248K), 0.0768450 secs] 111501K->27465K(502464K), 0.0770680 secs] [Times: user=0.10 sys=0.00, real=0.08 secs] 
Heap after GC invocations=17 (full 0):
 par new generation   total 109248K, used 17068K [0x00000000d5a00000, 0x00000000dda00000, 0x00000000dda00000)
  eden space 87424K,   0% used [0x00000000d5a00000, 0x00000000d5a00000, 0x00000000daf60000)
  from space 21824K,  78% used [0x00000000dc4b0000, 0x00000000dd55b2b8, 0x00000000dda00000)
  to   space 21824K,   0% used [0x00000000daf60000, 0x00000000daf60000, 0x00000000dc4b0000)
 concurrent mark-sweep generation total 393216K, used 10396K [0x00000000dda00000, 0x00000000f5a00000, 0x00000000f5a00000)
 concurrent-mark-sweep perm gen total 36416K, used 36226K [0x00000000f5a00000, 0x00000000f7d90000, 0x0000000100000000)
}
2015-11-12T00:54:44.368-0600: 199.630: Total time for which application threads were stopped: 0.0775810 seconds, Stopping threads took: 0.0002580 seconds
{Heap before GC invocations=17 (full 0):
 par new generation   total 109248K, used 104492K [0x00000000d5a00000, 0x00000000dda00000, 0x00000000dda00000)
  eden space 87424K, 100% used [0x00000000d5a00000, 0x00000000daf60000, 0x00000000daf60000)
  from space 21824K,  78% used [0x00000000dc4b0000, 0x00000000dd55b2b8, 0x00000000dda00000)
  to   space 21824K,   0% used [0x00000000daf60000, 0x00000000daf60000, 0x00000000dc4b0000)
 concurrent mark-sweep generation total 393216K, used 10396K [0x00000000dda00000, 0x00000000f5a00000, 0x00000000f5a00000)
 concurrent-mark-sweep perm gen total 36416K, used 36241K [0x00000000f5a00000, 0x00000000f7d90000, 0x0000000100000000)
2015-11-12T00:54:44.679-0600: 199.941: [GC2015-11-12T00:54:44.679-0600: 199.942: [ParNew
Desired survivor size 20112992 bytes, new threshold 8 (max 8)
- age   1:     566992 bytes,     566992 total
- age   2:    7964416 bytes,    8531408 total
- age   3:     545296 bytes,    9076704 total
- age   4:      69304 bytes,    9146008 total
- age   5:    1421560 bytes,   10567568 total
- age   6:      70872 bytes,   10638440 total
- age   7:     120064 bytes,   10758504 total
- age   8:    1194512 bytes,   11953016 total
: 104492K->17783K(109248K), 0.0802940 secs] 114889K->29587K(502464K), 0.0805270 secs] [Times: user=0.08 sys=0.00, real=0.08 secs] 
Heap after GC invocations=18 (full 0):
 par new generation   total 109248K, used 17783K [0x00000000d5a00000, 0x00000000dda00000, 0x00000000dda00000)
  eden space 87424K,   0% used [0x00000000d5a00000, 0x00000000d5a00000, 0x00000000daf60000)
  from space 21824K,  81% used [0x00000000daf60000, 0x00000000dc0bddf0, 0x00000000dc4b0000)
  to   space 21824K,   0% used [0x00000000dc4b0000, 0x00000000dc4b0000, 0x00000000dda00000)
 concurrent mark-sweep generation total 393216K, used 11804K [0x00000000dda00000, 0x00000000f5a00000, 0x00000000f5a00000)
 concurrent-mark-sweep perm gen total 36416K, used 36241K [0x00000000f5a00000, 0x00000000f7d90000, 0x0000000100000000)
}
2015-11-12T00:54:44.759-0600: 200.022: Total time for which application threads were stopped: 0.0961370 seconds, Stopping threads took: 0.0150750 seconds
{Heap before GC invocations=18 (full 0):
 par new generation   total 109248K, used 105207K [0x00000000d5a00000, 0x00000000dda00000, 0x00000000dda00000)
  eden space 87424K, 100% used [0x00000000d5a00000, 0x00000000daf60000, 0x00000000daf60000)
  from space 21824K,  81% used [0x00000000daf60000, 0x00000000dc0bddf0, 0x00000000dc4b0000)
  to   space 21824K,   0% used [0x00000000dc4b0000, 0x00000000dc4b0000, 0x00000000dda00000)
 concurrent mark-sweep generation total 393216K, used 11804K [0x00000000dda00000, 0x00000000f5a00000, 0x00000000f5a00000)
 concurrent-mark-sweep perm gen total 36416K, used 36243K [0x00000000f5a00000, 0x00000000f7d90000, 0x0000000100000000)
2015-11-12T00:54:45.229-0600: 200.491: [GC2015-11-12T00:54:45.229-0600: 200.491: [ParNew
Desired survivor size 20112992 bytes, new threshold 8 (max 8)
- age   1:     355856 bytes,     355856 total
- age   2:      49256 bytes,     405112 total
- age   3:    7964440 bytes,    8369552 total
- age   4:     545296 bytes,    8914848 total
- age   5:      69304 bytes,    8984152 total
- age   6:    1421560 bytes,   10405712 total
- age   7:      70872 bytes,   10476584 total
- age   8:     120064 bytes,   10596648 total
: 105207K->13234K(109248K), 0.0817970 secs] 117011K->26215K(502464K), 0.0820010 secs] [Times: user=0.15 sys=0.00, real=0.08 secs] 
Heap after GC invocations=19 (full 0):
 par new generation   total 109248K, used 13234K [0x00000000d5a00000, 0x00000000dda00000, 0x00000000dda00000)
  eden space 87424K,   0% used [0x00000000d5a00000, 0x00000000d5a00000, 0x00000000daf60000)
  from space 21824K,  60% used [0x00000000dc4b0000, 0x00000000dd19cb20, 0x00000000dda00000)
  to   space 21824K,   0% used [0x00000000daf60000, 0x00000000daf60000, 0x00000000dc4b0000)
 concurrent mark-sweep generation total 393216K, used 12980K [0x00000000dda00000, 0x00000000f5a00000, 0x00000000f5a00000)
 concurrent-mark-sweep perm gen total 36416K, used 36243K [0x00000000f5a00000, 0x00000000f7d90000, 0x0000000100000000)
}
2015-11-12T00:54:45.311-0600: 200.573: Total time for which application threads were stopped: 0.0877920 seconds, Stopping threads took: 0.0053170 seconds
2015-11-12T00:54:45.544-0600: 200.806: Total time for which application threads were stopped: 0.0061450 seconds, Stopping threads took: 0.0060010 seconds
2015-11-12T00:54:45.579-0600: 200.841: Total time for which application threads were stopped: 0.0054040 seconds, Stopping threads took: 0.0052700 seconds
{Heap before GC invocations=19 (full 0):
 par new generation   total 109248K, used 100658K [0x00000000d5a00000, 0x00000000dda00000, 0x00000000dda00000)
  eden space 87424K, 100% used [0x00000000d5a00000, 0x00000000daf60000, 0x00000000daf60000)
  from space 21824K,  60% used [0x00000000dc4b0000, 0x00000000dd19cb20, 0x00000000dda00000)
  to   space 21824K,   0% used [0x00000000daf60000, 0x00000000daf60000, 0x00000000dc4b0000)
 concurrent mark-sweep generation total 393216K, used 12980K [0x00000000dda00000, 0x00000000f5a00000, 0x00000000f5a00000)
 concurrent-mark-sweep perm gen total 36800K, used 36686K [0x00000000f5a00000, 0x00000000f7df0000, 0x0000000100000000)
2015-11-12T00:54:45.823-0600: 201.086: [GC2015-11-12T00:54:45.824-0600: 201.086: [ParNew
Desired survivor size 20112992 bytes, new threshold 8 (max 8)
- age   1:    1402424 bytes,    1402424 total
- age   2:      38296 bytes,    1440720 total
- age   3:      49256 bytes,    1489976 total
- age   4:    7951520 bytes,    9441496 total
- age   5:     545296 bytes,    9986792 total
- age   6:      69304 bytes,   10056096 total
- age   7:    1421560 bytes,   11477656 total
- age   8:      70872 bytes,   11548528 total
: 100658K->16155K(109248K), 0.0775500 secs] 113639K->29255K(502464K), 0.0777920 secs] [Times: user=0.16 sys=0.01, real=0.08 secs] 
Heap after GC invocations=20 (full 0):
 par new generation   total 109248K, used 16155K [0x00000000d5a00000, 0x00000000dda00000, 0x00000000dda00000)
  eden space 87424K,   0% used [0x00000000d5a00000, 0x00000000d5a00000, 0x00000000daf60000)
  from space 21824K,  74% used [0x00000000daf60000, 0x00000000dbf26e40, 0x00000000dc4b0000)
  to   space 21824K,   0% used [0x00000000dc4b0000, 0x00000000dc4b0000, 0x00000000dda00000)
 concurrent mark-sweep generation total 393216K, used 13099K [0x00000000dda00000, 0x00000000f5a00000, 0x00000000f5a00000)
 concurrent-mark-sweep perm gen total 36800K, used 36686K [0x00000000f5a00000, 0x00000000f7df0000, 0x0000000100000000)
}
2015-11-12T00:54:45.901-0600: 201.164: Total time for which application threads were stopped: 0.0832630 seconds, Stopping threads took: 0.0050350 seconds
2015-11-12T00:54:45.978-0600: 201.241: Total time for which application threads were stopped: 0.0017600 seconds, Stopping threads took: 0.0015130 seconds
2015-11-12T00:54:46.014-0600: 201.276: Total time for which application threads were stopped: 0.0156330 seconds, Stopping threads took: 0.0154880 seconds
2015-11-12T00:54:46.038-0600: 201.301: Total time for which application threads were stopped: 0.0168450 seconds, Stopping threads took: 0.0167030 seconds
2015-11-12T00:54:46.052-0600: 201.314: Total time for which application threads were stopped: 0.0001930 seconds, Stopping threads took: 0.0000730 seconds
2015-11-12T00:54:46.071-0600: 201.333: Total time for which application threads were stopped: 0.0111450 seconds, Stopping threads took: 0.0109940 seconds
2015-11-12T00:54:46.086-0600: 201.349: Total time for which application threads were stopped: 0.0035890 seconds, Stopping threads took: 0.0034520 seconds
2015-11-12T00:54:46.110-0600: 201.372: Total time for which application threads were stopped: 0.0061450 seconds, Stopping threads took: 0.0060260 seconds
2015-11-12T00:54:46.140-0600: 201.403: Total time for which application threads were stopped: 0.0044340 seconds, Stopping threads took: 0.0043020 seconds
2015-11-12T00:54:46.163-0600: 201.425: Total time for which application threads were stopped: 0.0099100 seconds, Stopping threads took: 0.0097830 seconds
2015-11-12T00:54:46.170-0600: 201.433: Total time for which application threads were stopped: 0.0024820 seconds, Stopping threads took: 0.0023620 seconds
2015-11-12T00:54:46.187-0600: 201.449: Total time for which application threads were stopped: 0.0065270 seconds, Stopping threads took: 0.0063990 seconds
2015-11-12T00:54:46.215-0600: 201.478: Total time for which application threads were stopped: 0.0052730 seconds, Stopping threads took: 0.0050820 seconds
2015-11-12T00:54:46.239-0600: 201.501: Total time for which application threads were stopped: 0.0083670 seconds, Stopping threads took: 0.0079050 seconds
2015-11-12T00:54:46.246-0600: 201.508: Total time for which application threads were stopped: 0.0047750 seconds, Stopping threads took: 0.0046370 seconds
2015-11-12T00:54:46.274-0600: 201.537: Total time for which application threads were stopped: 0.0199500 seconds, Stopping threads took: 0.0198080 seconds
2015-11-12T00:54:46.287-0600: 201.549: Total time for which application threads were stopped: 0.0001730 seconds, Stopping threads took: 0.0000650 seconds
2015-11-12T00:54:46.326-0600: 201.588: Total time for which application threads were stopped: 0.0090200 seconds, Stopping threads took: 0.0087610 seconds
2015-11-12T00:54:46.352-0600: 201.615: Total time for which application threads were stopped: 0.0004690 seconds, Stopping threads took: 0.0003510 seconds
2015-11-12T00:54:46.403-0600: 201.666: Total time for which application threads were stopped: 0.0187650 seconds, Stopping threads took: 0.0186390 seconds
2015-11-12T00:54:46.428-0600: 201.691: Total time for which application threads were stopped: 0.0058190 seconds, Stopping threads took: 0.0056980 seconds
2015-11-12T00:54:46.454-0600: 201.717: Total time for which application threads were stopped: 0.0097860 seconds, Stopping threads took: 0.0096520 seconds
2015-11-12T00:54:46.482-0600: 201.744: Total time for which application threads were stopped: 0.0002890 seconds, Stopping threads took: 0.0001560 seconds
2015-11-12T00:54:46.499-0600: 201.762: Total time for which application threads were stopped: 0.0007970 seconds, Stopping threads took: 0.0006680 seconds
2015-11-12T00:54:46.521-0600: 201.784: Total time for which application threads were stopped: 0.0067420 seconds, Stopping threads took: 0.0066150 seconds
2015-11-12T00:54:46.541-0600: 201.803: Total time for which application threads were stopped: 0.0064910 seconds, Stopping threads took: 0.0063570 seconds
2015-11-12T00:54:46.572-0600: 201.835: Total time for which application threads were stopped: 0.0058980 seconds, Stopping threads took: 0.0057420 seconds
2015-11-12T00:54:46.599-0600: 201.861: Total time for which application threads were stopped: 0.0107520 seconds, Stopping threads took: 0.0105760 seconds
2015-11-12T00:54:46.656-0600: 201.918: Total time for which application threads were stopped: 0.0087280 seconds, Stopping threads took: 0.0085800 seconds
2015-11-12T00:54:46.672-0600: 201.935: Total time for which application threads were stopped: 0.0017730 seconds, Stopping threads took: 0.0016320 seconds
2015-11-12T00:54:46.677-0600: 201.939: Total time for which application threads were stopped: 0.0001990 seconds, Stopping threads took: 0.0000800 seconds
2015-11-12T00:54:46.698-0600: 201.960: Total time for which application threads were stopped: 0.0050380 seconds, Stopping threads took: 0.0045850 seconds
{Heap before GC invocations=20 (full 0):
 par new generation   total 109248K, used 103579K [0x00000000d5a00000, 0x00000000dda00000, 0x00000000dda00000)
  eden space 87424K, 100% used [0x00000000d5a00000, 0x00000000daf60000, 0x00000000daf60000)
  from space 21824K,  74% used [0x00000000daf60000, 0x00000000dbf26e40, 0x00000000dc4b0000)
  to   space 21824K,   0% used [0x00000000dc4b0000, 0x00000000dc4b0000, 0x00000000dda00000)
 concurrent mark-sweep generation total 393216K, used 13099K [0x00000000dda00000, 0x00000000f5a00000, 0x00000000f5a00000)
 concurrent-mark-sweep perm gen total 36800K, used 36698K [0x00000000f5a00000, 0x00000000f7df0000, 0x0000000100000000)
2015-11-12T00:54:46.791-0600: 202.054: [GC2015-11-12T00:54:46.791-0600: 202.054: [ParNew
Desired survivor size 20112992 bytes, new threshold 8 (max 8)
- age   1:     492592 bytes,     492592 total
- age   2:     305432 bytes,     798024 total
- age   3:      38296 bytes,     836320 total
- age   4:      49064 bytes,     885384 total
- age   5:    7951048 bytes,    8836432 total
- age   6:     545296 bytes,    9381728 total
- age   7:      69304 bytes,    9451032 total
- age   8:    1421560 bytes,   10872592 total
: 103579K->13074K(109248K), 0.0967890 secs] 116679K->26244K(502464K), 0.0970010 secs] [Times: user=0.10 sys=0.01, real=0.10 secs] 
Heap after GC invocations=21 (full 0):
 par new generation   total 109248K, used 13074K [0x00000000d5a00000, 0x00000000dda00000, 0x00000000dda00000)
  eden space 87424K,   0% used [0x00000000d5a00000, 0x00000000d5a00000, 0x00000000daf60000)
  from space 21824K,  59% used [0x00000000dc4b0000, 0x00000000dd174900, 0x00000000dda00000)
  to   space 21824K,   0% used [0x00000000daf60000, 0x00000000daf60000, 0x00000000dc4b0000)
 concurrent mark-sweep generation total 393216K, used 13170K [0x00000000dda00000, 0x00000000f5a00000, 0x00000000f5a00000)
 concurrent-mark-sweep perm gen total 36800K, used 36698K [0x00000000f5a00000, 0x00000000f7df0000, 0x0000000100000000)
}
2015-11-12T00:54:46.888-0600: 202.151: Total time for which application threads were stopped: 0.1035630 seconds, Stopping threads took: 0.0061710 seconds
{Heap before GC invocations=21 (full 0):
 par new generation   total 109248K, used 100498K [0x00000000d5a00000, 0x00000000dda00000, 0x00000000dda00000)
  eden space 87424K, 100% used [0x00000000d5a00000, 0x00000000daf60000, 0x00000000daf60000)
  from space 21824K,  59% used [0x00000000dc4b0000, 0x00000000dd174900, 0x00000000dda00000)
  to   space 21824K,   0% used [0x00000000daf60000, 0x00000000daf60000, 0x00000000dc4b0000)
 concurrent mark-sweep generation total 393216K, used 13170K [0x00000000dda00000, 0x00000000f5a00000, 0x00000000f5a00000)
 concurrent-mark-sweep perm gen total 36800K, used 36719K [0x00000000f5a00000, 0x00000000f7df0000, 0x0000000100000000)
2015-11-12T00:54:47.170-0600: 202.432: [GC2015-11-12T00:54:47.170-0600: 202.432: [ParNew
Desired survivor size 20112992 bytes, new threshold 8 (max 8)
- age   1:    1244448 bytes,    1244448 total
- age   2:     111560 bytes,    1356008 total
- age   3:     304568 bytes,    1660576 total
- age   4:      37208 bytes,    1697784 total
- age   5:      49064 bytes,    1746848 total
- age   6:    7951048 bytes,    9697896 total
- age   7:     545296 bytes,   10243192 total
- age   8:      69304 bytes,   10312496 total
: 100498K->14396K(109248K), 0.0897340 secs] 113668K->28966K(502464K), 0.0900450 secs] [Times: user=0.11 sys=0.00, real=0.09 secs] 
Heap after GC invocations=22 (full 0):
 par new generation   total 109248K, used 14396K [0x00000000d5a00000, 0x00000000dda00000, 0x00000000dda00000)
  eden space 87424K,   0% used [0x00000000d5a00000, 0x00000000d5a00000, 0x00000000daf60000)
  from space 21824K,  65% used [0x00000000daf60000, 0x00000000dbd6f1c0, 0x00000000dc4b0000)
  to   space 21824K,   0% used [0x00000000dc4b0000, 0x00000000dc4b0000, 0x00000000dda00000)
 concurrent mark-sweep generation total 393216K, used 14569K [0x00000000dda00000, 0x00000000f5a00000, 0x00000000f5a00000)
 concurrent-mark-sweep perm gen total 36800K, used 36719K [0x00000000f5a00000, 0x00000000f7df0000, 0x0000000100000000)
}
2015-11-12T00:54:47.260-0600: 202.522: Total time for which application threads were stopped: 0.0923620 seconds, Stopping threads took: 0.0017730 seconds
{Heap before GC invocations=22 (full 0):
 par new generation   total 109248K, used 101814K [0x00000000d5a00000, 0x00000000dda00000, 0x00000000dda00000)
  eden space 87424K,  99% used [0x00000000d5a00000, 0x00000000daf5e7b8, 0x00000000daf60000)
  from space 21824K,  65% used [0x00000000daf60000, 0x00000000dbd6f1c0, 0x00000000dc4b0000)
  to   space 21824K,   0% used [0x00000000dc4b0000, 0x00000000dc4b0000, 0x00000000dda00000)
 concurrent mark-sweep generation total 393216K, used 14569K [0x00000000dda00000, 0x00000000f5a00000, 0x00000000f5a00000)
 concurrent-mark-sweep perm gen total 36800K, used 36730K [0x00000000f5a00000, 0x00000000f7df0000, 0x0000000100000000)
2015-11-12T00:54:47.427-0600: 202.689: [GC2015-11-12T00:54:47.427-0600: 202.689: [ParNew
Desired survivor size 20112992 bytes, new threshold 8 (max 8)
- age   1:    1179784 bytes,    1179784 total
- age   2:      82704 bytes,    1262488 total
- age   3:     111560 bytes,    1374048 total
- age   4:     304568 bytes,    1678616 total
- age   5:      37208 bytes,    1715824 total
- age   6:      49064 bytes,    1764888 total
- age   7:    7951048 bytes,    9715936 total
- age   8:     545296 bytes,   10261232 total
: 101814K->12351K(109248K), 0.0809610 secs] 116384K->26991K(502464K), 0.0811580 secs] [Times: user=0.07 sys=0.00, real=0.08 secs] 
Heap after GC invocations=23 (full 0):
 par new generation   total 109248K, used 12351K [0x00000000d5a00000, 0x00000000dda00000, 0x00000000dda00000)
  eden space 87424K,   0% used [0x00000000d5a00000, 0x00000000d5a00000, 0x00000000daf60000)
  from space 21824K,  56% used [0x00000000dc4b0000, 0x00000000dd0bff80, 0x00000000dda00000)
  to   space 21824K,   0% used [0x00000000daf60000, 0x00000000daf60000, 0x00000000dc4b0000)
 concurrent mark-sweep generation total 393216K, used 14639K [0x00000000dda00000, 0x00000000f5a00000, 0x00000000f5a00000)
 concurrent-mark-sweep perm gen total 36800K, used 36730K [0x00000000f5a00000, 0x00000000f7df0000, 0x0000000100000000)
}
2015-11-12T00:54:47.508-0600: 202.771: Total time for which application threads were stopped: 0.0815410 seconds, Stopping threads took: 0.0001120 seconds
{Heap before GC invocations=23 (full 0):
 par new generation   total 109248K, used 99775K [0x00000000d5a00000, 0x00000000dda00000, 0x00000000dda00000)
  eden space 87424K, 100% used [0x00000000d5a00000, 0x00000000daf60000, 0x00000000daf60000)
  from space 21824K,  56% used [0x00000000dc4b0000, 0x00000000dd0bff80, 0x00000000dda00000)
  to   space 21824K,   0% used [0x00000000daf60000, 0x00000000daf60000, 0x00000000dc4b0000)
 concurrent mark-sweep generation total 393216K, used 14639K [0x00000000dda00000, 0x00000000f5a00000, 0x00000000f5a00000)
 concurrent-mark-sweep perm gen total 36800K, used 36741K [0x00000000f5a00000, 0x00000000f7df0000, 0x0000000100000000)
2015-11-12T00:54:47.713-0600: 202.976: [GC2015-11-12T00:54:47.713-0600: 202.976: [ParNew
Desired survivor size 20112992 bytes, new threshold 8 (max 8)
- age   1:     568456 bytes,     568456 total
- age   2:      79992 bytes,     648448 total
- age   3:      81264 bytes,     729712 total
- age   4:     110840 bytes,     840552 total
- age   5:     304040 bytes,    1144592 total
- age   6:      36320 bytes,    1180912 total
- age   7:      48088 bytes,    1229000 total
- age   8:    7950192 bytes,    9179192 total
: 99775K->13589K(109248K), 0.0352290 secs] 114415K->28765K(502464K), 0.0353990 secs] [Times: user=0.07 sys=0.00, real=0.04 secs] 
Heap after GC invocations=24 (full 0):
 par new generation   total 109248K, used 13589K [0x00000000d5a00000, 0x00000000dda00000, 0x00000000dda00000)
  eden space 87424K,   0% used [0x00000000d5a00000, 0x00000000d5a00000, 0x00000000daf60000)
  from space 21824K,  62% used [0x00000000daf60000, 0x00000000dbca5560, 0x00000000dc4b0000)
  to   space 21824K,   0% used [0x00000000dc4b0000, 0x00000000dc4b0000, 0x00000000dda00000)
 concurrent mark-sweep generation total 393216K, used 15175K [0x00000000dda00000, 0x00000000f5a00000, 0x00000000f5a00000)
 concurrent-mark-sweep perm gen total 36800K, used 36741K [0x00000000f5a00000, 0x00000000f7df0000, 0x0000000100000000)
}
2015-11-12T00:54:47.748-0600: 203.011: Total time for which application threads were stopped: 0.0419540 seconds, Stopping threads took: 0.0061680 seconds
2015-11-12T00:54:47.980-0600: 203.243: Total time for which application threads were stopped: 0.0003000 seconds, Stopping threads took: 0.0000850 seconds
2015-11-12T00:54:48.033-0600: 203.296: Total time for which application threads were stopped: 0.0001550 seconds, Stopping threads took: 0.0000410 seconds
2015-11-12T00:54:48.040-0600: 203.302: Total time for which application threads were stopped: 0.0001830 seconds, Stopping threads took: 0.0000670 seconds
2015-11-12T00:54:48.078-0600: 203.341: Total time for which application threads were stopped: 0.0002160 seconds, Stopping threads took: 0.0000410 seconds
2015-11-12T00:54:48.233-0600: 203.496: Total time for which application threads were stopped: 0.0003130 seconds, Stopping threads took: 0.0000610 seconds
2015-11-12T00:54:48.233-0600: 203.496: Total time for which application threads were stopped: 0.0000910 seconds, Stopping threads took: 0.0000310 seconds
2015-11-12T00:54:48.254-0600: 203.517: Total time for which application threads were stopped: 0.0001220 seconds, Stopping threads took: 0.0000300 seconds
2015-11-12T00:54:48.291-0600: 203.554: Total time for which application threads were stopped: 0.0005000 seconds, Stopping threads took: 0.0000500 seconds
2015-11-12T00:54:48.524-0600: 203.786: Total time for which application threads were stopped: 0.0001380 seconds, Stopping threads took: 0.0000370 seconds
2015-11-12T00:54:48.526-0600: 203.788: Total time for which application threads were stopped: 0.0001210 seconds, Stopping threads took: 0.0000300 seconds
2015-11-12T00:54:48.608-0600: 203.870: Total time for which application threads were stopped: 0.0001820 seconds, Stopping threads took: 0.0000580 seconds
2015-11-12T00:54:48.608-0600: 203.870: Total time for which application threads were stopped: 0.0001380 seconds, Stopping threads took: 0.0000480 seconds
2015-11-12T00:54:48.608-0600: 203.871: Total time for which application threads were stopped: 0.0001250 seconds, Stopping threads took: 0.0000390 seconds
2015-11-12T00:54:48.689-0600: 203.952: Total time for which application threads were stopped: 0.0002740 seconds, Stopping threads took: 0.0000570 seconds
2015-11-12T00:54:48.690-0600: 203.953: Total time for which application threads were stopped: 0.0001450 seconds, Stopping threads took: 0.0000480 seconds
2015-11-12T00:54:48.692-0600: 203.955: Total time for which application threads were stopped: 0.0001700 seconds, Stopping threads took: 0.0000590 seconds
2015-11-12T00:54:48.846-0600: 204.109: Total time for which application threads were stopped: 0.0073000 seconds, Stopping threads took: 0.0070330 seconds
2015-11-12T00:54:49.032-0600: 204.294: Total time for which application threads were stopped: 0.0002970 seconds, Stopping threads took: 0.0000420 seconds
2015-11-12T00:54:49.225-0600: 204.488: Total time for which application threads were stopped: 0.0001500 seconds, Stopping threads took: 0.0000370 seconds
2015-11-12T00:54:49.228-0600: 204.490: Total time for which application threads were stopped: 0.0001400 seconds, Stopping threads took: 0.0000380 seconds
2015-11-12T00:54:49.228-0600: 204.491: Total time for which application threads were stopped: 0.0000660 seconds, Stopping threads took: 0.0000130 seconds
2015-11-12T00:54:49.228-0600: 204.491: Total time for which application threads were stopped: 0.0000820 seconds, Stopping threads took: 0.0000280 seconds
2015-11-12T00:54:49.261-0600: 204.524: Total time for which application threads were stopped: 0.0001460 seconds, Stopping threads took: 0.0000350 seconds
2015-11-12T00:54:49.263-0600: 204.526: Total time for which application threads were stopped: 0.0002130 seconds, Stopping threads took: 0.0000560 seconds
2015-11-12T00:54:49.263-0600: 204.526: Total time for which application threads were stopped: 0.0000990 seconds, Stopping threads took: 0.0000300 seconds
2015-11-12T00:54:49.263-0600: 204.526: Total time for which application threads were stopped: 0.0000840 seconds, Stopping threads took: 0.0000250 seconds
2015-11-12T00:54:49.271-0600: 204.534: Total time for which application threads were stopped: 0.0002030 seconds, Stopping threads took: 0.0000680 seconds
2015-11-12T00:54:49.306-0600: 204.569: Total time for which application threads were stopped: 0.0041450 seconds, Stopping threads took: 0.0040010 seconds
2015-11-12T00:54:49.319-0600: 204.581: Total time for which application threads were stopped: 0.0085880 seconds, Stopping threads took: 0.0084710 seconds
2015-11-12T00:54:49.336-0600: 204.599: Total time for which application threads were stopped: 0.0048790 seconds, Stopping threads took: 0.0047510 seconds
2015-11-12T00:54:49.345-0600: 204.607: Total time for which application threads were stopped: 0.0001610 seconds, Stopping threads took: 0.0000400 seconds
2015-11-12T00:54:49.360-0600: 204.623: Total time for which application threads were stopped: 0.0002890 seconds, Stopping threads took: 0.0000400 seconds
2015-11-12T00:54:49.411-0600: 204.674: Total time for which application threads were stopped: 0.0002530 seconds, Stopping threads took: 0.0000360 seconds
2015-11-12T00:54:49.434-0600: 204.697: Total time for which application threads were stopped: 0.0001650 seconds, Stopping threads took: 0.0000570 seconds
2015-11-12T00:54:49.446-0600: 204.709: Total time for which application threads were stopped: 0.0001630 seconds, Stopping threads took: 0.0000560 seconds
2015-11-12T00:54:49.474-0600: 204.736: Total time for which application threads were stopped: 0.0019200 seconds, Stopping threads took: 0.0017670 seconds
2015-11-12T00:54:49.491-0600: 204.753: Total time for which application threads were stopped: 0.0002030 seconds, Stopping threads took: 0.0000680 seconds
{Heap before GC invocations=24 (full 0):
 par new generation   total 109248K, used 101013K [0x00000000d5a00000, 0x00000000dda00000, 0x00000000dda00000)
  eden space 87424K, 100% used [0x00000000d5a00000, 0x00000000daf60000, 0x00000000daf60000)
  from space 21824K,  62% used [0x00000000daf60000, 0x00000000dbca5560, 0x00000000dc4b0000)
  to   space 21824K,   0% used [0x00000000dc4b0000, 0x00000000dc4b0000, 0x00000000dda00000)
 concurrent mark-sweep generation total 393216K, used 15175K [0x00000000dda00000, 0x00000000f5a00000, 0x00000000f5a00000)
 concurrent-mark-sweep perm gen total 37568K, used 37382K [0x00000000f5a00000, 0x00000000f7eb0000, 0x0000000100000000)
2015-11-12T00:54:49.715-0600: 204.977: [GC2015-11-12T00:54:49.715-0600: 204.978: [ParNew
Desired survivor size 20112992 bytes, new threshold 8 (max 8)
- age   1:    8640992 bytes,    8640992 total
- age   2:     188600 bytes,    8829592 total
- age   3:      79824 bytes,    8909416 total
- age   4:      80808 bytes,    8990224 total
- age   5:     110344 bytes,    9100568 total
- age   6:     140888 bytes,    9241456 total
- age   7:      35928 bytes,    9277384 total
- age   8:      34624 bytes,    9312008 total
: 101013K->10585K(109248K), 0.0959150 secs] 116189K->30147K(502464K), 0.0961660 secs] [Times: user=0.19 sys=0.01, real=0.09 secs] 
Heap after GC invocations=25 (full 0):
 par new generation   total 109248K, used 10585K [0x00000000d5a00000, 0x00000000dda00000, 0x00000000dda00000)
  eden space 87424K,   0% used [0x00000000d5a00000, 0x00000000d5a00000, 0x00000000daf60000)
  from space 21824K,  48% used [0x00000000dc4b0000, 0x00000000dcf06578, 0x00000000dda00000)
  to   space 21824K,   0% used [0x00000000daf60000, 0x00000000daf60000, 0x00000000dc4b0000)
 concurrent mark-sweep generation total 393216K, used 19562K [0x00000000dda00000, 0x00000000f5a00000, 0x00000000f5a00000)
 concurrent-mark-sweep perm gen total 37568K, used 37382K [0x00000000f5a00000, 0x00000000f7eb0000, 0x0000000100000000)
}
2015-11-12T00:54:49.811-0600: 205.074: Total time for which application threads were stopped: 0.1017440 seconds, Stopping threads took: 0.0052840 seconds
2015-11-12T00:54:49.827-0600: 205.090: Total time for which application threads were stopped: 0.0001750 seconds, Stopping threads took: 0.0000430 seconds
2015-11-12T00:54:49.897-0600: 205.160: Total time for which application threads were stopped: 0.0003080 seconds, Stopping threads took: 0.0000420 seconds
2015-11-12T00:54:49.935-0600: 205.198: Total time for which application threads were stopped: 0.0101120 seconds, Stopping threads took: 0.0099830 seconds
2015-11-12T00:54:49.982-0600: 205.245: Total time for which application threads were stopped: 0.0001700 seconds, Stopping threads took: 0.0000610 seconds
2015-11-12T00:54:50.055-0600: 205.317: Total time for which application threads were stopped: 0.0034070 seconds, Stopping threads took: 0.0032630 seconds
2015-11-12T00:54:50.056-0600: 205.318: Total time for which application threads were stopped: 0.0002400 seconds, Stopping threads took: 0.0000360 seconds
2015-11-12T00:54:50.081-0600: 205.344: Total time for which application threads were stopped: 0.0002770 seconds, Stopping threads took: 0.0000400 seconds
2015-11-12T00:54:50.178-0600: 205.441: Total time for which application threads were stopped: 0.0055290 seconds, Stopping threads took: 0.0053550 seconds
2015-11-12T00:54:50.441-0600: 205.703: Total time for which application threads were stopped: 0.0042250 seconds, Stopping threads took: 0.0035720 seconds
2015-11-12T00:54:50.474-0600: 205.736: Total time for which application threads were stopped: 0.0030380 seconds, Stopping threads took: 0.0029040 seconds
2015-11-12T00:54:50.544-0600: 205.807: Total time for which application threads were stopped: 0.0002150 seconds, Stopping threads took: 0.0000820 seconds
2015-11-12T00:54:50.686-0600: 205.949: Total time for which application threads were stopped: 0.0042240 seconds, Stopping threads took: 0.0039810 seconds
2015-11-12T00:54:50.895-0600: 206.157: Total time for which application threads were stopped: 0.0061700 seconds, Stopping threads took: 0.0060400 seconds
2015-11-12T00:54:50.930-0600: 206.193: Total time for which application threads were stopped: 0.0061900 seconds, Stopping threads took: 0.0060620 seconds
2015-11-12T00:54:50.947-0600: 206.210: Total time for which application threads were stopped: 0.0002830 seconds, Stopping threads took: 0.0000380 seconds
2015-11-12T00:54:51.020-0600: 206.283: Total time for which application threads were stopped: 0.0032510 seconds, Stopping threads took: 0.0031080 seconds
2015-11-12T00:54:51.062-0600: 206.325: Total time for which application threads were stopped: 0.0008530 seconds, Stopping threads took: 0.0007250 seconds
2015-11-12T00:54:51.097-0600: 206.360: Total time for which application threads were stopped: 0.0002730 seconds, Stopping threads took: 0.0000430 seconds
2015-11-12T00:54:51.151-0600: 206.414: Total time for which application threads were stopped: 0.0061930 seconds, Stopping threads took: 0.0060660 seconds
2015-11-12T00:54:51.160-0600: 206.422: Total time for which application threads were stopped: 0.0001970 seconds, Stopping threads took: 0.0000710 seconds
2015-11-12T00:54:51.197-0600: 206.460: Total time for which application threads were stopped: 0.0122950 seconds, Stopping threads took: 0.0121540 seconds
2015-11-12T00:54:51.258-0600: 206.521: Total time for which application threads were stopped: 0.0002330 seconds, Stopping threads took: 0.0001330 seconds
2015-11-12T00:54:51.273-0600: 206.535: Total time for which application threads were stopped: 0.0002220 seconds, Stopping threads took: 0.0000790 seconds
2015-11-12T00:54:51.333-0600: 206.596: Total time for which application threads were stopped: 0.0083910 seconds, Stopping threads took: 0.0082610 seconds
2015-11-12T00:54:51.418-0600: 206.681: Total time for which application threads were stopped: 0.0160540 seconds, Stopping threads took: 0.0159280 seconds
2015-11-12T00:54:51.488-0600: 206.751: Total time for which application threads were stopped: 0.0003450 seconds, Stopping threads took: 0.0000630 seconds
2015-11-12T00:54:51.518-0600: 206.781: Total time for which application threads were stopped: 0.0064800 seconds, Stopping threads took: 0.0063550 seconds
2015-11-12T00:54:51.520-0600: 206.782: Total time for which application threads were stopped: 0.0001270 seconds, Stopping threads took: 0.0000350 seconds
2015-11-12T00:54:51.520-0600: 206.782: Total time for which application threads were stopped: 0.0000710 seconds, Stopping threads took: 0.0000160 seconds
2015-11-12T00:54:51.520-0600: 206.783: Total time for which application threads were stopped: 0.0000790 seconds, Stopping threads took: 0.0000210 seconds
2015-11-12T00:54:51.539-0600: 206.802: Total time for which application threads were stopped: 0.0066750 seconds, Stopping threads took: 0.0065190 seconds
2015-11-12T00:54:51.558-0600: 206.821: Total time for which application threads were stopped: 0.0088740 seconds, Stopping threads took: 0.0086750 seconds
2015-11-12T00:54:51.571-0600: 206.834: Total time for which application threads were stopped: 0.0011830 seconds, Stopping threads took: 0.0010420 seconds
2015-11-12T00:54:51.631-0600: 206.893: Total time for which application threads were stopped: 0.0044450 seconds, Stopping threads took: 0.0040040 seconds
2015-11-12T00:54:51.665-0600: 206.927: Total time for which application threads were stopped: 0.0159970 seconds, Stopping threads took: 0.0158290 seconds
2015-11-12T00:54:51.666-0600: 206.928: Total time for which application threads were stopped: 0.0001600 seconds, Stopping threads took: 0.0000600 seconds
2015-11-12T00:54:51.869-0600: 207.132: Total time for which application threads were stopped: 0.0068960 seconds, Stopping threads took: 0.0066290 seconds
{Heap before GC invocations=25 (full 0):
 par new generation   total 109248K, used 98009K [0x00000000d5a00000, 0x00000000dda00000, 0x00000000dda00000)
  eden space 87424K, 100% used [0x00000000d5a00000, 0x00000000daf60000, 0x00000000daf60000)
  from space 21824K,  48% used [0x00000000dc4b0000, 0x00000000dcf06578, 0x00000000dda00000)
  to   space 21824K,   0% used [0x00000000daf60000, 0x00000000daf60000, 0x00000000dc4b0000)
 concurrent mark-sweep generation total 393216K, used 19562K [0x00000000dda00000, 0x00000000f5a00000, 0x00000000f5a00000)
 concurrent-mark-sweep perm gen total 37760K, used 37594K [0x00000000f5a00000, 0x00000000f7ee0000, 0x0000000100000000)
2015-11-12T00:54:51.959-0600: 207.221: [GC2015-11-12T00:54:51.962-0600: 207.225: [ParNew
Desired survivor size 20112992 bytes, new threshold 8 (max 8)
- age   1:    5374680 bytes,    5374680 total
- age   2:    6527976 bytes,   11902656 total
- age   3:     188600 bytes,   12091256 total
- age   4:      79824 bytes,   12171080 total
- age   5:      80808 bytes,   12251888 total
- age   6:     110344 bytes,   12362232 total
- age   7:     139448 bytes,   12501680 total
- age   8:      35928 bytes,   12537608 total
: 98009K->15500K(109248K), 0.0642150 secs] 117571K->35098K(502464K), 0.0677210 secs] [Times: user=0.04 sys=0.00, real=0.07 secs] 
Heap after GC invocations=26 (full 0):
 par new generation   total 109248K, used 15500K [0x00000000d5a00000, 0x00000000dda00000, 0x00000000dda00000)
  eden space 87424K,   0% used [0x00000000d5a00000, 0x00000000d5a00000, 0x00000000daf60000)
  from space 21824K,  71% used [0x00000000daf60000, 0x00000000dbe83060, 0x00000000dc4b0000)
  to   space 21824K,   0% used [0x00000000dc4b0000, 0x00000000dc4b0000, 0x00000000dda00000)
 concurrent mark-sweep generation total 393216K, used 19598K [0x00000000dda00000, 0x00000000f5a00000, 0x00000000f5a00000)
 concurrent-mark-sweep perm gen total 37760K, used 37594K [0x00000000f5a00000, 0x00000000f7ee0000, 0x0000000100000000)
}
2015-11-12T00:54:52.027-0600: 207.289: Total time for which application threads were stopped: 0.0680960 seconds, Stopping threads took: 0.0000680 seconds
2015-11-12T00:54:52.269-0600: 207.532: Total time for which application threads were stopped: 0.0148000 seconds, Stopping threads took: 0.0142910 seconds
2015-11-12T00:54:52.273-0600: 207.535: Total time for which application threads were stopped: 0.0034570 seconds, Stopping threads took: 0.0033230 seconds
2015-11-12T00:54:52.278-0600: 207.541: Total time for which application threads were stopped: 0.0001390 seconds, Stopping threads took: 0.0000360 seconds
2015-11-12T00:54:52.302-0600: 207.565: Total time for which application threads were stopped: 0.0026970 seconds, Stopping threads took: 0.0024930 seconds
2015-11-12T00:54:52.309-0600: 207.572: Total time for which application threads were stopped: 0.0037720 seconds, Stopping threads took: 0.0036100 seconds
2015-11-12T00:54:52.362-0600: 207.625: Total time for which application threads were stopped: 0.0260010 seconds, Stopping threads took: 0.0258260 seconds
2015-11-12T00:54:53.406-0600: 208.669: Total time for which application threads were stopped: 0.0341590 seconds, Stopping threads took: 0.0337900 seconds
2015-11-12T00:54:54.043-0600: 209.305: Total time for which application threads were stopped: 0.0028090 seconds, Stopping threads took: 0.0024380 seconds
2015-11-12T00:54:54.139-0600: 209.401: Total time for which application threads were stopped: 0.0125500 seconds, Stopping threads took: 0.0120990 seconds
2015-11-12T00:54:54.306-0600: 209.569: Total time for which application threads were stopped: 0.0056550 seconds, Stopping threads took: 0.0055060 seconds
2015-11-12T00:54:54.319-0600: 209.581: Total time for which application threads were stopped: 0.0101800 seconds, Stopping threads took: 0.0100160 seconds
2015-11-12T00:54:54.341-0600: 209.604: Total time for which application threads were stopped: 0.0102960 seconds, Stopping threads took: 0.0101100 seconds
2015-11-12T00:54:54.365-0600: 209.627: Total time for which application threads were stopped: 0.0104820 seconds, Stopping threads took: 0.0103500 seconds
2015-11-12T00:54:54.365-0600: 209.627: Total time for which application threads were stopped: 0.0001180 seconds, Stopping threads took: 0.0000420 seconds
2015-11-12T00:54:54.365-0600: 209.628: Total time for which application threads were stopped: 0.0000830 seconds, Stopping threads took: 0.0000160 seconds
2015-11-12T00:54:54.365-0600: 209.628: Total time for which application threads were stopped: 0.0000810 seconds, Stopping threads took: 0.0000140 seconds
2015-11-12T00:54:54.365-0600: 209.628: Total time for which application threads were stopped: 0.0000780 seconds, Stopping threads took: 0.0000140 seconds
2015-11-12T00:54:54.366-0600: 209.629: Total time for which application threads were stopped: 0.0002010 seconds, Stopping threads took: 0.0000940 seconds
2015-11-12T00:54:54.373-0600: 209.636: Total time for which application threads were stopped: 0.0005810 seconds, Stopping threads took: 0.0004340 seconds
2015-11-12T00:54:54.398-0600: 209.661: Total time for which application threads were stopped: 0.0016970 seconds, Stopping threads took: 0.0015430 seconds
2015-11-12T00:54:54.861-0600: 210.123: Total time for which application threads were stopped: 0.0104480 seconds, Stopping threads took: 0.0100800 seconds
2015-11-12T00:54:54.879-0600: 210.141: Total time for which application threads were stopped: 0.0014340 seconds, Stopping threads took: 0.0012780 seconds
2015-11-12T00:54:54.884-0600: 210.146: Total time for which application threads were stopped: 0.0002580 seconds, Stopping threads took: 0.0000680 seconds
2015-11-12T00:54:55.238-0600: 210.501: Total time for which application threads were stopped: 0.0023550 seconds, Stopping threads took: 0.0021160 seconds
2015-11-12T00:54:55.240-0600: 210.503: Total time for which application threads were stopped: 0.0021150 seconds, Stopping threads took: 0.0019940 seconds
2015-11-12T00:54:55.260-0600: 210.522: Total time for which application threads were stopped: 0.0002500 seconds, Stopping threads took: 0.0000990 seconds
2015-11-12T00:54:55.266-0600: 210.529: Total time for which application threads were stopped: 0.0009020 seconds, Stopping threads took: 0.0007690 seconds
2015-11-12T00:54:55.266-0600: 210.529: Total time for which application threads were stopped: 0.0001720 seconds, Stopping threads took: 0.0000650 seconds
2015-11-12T00:54:55.267-0600: 210.529: Total time for which application threads were stopped: 0.0001930 seconds, Stopping threads took: 0.0001050 seconds
2015-11-12T00:54:55.267-0600: 210.529: Total time for which application threads were stopped: 0.0001420 seconds, Stopping threads took: 0.0000440 seconds
2015-11-12T00:54:55.267-0600: 210.530: Total time for which application threads were stopped: 0.0001030 seconds, Stopping threads took: 0.0000340 seconds
2015-11-12T00:54:55.267-0600: 210.530: Total time for which application threads were stopped: 0.0001080 seconds, Stopping threads took: 0.0000300 seconds
2015-11-12T00:54:55.267-0600: 210.530: Total time for which application threads were stopped: 0.0000970 seconds, Stopping threads took: 0.0000300 seconds
2015-11-12T00:54:55.267-0600: 210.530: Total time for which application threads were stopped: 0.0001070 seconds, Stopping threads took: 0.0000310 seconds
2015-11-12T00:54:55.334-0600: 210.597: Total time for which application threads were stopped: 0.0002070 seconds, Stopping threads took: 0.0000620 seconds
2015-11-12T00:54:55.338-0600: 210.601: Total time for which application threads were stopped: 0.0001570 seconds, Stopping threads took: 0.0000380 seconds
2015-11-12T00:54:55.345-0600: 210.608: Total time for which application threads were stopped: 0.0016880 seconds, Stopping threads took: 0.0015580 seconds
2015-11-12T00:54:55.358-0600: 210.621: Total time for which application threads were stopped: 0.0002580 seconds, Stopping threads took: 0.0000760 seconds
2015-11-12T00:54:55.358-0600: 210.621: Total time for which application threads were stopped: 0.0001490 seconds, Stopping threads took: 0.0000490 seconds
2015-11-12T00:54:55.359-0600: 210.622: Total time for which application threads were stopped: 0.0005230 seconds, Stopping threads took: 0.0000400 seconds
2015-11-12T00:54:55.359-0600: 210.622: Total time for which application threads were stopped: 0.0001320 seconds, Stopping threads took: 0.0000470 seconds
2015-11-12T00:54:56.133-0600: 211.396: Total time for which application threads were stopped: 0.0004260 seconds, Stopping threads took: 0.0000490 seconds
2015-11-12T00:54:56.134-0600: 211.397: Total time for which application threads were stopped: 0.0001560 seconds, Stopping threads took: 0.0000360 seconds
2015-11-12T00:54:56.202-0600: 211.464: Total time for which application threads were stopped: 0.0001290 seconds, Stopping threads took: 0.0000390 seconds
2015-11-12T00:54:56.202-0600: 211.465: Total time for which application threads were stopped: 0.0001020 seconds, Stopping threads took: 0.0000220 seconds
2015-11-12T00:54:56.260-0600: 211.522: Total time for which application threads were stopped: 0.0001550 seconds, Stopping threads took: 0.0000340 seconds
2015-11-12T00:54:56.260-0600: 211.522: Total time for which application threads were stopped: 0.0001100 seconds, Stopping threads took: 0.0000240 seconds
2015-11-12T00:55:30.258-0600: 245.520: Total time for which application threads were stopped: 0.0002840 seconds, Stopping threads took: 0.0000350 seconds
{Heap before GC invocations=26 (full 0):
 par new generation   total 109248K, used 102924K [0x00000000d5a00000, 0x00000000dda00000, 0x00000000dda00000)
  eden space 87424K, 100% used [0x00000000d5a00000, 0x00000000daf60000, 0x00000000daf60000)
  from space 21824K,  71% used [0x00000000daf60000, 0x00000000dbe83060, 0x00000000dc4b0000)
  to   space 21824K,   0% used [0x00000000dc4b0000, 0x00000000dc4b0000, 0x00000000dda00000)
 concurrent mark-sweep generation total 393216K, used 19598K [0x00000000dda00000, 0x00000000f5a00000, 0x00000000f5a00000)
 concurrent-mark-sweep perm gen total 38336K, used 38178K [0x00000000f5a00000, 0x00000000f7f70000, 0x0000000100000000)
2015-11-12T00:55:30.272-0600: 245.535: [GC2015-11-12T00:55:30.272-0600: 245.535: [ParNew
Desired survivor size 20112992 bytes, new threshold 8 (max 8)
- age   1:    4425072 bytes,    4425072 total
- age   2:     678600 bytes,    5103672 total
- age   3:    5351624 bytes,   10455296 total
- age   4:     188384 bytes,   10643680 total
- age   5:      79824 bytes,   10723504 total
- age   6:      80808 bytes,   10804312 total
- age   7:     110104 bytes,   10914416 total
- age   8:     139448 bytes,   11053864 total
: 102924K->12687K(109248K), 0.0137790 secs] 122522K->32322K(502464K), 0.0139580 secs] [Times: user=0.03 sys=0.00, real=0.02 secs] 
Heap after GC invocations=27 (full 0):
 par new generation   total 109248K, used 12687K [0x00000000d5a00000, 0x00000000dda00000, 0x00000000dda00000)
  eden space 87424K,   0% used [0x00000000d5a00000, 0x00000000d5a00000, 0x00000000daf60000)
  from space 21824K,  58% used [0x00000000dc4b0000, 0x00000000dd113ed0, 0x00000000dda00000)
  to   space 21824K,   0% used [0x00000000daf60000, 0x00000000daf60000, 0x00000000dc4b0000)
 concurrent mark-sweep generation total 393216K, used 19635K [0x00000000dda00000, 0x00000000f5a00000, 0x00000000f5a00000)
 concurrent-mark-sweep perm gen total 38336K, used 38178K [0x00000000f5a00000, 0x00000000f7f70000, 0x0000000100000000)
}
2015-11-12T00:55:30.286-0600: 245.549: Total time for which application threads were stopped: 0.0142920 seconds, Stopping threads took: 0.0000440 seconds
2015-11-12T00:55:30.311-0600: 245.574: Total time for which application threads were stopped: 0.0003430 seconds, Stopping threads took: 0.0000300 seconds
2015-11-12T00:55:30.319-0600: 245.582: Total time for which application threads were stopped: 0.0001710 seconds, Stopping threads took: 0.0000300 seconds
{Heap before GC invocations=27 (full 0):
 par new generation   total 109248K, used 100111K [0x00000000d5a00000, 0x00000000dda00000, 0x00000000dda00000)
  eden space 87424K, 100% used [0x00000000d5a00000, 0x00000000daf60000, 0x00000000daf60000)
  from space 21824K,  58% used [0x00000000dc4b0000, 0x00000000dd113ed0, 0x00000000dda00000)
  to   space 21824K,   0% used [0x00000000daf60000, 0x00000000daf60000, 0x00000000dc4b0000)
 concurrent mark-sweep generation total 393216K, used 19635K [0x00000000dda00000, 0x00000000f5a00000, 0x00000000f5a00000)
 concurrent-mark-sweep perm gen total 38336K, used 38199K [0x00000000f5a00000, 0x00000000f7f70000, 0x0000000100000000)
2015-11-12T00:55:30.722-0600: 245.985: [GC2015-11-12T00:55:30.723-0600: 245.985: [ParNew
Desired survivor size 20112992 bytes, new threshold 8 (max 8)
- age   1:    4249256 bytes,    4249256 total
- age   2:    3712448 bytes,    7961704 total
- age   3:     676504 bytes,    8638208 total
- age   4:    5351112 bytes,   13989320 total
- age   5:     188384 bytes,   14177704 total
- age   6:      79824 bytes,   14257528 total
- age   7:      80808 bytes,   14338336 total
- age   8:     110104 bytes,   14448440 total
: 100111K->15787K(109248K), 0.0376050 secs] 119746K->35561K(502464K), 0.0378630 secs] [Times: user=0.05 sys=0.00, real=0.04 secs] 
Heap after GC invocations=28 (full 0):
 par new generation   total 109248K, used 15787K [0x00000000d5a00000, 0x00000000dda00000, 0x00000000dda00000)
  eden space 87424K,   0% used [0x00000000d5a00000, 0x00000000d5a00000, 0x00000000daf60000)
  from space 21824K,  72% used [0x00000000daf60000, 0x00000000dbecae80, 0x00000000dc4b0000)
  to   space 21824K,   0% used [0x00000000dc4b0000, 0x00000000dc4b0000, 0x00000000dda00000)
 concurrent mark-sweep generation total 393216K, used 19773K [0x00000000dda00000, 0x00000000f5a00000, 0x00000000f5a00000)
 concurrent-mark-sweep perm gen total 38336K, used 38199K [0x00000000f5a00000, 0x00000000f7f70000, 0x0000000100000000)
}
2015-11-12T00:55:30.760-0600: 246.023: Total time for which application threads were stopped: 0.0466340 seconds, Stopping threads took: 0.0082480 seconds
{Heap before GC invocations=28 (full 0):
 par new generation   total 109248K, used 103211K [0x00000000d5a00000, 0x00000000dda00000, 0x00000000dda00000)
  eden space 87424K, 100% used [0x00000000d5a00000, 0x00000000daf60000, 0x00000000daf60000)
  from space 21824K,  72% used [0x00000000daf60000, 0x00000000dbecae80, 0x00000000dc4b0000)
  to   space 21824K,   0% used [0x00000000dc4b0000, 0x00000000dc4b0000, 0x00000000dda00000)
 concurrent mark-sweep generation total 393216K, used 19773K [0x00000000dda00000, 0x00000000f5a00000, 0x00000000f5a00000)
 concurrent-mark-sweep perm gen total 38336K, used 38200K [0x00000000f5a00000, 0x00000000f7f70000, 0x0000000100000000)
2015-11-12T00:55:30.845-0600: 246.108: [GC2015-11-12T00:55:30.845-0600: 246.108: [ParNew
Desired survivor size 20112992 bytes, new threshold 8 (max 8)
- age   1:     789368 bytes,     789368 total
- age   2:    3499656 bytes,    4289024 total
- age   3:    3712448 bytes,    8001472 total
- age   4:     676504 bytes,    8677976 total
- age   5:    5351112 bytes,   14029088 total
- age   6:     188384 bytes,   14217472 total
- age   7:      79824 bytes,   14297296 total
- age   8:      80808 bytes,   14378104 total
: 103211K->19066K(109248K), 0.0619770 secs] 122985K->38948K(502464K), 0.0621600 secs] [Times: user=0.05 sys=0.00, real=0.07 secs] 
Heap after GC invocations=29 (full 0):
 par new generation   total 109248K, used 19066K [0x00000000d5a00000, 0x00000000dda00000, 0x00000000dda00000)
  eden space 87424K,   0% used [0x00000000d5a00000, 0x00000000d5a00000, 0x00000000daf60000)
  from space 21824K,  87% used [0x00000000dc4b0000, 0x00000000dd74e820, 0x00000000dda00000)
  to   space 21824K,   0% used [0x00000000daf60000, 0x00000000daf60000, 0x00000000dc4b0000)
 concurrent mark-sweep generation total 393216K, used 19882K [0x00000000dda00000, 0x00000000f5a00000, 0x00000000f5a00000)
 concurrent-mark-sweep perm gen total 38336K, used 38200K [0x00000000f5a00000, 0x00000000f7f70000, 0x0000000100000000)
}
2015-11-12T00:55:30.907-0600: 246.170: Total time for which application threads were stopped: 0.0625700 seconds, Stopping threads took: 0.0000530 seconds
{Heap before GC invocations=29 (full 0):
 par new generation   total 109248K, used 106490K [0x00000000d5a00000, 0x00000000dda00000, 0x00000000dda00000)
  eden space 87424K, 100% used [0x00000000d5a00000, 0x00000000daf60000, 0x00000000daf60000)
  from space 21824K,  87% used [0x00000000dc4b0000, 0x00000000dd74e820, 0x00000000dda00000)
  to   space 21824K,   0% used [0x00000000daf60000, 0x00000000daf60000, 0x00000000dc4b0000)
 concurrent mark-sweep generation total 393216K, used 19882K [0x00000000dda00000, 0x00000000f5a00000, 0x00000000f5a00000)
 concurrent-mark-sweep perm gen total 38336K, used 38202K [0x00000000f5a00000, 0x00000000f7f70000, 0x0000000100000000)
2015-11-12T00:55:31.109-0600: 246.372: [GC2015-11-12T00:55:31.109-0600: 246.372: [ParNew
Desired survivor size 20112992 bytes, new threshold 8 (max 8)
- age   1:     501864 bytes,     501864 total
- age   2:      35584 bytes,     537448 total
- age   3:    3499624 bytes,    4037072 total
- age   4:    3712448 bytes,    7749520 total
- age   5:     676504 bytes,    8426024 total
- age   6:    5351112 bytes,   13777136 total
- age   7:     188384 bytes,   13965520 total
- age   8:      79824 bytes,   14045344 total
: 106490K->18678K(109248K), 0.0257800 secs] 126372K->38641K(502464K), 0.0259610 secs] [Times: user=0.05 sys=0.00, real=0.03 secs] 
Heap after GC invocations=30 (full 0):
 par new generation   total 109248K, used 18678K [0x00000000d5a00000, 0x00000000dda00000, 0x00000000dda00000)
  eden space 87424K,   0% used [0x00000000d5a00000, 0x00000000d5a00000, 0x00000000daf60000)
  from space 21824K,  85% used [0x00000000daf60000, 0x00000000dc19d920, 0x00000000dc4b0000)
  to   space 21824K,   0% used [0x00000000dc4b0000, 0x00000000dc4b0000, 0x00000000dda00000)
 concurrent mark-sweep generation total 393216K, used 19963K [0x00000000dda00000, 0x00000000f5a00000, 0x00000000f5a00000)
 concurrent-mark-sweep perm gen total 38336K, used 38202K [0x00000000f5a00000, 0x00000000f7f70000, 0x0000000100000000)
}
2015-11-12T00:55:31.135-0600: 246.398: Total time for which application threads were stopped: 0.0262550 seconds, Stopping threads took: 0.0000340 seconds
{Heap before GC invocations=30 (full 0):
 par new generation   total 109248K, used 106102K [0x00000000d5a00000, 0x00000000dda00000, 0x00000000dda00000)
  eden space 87424K, 100% used [0x00000000d5a00000, 0x00000000daf60000, 0x00000000daf60000)
  from space 21824K,  85% used [0x00000000daf60000, 0x00000000dc19d920, 0x00000000dc4b0000)
  to   space 21824K,   0% used [0x00000000dc4b0000, 0x00000000dc4b0000, 0x00000000dda00000)
 concurrent mark-sweep generation total 393216K, used 19963K [0x00000000dda00000, 0x00000000f5a00000, 0x00000000f5a00000)
 concurrent-mark-sweep perm gen total 38336K, used 38206K [0x00000000f5a00000, 0x00000000f7f70000, 0x0000000100000000)
2015-11-12T00:55:31.312-0600: 246.575: [GC2015-11-12T00:55:31.312-0600: 246.575: [ParNew
Desired survivor size 20112992 bytes, new threshold 8 (max 8)
- age   1:     559776 bytes,     559776 total
- age   2:      61296 bytes,     621072 total
- age   3:      35584 bytes,     656656 total
- age   4:    3499648 bytes,    4156304 total
- age   5:    3712416 bytes,    7868720 total
- age   6:     676504 bytes,    8545224 total
- age   7:    5351112 bytes,   13896336 total
- age   8:     188384 bytes,   14084720 total
: 106102K->17496K(109248K), 0.0494350 secs] 126065K->37540K(502464K), 0.0496410 secs] [Times: user=0.06 sys=0.00, real=0.05 secs] 
Heap after GC invocations=31 (full 0):
 par new generation   total 109248K, used 17496K [0x00000000d5a00000, 0x00000000dda00000, 0x00000000dda00000)
  eden space 87424K,   0% used [0x00000000d5a00000, 0x00000000d5a00000, 0x00000000daf60000)
  from space 21824K,  80% used [0x00000000dc4b0000, 0x00000000dd5c6380, 0x00000000dda00000)
  to   space 21824K,   0% used [0x00000000daf60000, 0x00000000daf60000, 0x00000000dc4b0000)
 concurrent mark-sweep generation total 393216K, used 20043K [0x00000000dda00000, 0x00000000f5a00000, 0x00000000f5a00000)
 concurrent-mark-sweep perm gen total 38336K, used 38206K [0x00000000f5a00000, 0x00000000f7f70000, 0x0000000100000000)
}
2015-11-12T00:55:31.362-0600: 246.624: Total time for which application threads were stopped: 0.0740960 seconds, Stopping threads took: 0.0241600 seconds
{Heap before GC invocations=31 (full 0):
 par new generation   total 109248K, used 104920K [0x00000000d5a00000, 0x00000000dda00000, 0x00000000dda00000)
  eden space 87424K, 100% used [0x00000000d5a00000, 0x00000000daf60000, 0x00000000daf60000)
  from space 21824K,  80% used [0x00000000dc4b0000, 0x00000000dd5c6380, 0x00000000dda00000)
  to   space 21824K,   0% used [0x00000000daf60000, 0x00000000daf60000, 0x00000000dc4b0000)
 concurrent mark-sweep generation total 393216K, used 20043K [0x00000000dda00000, 0x00000000f5a00000, 0x00000000f5a00000)
 concurrent-mark-sweep perm gen total 38336K, used 38208K [0x00000000f5a00000, 0x00000000f7f70000, 0x0000000100000000)
2015-11-12T00:55:31.531-0600: 246.793: [GC2015-11-12T00:55:31.531-0600: 246.793: [ParNew
Desired survivor size 20112992 bytes, new threshold 8 (max 8)
- age   1:     630408 bytes,     630408 total
- age   2:     102904 bytes,     733312 total
- age   3:      60560 bytes,     793872 total
- age   4:      35312 bytes,     829184 total
- age   5:    3499688 bytes,    4328872 total
- age   6:    3712384 bytes,    8041256 total
- age   7:     676504 bytes,    8717760 total
- age   8:    5351112 bytes,   14068872 total
: 104920K->17385K(109248K), 0.0227940 secs] 124964K->37616K(502464K), 0.0229960 secs] [Times: user=0.04 sys=0.00, real=0.02 secs] 
Heap after GC invocations=32 (full 0):
 par new generation   total 109248K, used 17385K [0x00000000d5a00000, 0x00000000dda00000, 0x00000000dda00000)
  eden space 87424K,   0% used [0x00000000d5a00000, 0x00000000d5a00000, 0x00000000daf60000)
  from space 21824K,  79% used [0x00000000daf60000, 0x00000000dc05a4c0, 0x00000000dc4b0000)
  to   space 21824K,   0% used [0x00000000dc4b0000, 0x00000000dc4b0000, 0x00000000dda00000)
 concurrent mark-sweep generation total 393216K, used 20230K [0x00000000dda00000, 0x00000000f5a00000, 0x00000000f5a00000)
 concurrent-mark-sweep perm gen total 38336K, used 38208K [0x00000000f5a00000, 0x00000000f7f70000, 0x0000000100000000)
}
2015-11-12T00:55:31.554-0600: 246.816: Total time for which application threads were stopped: 0.0250190 seconds, Stopping threads took: 0.0016700 seconds
{Heap before GC invocations=32 (full 0):
 par new generation   total 109248K, used 104800K [0x00000000d5a00000, 0x00000000dda00000, 0x00000000dda00000)
  eden space 87424K,  99% used [0x00000000d5a00000, 0x00000000daf5df20, 0x00000000daf60000)
  from space 21824K,  79% used [0x00000000daf60000, 0x00000000dc05a4c0, 0x00000000dc4b0000)
  to   space 21824K,   0% used [0x00000000dc4b0000, 0x00000000dc4b0000, 0x00000000dda00000)
 concurrent mark-sweep generation total 393216K, used 20230K [0x00000000dda00000, 0x00000000f5a00000, 0x00000000f5a00000)
 concurrent-mark-sweep perm gen total 38336K, used 38210K [0x00000000f5a00000, 0x00000000f7f70000, 0x0000000100000000)
2015-11-12T00:55:31.708-0600: 246.971: [GC2015-11-12T00:55:31.708-0600: 246.971: [ParNew
Desired survivor size 20112992 bytes, new threshold 8 (max 8)
- age   1:     677120 bytes,     677120 total
- age   2:      94520 bytes,     771640 total
- age   3:     102472 bytes,     874112 total
- age   4:      60016 bytes,     934128 total
- age   5:      35312 bytes,     969440 total
- age   6:    3499664 bytes,    4469104 total
- age   7:    3712384 bytes,    8181488 total
- age   8:     676504 bytes,    8857992 total
: 104800K->9814K(109248K), 0.0295310 secs] 125031K->35279K(502464K), 0.0297260 secs] [Times: user=0.06 sys=0.00, real=0.03 secs] 
Heap after GC invocations=33 (full 0):
 par new generation   total 109248K, used 9814K [0x00000000d5a00000, 0x00000000dda00000, 0x00000000dda00000)
  eden space 87424K,   0% used [0x00000000d5a00000, 0x00000000d5a00000, 0x00000000daf60000)
  from space 21824K,  44% used [0x00000000dc4b0000, 0x00000000dce45918, 0x00000000dda00000)
  to   space 21824K,   0% used [0x00000000daf60000, 0x00000000daf60000, 0x00000000dc4b0000)
 concurrent mark-sweep generation total 393216K, used 25465K [0x00000000dda00000, 0x00000000f5a00000, 0x00000000f5a00000)
 concurrent-mark-sweep perm gen total 38336K, used 38210K [0x00000000f5a00000, 0x00000000f7f70000, 0x0000000100000000)
}
2015-11-12T00:55:31.738-0600: 247.001: Total time for which application threads were stopped: 0.0318690 seconds, Stopping threads took: 0.0018360 seconds
{Heap before GC invocations=33 (full 0):
 par new generation   total 109248K, used 97238K [0x00000000d5a00000, 0x00000000dda00000, 0x00000000dda00000)
  eden space 87424K, 100% used [0x00000000d5a00000, 0x00000000daf60000, 0x00000000daf60000)
  from space 21824K,  44% used [0x00000000dc4b0000, 0x00000000dce45918, 0x00000000dda00000)
  to   space 21824K,   0% used [0x00000000daf60000, 0x00000000daf60000, 0x00000000dc4b0000)
 concurrent mark-sweep generation total 393216K, used 25465K [0x00000000dda00000, 0x00000000f5a00000, 0x00000000f5a00000)
 concurrent-mark-sweep perm gen total 38336K, used 38213K [0x00000000f5a00000, 0x00000000f7f70000, 0x0000000100000000)
2015-11-12T00:55:31.909-0600: 247.171: [GC2015-11-12T00:55:31.909-0600: 247.171: [ParNew
Desired survivor size 20112992 bytes, new threshold 8 (max 8)
- age   1:     553560 bytes,     553560 total
- age   2:      83656 bytes,     637216 total
- age   3:      94520 bytes,     731736 total
- age   4:     102472 bytes,     834208 total
- age   5:      60016 bytes,     894224 total
- age   6:      35312 bytes,     929536 total
- age   7:    3499624 bytes,    4429160 total
- age   8:    3712384 bytes,    8141544 total
: 97238K->11834K(109248K), 0.0307340 secs] 122703K->37961K(502464K), 0.0309420 secs] [Times: user=0.06 sys=0.00, real=0.03 secs] 
Heap after GC invocations=34 (full 0):
 par new generation   total 109248K, used 11834K [0x00000000d5a00000, 0x00000000dda00000, 0x00000000dda00000)
  eden space 87424K,   0% used [0x00000000d5a00000, 0x00000000d5a00000, 0x00000000daf60000)
  from space 21824K,  54% used [0x00000000daf60000, 0x00000000dbaeeb10, 0x00000000dc4b0000)
  to   space 21824K,   0% used [0x00000000dc4b0000, 0x00000000dc4b0000, 0x00000000dda00000)
 concurrent mark-sweep generation total 393216K, used 26126K [0x00000000dda00000, 0x00000000f5a00000, 0x00000000f5a00000)
 concurrent-mark-sweep perm gen total 38336K, used 38213K [0x00000000f5a00000, 0x00000000f7f70000, 0x0000000100000000)
}
2015-11-12T00:55:31.940-0600: 247.202: Total time for which application threads were stopped: 0.0313000 seconds, Stopping threads took: 0.0000570 seconds
{Heap before GC invocations=34 (full 0):
 par new generation   total 109248K, used 99239K [0x00000000d5a00000, 0x00000000dda00000, 0x00000000dda00000)
  eden space 87424K,  99% used [0x00000000d5a00000, 0x00000000daf5b1d8, 0x00000000daf60000)
  from space 21824K,  54% used [0x00000000daf60000, 0x00000000dbaeeb10, 0x00000000dc4b0000)
  to   space 21824K,   0% used [0x00000000dc4b0000, 0x00000000dc4b0000, 0x00000000dda00000)
 concurrent mark-sweep generation total 393216K, used 26126K [0x00000000dda00000, 0x00000000f5a00000, 0x00000000f5a00000)
 concurrent-mark-sweep perm gen total 38336K, used 38269K [0x00000000f5a00000, 0x00000000f7f70000, 0x0000000100000000)
2015-11-12T00:55:32.343-0600: 247.606: [GC2015-11-12T00:55:32.343-0600: 247.606: [ParNew
Desired survivor size 20112992 bytes, new threshold 8 (max 8)
- age   1:    2147096 bytes,    2147096 total
- age   2:      65368 bytes,    2212464 total
- age   3:      82288 bytes,    2294752 total
- age   4:      93200 bytes,    2387952 total
- age   5:     101752 bytes,    2489704 total
- age   6:      58960 bytes,    2548664 total
- age   7:      34016 bytes,    2582680 total
- age   8:    1255888 bytes,    3838568 total
: 99239K->6192K(109248K), 0.0482470 secs] 125365K->35949K(502464K), 0.0486410 secs] [Times: user=0.09 sys=0.00, real=0.05 secs] 
Heap after GC invocations=35 (full 0):
 par new generation   total 109248K, used 6192K [0x00000000d5a00000, 0x00000000dda00000, 0x00000000dda00000)
  eden space 87424K,   0% used [0x00000000d5a00000, 0x00000000d5a00000, 0x00000000daf60000)
  from space 21824K,  28% used [0x00000000dc4b0000, 0x00000000dcabc1d8, 0x00000000dda00000)
  to   space 21824K,   0% used [0x00000000daf60000, 0x00000000daf60000, 0x00000000dc4b0000)
 concurrent mark-sweep generation total 393216K, used 29756K [0x00000000dda00000, 0x00000000f5a00000, 0x00000000f5a00000)
 concurrent-mark-sweep perm gen total 38336K, used 38269K [0x00000000f5a00000, 0x00000000f7f70000, 0x0000000100000000)
}
2015-11-12T00:55:32.392-0600: 247.655: Total time for which application threads were stopped: 0.0553100 seconds, Stopping threads took: 0.0060550 seconds
2015-11-12T00:55:32.510-0600: 247.772: Total time for which application threads were stopped: 0.0001890 seconds, Stopping threads took: 0.0000420 seconds
2015-11-12T00:55:32.511-0600: 247.774: Total time for which application threads were stopped: 0.0001340 seconds, Stopping threads took: 0.0000340 seconds
2015-11-12T00:55:32.526-0600: 247.789: Total time for which application threads were stopped: 0.0001820 seconds, Stopping threads took: 0.0000660 seconds
2015-11-12T00:55:32.550-0600: 247.812: Total time for which application threads were stopped: 0.0001480 seconds, Stopping threads took: 0.0000450 seconds
2015-11-12T00:55:32.550-0600: 247.813: Total time for which application threads were stopped: 0.0001270 seconds, Stopping threads took: 0.0000450 seconds
2015-11-12T00:55:32.791-0600: 248.054: Total time for which application threads were stopped: 0.0002690 seconds, Stopping threads took: 0.0000430 seconds
2015-11-12T00:55:33.053-0600: 248.316: Total time for which application threads were stopped: 0.0004300 seconds, Stopping threads took: 0.0000560 seconds
2015-11-12T00:55:33.055-0600: 248.318: Total time for which application threads were stopped: 0.0001590 seconds, Stopping threads took: 0.0000450 seconds
2015-11-12T00:55:33.057-0600: 248.319: Total time for which application threads were stopped: 0.0001530 seconds, Stopping threads took: 0.0000400 seconds
2015-11-12T00:55:33.067-0600: 248.330: Total time for which application threads were stopped: 0.0001400 seconds, Stopping threads took: 0.0000440 seconds
2015-11-12T00:55:33.069-0600: 248.332: Total time for which application threads were stopped: 0.0001650 seconds, Stopping threads took: 0.0000610 seconds
2015-11-12T00:55:33.074-0600: 248.337: Total time for which application threads were stopped: 0.0002060 seconds, Stopping threads took: 0.0000880 seconds
2015-11-12T00:55:33.076-0600: 248.338: Total time for which application threads were stopped: 0.0001620 seconds, Stopping threads took: 0.0000540 seconds
2015-11-12T00:55:33.076-0600: 248.339: Total time for which application threads were stopped: 0.0000940 seconds, Stopping threads took: 0.0000340 seconds
2015-11-12T00:55:34.078-0600: 249.341: Total time for which application threads were stopped: 0.0004660 seconds, Stopping threads took: 0.0000580 seconds
2015-11-12T00:55:34.196-0600: 249.459: Total time for which application threads were stopped: 0.0002190 seconds, Stopping threads took: 0.0000540 seconds
2015-11-12T00:55:34.198-0600: 249.460: Total time for which application threads were stopped: 0.0001720 seconds, Stopping threads took: 0.0000530 seconds
2015-11-12T00:55:34.199-0600: 249.462: Total time for which application threads were stopped: 0.0001440 seconds, Stopping threads took: 0.0000390 seconds
2015-11-12T00:55:34.200-0600: 249.462: Total time for which application threads were stopped: 0.0001070 seconds, Stopping threads took: 0.0000310 seconds
2015-11-12T00:55:34.203-0600: 249.466: Total time for which application threads were stopped: 0.0014130 seconds, Stopping threads took: 0.0011980 seconds
2015-11-12T00:55:34.210-0600: 249.472: Total time for which application threads were stopped: 0.0025500 seconds, Stopping threads took: 0.0019390 seconds
2015-11-12T00:55:34.227-0600: 249.489: Total time for which application threads were stopped: 0.0003060 seconds, Stopping threads took: 0.0001920 seconds
2015-11-12T00:55:34.231-0600: 249.494: Total time for which application threads were stopped: 0.0001900 seconds, Stopping threads took: 0.0000600 seconds
2015-11-12T00:55:34.241-0600: 249.504: Total time for which application threads were stopped: 0.0002270 seconds, Stopping threads took: 0.0000660 seconds
{Heap before GC invocations=35 (full 0):
 par new generation   total 109248K, used 93616K [0x00000000d5a00000, 0x00000000dda00000, 0x00000000dda00000)
  eden space 87424K, 100% used [0x00000000d5a00000, 0x00000000daf60000, 0x00000000daf60000)
  from space 21824K,  28% used [0x00000000dc4b0000, 0x00000000dcabc1d8, 0x00000000dda00000)
  to   space 21824K,   0% used [0x00000000daf60000, 0x00000000daf60000, 0x00000000dc4b0000)
 concurrent mark-sweep generation total 393216K, used 29756K [0x00000000dda00000, 0x00000000f5a00000, 0x00000000f5a00000)
 concurrent-mark-sweep perm gen total 38528K, used 38344K [0x00000000f5a00000, 0x00000000f7fa0000, 0x0000000100000000)
2015-11-12T00:55:34.348-0600: 249.611: [GC2015-11-12T00:55:34.348-0600: 249.611: [ParNew
Desired survivor size 20112992 bytes, new threshold 8 (max 8)
- age   1:    5922104 bytes,    5922104 total
- age   2:    2127576 bytes,    8049680 total
- age   3:      65368 bytes,    8115048 total
- age   4:      82288 bytes,    8197336 total
- age   5:      93168 bytes,    8290504 total
- age   6:     101720 bytes,    8392224 total
- age   7:      58960 bytes,    8451184 total
- age   8:      34016 bytes,    8485200 total
: 93616K->9374K(109248K), 0.0285400 secs] 123373K->39488K(502464K), 0.0287470 secs] [Times: user=0.07 sys=0.00, real=0.03 secs] 
Heap after GC invocations=36 (full 0):
 par new generation   total 109248K, used 9374K [0x00000000d5a00000, 0x00000000dda00000, 0x00000000dda00000)
  eden space 87424K,   0% used [0x00000000d5a00000, 0x00000000d5a00000, 0x00000000daf60000)
  from space 21824K,  42% used [0x00000000daf60000, 0x00000000db8879b0, 0x00000000dc4b0000)
  to   space 21824K,   0% used [0x00000000dc4b0000, 0x00000000dc4b0000, 0x00000000dda00000)
 concurrent mark-sweep generation total 393216K, used 30113K [0x00000000dda00000, 0x00000000f5a00000, 0x00000000f5a00000)
 concurrent-mark-sweep perm gen total 38528K, used 38344K [0x00000000f5a00000, 0x00000000f7fa0000, 0x0000000100000000)
}
2015-11-12T00:55:34.377-0600: 249.640: Total time for which application threads were stopped: 0.0291560 seconds, Stopping threads took: 0.0000730 seconds
2015-11-12T00:55:34.458-0600: 249.720: Total time for which application threads were stopped: 0.0014250 seconds, Stopping threads took: 0.0013160 seconds
2015-11-12T00:55:34.486-0600: 249.749: Total time for which application threads were stopped: 0.0002720 seconds, Stopping threads took: 0.0000390 seconds
2015-11-12T00:55:34.490-0600: 249.753: Total time for which application threads were stopped: 0.0001310 seconds, Stopping threads took: 0.0000340 seconds
2015-11-12T00:55:34.953-0600: 250.215: Total time for which application threads were stopped: 0.0002030 seconds, Stopping threads took: 0.0000490 seconds
2015-11-12T00:55:34.989-0600: 250.252: Total time for which application threads were stopped: 0.0001130 seconds, Stopping threads took: 0.0000360 seconds
2015-11-12T00:55:35.115-0600: 250.378: Total time for which application threads were stopped: 0.0003500 seconds, Stopping threads took: 0.0000620 seconds
2015-11-12T00:55:35.115-0600: 250.378: Total time for which application threads were stopped: 0.0001460 seconds, Stopping threads took: 0.0000340 seconds
2015-11-12T00:55:35.115-0600: 250.378: Total time for which application threads were stopped: 0.0001360 seconds, Stopping threads took: 0.0000290 seconds
2015-11-12T00:55:35.116-0600: 250.378: Total time for which application threads were stopped: 0.0001320 seconds, Stopping threads took: 0.0000270 seconds
2015-11-12T00:55:35.116-0600: 250.379: Total time for which application threads were stopped: 0.0001310 seconds, Stopping threads took: 0.0000270 seconds
2015-11-12T00:55:35.116-0600: 250.379: Total time for which application threads were stopped: 0.0001310 seconds, Stopping threads took: 0.0000270 seconds
2015-11-12T00:55:35.116-0600: 250.379: Total time for which application threads were stopped: 0.0001580 seconds, Stopping threads took: 0.0000350 seconds
2015-11-12T00:55:35.117-0600: 250.379: Total time for which application threads were stopped: 0.0001460 seconds, Stopping threads took: 0.0000400 seconds
2015-11-12T00:55:40.931-0600: 256.194: Total time for which application threads were stopped: 0.0002760 seconds, Stopping threads took: 0.0000330 seconds
{Heap before GC invocations=36 (full 0):
 par new generation   total 109248K, used 96798K [0x00000000d5a00000, 0x00000000dda00000, 0x00000000dda00000)
  eden space 87424K, 100% used [0x00000000d5a00000, 0x00000000daf60000, 0x00000000daf60000)
  from space 21824K,  42% used [0x00000000daf60000, 0x00000000db8879b0, 0x00000000dc4b0000)
  to   space 21824K,   0% used [0x00000000dc4b0000, 0x00000000dc4b0000, 0x00000000dda00000)
 concurrent mark-sweep generation total 393216K, used 30113K [0x00000000dda00000, 0x00000000f5a00000, 0x00000000f5a00000)
 concurrent-mark-sweep perm gen total 38528K, used 38366K [0x00000000f5a00000, 0x00000000f7fa0000, 0x0000000100000000)
2015-11-12T00:55:41.251-0600: 256.514: [GC2015-11-12T00:55:41.251-0600: 256.514: [ParNew
Desired survivor size 20112992 bytes, new threshold 8 (max 8)
- age   1:    6912200 bytes,    6912200 total
- age   2:    1409808 bytes,    8322008 total
- age   3:    2127032 bytes,   10449040 total
- age   4:      65368 bytes,   10514408 total
- age   5:      82288 bytes,   10596696 total
- age   6:      93168 bytes,   10689864 total
- age   7:     101720 bytes,   10791584 total
- age   8:      58960 bytes,   10850544 total
: 96798K->13325K(109248K), 0.0179450 secs] 126912K->43474K(502464K), 0.0182070 secs] [Times: user=0.05 sys=0.00, real=0.02 secs] 
Heap after GC invocations=37 (full 0):
 par new generation   total 109248K, used 13325K [0x00000000d5a00000, 0x00000000dda00000, 0x00000000dda00000)
  eden space 87424K,   0% used [0x00000000d5a00000, 0x00000000d5a00000, 0x00000000daf60000)
  from space 21824K,  61% used [0x00000000dc4b0000, 0x00000000dd1b3580, 0x00000000dda00000)
  to   space 21824K,   0% used [0x00000000daf60000, 0x00000000daf60000, 0x00000000dc4b0000)
 concurrent mark-sweep generation total 393216K, used 30148K [0x00000000dda00000, 0x00000000f5a00000, 0x00000000f5a00000)
 concurrent-mark-sweep perm gen total 38528K, used 38366K [0x00000000f5a00000, 0x00000000f7fa0000, 0x0000000100000000)
}
2015-11-12T00:55:41.270-0600: 256.532: Total time for which application threads were stopped: 0.0266650 seconds, Stopping threads took: 0.0079880 seconds
{Heap before GC invocations=37 (full 0):
 par new generation   total 109248K, used 100749K [0x00000000d5a00000, 0x00000000dda00000, 0x00000000dda00000)
  eden space 87424K, 100% used [0x00000000d5a00000, 0x00000000daf60000, 0x00000000daf60000)
  from space 21824K,  61% used [0x00000000dc4b0000, 0x00000000dd1b3580, 0x00000000dda00000)
  to   space 21824K,   0% used [0x00000000daf60000, 0x00000000daf60000, 0x00000000dc4b0000)
 concurrent mark-sweep generation total 393216K, used 30148K [0x00000000dda00000, 0x00000000f5a00000, 0x00000000f5a00000)
 concurrent-mark-sweep perm gen total 38528K, used 38369K [0x00000000f5a00000, 0x00000000f7fa0000, 0x0000000100000000)
2015-11-12T00:55:41.421-0600: 256.684: [GC2015-11-12T00:55:41.421-0600: 256.684: [ParNew
Desired survivor size 20112992 bytes, new threshold 8 (max 8)
- age   1:     484984 bytes,     484984 total
- age   2:    6537744 bytes,    7022728 total
- age   3:    1409808 bytes,    8432536 total
- age   4:    2127032 bytes,   10559568 total
- age   5:      65368 bytes,   10624936 total
- age   6:      82288 bytes,   10707224 total
- age   7:      93168 bytes,   10800392 total
- age   8:     101720 bytes,   10902112 total
: 100749K->16822K(109248K), 0.0288590 secs] 130898K->47030K(502464K), 0.0291150 secs] [Times: user=0.04 sys=0.00, real=0.03 secs] 
Heap after GC invocations=38 (full 0):
 par new generation   total 109248K, used 16822K [0x00000000d5a00000, 0x00000000dda00000, 0x00000000dda00000)
  eden space 87424K,   0% used [0x00000000d5a00000, 0x00000000d5a00000, 0x00000000daf60000)
  from space 21824K,  77% used [0x00000000daf60000, 0x00000000dbfcda20, 0x00000000dc4b0000)
  to   space 21824K,   0% used [0x00000000dc4b0000, 0x00000000dc4b0000, 0x00000000dda00000)
 concurrent mark-sweep generation total 393216K, used 30208K [0x00000000dda00000, 0x00000000f5a00000, 0x00000000f5a00000)
 concurrent-mark-sweep perm gen total 38528K, used 38369K [0x00000000f5a00000, 0x00000000f7fa0000, 0x0000000100000000)
}
2015-11-12T00:55:41.450-0600: 256.713: Total time for which application threads were stopped: 0.0296930 seconds, Stopping threads took: 0.0000390 seconds
{Heap before GC invocations=38 (full 0):
 par new generation   total 109248K, used 104246K [0x00000000d5a00000, 0x00000000dda00000, 0x00000000dda00000)
  eden space 87424K, 100% used [0x00000000d5a00000, 0x00000000daf60000, 0x00000000daf60000)
  from space 21824K,  77% used [0x00000000daf60000, 0x00000000dbfcda20, 0x00000000dc4b0000)
  to   space 21824K,   0% used [0x00000000dc4b0000, 0x00000000dc4b0000, 0x00000000dda00000)
 concurrent mark-sweep generation total 393216K, used 30208K [0x00000000dda00000, 0x00000000f5a00000, 0x00000000f5a00000)
 concurrent-mark-sweep perm gen total 38528K, used 38384K [0x00000000f5a00000, 0x00000000f7fa0000, 0x0000000100000000)
2015-11-12T00:55:41.595-0600: 256.858: [GC2015-11-12T00:55:41.595-0600: 256.858: [ParNew
Desired survivor size 20112992 bytes, new threshold 8 (max 8)
- age   1:     746568 bytes,     746568 total
- age   2:      35216 bytes,     781784 total
- age   3:    6537608 bytes,    7319392 total
- age   4:    1409808 bytes,    8729200 total
- age   5:    2127032 bytes,   10856232 total
- age   6:      65368 bytes,   10921600 total
- age   7:      82288 bytes,   11003888 total
- age   8:      93168 bytes,   11097056 total
: 104246K->13928K(109248K), 0.0552700 secs] 134454K->44237K(502464K), 0.0554670 secs] [Times: user=0.10 sys=0.00, real=0.05 secs] 
Heap after GC invocations=39 (full 0):
 par new generation   total 109248K, used 13928K [0x00000000d5a00000, 0x00000000dda00000, 0x00000000dda00000)
  eden space 87424K,   0% used [0x00000000d5a00000, 0x00000000d5a00000, 0x00000000daf60000)
  from space 21824K,  63% used [0x00000000dc4b0000, 0x00000000dd24a1a0, 0x00000000dda00000)
  to   space 21824K,   0% used [0x00000000daf60000, 0x00000000daf60000, 0x00000000dc4b0000)
 concurrent mark-sweep generation total 393216K, used 30309K [0x00000000dda00000, 0x00000000f5a00000, 0x00000000f5a00000)
 concurrent-mark-sweep perm gen total 38528K, used 38384K [0x00000000f5a00000, 0x00000000f7fa0000, 0x0000000100000000)
}
2015-11-12T00:55:41.651-0600: 256.913: Total time for which application threads were stopped: 0.0559510 seconds, Stopping threads took: 0.0000930 seconds
{Heap before GC invocations=39 (full 0):
 par new generation   total 109248K, used 101352K [0x00000000d5a00000, 0x00000000dda00000, 0x00000000dda00000)
  eden space 87424K, 100% used [0x00000000d5a00000, 0x00000000daf60000, 0x00000000daf60000)
  from space 21824K,  63% used [0x00000000dc4b0000, 0x00000000dd24a1a0, 0x00000000dda00000)
  to   space 21824K,   0% used [0x00000000daf60000, 0x00000000daf60000, 0x00000000dc4b0000)
 concurrent mark-sweep generation total 393216K, used 30309K [0x00000000dda00000, 0x00000000f5a00000, 0x00000000f5a00000)
 concurrent-mark-sweep perm gen total 38528K, used 38396K [0x00000000f5a00000, 0x00000000f7fa0000, 0x0000000100000000)
2015-11-12T00:55:41.909-0600: 257.171: [GC2015-11-12T00:55:41.909-0600: 257.172: [ParNew
Desired survivor size 20112992 bytes, new threshold 8 (max 8)
- age   1:     978872 bytes,     978872 total
- age   2:      55104 bytes,    1033976 total
- age   3:      35216 bytes,    1069192 total
- age   4:    6537608 bytes,    7606800 total
- age   5:    1409808 bytes,    9016608 total
- age   6:    2127032 bytes,   11143640 total
- age   7:      65368 bytes,   11209008 total
- age   8:      82288 bytes,   11291296 total
: 101352K->14090K(109248K), 0.0513520 secs] 131661K->44493K(502464K), 0.0517630 secs] [Times: user=0.07 sys=0.00, real=0.05 secs] 
Heap after GC invocations=40 (full 0):
 par new generation   total 109248K, used 14090K [0x00000000d5a00000, 0x00000000dda00000, 0x00000000dda00000)
  eden space 87424K,   0% used [0x00000000d5a00000, 0x00000000d5a00000, 0x00000000daf60000)
  from space 21824K,  64% used [0x00000000daf60000, 0x00000000dbd22bd0, 0x00000000dc4b0000)
  to   space 21824K,   0% used [0x00000000dc4b0000, 0x00000000dc4b0000, 0x00000000dda00000)
 concurrent mark-sweep generation total 393216K, used 30402K [0x00000000dda00000, 0x00000000f5a00000, 0x00000000f5a00000)
 concurrent-mark-sweep perm gen total 38528K, used 38396K [0x00000000f5a00000, 0x00000000f7fa0000, 0x0000000100000000)
}
2015-11-12T00:55:41.960-0600: 257.223: Total time for which application threads were stopped: 0.0583720 seconds, Stopping threads took: 0.0061740 seconds
{Heap before GC invocations=40 (full 0):
 par new generation   total 109248K, used 101514K [0x00000000d5a00000, 0x00000000dda00000, 0x00000000dda00000)
  eden space 87424K, 100% used [0x00000000d5a00000, 0x00000000daf60000, 0x00000000daf60000)
  from space 21824K,  64% used [0x00000000daf60000, 0x00000000dbd22bd0, 0x00000000dc4b0000)
  to   space 21824K,   0% used [0x00000000dc4b0000, 0x00000000dc4b0000, 0x00000000dda00000)
 concurrent mark-sweep generation total 393216K, used 30402K [0x00000000dda00000, 0x00000000f5a00000, 0x00000000f5a00000)
 concurrent-mark-sweep perm gen total 38528K, used 38417K [0x00000000f5a00000, 0x00000000f7fa0000, 0x0000000100000000)
2015-11-12T00:55:42.122-0600: 257.384: [GC2015-11-12T00:55:42.122-0600: 257.385: [ParNew
Desired survivor size 20112992 bytes, new threshold 8 (max 8)
- age   1:     608296 bytes,     608296 total
- age   2:     101240 bytes,     709536 total
- age   3:      54616 bytes,     764152 total
- age   4:      35216 bytes,     799368 total
- age   5:    6537608 bytes,    7336976 total
- age   6:    1409808 bytes,    8746784 total
- age   7:    2127032 bytes,   10873816 total
- age   8:      65368 bytes,   10939184 total
: 101514K->15927K(109248K), 0.0281910 secs] 131917K->46412K(502464K), 0.0284430 secs] [Times: user=0.05 sys=0.00, real=0.03 secs] 
Heap after GC invocations=41 (full 0):
 par new generation   total 109248K, used 15927K [0x00000000d5a00000, 0x00000000dda00000, 0x00000000dda00000)
  eden space 87424K,   0% used [0x00000000d5a00000, 0x00000000d5a00000, 0x00000000daf60000)
  from space 21824K,  72% used [0x00000000dc4b0000, 0x00000000dd43df30, 0x00000000dda00000)
  to   space 21824K,   0% used [0x00000000daf60000, 0x00000000daf60000, 0x00000000dc4b0000)
 concurrent mark-sweep generation total 393216K, used 30484K [0x00000000dda00000, 0x00000000f5a00000, 0x00000000f5a00000)
 concurrent-mark-sweep perm gen total 38528K, used 38417K [0x00000000f5a00000, 0x00000000f7fa0000, 0x0000000100000000)
}
2015-11-12T00:55:42.150-0600: 257.413: Total time for which application threads were stopped: 0.0288810 seconds, Stopping threads took: 0.0000580 seconds
{Heap before GC invocations=41 (full 0):
 par new generation   total 109248K, used 103351K [0x00000000d5a00000, 0x00000000dda00000, 0x00000000dda00000)
  eden space 87424K, 100% used [0x00000000d5a00000, 0x00000000daf60000, 0x00000000daf60000)
  from space 21824K,  72% used [0x00000000dc4b0000, 0x00000000dd43df30, 0x00000000dda00000)
  to   space 21824K,   0% used [0x00000000daf60000, 0x00000000daf60000, 0x00000000dc4b0000)
 concurrent mark-sweep generation total 393216K, used 30484K [0x00000000dda00000, 0x00000000f5a00000, 0x00000000f5a00000)
 concurrent-mark-sweep perm gen total 38528K, used 38429K [0x00000000f5a00000, 0x00000000f7fa0000, 0x0000000100000000)
2015-11-12T00:55:42.315-0600: 257.577: [GC2015-11-12T00:55:42.315-0600: 257.577: [ParNew
Desired survivor size 20112992 bytes, new threshold 8 (max 8)
- age   1:     488360 bytes,     488360 total
- age   2:     100400 bytes,     588760 total
- age   3:     100808 bytes,     689568 total
- age   4:      54072 bytes,     743640 total
- age   5:      35216 bytes,     778856 total
- age   6:    6537608 bytes,    7316464 total
- age   7:    1409808 bytes,    8726272 total
- age   8:    2127032 bytes,   10853304 total
: 103351K->13321K(109248K), 0.0329480 secs] 133836K->43871K(502464K), 0.0331210 secs] [Times: user=0.04 sys=0.00, real=0.03 secs] 
Heap after GC invocations=42 (full 0):
 par new generation   total 109248K, used 13321K [0x00000000d5a00000, 0x00000000dda00000, 0x00000000dda00000)
  eden space 87424K,   0% used [0x00000000d5a00000, 0x00000000d5a00000, 0x00000000daf60000)
  from space 21824K,  61% used [0x00000000daf60000, 0x00000000dbc62580, 0x00000000dc4b0000)
  to   space 21824K,   0% used [0x00000000dc4b0000, 0x00000000dc4b0000, 0x00000000dda00000)
 concurrent mark-sweep generation total 393216K, used 30549K [0x00000000dda00000, 0x00000000f5a00000, 0x00000000f5a00000)
 concurrent-mark-sweep perm gen total 38528K, used 38429K [0x00000000f5a00000, 0x00000000f7fa0000, 0x0000000100000000)
}
2015-11-12T00:55:42.348-0600: 257.610: Total time for which application threads were stopped: 0.0342110 seconds, Stopping threads took: 0.0008220 seconds
{Heap before GC invocations=42 (full 0):
 par new generation   total 109248K, used 100745K [0x00000000d5a00000, 0x00000000dda00000, 0x00000000dda00000)
  eden space 87424K, 100% used [0x00000000d5a00000, 0x00000000daf60000, 0x00000000daf60000)
  from space 21824K,  61% used [0x00000000daf60000, 0x00000000dbc62580, 0x00000000dc4b0000)
  to   space 21824K,   0% used [0x00000000dc4b0000, 0x00000000dc4b0000, 0x00000000dda00000)
 concurrent mark-sweep generation total 393216K, used 30549K [0x00000000dda00000, 0x00000000f5a00000, 0x00000000f5a00000)
 concurrent-mark-sweep perm gen total 38528K, used 38450K [0x00000000f5a00000, 0x00000000f7fa0000, 0x0000000100000000)
2015-11-12T00:55:42.585-0600: 257.848: [GC2015-11-12T00:55:42.585-0600: 257.848: [ParNew
Desired survivor size 20112992 bytes, new threshold 8 (max 8)
- age   1:     611424 bytes,     611424 total
- age   2:      85072 bytes,     696496 total
- age   3:     100184 bytes,     796680 total
- age   4:     100536 bytes,     897216 total
- age   5:      54072 bytes,     951288 total
- age   6:      35216 bytes,     986504 total
- age   7:    6537416 bytes,    7523920 total
- age   8:    1409808 bytes,    8933728 total
: 100745K->12017K(109248K), 0.0396460 secs] 131295K->44651K(502464K), 0.0398520 secs] [Times: user=0.07 sys=0.00, real=0.04 secs] 
Heap after GC invocations=43 (full 0):
 par new generation   total 109248K, used 12017K [0x00000000d5a00000, 0x00000000dda00000, 0x00000000dda00000)
  eden space 87424K,   0% used [0x00000000d5a00000, 0x00000000d5a00000, 0x00000000daf60000)
  from space 21824K,  55% used [0x00000000dc4b0000, 0x00000000dd06c7e0, 0x00000000dda00000)
  to   space 21824K,   0% used [0x00000000daf60000, 0x00000000daf60000, 0x00000000dc4b0000)
 concurrent mark-sweep generation total 393216K, used 32633K [0x00000000dda00000, 0x00000000f5a00000, 0x00000000f5a00000)
 concurrent-mark-sweep perm gen total 38528K, used 38450K [0x00000000f5a00000, 0x00000000f7fa0000, 0x0000000100000000)
}
2015-11-12T00:55:42.625-0600: 257.888: Total time for which application threads were stopped: 0.0477410 seconds, Stopping threads took: 0.0076150 seconds
{Heap before GC invocations=43 (full 0):
 par new generation   total 109248K, used 99441K [0x00000000d5a00000, 0x00000000dda00000, 0x00000000dda00000)
  eden space 87424K, 100% used [0x00000000d5a00000, 0x00000000daf60000, 0x00000000daf60000)
  from space 21824K,  55% used [0x00000000dc4b0000, 0x00000000dd06c7e0, 0x00000000dda00000)
  to   space 21824K,   0% used [0x00000000daf60000, 0x00000000daf60000, 0x00000000dc4b0000)
 concurrent mark-sweep generation total 393216K, used 32633K [0x00000000dda00000, 0x00000000f5a00000, 0x00000000f5a00000)
 concurrent-mark-sweep perm gen total 38720K, used 38490K [0x00000000f5a00000, 0x00000000f7fd0000, 0x0000000100000000)
2015-11-12T00:55:42.785-0600: 258.048: [GC2015-11-12T00:55:42.785-0600: 258.048: [ParNew
Desired survivor size 20112992 bytes, new threshold 8 (max 8)
- age   1:    1246776 bytes,    1246776 total
- age   2:      76696 bytes,    1323472 total
- age   3:      83800 bytes,    1407272 total
- age   4:      99344 bytes,    1506616 total
- age   5:      99984 bytes,    1606600 total
- age   6:      53232 bytes,    1659832 total
- age   7:      34136 bytes,    1693968 total
- age   8:    5972688 bytes,    7666656 total
: 99441K->11350K(109248K), 0.0220060 secs] 132075K->45366K(502464K), 0.0225060 secs] [Times: user=0.04 sys=0.00, real=0.03 secs] 
Heap after GC invocations=44 (full 0):
 par new generation   total 109248K, used 11350K [0x00000000d5a00000, 0x00000000dda00000, 0x00000000dda00000)
  eden space 87424K,   0% used [0x00000000d5a00000, 0x00000000d5a00000, 0x00000000daf60000)
  from space 21824K,  52% used [0x00000000daf60000, 0x00000000dba75980, 0x00000000dc4b0000)
  to   space 21824K,   0% used [0x00000000dc4b0000, 0x00000000dc4b0000, 0x00000000dda00000)
 concurrent mark-sweep generation total 393216K, used 34016K [0x00000000dda00000, 0x00000000f5a00000, 0x00000000f5a00000)
 concurrent-mark-sweep perm gen total 38720K, used 38490K [0x00000000f5a00000, 0x00000000f7fd0000, 0x0000000100000000)
}
2015-11-12T00:55:42.808-0600: 258.070: Total time for which application threads were stopped: 0.0318650 seconds, Stopping threads took: 0.0089210 seconds
2015-11-12T00:55:42.967-0600: 258.230: Total time for which application threads were stopped: 0.0003040 seconds, Stopping threads took: 0.0000360 seconds
2015-11-12T00:55:42.975-0600: 258.238: Total time for which application threads were stopped: 0.0037110 seconds, Stopping threads took: 0.0035870 seconds
2015-11-12T00:55:42.976-0600: 258.239: Total time for which application threads were stopped: 0.0001440 seconds, Stopping threads took: 0.0000330 seconds
2015-11-12T00:55:42.976-0600: 258.239: Total time for which application threads were stopped: 0.0001450 seconds, Stopping threads took: 0.0000630 seconds
2015-11-12T00:55:42.978-0600: 258.241: Total time for which application threads were stopped: 0.0001450 seconds, Stopping threads took: 0.0000370 seconds
2015-11-12T00:55:43.096-0600: 258.358: Total time for which application threads were stopped: 0.0001460 seconds, Stopping threads took: 0.0000330 seconds
2015-11-12T00:55:43.096-0600: 258.359: Total time for which application threads were stopped: 0.0001110 seconds, Stopping threads took: 0.0000180 seconds
2015-11-12T00:55:43.479-0600: 258.741: Total time for which application threads were stopped: 0.0002910 seconds, Stopping threads took: 0.0000330 seconds
2015-11-12T00:55:43.480-0600: 258.743: Total time for which application threads were stopped: 0.0000880 seconds, Stopping threads took: 0.0000190 seconds
2015-11-12T00:55:43.482-0600: 258.745: Total time for which application threads were stopped: 0.0001570 seconds, Stopping threads took: 0.0000610 seconds
2015-11-12T00:55:43.489-0600: 258.752: Total time for which application threads were stopped: 0.0001740 seconds, Stopping threads took: 0.0000610 seconds
2015-11-12T00:55:43.489-0600: 258.752: Total time for which application threads were stopped: 0.0000990 seconds, Stopping threads took: 0.0000320 seconds
2015-11-12T00:55:43.534-0600: 258.796: Total time for which application threads were stopped: 0.0001470 seconds, Stopping threads took: 0.0000360 seconds
2015-11-12T00:55:43.536-0600: 258.798: Total time for which application threads were stopped: 0.0001600 seconds, Stopping threads took: 0.0000310 seconds
2015-11-12T00:55:43.542-0600: 258.805: Total time for which application threads were stopped: 0.0002370 seconds, Stopping threads took: 0.0001140 seconds
2015-11-12T00:55:43.558-0600: 258.820: Total time for which application threads were stopped: 0.0028940 seconds, Stopping threads took: 0.0027510 seconds
2015-11-12T00:55:43.578-0600: 258.841: Total time for which application threads were stopped: 0.0004340 seconds, Stopping threads took: 0.0002370 seconds
2015-11-12T00:55:43.589-0600: 258.851: Total time for which application threads were stopped: 0.0002400 seconds, Stopping threads took: 0.0000620 seconds
2015-11-12T00:55:43.589-0600: 258.852: Total time for which application threads were stopped: 0.0001470 seconds, Stopping threads took: 0.0000400 seconds
2015-11-12T00:55:43.595-0600: 258.858: Total time for which application threads were stopped: 0.0002000 seconds, Stopping threads took: 0.0000590 seconds
2015-11-12T00:55:44.037-0600: 259.300: Total time for which application threads were stopped: 0.0002400 seconds, Stopping threads took: 0.0000300 seconds
2015-11-12T00:55:44.042-0600: 259.304: Total time for which application threads were stopped: 0.0001240 seconds, Stopping threads took: 0.0000320 seconds
2015-11-12T00:55:44.042-0600: 259.305: Total time for which application threads were stopped: 0.0000770 seconds, Stopping threads took: 0.0000150 seconds
2015-11-12T00:55:44.042-0600: 259.305: Total time for which application threads were stopped: 0.0000690 seconds, Stopping threads took: 0.0000130 seconds
2015-11-12T00:55:44.042-0600: 259.305: Total time for which application threads were stopped: 0.0000940 seconds, Stopping threads took: 0.0000140 seconds
2015-11-12T00:55:44.161-0600: 259.424: Total time for which application threads were stopped: 0.0022590 seconds, Stopping threads took: 0.0021390 seconds
2015-11-12T00:55:44.164-0600: 259.426: Total time for which application threads were stopped: 0.0002640 seconds, Stopping threads took: 0.0000520 seconds
2015-11-12T00:55:44.164-0600: 259.427: Total time for which application threads were stopped: 0.0004350 seconds, Stopping threads took: 0.0000320 seconds
2015-11-12T00:55:44.222-0600: 259.485: Total time for which application threads were stopped: 0.0001280 seconds, Stopping threads took: 0.0000480 seconds
2015-11-12T00:55:44.223-0600: 259.485: Total time for which application threads were stopped: 0.0000700 seconds, Stopping threads took: 0.0000250 seconds
2015-11-12T00:55:44.223-0600: 259.486: Total time for which application threads were stopped: 0.0000680 seconds, Stopping threads took: 0.0000230 seconds
2015-11-12T00:55:44.223-0600: 259.486: Total time for which application threads were stopped: 0.0000580 seconds, Stopping threads took: 0.0000110 seconds
2015-11-12T00:55:44.223-0600: 259.486: Total time for which application threads were stopped: 0.0000630 seconds, Stopping threads took: 0.0000140 seconds
2015-11-12T00:55:44.223-0600: 259.486: Total time for which application threads were stopped: 0.0000610 seconds, Stopping threads took: 0.0000200 seconds
2015-11-12T00:55:44.223-0600: 259.486: Total time for which application threads were stopped: 0.0000740 seconds, Stopping threads took: 0.0000330 seconds
2015-11-12T00:55:44.224-0600: 259.486: Total time for which application threads were stopped: 0.0000730 seconds, Stopping threads took: 0.0000330 seconds
2015-11-12T00:56:27.713-0600: 302.976: Total time for which application threads were stopped: 0.0002430 seconds, Stopping threads took: 0.0000460 seconds
2015-11-12T00:56:27.740-0600: 303.003: Total time for which application threads were stopped: 0.0005310 seconds, Stopping threads took: 0.0000460 seconds
2015-11-12T00:56:27.760-0600: 303.023: Total time for which application threads were stopped: 0.0001840 seconds, Stopping threads took: 0.0000670 seconds
2015-11-12T00:56:27.800-0600: 303.062: Total time for which application threads were stopped: 0.0005700 seconds, Stopping threads took: 0.0004480 seconds
2015-11-12T00:56:27.809-0600: 303.072: Total time for which application threads were stopped: 0.0001840 seconds, Stopping threads took: 0.0000670 seconds
2015-11-12T00:56:27.866-0600: 303.128: Total time for which application threads were stopped: 0.0001630 seconds, Stopping threads took: 0.0000370 seconds
2015-11-12T00:56:27.866-0600: 303.129: Total time for which application threads were stopped: 0.0001260 seconds, Stopping threads took: 0.0000280 seconds
2015-11-12T00:56:27.886-0600: 303.149: Total time for which application threads were stopped: 0.0001630 seconds, Stopping threads took: 0.0000560 seconds
2015-11-12T00:56:27.887-0600: 303.149: Total time for which application threads were stopped: 0.0004490 seconds, Stopping threads took: 0.0000380 seconds
2015-11-12T00:56:27.888-0600: 303.151: Total time for which application threads were stopped: 0.0001450 seconds, Stopping threads took: 0.0000460 seconds
2015-11-12T00:56:27.890-0600: 303.153: Total time for which application threads were stopped: 0.0001360 seconds, Stopping threads took: 0.0000440 seconds
2015-11-12T00:56:27.903-0600: 303.165: Total time for which application threads were stopped: 0.0002430 seconds, Stopping threads took: 0.0000510 seconds
2015-11-12T00:56:27.903-0600: 303.166: Total time for which application threads were stopped: 0.0001200 seconds, Stopping threads took: 0.0000260 seconds
2015-11-12T00:56:27.904-0600: 303.166: Total time for which application threads were stopped: 0.0000680 seconds, Stopping threads took: 0.0000120 seconds
2015-11-12T00:56:27.927-0600: 303.190: Total time for which application threads were stopped: 0.0001600 seconds, Stopping threads took: 0.0000580 seconds
2015-11-12T00:56:27.927-0600: 303.190: Total time for which application threads were stopped: 0.0000820 seconds, Stopping threads took: 0.0000260 seconds
2015-11-12T00:56:28.928-0600: 304.191: Total time for which application threads were stopped: 0.0008250 seconds, Stopping threads took: 0.0000860 seconds
2015-11-12T00:57:38.366-0600: 373.629: Total time for which application threads were stopped: 0.0003180 seconds, Stopping threads took: 0.0000310 seconds
2015-11-12T00:57:38.376-0600: 373.638: Total time for which application threads were stopped: 0.0001510 seconds, Stopping threads took: 0.0000440 seconds
2015-11-12T00:57:38.379-0600: 373.642: Total time for which application threads were stopped: 0.0002850 seconds, Stopping threads took: 0.0001210 seconds
2015-11-12T00:57:38.380-0600: 373.643: Total time for which application threads were stopped: 0.0002250 seconds, Stopping threads took: 0.0001440 seconds
2015-11-12T00:57:38.381-0600: 373.643: Total time for which application threads were stopped: 0.0002350 seconds, Stopping threads took: 0.0001690 seconds
2015-11-12T00:57:38.383-0600: 373.646: Total time for which application threads were stopped: 0.0013110 seconds, Stopping threads took: 0.0001120 seconds
2015-11-12T00:57:38.385-0600: 373.648: Total time for which application threads were stopped: 0.0004490 seconds, Stopping threads took: 0.0002200 seconds
2015-11-12T00:57:38.393-0600: 373.656: Total time for which application threads were stopped: 0.0007150 seconds, Stopping threads took: 0.0001600 seconds
2015-11-12T00:57:38.405-0600: 373.668: Total time for which application threads were stopped: 0.0001590 seconds, Stopping threads took: 0.0000410 seconds
2015-11-12T00:57:38.405-0600: 373.668: Total time for which application threads were stopped: 0.0000840 seconds, Stopping threads took: 0.0000190 seconds
2015-11-12T00:57:38.405-0600: 373.668: Total time for which application threads were stopped: 0.0000730 seconds, Stopping threads took: 0.0000150 seconds
2015-11-12T00:57:38.405-0600: 373.668: Total time for which application threads were stopped: 0.0000700 seconds, Stopping threads took: 0.0000130 seconds
2015-11-12T00:57:38.405-0600: 373.668: Total time for which application threads were stopped: 0.0000690 seconds, Stopping threads took: 0.0000130 seconds
2015-11-12T00:57:59.594-0600: 394.857: Total time for which application threads were stopped: 0.0003030 seconds, Stopping threads took: 0.0000310 seconds
2015-11-12T00:57:59.598-0600: 394.860: Total time for which application threads were stopped: 0.0001560 seconds, Stopping threads took: 0.0000370 seconds
{Heap before GC invocations=44 (full 0):
 par new generation   total 109248K, used 98774K [0x00000000d5a00000, 0x00000000dda00000, 0x00000000dda00000)
  eden space 87424K, 100% used [0x00000000d5a00000, 0x00000000daf60000, 0x00000000daf60000)
  from space 21824K,  52% used [0x00000000daf60000, 0x00000000dba75980, 0x00000000dc4b0000)
  to   space 21824K,   0% used [0x00000000dc4b0000, 0x00000000dc4b0000, 0x00000000dda00000)
 concurrent mark-sweep generation total 393216K, used 34016K [0x00000000dda00000, 0x00000000f5a00000, 0x00000000f5a00000)
 concurrent-mark-sweep perm gen total 38912K, used 38842K [0x00000000f5a00000, 0x00000000f8000000, 0x0000000100000000)
2015-11-12T00:57:59.771-0600: 395.033: [GC2015-11-12T00:57:59.771-0600: 395.034: [ParNew
Desired survivor size 20112992 bytes, new threshold 8 (max 8)
- age   1:    7856448 bytes,    7856448 total
- age   2:    1048056 bytes,    8904504 total
- age   3:      76048 bytes,    8980552 total
- age   4:      83680 bytes,    9064232 total
- age   5:      99176 bytes,    9163408 total
- age   6:      99696 bytes,    9263104 total
- age   7:      52968 bytes,    9316072 total
- age   8:      33944 bytes,    9350016 total
: 98774K->11516K(109248K), 0.0320590 secs] 132790K->47431K(502464K), 0.0322930 secs] [Times: user=0.06 sys=0.00, real=0.03 secs] 
Heap after GC invocations=45 (full 0):
 par new generation   total 109248K, used 11516K [0x00000000d5a00000, 0x00000000dda00000, 0x00000000dda00000)
  eden space 87424K,   0% used [0x00000000d5a00000, 0x00000000d5a00000, 0x00000000daf60000)
  from space 21824K,  52% used [0x00000000dc4b0000, 0x00000000dcfef370, 0x00000000dda00000)
  to   space 21824K,   0% used [0x00000000daf60000, 0x00000000daf60000, 0x00000000dc4b0000)
 concurrent mark-sweep generation total 393216K, used 35914K [0x00000000dda00000, 0x00000000f5a00000, 0x00000000f5a00000)
 concurrent-mark-sweep perm gen total 38912K, used 38842K [0x00000000f5a00000, 0x00000000f8000000, 0x0000000100000000)
}
2015-11-12T00:57:59.803-0600: 395.066: Total time for which application threads were stopped: 0.0337460 seconds, Stopping threads took: 0.0011630 seconds
2015-11-12T00:57:59.809-0600: 395.071: Total time for which application threads were stopped: 0.0004280 seconds, Stopping threads took: 0.0003080 seconds
{Heap before GC invocations=45 (full 0):
 par new generation   total 109248K, used 98940K [0x00000000d5a00000, 0x00000000dda00000, 0x00000000dda00000)
  eden space 87424K, 100% used [0x00000000d5a00000, 0x00000000daf60000, 0x00000000daf60000)
  from space 21824K,  52% used [0x00000000dc4b0000, 0x00000000dcfef370, 0x00000000dda00000)
  to   space 21824K,   0% used [0x00000000daf60000, 0x00000000daf60000, 0x00000000dc4b0000)
 concurrent mark-sweep generation total 393216K, used 35914K [0x00000000dda00000, 0x00000000f5a00000, 0x00000000f5a00000)
 concurrent-mark-sweep perm gen total 38912K, used 38843K [0x00000000f5a00000, 0x00000000f8000000, 0x0000000100000000)
2015-11-12T00:57:59.903-0600: 395.165: [GC2015-11-12T00:57:59.903-0600: 395.166: [ParNew
Desired survivor size 20112992 bytes, new threshold 8 (max 8)
- age   1:    1091568 bytes,    1091568 total
- age   2:    7362048 bytes,    8453616 total
- age   3:    1048056 bytes,    9501672 total
- age   4:      76048 bytes,    9577720 total
- age   5:      83680 bytes,    9661400 total
- age   6:      99176 bytes,    9760576 total
- age   7:      99696 bytes,    9860272 total
- age   8:      52968 bytes,    9913240 total
: 98940K->11506K(109248K), 0.0215860 secs] 134855K->47456K(502464K), 0.0217760 secs] [Times: user=0.04 sys=0.00, real=0.02 secs] 
Heap after GC invocations=46 (full 0):
 par new generation   total 109248K, used 11506K [0x00000000d5a00000, 0x00000000dda00000, 0x00000000dda00000)
  eden space 87424K,   0% used [0x00000000d5a00000, 0x00000000d5a00000, 0x00000000daf60000)
  from space 21824K,  52% used [0x00000000daf60000, 0x00000000dba9c8e0, 0x00000000dc4b0000)
  to   space 21824K,   0% used [0x00000000dc4b0000, 0x00000000dc4b0000, 0x00000000dda00000)
 concurrent mark-sweep generation total 393216K, used 35949K [0x00000000dda00000, 0x00000000f5a00000, 0x00000000f5a00000)
 concurrent-mark-sweep perm gen total 38912K, used 38843K [0x00000000f5a00000, 0x00000000f8000000, 0x0000000100000000)
}
2015-11-12T00:57:59.925-0600: 395.187: Total time for which application threads were stopped: 0.0221020 seconds, Stopping threads took: 0.0000610 seconds
{Heap before GC invocations=46 (full 0):
 par new generation   total 109248K, used 98930K [0x00000000d5a00000, 0x00000000dda00000, 0x00000000dda00000)
  eden space 87424K, 100% used [0x00000000d5a00000, 0x00000000daf60000, 0x00000000daf60000)
  from space 21824K,  52% used [0x00000000daf60000, 0x00000000dba9c8e0, 0x00000000dc4b0000)
  to   space 21824K,   0% used [0x00000000dc4b0000, 0x00000000dc4b0000, 0x00000000dda00000)
 concurrent mark-sweep generation total 393216K, used 35949K [0x00000000dda00000, 0x00000000f5a00000, 0x00000000f5a00000)
 concurrent-mark-sweep perm gen total 38912K, used 38843K [0x00000000f5a00000, 0x00000000f8000000, 0x0000000100000000)
2015-11-12T00:58:00.035-0600: 395.298: [GC2015-11-12T00:58:00.036-0600: 395.298: [ParNew
Desired survivor size 20112992 bytes, new threshold 8 (max 8)
- age   1:     711808 bytes,     711808 total
- age   2:     568504 bytes,    1280312 total
- age   3:    7361808 bytes,    8642120 total
- age   4:    1048056 bytes,    9690176 total
- age   5:      76048 bytes,    9766224 total
- age   6:      83680 bytes,    9849904 total
- age   7:      99176 bytes,    9949080 total
- age   8:      99696 bytes,   10048776 total
: 98930K->16062K(109248K), 0.0392700 secs] 134880K->52065K(502464K), 0.0395090 secs] [Times: user=0.07 sys=0.00, real=0.04 secs] 
Heap after GC invocations=47 (full 0):
 par new generation   total 109248K, used 16062K [0x00000000d5a00000, 0x00000000dda00000, 0x00000000dda00000)
  eden space 87424K,   0% used [0x00000000d5a00000, 0x00000000d5a00000, 0x00000000daf60000)
  from space 21824K,  73% used [0x00000000dc4b0000, 0x00000000dd45f8d8, 0x00000000dda00000)
  to   space 21824K,   0% used [0x00000000daf60000, 0x00000000daf60000, 0x00000000dc4b0000)
 concurrent mark-sweep generation total 393216K, used 36003K [0x00000000dda00000, 0x00000000f5a00000, 0x00000000f5a00000)
 concurrent-mark-sweep perm gen total 38912K, used 38843K [0x00000000f5a00000, 0x00000000f8000000, 0x0000000100000000)
}
2015-11-12T00:58:00.075-0600: 395.338: Total time for which application threads were stopped: 0.0399190 seconds, Stopping threads took: 0.0001210 seconds
{Heap before GC invocations=47 (full 0):
 par new generation   total 109248K, used 103486K [0x00000000d5a00000, 0x00000000dda00000, 0x00000000dda00000)
  eden space 87424K, 100% used [0x00000000d5a00000, 0x00000000daf60000, 0x00000000daf60000)
  from space 21824K,  73% used [0x00000000dc4b0000, 0x00000000dd45f8d8, 0x00000000dda00000)
  to   space 21824K,   0% used [0x00000000daf60000, 0x00000000daf60000, 0x00000000dc4b0000)
 concurrent mark-sweep generation total 393216K, used 36003K [0x00000000dda00000, 0x00000000f5a00000, 0x00000000f5a00000)
 concurrent-mark-sweep perm gen total 38912K, used 38843K [0x00000000f5a00000, 0x00000000f8000000, 0x0000000100000000)
2015-11-12T00:58:00.183-0600: 395.446: [GC2015-11-12T00:58:00.183-0600: 395.446: [ParNew
Desired survivor size 20112992 bytes, new threshold 8 (max 8)
- age   1:     849160 bytes,     849160 total
- age   2:      33184 bytes,     882344 total
- age   3:     568504 bytes,    1450848 total
- age   4:    7361808 bytes,    8812656 total
- age   5:    1048056 bytes,    9860712 total
- age   6:      76048 bytes,    9936760 total
- age   7:      83680 bytes,   10020440 total
- age   8:      99176 bytes,   10119616 total
: 103486K->13056K(109248K), 0.0767960 secs] 139489K->49159K(502464K), 0.0769570 secs] [Times: user=0.09 sys=0.00, real=0.08 secs] 
Heap after GC invocations=48 (full 0):
 par new generation   total 109248K, used 13056K [0x00000000d5a00000, 0x00000000dda00000, 0x00000000dda00000)
  eden space 87424K,   0% used [0x00000000d5a00000, 0x00000000d5a00000, 0x00000000daf60000)
  from space 21824K,  59% used [0x00000000daf60000, 0x00000000dbc202f8, 0x00000000dc4b0000)
  to   space 21824K,   0% used [0x00000000dc4b0000, 0x00000000dc4b0000, 0x00000000dda00000)
 concurrent mark-sweep generation total 393216K, used 36102K [0x00000000dda00000, 0x00000000f5a00000, 0x00000000f5a00000)
 concurrent-mark-sweep perm gen total 38912K, used 38843K [0x00000000f5a00000, 0x00000000f8000000, 0x0000000100000000)
}
2015-11-12T00:58:00.260-0600: 395.523: Total time for which application threads were stopped: 0.0773510 seconds, Stopping threads took: 0.0000690 seconds
{Heap before GC invocations=48 (full 0):
 par new generation   total 109248K, used 100480K [0x00000000d5a00000, 0x00000000dda00000, 0x00000000dda00000)
  eden space 87424K, 100% used [0x00000000d5a00000, 0x00000000daf60000, 0x00000000daf60000)
  from space 21824K,  59% used [0x00000000daf60000, 0x00000000dbc202f8, 0x00000000dc4b0000)
  to   space 21824K,   0% used [0x00000000dc4b0000, 0x00000000dc4b0000, 0x00000000dda00000)
 concurrent mark-sweep generation total 393216K, used 36102K [0x00000000dda00000, 0x00000000f5a00000, 0x00000000f5a00000)
 concurrent-mark-sweep perm gen total 38912K, used 38845K [0x00000000f5a00000, 0x00000000f8000000, 0x0000000100000000)
2015-11-12T00:58:00.394-0600: 395.657: [GC2015-11-12T00:58:00.394-0600: 395.657: [ParNew
Desired survivor size 20112992 bytes, new threshold 8 (max 8)
- age   1:     231976 bytes,     231976 total
- age   2:      72592 bytes,     304568 total
- age   3:      33184 bytes,     337752 total
- age   4:     568504 bytes,     906256 total
- age   5:    7361832 bytes,    8268088 total
- age   6:    1048056 bytes,    9316144 total
- age   7:      76048 bytes,    9392192 total
- age   8:      83680 bytes,    9475872 total
: 100480K->12232K(109248K), 0.0199530 secs] 136583K->48434K(502464K), 0.0201720 secs] [Times: user=0.04 sys=0.01, real=0.02 secs] 
Heap after GC invocations=49 (full 0):
 par new generation   total 109248K, used 12232K [0x00000000d5a00000, 0x00000000dda00000, 0x00000000dda00000)
  eden space 87424K,   0% used [0x00000000d5a00000, 0x00000000d5a00000, 0x00000000daf60000)
  from space 21824K,  56% used [0x00000000dc4b0000, 0x00000000dd0a2110, 0x00000000dda00000)
  to   space 21824K,   0% used [0x00000000daf60000, 0x00000000daf60000, 0x00000000dc4b0000)
 concurrent mark-sweep generation total 393216K, used 36201K [0x00000000dda00000, 0x00000000f5a00000, 0x00000000f5a00000)
 concurrent-mark-sweep perm gen total 38912K, used 38845K [0x00000000f5a00000, 0x00000000f8000000, 0x0000000100000000)
}
2015-11-12T00:58:00.415-0600: 395.677: Total time for which application threads were stopped: 0.0205630 seconds, Stopping threads took: 0.0000750 seconds
{Heap before GC invocations=49 (full 0):
 par new generation   total 109248K, used 99656K [0x00000000d5a00000, 0x00000000dda00000, 0x00000000dda00000)
  eden space 87424K, 100% used [0x00000000d5a00000, 0x00000000daf60000, 0x00000000daf60000)
  from space 21824K,  56% used [0x00000000dc4b0000, 0x00000000dd0a2110, 0x00000000dda00000)
  to   space 21824K,   0% used [0x00000000daf60000, 0x00000000daf60000, 0x00000000dc4b0000)
 concurrent mark-sweep generation total 393216K, used 36201K [0x00000000dda00000, 0x00000000f5a00000, 0x00000000f5a00000)
 concurrent-mark-sweep perm gen total 38912K, used 38846K [0x00000000f5a00000, 0x00000000f8000000, 0x0000000100000000)
2015-11-12T00:58:00.546-0600: 395.809: [GC2015-11-12T00:58:00.546-0600: 395.809: [ParNew
Desired survivor size 20112992 bytes, new threshold 8 (max 8)
- age   1:    1422528 bytes,    1422528 total
- age   2:     109392 bytes,    1531920 total
- age   3:      72160 bytes,    1604080 total
- age   4:      32560 bytes,    1636640 total
- age   5:     568472 bytes,    2205112 total
- age   6:    7361664 bytes,    9566776 total
- age   7:    1048056 bytes,   10614832 total
- age   8:      76048 bytes,   10690880 total
: 99656K->11733K(109248K), 0.0281860 secs] 135858K->48018K(502464K), 0.0284180 secs] [Times: user=0.04 sys=0.00, real=0.04 secs] 
Heap after GC invocations=50 (full 0):
 par new generation   total 109248K, used 11733K [0x00000000d5a00000, 0x00000000dda00000, 0x00000000dda00000)
  eden space 87424K,   0% used [0x00000000d5a00000, 0x00000000d5a00000, 0x00000000daf60000)
  from space 21824K,  53% used [0x00000000daf60000, 0x00000000dbad5610, 0x00000000dc4b0000)
  to   space 21824K,   0% used [0x00000000dc4b0000, 0x00000000dc4b0000, 0x00000000dda00000)
 concurrent mark-sweep generation total 393216K, used 36285K [0x00000000dda00000, 0x00000000f5a00000, 0x00000000f5a00000)
 concurrent-mark-sweep perm gen total 38912K, used 38846K [0x00000000f5a00000, 0x00000000f8000000, 0x0000000100000000)
}
2015-11-12T00:58:00.575-0600: 395.837: Total time for which application threads were stopped: 0.0288900 seconds, Stopping threads took: 0.0000400 seconds
{Heap before GC invocations=50 (full 0):
 par new generation   total 109248K, used 99157K [0x00000000d5a00000, 0x00000000dda00000, 0x00000000dda00000)
  eden space 87424K, 100% used [0x00000000d5a00000, 0x00000000daf60000, 0x00000000daf60000)
  from space 21824K,  53% used [0x00000000daf60000, 0x00000000dbad5610, 0x00000000dc4b0000)
  to   space 21824K,   0% used [0x00000000dc4b0000, 0x00000000dc4b0000, 0x00000000dda00000)
 concurrent mark-sweep generation total 393216K, used 36285K [0x00000000dda00000, 0x00000000f5a00000, 0x00000000f5a00000)
 concurrent-mark-sweep perm gen total 38912K, used 38847K [0x00000000f5a00000, 0x00000000f8000000, 0x0000000100000000)
2015-11-12T00:58:00.727-0600: 395.990: [GC2015-11-12T00:58:00.727-0600: 395.990: [ParNew
Desired survivor size 20112992 bytes, new threshold 8 (max 8)
- age   1:     997776 bytes,     997776 total
- age   2:      83760 bytes,    1081536 total
- age   3:     109176 bytes,    1190712 total
- age   4:      71400 bytes,    1262112 total
- age   5:      32560 bytes,    1294672 total
- age   6:     568472 bytes,    1863144 total
- age   7:    7361688 bytes,    9224832 total
- age   8:    1048056 bytes,   10272888 total
: 99157K->13505K(109248K), 0.0347220 secs] 135442K->49867K(502464K), 0.0349810 secs] [Times: user=0.06 sys=0.00, real=0.03 secs] 
Heap after GC invocations=51 (full 0):
 par new generation   total 109248K, used 13505K [0x00000000d5a00000, 0x00000000dda00000, 0x00000000dda00000)
  eden space 87424K,   0% used [0x00000000d5a00000, 0x00000000d5a00000, 0x00000000daf60000)
  from space 21824K,  61% used [0x00000000dc4b0000, 0x00000000dd1e05c0, 0x00000000dda00000)
  to   space 21824K,   0% used [0x00000000daf60000, 0x00000000daf60000, 0x00000000dc4b0000)
 concurrent mark-sweep generation total 393216K, used 36361K [0x00000000dda00000, 0x00000000f5a00000, 0x00000000f5a00000)
 concurrent-mark-sweep perm gen total 38912K, used 38847K [0x00000000f5a00000, 0x00000000f8000000, 0x0000000100000000)
}
2015-11-12T00:58:00.762-0600: 396.025: Total time for which application threads were stopped: 0.0446610 seconds, Stopping threads took: 0.0092230 seconds
{Heap before GC invocations=51 (full 0):
 par new generation   total 109248K, used 100929K [0x00000000d5a00000, 0x00000000dda00000, 0x00000000dda00000)
  eden space 87424K, 100% used [0x00000000d5a00000, 0x00000000daf60000, 0x00000000daf60000)
  from space 21824K,  61% used [0x00000000dc4b0000, 0x00000000dd1e05c0, 0x00000000dda00000)
  to   space 21824K,   0% used [0x00000000daf60000, 0x00000000daf60000, 0x00000000dc4b0000)
 concurrent mark-sweep generation total 393216K, used 36361K [0x00000000dda00000, 0x00000000f5a00000, 0x00000000f5a00000)
 concurrent-mark-sweep perm gen total 38912K, used 38851K [0x00000000f5a00000, 0x00000000f8000000, 0x0000000100000000)
2015-11-12T00:58:00.942-0600: 396.205: [GC2015-11-12T00:58:00.942-0600: 396.205: [ParNew
Desired survivor size 20112992 bytes, new threshold 8 (max 8)
- age   1:     534488 bytes,     534488 total
- age   2:      83264 bytes,     617752 total
- age   3:      82664 bytes,     700416 total
- age   4:     108816 bytes,     809232 total
- age   5:      70920 bytes,     880152 total
- age   6:      31848 bytes,     912000 total
- age   7:     567776 bytes,    1479776 total
- age   8:    7361192 bytes,    8840968 total
: 100929K->13529K(109248K), 0.0436940 secs] 137291K->50919K(502464K), 0.0438950 secs] [Times: user=0.05 sys=0.00, real=0.05 secs] 
Heap after GC invocations=52 (full 0):
 par new generation   total 109248K, used 13529K [0x00000000d5a00000, 0x00000000dda00000, 0x00000000dda00000)
  eden space 87424K,   0% used [0x00000000d5a00000, 0x00000000d5a00000, 0x00000000daf60000)
  from space 21824K,  61% used [0x00000000daf60000, 0x00000000dbc96470, 0x00000000dc4b0000)
  to   space 21824K,   0% used [0x00000000dc4b0000, 0x00000000dc4b0000, 0x00000000dda00000)
 concurrent mark-sweep generation total 393216K, used 37389K [0x00000000dda00000, 0x00000000f5a00000, 0x00000000f5a00000)
 concurrent-mark-sweep perm gen total 38912K, used 38851K [0x00000000f5a00000, 0x00000000f8000000, 0x0000000100000000)
}
2015-11-12T00:58:00.986-0600: 396.249: Total time for which application threads were stopped: 0.0449780 seconds, Stopping threads took: 0.0008100 seconds
2015-11-12T00:58:01.353-0600: 396.616: Total time for which application threads were stopped: 0.0003280 seconds, Stopping threads took: 0.0000400 seconds
2015-11-12T00:58:01.357-0600: 396.619: Total time for which application threads were stopped: 0.0002090 seconds, Stopping threads took: 0.0000360 seconds
2015-11-12T00:58:01.359-0600: 396.622: Total time for which application threads were stopped: 0.0001590 seconds, Stopping threads took: 0.0000380 seconds
2015-11-12T00:58:01.361-0600: 396.624: Total time for which application threads were stopped: 0.0001250 seconds, Stopping threads took: 0.0000300 seconds
2015-11-12T00:58:01.362-0600: 396.624: Total time for which application threads were stopped: 0.0000780 seconds, Stopping threads took: 0.0000160 seconds
2015-11-12T00:58:01.362-0600: 396.624: Total time for which application threads were stopped: 0.0000640 seconds, Stopping threads took: 0.0000170 seconds
2015-11-12T00:58:01.929-0600: 397.192: Total time for which application threads were stopped: 0.0130630 seconds, Stopping threads took: 0.0127630 seconds
{Heap before GC invocations=52 (full 0):
 par new generation   total 109248K, used 100953K [0x00000000d5a00000, 0x00000000dda00000, 0x00000000dda00000)
  eden space 87424K, 100% used [0x00000000d5a00000, 0x00000000daf60000, 0x00000000daf60000)
  from space 21824K,  61% used [0x00000000daf60000, 0x00000000dbc96470, 0x00000000dc4b0000)
  to   space 21824K,   0% used [0x00000000dc4b0000, 0x00000000dc4b0000, 0x00000000dda00000)
 concurrent mark-sweep generation total 393216K, used 37389K [0x00000000dda00000, 0x00000000f5a00000, 0x00000000f5a00000)
 concurrent-mark-sweep perm gen total 38912K, used 38863K [0x00000000f5a00000, 0x00000000f8000000, 0x0000000100000000)
2015-11-12T00:58:01.935-0600: 397.198: [GC2015-11-12T00:58:01.936-0600: 397.198: [ParNew
Desired survivor size 20112992 bytes, new threshold 8 (max 8)
- age   1:    4069176 bytes,    4069176 total
- age   2:     181448 bytes,    4250624 total
- age   3:      82304 bytes,    4332928 total
- age   4:      82328 bytes,    4415256 total
- age   5:     108432 bytes,    4523688 total
- age   6:      70464 bytes,    4594152 total
- age   7:      31224 bytes,    4625376 total
- age   8:      78128 bytes,    4703504 total
: 100953K->6407K(109248K), 0.0806350 secs] 138343K->48309K(502464K), 0.0808690 secs] [Times: user=0.05 sys=0.02, real=0.08 secs] 
Heap after GC invocations=53 (full 0):
 par new generation   total 109248K, used 6407K [0x00000000d5a00000, 0x00000000dda00000, 0x00000000dda00000)
  eden space 87424K,   0% used [0x00000000d5a00000, 0x00000000d5a00000, 0x00000000daf60000)
  from space 21824K,  29% used [0x00000000dc4b0000, 0x00000000dcaf1fd0, 0x00000000dda00000)
  to   space 21824K,   0% used [0x00000000daf60000, 0x00000000daf60000, 0x00000000dc4b0000)
 concurrent mark-sweep generation total 393216K, used 41901K [0x00000000dda00000, 0x00000000f5a00000, 0x00000000f5a00000)
 concurrent-mark-sweep perm gen total 38912K, used 38863K [0x00000000f5a00000, 0x00000000f8000000, 0x0000000100000000)
}
2015-11-12T00:58:02.016-0600: 397.279: Total time for which application threads were stopped: 0.0811840 seconds, Stopping threads took: 0.0000370 seconds
2015-11-12T00:58:02.032-0600: 397.295: Total time for which application threads were stopped: 0.0001910 seconds, Stopping threads took: 0.0000700 seconds
2015-11-12T00:58:02.034-0600: 397.297: Total time for which application threads were stopped: 0.0001520 seconds, Stopping threads took: 0.0000340 seconds
2015-11-12T00:58:02.038-0600: 397.301: Total time for which application threads were stopped: 0.0002400 seconds, Stopping threads took: 0.0001120 seconds
2015-11-12T00:58:02.044-0600: 397.307: Total time for which application threads were stopped: 0.0051650 seconds, Stopping threads took: 0.0049870 seconds
2015-11-12T00:58:02.045-0600: 397.307: Total time for which application threads were stopped: 0.0001510 seconds, Stopping threads took: 0.0000490 seconds
2015-11-12T00:58:02.045-0600: 397.308: Total time for which application threads were stopped: 0.0000780 seconds, Stopping threads took: 0.0000170 seconds
2015-11-12T00:58:02.178-0600: 397.441: Total time for which application threads were stopped: 0.0002300 seconds, Stopping threads took: 0.0000910 seconds
2015-11-12T00:58:02.845-0600: 398.108: Total time for which application threads were stopped: 0.0004400 seconds, Stopping threads took: 0.0000410 seconds
2015-11-12T00:58:02.853-0600: 398.115: Total time for which application threads were stopped: 0.0017910 seconds, Stopping threads took: 0.0016740 seconds
{Heap before GC invocations=53 (full 0):
 par new generation   total 109248K, used 93816K [0x00000000d5a00000, 0x00000000dda00000, 0x00000000dda00000)
  eden space 87424K,  99% used [0x00000000d5a00000, 0x00000000daf5c310, 0x00000000daf60000)
  from space 21824K,  29% used [0x00000000dc4b0000, 0x00000000dcaf1fd0, 0x00000000dda00000)
  to   space 21824K,   0% used [0x00000000daf60000, 0x00000000daf60000, 0x00000000dc4b0000)
 concurrent mark-sweep generation total 393216K, used 41901K [0x00000000dda00000, 0x00000000f5a00000, 0x00000000f5a00000)
 concurrent-mark-sweep perm gen total 39104K, used 38868K [0x00000000f5a00000, 0x00000000f8030000, 0x0000000100000000)
2015-11-12T00:58:03.319-0600: 398.582: [GC2015-11-12T00:58:03.319-0600: 398.582: [ParNew
Desired survivor size 20112992 bytes, new threshold 8 (max 8)
- age   1:    5918776 bytes,    5918776 total
- age   2:    3888360 bytes,    9807136 total
- age   3:     181448 bytes,    9988584 total
- age   4:      82304 bytes,   10070888 total
- age   5:      82184 bytes,   10153072 total
- age   6:     108432 bytes,   10261504 total
- age   7:      70464 bytes,   10331968 total
- age   8:      31224 bytes,   10363192 total
: 93816K->11211K(109248K), 0.0519260 secs] 135717K->53190K(502464K), 0.0521750 secs] [Times: user=0.05 sys=0.00, real=0.05 secs] 
Heap after GC invocations=54 (full 0):
 par new generation   total 109248K, used 11211K [0x00000000d5a00000, 0x00000000dda00000, 0x00000000dda00000)
  eden space 87424K,   0% used [0x00000000d5a00000, 0x00000000d5a00000, 0x00000000daf60000)
  from space 21824K,  51% used [0x00000000daf60000, 0x00000000dba52c68, 0x00000000dc4b0000)
  to   space 21824K,   0% used [0x00000000dc4b0000, 0x00000000dc4b0000, 0x00000000dda00000)
 concurrent mark-sweep generation total 393216K, used 41979K [0x00000000dda00000, 0x00000000f5a00000, 0x00000000f5a00000)
 concurrent-mark-sweep perm gen total 39104K, used 38868K [0x00000000f5a00000, 0x00000000f8030000, 0x0000000100000000)
}
2015-11-12T00:58:03.371-0600: 398.634: Total time for which application threads were stopped: 0.0581690 seconds, Stopping threads took: 0.0056990 seconds
{Heap before GC invocations=54 (full 0):
 par new generation   total 109248K, used 98635K [0x00000000d5a00000, 0x00000000dda00000, 0x00000000dda00000)
  eden space 87424K, 100% used [0x00000000d5a00000, 0x00000000daf60000, 0x00000000daf60000)
  from space 21824K,  51% used [0x00000000daf60000, 0x00000000dba52c68, 0x00000000dc4b0000)
  to   space 21824K,   0% used [0x00000000dc4b0000, 0x00000000dc4b0000, 0x00000000dda00000)
 concurrent mark-sweep generation total 393216K, used 41979K [0x00000000dda00000, 0x00000000f5a00000, 0x00000000f5a00000)
 concurrent-mark-sweep perm gen total 39104K, used 38869K [0x00000000f5a00000, 0x00000000f8030000, 0x0000000100000000)
2015-11-12T00:58:03.531-0600: 398.794: [GC2015-11-12T00:58:03.531-0600: 398.794: [ParNew
Desired survivor size 20112992 bytes, new threshold 8 (max 8)
- age   1:     286344 bytes,     286344 total
- age   2:    5326232 bytes,    5612576 total
- age   3:    3888360 bytes,    9500936 total
- age   4:     181448 bytes,    9682384 total
- age   5:      82304 bytes,    9764688 total
- age   6:      82184 bytes,    9846872 total
- age   7:     108432 bytes,    9955304 total
- age   8:      70464 bytes,   10025768 total
: 98635K->12374K(109248K), 0.0561650 secs] 140614K->54386K(502464K), 0.0563950 secs] [Times: user=0.05 sys=0.00, real=0.06 secs] 
Heap after GC invocations=55 (full 0):
 par new generation   total 109248K, used 12374K [0x00000000d5a00000, 0x00000000dda00000, 0x00000000dda00000)
  eden space 87424K,   0% used [0x00000000d5a00000, 0x00000000d5a00000, 0x00000000daf60000)
  from space 21824K,  56% used [0x00000000dc4b0000, 0x00000000dd0c5a20, 0x00000000dda00000)
  to   space 21824K,   0% used [0x00000000daf60000, 0x00000000daf60000, 0x00000000dc4b0000)
 concurrent mark-sweep generation total 393216K, used 42011K [0x00000000dda00000, 0x00000000f5a00000, 0x00000000f5a00000)
 concurrent-mark-sweep perm gen total 39104K, used 38869K [0x00000000f5a00000, 0x00000000f8030000, 0x0000000100000000)
}
2015-11-12T00:58:03.588-0600: 398.850: Total time for which application threads were stopped: 0.0570250 seconds, Stopping threads took: 0.0000730 seconds
{Heap before GC invocations=55 (full 0):
 par new generation   total 109248K, used 99798K [0x00000000d5a00000, 0x00000000dda00000, 0x00000000dda00000)
  eden space 87424K, 100% used [0x00000000d5a00000, 0x00000000daf60000, 0x00000000daf60000)
  from space 21824K,  56% used [0x00000000dc4b0000, 0x00000000dd0c5a20, 0x00000000dda00000)
  to   space 21824K,   0% used [0x00000000daf60000, 0x00000000daf60000, 0x00000000dc4b0000)
 concurrent mark-sweep generation total 393216K, used 42011K [0x00000000dda00000, 0x00000000f5a00000, 0x00000000f5a00000)
 concurrent-mark-sweep perm gen total 39104K, used 38869K [0x00000000f5a00000, 0x00000000f8030000, 0x0000000100000000)
2015-11-12T00:58:03.666-0600: 398.928: [GC2015-11-12T00:58:03.666-0600: 398.928: [ParNew
Desired survivor size 20112992 bytes, new threshold 8 (max 8)
- age   1:     663992 bytes,     663992 total
- age   2:      35520 bytes,     699512 total
- age   3:    5326232 bytes,    6025744 total
- age   4:    3888360 bytes,    9914104 total
- age   5:     181448 bytes,   10095552 total
- age   6:      82304 bytes,   10177856 total
- age   7:      82184 bytes,   10260040 total
- age   8:     108432 bytes,   10368472 total
: 99798K->14108K(109248K), 0.0300480 secs] 141810K->56190K(502464K), 0.0302580 secs] [Times: user=0.06 sys=0.00, real=0.04 secs] 
Heap after GC invocations=56 (full 0):
 par new generation   total 109248K, used 14108K [0x00000000d5a00000, 0x00000000dda00000, 0x00000000dda00000)
  eden space 87424K,   0% used [0x00000000d5a00000, 0x00000000d5a00000, 0x00000000daf60000)
  from space 21824K,  64% used [0x00000000daf60000, 0x00000000dbd27130, 0x00000000dc4b0000)
  to   space 21824K,   0% used [0x00000000dc4b0000, 0x00000000dc4b0000, 0x00000000dda00000)
 concurrent mark-sweep generation total 393216K, used 42082K [0x00000000dda00000, 0x00000000f5a00000, 0x00000000f5a00000)
 concurrent-mark-sweep perm gen total 39104K, used 38869K [0x00000000f5a00000, 0x00000000f8030000, 0x0000000100000000)
}
2015-11-12T00:58:03.696-0600: 398.959: Total time for which application threads were stopped: 0.0318220 seconds, Stopping threads took: 0.0012710 seconds
{Heap before GC invocations=56 (full 0):
 par new generation   total 109248K, used 101532K [0x00000000d5a00000, 0x00000000dda00000, 0x00000000dda00000)
  eden space 87424K, 100% used [0x00000000d5a00000, 0x00000000daf60000, 0x00000000daf60000)
  from space 21824K,  64% used [0x00000000daf60000, 0x00000000dbd27130, 0x00000000dc4b0000)
  to   space 21824K,   0% used [0x00000000dc4b0000, 0x00000000dc4b0000, 0x00000000dda00000)
 concurrent mark-sweep generation total 393216K, used 42082K [0x00000000dda00000, 0x00000000f5a00000, 0x00000000f5a00000)
 concurrent-mark-sweep perm gen total 39104K, used 38874K [0x00000000f5a00000, 0x00000000f8030000, 0x0000000100000000)
2015-11-12T00:58:03.787-0600: 399.050: [GC2015-11-12T00:58:03.787-0600: 399.050: [ParNew
Desired survivor size 20112992 bytes, new threshold 8 (max 8)
- age   1:    1046584 bytes,    1046584 total
- age   2:      49912 bytes,    1096496 total
- age   3:      35368 bytes,    1131864 total
- age   4:    5326192 bytes,    6458056 total
- age   5:    3888360 bytes,   10346416 total
- age   6:     181448 bytes,   10527864 total
- age   7:      82304 bytes,   10610168 total
- age   8:      82184 bytes,   10692352 total
: 101532K->13833K(109248K), 0.0230580 secs] 143614K->56024K(502464K), 0.0232560 secs] [Times: user=0.06 sys=0.00, real=0.02 secs] 
Heap after GC invocations=57 (full 0):
 par new generation   total 109248K, used 13833K [0x00000000d5a00000, 0x00000000dda00000, 0x00000000dda00000)
  eden space 87424K,   0% used [0x00000000d5a00000, 0x00000000d5a00000, 0x00000000daf60000)
  from space 21824K,  63% used [0x00000000dc4b0000, 0x00000000dd2327a8, 0x00000000dda00000)
  to   space 21824K,   0% used [0x00000000daf60000, 0x00000000daf60000, 0x00000000dc4b0000)
 concurrent mark-sweep generation total 393216K, used 42190K [0x00000000dda00000, 0x00000000f5a00000, 0x00000000f5a00000)
 concurrent-mark-sweep perm gen total 39104K, used 38874K [0x00000000f5a00000, 0x00000000f8030000, 0x0000000100000000)
}
2015-11-12T00:58:03.811-0600: 399.073: Total time for which application threads were stopped: 0.0244240 seconds, Stopping threads took: 0.0008950 seconds
{Heap before GC invocations=57 (full 0):
 par new generation   total 109248K, used 101257K [0x00000000d5a00000, 0x00000000dda00000, 0x00000000dda00000)
  eden space 87424K, 100% used [0x00000000d5a00000, 0x00000000daf60000, 0x00000000daf60000)
  from space 21824K,  63% used [0x00000000dc4b0000, 0x00000000dd2327a8, 0x00000000dda00000)
  to   space 21824K,   0% used [0x00000000daf60000, 0x00000000daf60000, 0x00000000dc4b0000)
 concurrent mark-sweep generation total 393216K, used 42190K [0x00000000dda00000, 0x00000000f5a00000, 0x00000000f5a00000)
 concurrent-mark-sweep perm gen total 39104K, used 38876K [0x00000000f5a00000, 0x00000000f8030000, 0x0000000100000000)
2015-11-12T00:58:03.923-0600: 399.186: [GC2015-11-12T00:58:03.923-0600: 399.186: [ParNew
Desired survivor size 20112992 bytes, new threshold 8 (max 8)
- age   1:     399800 bytes,     399800 total
- age   2:     104136 bytes,     503936 total
- age   3:      49912 bytes,     553848 total
- age   4:      35368 bytes,     589216 total
- age   5:    5326232 bytes,    5915448 total
- age   6:    3888360 bytes,    9803808 total
- age   7:     181448 bytes,    9985256 total
- age   8:      82304 bytes,   10067560 total
: 101257K->12268K(109248K), 0.0206930 secs] 143448K->54540K(502464K), 0.0208740 secs] [Times: user=0.04 sys=0.00, real=0.02 secs] 
Heap after GC invocations=58 (full 0):
 par new generation   total 109248K, used 12268K [0x00000000d5a00000, 0x00000000dda00000, 0x00000000dda00000)
  eden space 87424K,   0% used [0x00000000d5a00000, 0x00000000d5a00000, 0x00000000daf60000)
  from space 21824K,  56% used [0x00000000daf60000, 0x00000000dbb5b308, 0x00000000dc4b0000)
  to   space 21824K,   0% used [0x00000000dc4b0000, 0x00000000dc4b0000, 0x00000000dda00000)
 concurrent mark-sweep generation total 393216K, used 42272K [0x00000000dda00000, 0x00000000f5a00000, 0x00000000f5a00000)
 concurrent-mark-sweep perm gen total 39104K, used 38876K [0x00000000f5a00000, 0x00000000f8030000, 0x0000000100000000)
}
2015-11-12T00:58:03.944-0600: 399.207: Total time for which application threads were stopped: 0.0212110 seconds, Stopping threads took: 0.0000740 seconds
{Heap before GC invocations=58 (full 0):
 par new generation   total 109248K, used 99692K [0x00000000d5a00000, 0x00000000dda00000, 0x00000000dda00000)
  eden space 87424K, 100% used [0x00000000d5a00000, 0x00000000daf60000, 0x00000000daf60000)
  from space 21824K,  56% used [0x00000000daf60000, 0x00000000dbb5b308, 0x00000000dc4b0000)
  to   space 21824K,   0% used [0x00000000dc4b0000, 0x00000000dc4b0000, 0x00000000dda00000)
 concurrent mark-sweep generation total 393216K, used 42272K [0x00000000dda00000, 0x00000000f5a00000, 0x00000000f5a00000)
 concurrent-mark-sweep perm gen total 39104K, used 38877K [0x00000000f5a00000, 0x00000000f8030000, 0x0000000100000000)
2015-11-12T00:58:04.061-0600: 399.324: [GC2015-11-12T00:58:04.061-0600: 399.324: [ParNew
Desired survivor size 20112992 bytes, new threshold 8 (max 8)
- age   1:     545240 bytes,     545240 total
- age   2:      95592 bytes,     640832 total
- age   3:     103272 bytes,     744104 total
- age   4:      48824 bytes,     792928 total
- age   5:      35368 bytes,     828296 total
- age   6:    5326216 bytes,    6154512 total
- age   7:    3888384 bytes,   10042896 total
- age   8:     181448 bytes,   10224344 total
: 99692K->13105K(109248K), 0.0231980 secs] 141964K->55459K(502464K), 0.0234190 secs] [Times: user=0.05 sys=0.00, real=0.02 secs] 
Heap after GC invocations=59 (full 0):
 par new generation   total 109248K, used 13105K [0x00000000d5a00000, 0x00000000dda00000, 0x00000000dda00000)
  eden space 87424K,   0% used [0x00000000d5a00000, 0x00000000d5a00000, 0x00000000daf60000)
  from space 21824K,  60% used [0x00000000dc4b0000, 0x00000000dd17c570, 0x00000000dda00000)
  to   space 21824K,   0% used [0x00000000daf60000, 0x00000000daf60000, 0x00000000dc4b0000)
 concurrent mark-sweep generation total 393216K, used 42354K [0x00000000dda00000, 0x00000000f5a00000, 0x00000000f5a00000)
 concurrent-mark-sweep perm gen total 39104K, used 38877K [0x00000000f5a00000, 0x00000000f8030000, 0x0000000100000000)
}
2015-11-12T00:58:04.084-0600: 399.347: Total time for which application threads were stopped: 0.0266510 seconds, Stopping threads took: 0.0028430 seconds
{Heap before GC invocations=59 (full 0):
 par new generation   total 109248K, used 100529K [0x00000000d5a00000, 0x00000000dda00000, 0x00000000dda00000)
  eden space 87424K, 100% used [0x00000000d5a00000, 0x00000000daf60000, 0x00000000daf60000)
  from space 21824K,  60% used [0x00000000dc4b0000, 0x00000000dd17c570, 0x00000000dda00000)
  to   space 21824K,   0% used [0x00000000daf60000, 0x00000000daf60000, 0x00000000dc4b0000)
 concurrent mark-sweep generation total 393216K, used 42354K [0x00000000dda00000, 0x00000000f5a00000, 0x00000000f5a00000)
 concurrent-mark-sweep perm gen total 39104K, used 38886K [0x00000000f5a00000, 0x00000000f8030000, 0x0000000100000000)
2015-11-12T00:58:04.277-0600: 399.540: [GC2015-11-12T00:58:04.278-0600: 399.540: [ParNew
Desired survivor size 20112992 bytes, new threshold 8 (max 8)
- age   1:     938000 bytes,     938000 total
- age   2:      84856 bytes,    1022856 total
- age   3:      95592 bytes,    1118448 total
- age   4:     103272 bytes,    1221720 total
- age   5:      48824 bytes,    1270544 total
- age   6:      35368 bytes,    1305912 total
- age   7:    5326232 bytes,    6632144 total
- age   8:    3888360 bytes,   10520504 total
: 100529K->13339K(109248K), 0.0596690 secs] 142883K->55873K(502464K), 0.0598720 secs] [Times: user=0.08 sys=0.00, real=0.06 secs] 
Heap after GC invocations=60 (full 0):
 par new generation   total 109248K, used 13339K [0x00000000d5a00000, 0x00000000dda00000, 0x00000000dda00000)
  eden space 87424K,   0% used [0x00000000d5a00000, 0x00000000d5a00000, 0x00000000daf60000)
  from space 21824K,  61% used [0x00000000daf60000, 0x00000000dbc66c38, 0x00000000dc4b0000)
  to   space 21824K,   0% used [0x00000000dc4b0000, 0x00000000dc4b0000, 0x00000000dda00000)
 concurrent mark-sweep generation total 393216K, used 42534K [0x00000000dda00000, 0x00000000f5a00000, 0x00000000f5a00000)
 concurrent-mark-sweep perm gen total 39104K, used 38886K [0x00000000f5a00000, 0x00000000f8030000, 0x0000000100000000)
}
2015-11-12T00:58:04.337-0600: 399.600: Total time for which application threads were stopped: 0.0664320 seconds, Stopping threads took: 0.0062720 seconds
2015-11-12T00:58:04.346-0600: 399.609: Total time for which application threads were stopped: 0.0023940 seconds, Stopping threads took: 0.0022890 seconds
2015-11-12T00:58:04.353-0600: 399.616: Total time for which application threads were stopped: 0.0038950 seconds, Stopping threads took: 0.0037530 seconds
2015-11-12T00:58:04.550-0600: 399.812: Total time for which application threads were stopped: 0.0241100 seconds, Stopping threads took: 0.0237840 seconds
{Heap before GC invocations=60 (full 0):
 par new generation   total 109248K, used 100763K [0x00000000d5a00000, 0x00000000dda00000, 0x00000000dda00000)
  eden space 87424K, 100% used [0x00000000d5a00000, 0x00000000daf60000, 0x00000000daf60000)
  from space 21824K,  61% used [0x00000000daf60000, 0x00000000dbc66c38, 0x00000000dc4b0000)
  to   space 21824K,   0% used [0x00000000dc4b0000, 0x00000000dc4b0000, 0x00000000dda00000)
 concurrent mark-sweep generation total 393216K, used 42534K [0x00000000dda00000, 0x00000000f5a00000, 0x00000000f5a00000)
 concurrent-mark-sweep perm gen total 39104K, used 38890K [0x00000000f5a00000, 0x00000000f8030000, 0x0000000100000000)
2015-11-12T00:58:04.606-0600: 399.869: [GC2015-11-12T00:58:04.606-0600: 399.869: [ParNew
Desired survivor size 20112992 bytes, new threshold 8 (max 8)
- age   1:    1679104 bytes,    1679104 total
- age   2:      66352 bytes,    1745456 total
- age   3:      82840 bytes,    1828296 total
- age   4:      94896 bytes,    1923192 total
- age   5:     102552 bytes,    2025744 total
- age   6:      47696 bytes,    2073440 total
- age   7:      34048 bytes,    2107488 total
- age   8:    4688584 bytes,    6796072 total
: 100763K->9335K(109248K), 0.0387190 secs] 143297K->54440K(502464K), 0.0389520 secs] [Times: user=0.05 sys=0.00, real=0.04 secs] 
Heap after GC invocations=61 (full 0):
 par new generation   total 109248K, used 9335K [0x00000000d5a00000, 0x00000000dda00000, 0x00000000dda00000)
  eden space 87424K,   0% used [0x00000000d5a00000, 0x00000000d5a00000, 0x00000000daf60000)
  from space 21824K,  42% used [0x00000000dc4b0000, 0x00000000dcdcdfe8, 0x00000000dda00000)
  to   space 21824K,   0% used [0x00000000daf60000, 0x00000000daf60000, 0x00000000dc4b0000)
 concurrent mark-sweep generation total 393216K, used 45105K [0x00000000dda00000, 0x00000000f5a00000, 0x00000000f5a00000)
 concurrent-mark-sweep perm gen total 39104K, used 38890K [0x00000000f5a00000, 0x00000000f8030000, 0x0000000100000000)
}
2015-11-12T00:58:04.645-0600: 399.908: Total time for which application threads were stopped: 0.0394710 seconds, Stopping threads took: 0.0001030 seconds
2015-11-12T00:58:04.864-0600: 400.127: Total time for which application threads were stopped: 0.0002070 seconds, Stopping threads took: 0.0000380 seconds
2015-11-12T00:58:04.868-0600: 400.131: Total time for which application threads were stopped: 0.0002310 seconds, Stopping threads took: 0.0000350 seconds
2015-11-12T00:58:04.938-0600: 400.201: Total time for which application threads were stopped: 0.0001850 seconds, Stopping threads took: 0.0000550 seconds
2015-11-12T00:58:05.023-0600: 400.285: Total time for which application threads were stopped: 0.0001740 seconds, Stopping threads took: 0.0000370 seconds
2015-11-12T00:58:05.024-0600: 400.287: Total time for which application threads were stopped: 0.0001590 seconds, Stopping threads took: 0.0000330 seconds
2015-11-12T00:58:05.129-0600: 400.392: Total time for which application threads were stopped: 0.0002750 seconds, Stopping threads took: 0.0000360 seconds
2015-11-12T00:58:05.132-0600: 400.394: Total time for which application threads were stopped: 0.0001700 seconds, Stopping threads took: 0.0000640 seconds
2015-11-12T00:58:05.134-0600: 400.396: Total time for which application threads were stopped: 0.0001390 seconds, Stopping threads took: 0.0000340 seconds
2015-11-12T00:58:05.312-0600: 400.575: Total time for which application threads were stopped: 0.0002760 seconds, Stopping threads took: 0.0000440 seconds
2015-11-12T00:58:05.541-0600: 400.803: Total time for which application threads were stopped: 0.0002210 seconds, Stopping threads took: 0.0000840 seconds
2015-11-12T00:58:05.653-0600: 400.916: Total time for which application threads were stopped: 0.0004590 seconds, Stopping threads took: 0.0000430 seconds
2015-11-12T00:58:05.685-0600: 400.948: Total time for which application threads were stopped: 0.0002560 seconds, Stopping threads took: 0.0001250 seconds
2015-11-12T00:58:05.731-0600: 400.993: Total time for which application threads were stopped: 0.0001790 seconds, Stopping threads took: 0.0000440 seconds
2015-11-12T00:58:05.803-0600: 401.066: Total time for which application threads were stopped: 0.0003370 seconds, Stopping threads took: 0.0000830 seconds
2015-11-12T00:58:05.849-0600: 401.112: Total time for which application threads were stopped: 0.0018430 seconds, Stopping threads took: 0.0017070 seconds
2015-11-12T00:58:05.890-0600: 401.153: Total time for which application threads were stopped: 0.0010440 seconds, Stopping threads took: 0.0009160 seconds
2015-11-12T00:58:05.928-0600: 401.190: Total time for which application threads were stopped: 0.0001790 seconds, Stopping threads took: 0.0000350 seconds
2015-11-12T00:58:06.014-0600: 401.277: Total time for which application threads were stopped: 0.0002960 seconds, Stopping threads took: 0.0001800 seconds
2015-11-12T00:58:06.033-0600: 401.296: Total time for which application threads were stopped: 0.0004310 seconds, Stopping threads took: 0.0000370 seconds
{Heap before GC invocations=61 (full 0):
 par new generation   total 109248K, used 96759K [0x00000000d5a00000, 0x00000000dda00000, 0x00000000dda00000)
  eden space 87424K, 100% used [0x00000000d5a00000, 0x00000000daf60000, 0x00000000daf60000)
  from space 21824K,  42% used [0x00000000dc4b0000, 0x00000000dcdcdfe8, 0x00000000dda00000)
  to   space 21824K,   0% used [0x00000000daf60000, 0x00000000daf60000, 0x00000000dc4b0000)
 concurrent mark-sweep generation total 393216K, used 45105K [0x00000000dda00000, 0x00000000f5a00000, 0x00000000f5a00000)
 concurrent-mark-sweep perm gen total 39104K, used 38944K [0x00000000f5a00000, 0x00000000f8030000, 0x0000000100000000)
2015-11-12T00:58:06.607-0600: 401.870: [GC2015-11-12T00:58:06.607-0600: 401.870: [ParNew
Desired survivor size 20112992 bytes, new threshold 8 (max 8)
- age   1:    5100896 bytes,    5100896 total
- age   2:    1440080 bytes,    6540976 total
- age   3:      66352 bytes,    6607328 total
- age   4:      82840 bytes,    6690168 total
- age   5:      94896 bytes,    6785064 total
- age   6:     102552 bytes,    6887616 total
- age   7:      47696 bytes,    6935312 total
- age   8:      34048 bytes,    6969360 total
: 96759K->9556K(109248K), 0.0117540 secs] 141864K->57159K(502464K), 0.0119560 secs] [Times: user=0.04 sys=0.00, real=0.01 secs] 
Heap after GC invocations=62 (full 0):
 par new generation   total 109248K, used 9556K [0x00000000d5a00000, 0x00000000dda00000, 0x00000000dda00000)
  eden space 87424K,   0% used [0x00000000d5a00000, 0x00000000d5a00000, 0x00000000daf60000)
  from space 21824K,  43% used [0x00000000daf60000, 0x00000000db8b5100, 0x00000000dc4b0000)
  to   space 21824K,   0% used [0x00000000dc4b0000, 0x00000000dc4b0000, 0x00000000dda00000)
 concurrent mark-sweep generation total 393216K, used 47602K [0x00000000dda00000, 0x00000000f5a00000, 0x00000000f5a00000)
 concurrent-mark-sweep perm gen total 39104K, used 38944K [0x00000000f5a00000, 0x00000000f8030000, 0x0000000100000000)
}
2015-11-12T00:58:06.619-0600: 401.882: Total time for which application threads were stopped: 0.0132770 seconds, Stopping threads took: 0.0003240 seconds
2015-11-12T00:58:07.620-0600: 402.883: Total time for which application threads were stopped: 0.0004580 seconds, Stopping threads took: 0.0002070 seconds
2015-11-12T00:58:07.875-0600: 403.137: Total time for which application threads were stopped: 0.0001700 seconds, Stopping threads took: 0.0000610 seconds
2015-11-12T00:58:07.883-0600: 403.146: Total time for which application threads were stopped: 0.0004290 seconds, Stopping threads took: 0.0000550 seconds
2015-11-12T00:58:08.046-0600: 403.309: Total time for which application threads were stopped: 0.0056030 seconds, Stopping threads took: 0.0054570 seconds
2015-11-12T00:58:08.047-0600: 403.310: Total time for which application threads were stopped: 0.0001480 seconds, Stopping threads took: 0.0000390 seconds
2015-11-12T00:58:08.047-0600: 403.310: Total time for which application threads were stopped: 0.0001530 seconds, Stopping threads took: 0.0000710 seconds
2015-11-12T00:58:08.048-0600: 403.310: Total time for which application threads were stopped: 0.0000840 seconds, Stopping threads took: 0.0000180 seconds
2015-11-12T00:58:08.049-0600: 403.312: Total time for which application threads were stopped: 0.0011880 seconds, Stopping threads took: 0.0010740 seconds
2015-11-12T00:58:08.049-0600: 403.312: Total time for which application threads were stopped: 0.0000990 seconds, Stopping threads took: 0.0000290 seconds
2015-11-12T00:58:08.049-0600: 403.312: Total time for which application threads were stopped: 0.0001200 seconds, Stopping threads took: 0.0000510 seconds
2015-11-12T00:58:08.049-0600: 403.312: Total time for which application threads were stopped: 0.0001100 seconds, Stopping threads took: 0.0000450 seconds
2015-11-12T00:58:08.050-0600: 403.312: Total time for which application threads were stopped: 0.0001150 seconds, Stopping threads took: 0.0000540 seconds
2015-11-12T00:58:08.050-0600: 403.312: Total time for which application threads were stopped: 0.0000760 seconds, Stopping threads took: 0.0000200 seconds
2015-11-12T00:58:08.050-0600: 403.313: Total time for which application threads were stopped: 0.0001090 seconds, Stopping threads took: 0.0000480 seconds
2015-11-12T00:58:08.050-0600: 403.313: Total time for which application threads were stopped: 0.0000660 seconds, Stopping threads took: 0.0000110 seconds
2015-11-12T00:58:08.050-0600: 403.313: Total time for which application threads were stopped: 0.0000820 seconds, Stopping threads took: 0.0000250 seconds
2015-11-12T00:58:08.129-0600: 403.392: Total time for which application threads were stopped: 0.0003010 seconds, Stopping threads took: 0.0000670 seconds
2015-11-12T00:58:08.162-0600: 403.425: Total time for which application threads were stopped: 0.0076090 seconds, Stopping threads took: 0.0074620 seconds
2015-11-12T00:58:08.238-0600: 403.501: Total time for which application threads were stopped: 0.0063340 seconds, Stopping threads took: 0.0060860 seconds
2015-11-12T00:58:08.452-0600: 403.714: Total time for which application threads were stopped: 0.0001860 seconds, Stopping threads took: 0.0000610 seconds
2015-11-12T00:58:08.452-0600: 403.715: Total time for which application threads were stopped: 0.0001130 seconds, Stopping threads took: 0.0000370 seconds
2015-11-12T00:58:08.452-0600: 403.715: Total time for which application threads were stopped: 0.0003880 seconds, Stopping threads took: 0.0000310 seconds
{Heap before GC invocations=62 (full 0):
 par new generation   total 109248K, used 96980K [0x00000000d5a00000, 0x00000000dda00000, 0x00000000dda00000)
  eden space 87424K, 100% used [0x00000000d5a00000, 0x00000000daf60000, 0x00000000daf60000)
  from space 21824K,  43% used [0x00000000daf60000, 0x00000000db8b5100, 0x00000000dc4b0000)
  to   space 21824K,   0% used [0x00000000dc4b0000, 0x00000000dc4b0000, 0x00000000dda00000)
 concurrent mark-sweep generation total 393216K, used 47602K [0x00000000dda00000, 0x00000000f5a00000, 0x00000000f5a00000)
 concurrent-mark-sweep perm gen total 39104K, used 39049K [0x00000000f5a00000, 0x00000000f8030000, 0x0000000100000000)
2015-11-12T00:58:08.687-0600: 403.950: [GC2015-11-12T00:58:08.687-0600: 403.950: [ParNew
Desired survivor size 20112992 bytes, new threshold 8 (max 8)
- age   1:    2810448 bytes,    2810448 total
- age   2:    2280752 bytes,    5091200 total
- age   3:    1395728 bytes,    6486928 total
- age   4:      66352 bytes,    6553280 total
- age   5:      82840 bytes,    6636120 total
- age   6:      94896 bytes,    6731016 total
- age   7:     102552 bytes,    6833568 total
- age   8:      47696 bytes,    6881264 total
: 96980K->7892K(109248K), 0.0662780 secs] 144583K->55530K(502464K), 0.0664860 secs] [Times: user=0.12 sys=0.01, real=0.06 secs] 
Heap after GC invocations=63 (full 0):
 par new generation   total 109248K, used 7892K [0x00000000d5a00000, 0x00000000dda00000, 0x00000000dda00000)
  eden space 87424K,   0% used [0x00000000d5a00000, 0x00000000d5a00000, 0x00000000daf60000)
  from space 21824K,  36% used [0x00000000dc4b0000, 0x00000000dcc652e0, 0x00000000dda00000)
  to   space 21824K,   0% used [0x00000000daf60000, 0x00000000daf60000, 0x00000000dc4b0000)
 concurrent mark-sweep generation total 393216K, used 47638K [0x00000000dda00000, 0x00000000f5a00000, 0x00000000f5a00000)
 concurrent-mark-sweep perm gen total 39104K, used 39049K [0x00000000f5a00000, 0x00000000f8030000, 0x0000000100000000)
}
2015-11-12T00:58:08.754-0600: 404.017: Total time for which application threads were stopped: 0.0674230 seconds, Stopping threads took: 0.0000620 seconds
2015-11-12T00:58:09.755-0600: 405.018: Total time for which application threads were stopped: 0.0003890 seconds, Stopping threads took: 0.0000720 seconds
2015-11-12T00:58:10.755-0600: 406.018: Total time for which application threads were stopped: 0.0003790 seconds, Stopping threads took: 0.0000410 seconds
{Heap before GC invocations=63 (full 0):
 par new generation   total 109248K, used 95316K [0x00000000d5a00000, 0x00000000dda00000, 0x00000000dda00000)
  eden space 87424K, 100% used [0x00000000d5a00000, 0x00000000daf60000, 0x00000000daf60000)
  from space 21824K,  36% used [0x00000000dc4b0000, 0x00000000dcc652e0, 0x00000000dda00000)
  to   space 21824K,   0% used [0x00000000daf60000, 0x00000000daf60000, 0x00000000dc4b0000)
 concurrent mark-sweep generation total 393216K, used 47638K [0x00000000dda00000, 0x00000000f5a00000, 0x00000000f5a00000)
 concurrent-mark-sweep perm gen total 39296K, used 39138K [0x00000000f5a00000, 0x00000000f8060000, 0x0000000100000000)
2015-11-12T00:58:11.189-0600: 406.452: [GC2015-11-12T00:58:11.189-0600: 406.452: [ParNew
Desired survivor size 20112992 bytes, new threshold 8 (max 8)
- age   1:    2008648 bytes,    2008648 total
- age   2:    1746840 bytes,    3755488 total
- age   3:    2278632 bytes,    6034120 total
- age   4:    1394056 bytes,    7428176 total
- age   5:      66352 bytes,    7494528 total
- age   6:      82840 bytes,    7577368 total
- age   7:      94896 bytes,    7672264 total
- age   8:     102552 bytes,    7774816 total
: 95316K->10354K(109248K), 0.0303320 secs] 142954K->58040K(502464K), 0.0305620 secs] [Times: user=0.05 sys=0.00, real=0.03 secs] 
Heap after GC invocations=64 (full 0):
 par new generation   total 109248K, used 10354K [0x00000000d5a00000, 0x00000000dda00000, 0x00000000dda00000)
  eden space 87424K,   0% used [0x00000000d5a00000, 0x00000000d5a00000, 0x00000000daf60000)
  from space 21824K,  47% used [0x00000000daf60000, 0x00000000db97cac8, 0x00000000dc4b0000)
  to   space 21824K,   0% used [0x00000000dc4b0000, 0x00000000dc4b0000, 0x00000000dda00000)
 concurrent mark-sweep generation total 393216K, used 47686K [0x00000000dda00000, 0x00000000f5a00000, 0x00000000f5a00000)
 concurrent-mark-sweep perm gen total 39296K, used 39138K [0x00000000f5a00000, 0x00000000f8060000, 0x0000000100000000)
}
2015-11-12T00:58:11.220-0600: 406.482: Total time for which application threads were stopped: 0.0329600 seconds, Stopping threads took: 0.0020580 seconds
2015-11-12T00:58:11.243-0600: 406.505: Total time for which application threads were stopped: 0.0020480 seconds, Stopping threads took: 0.0019390 seconds
2015-11-12T00:58:11.598-0600: 406.861: Total time for which application threads were stopped: 0.0004070 seconds, Stopping threads took: 0.0000420 seconds
2015-11-12T00:58:11.703-0600: 406.966: Total time for which application threads were stopped: 0.0001880 seconds, Stopping threads took: 0.0000420 seconds
2015-11-12T00:58:12.705-0600: 407.968: Total time for which application threads were stopped: 0.0022760 seconds, Stopping threads took: 0.0020380 seconds
2015-11-12T00:58:13.706-0600: 408.968: Total time for which application threads were stopped: 0.0004000 seconds, Stopping threads took: 0.0000390 seconds
2015-11-12T00:58:13.878-0600: 409.141: Total time for which application threads were stopped: 0.0028240 seconds, Stopping threads took: 0.0026640 seconds
2015-11-12T00:58:13.885-0600: 409.148: Total time for which application threads were stopped: 0.0001710 seconds, Stopping threads took: 0.0000450 seconds
{Heap before GC invocations=64 (full 0):
 par new generation   total 109248K, used 97778K [0x00000000d5a00000, 0x00000000dda00000, 0x00000000dda00000)
  eden space 87424K, 100% used [0x00000000d5a00000, 0x00000000daf60000, 0x00000000daf60000)
  from space 21824K,  47% used [0x00000000daf60000, 0x00000000db97cac8, 0x00000000dc4b0000)
  to   space 21824K,   0% used [0x00000000dc4b0000, 0x00000000dc4b0000, 0x00000000dda00000)
 concurrent mark-sweep generation total 393216K, used 47686K [0x00000000dda00000, 0x00000000f5a00000, 0x00000000f5a00000)
 concurrent-mark-sweep perm gen total 39296K, used 39196K [0x00000000f5a00000, 0x00000000f8060000, 0x0000000100000000)
2015-11-12T00:58:13.923-0600: 409.186: [GC2015-11-12T00:58:13.923-0600: 409.186: [ParNew
Desired survivor size 20112992 bytes, new threshold 8 (max 8)
- age   1:    3825032 bytes,    3825032 total
- age   2:     727032 bytes,    4552064 total
- age   3:    1164576 bytes,    5716640 total
- age   4:    2277432 bytes,    7994072 total
- age   5:    1394056 bytes,    9388128 total
- age   6:      66352 bytes,    9454480 total
- age   7:      82840 bytes,    9537320 total
- age   8:      94896 bytes,    9632216 total
: 97778K->10816K(109248K), 0.0503300 secs] 145464K->58604K(502464K), 0.0505590 secs] [Times: user=0.06 sys=0.00, real=0.05 secs] 
Heap after GC invocations=65 (full 0):
 par new generation   total 109248K, used 10816K [0x00000000d5a00000, 0x00000000dda00000, 0x00000000dda00000)
  eden space 87424K,   0% used [0x00000000d5a00000, 0x00000000d5a00000, 0x00000000daf60000)
  from space 21824K,  49% used [0x00000000dc4b0000, 0x00000000dcf400b0, 0x00000000dda00000)
  to   space 21824K,   0% used [0x00000000daf60000, 0x00000000daf60000, 0x00000000dc4b0000)
 concurrent mark-sweep generation total 393216K, used 47788K [0x00000000dda00000, 0x00000000f5a00000, 0x00000000f5a00000)
 concurrent-mark-sweep perm gen total 39296K, used 39196K [0x00000000f5a00000, 0x00000000f8060000, 0x0000000100000000)
}
2015-11-12T00:58:13.974-0600: 409.237: Total time for which application threads were stopped: 0.0532650 seconds, Stopping threads took: 0.0023440 seconds
2015-11-12T00:58:14.190-0600: 409.453: Total time for which application threads were stopped: 0.0001830 seconds, Stopping threads took: 0.0000410 seconds
2015-11-12T00:58:14.191-0600: 409.454: Total time for which application threads were stopped: 0.0001070 seconds, Stopping threads took: 0.0000220 seconds
2015-11-12T00:58:14.191-0600: 409.454: Total time for which application threads were stopped: 0.0000950 seconds, Stopping threads took: 0.0000280 seconds
2015-11-12T00:58:14.192-0600: 409.455: Total time for which application threads were stopped: 0.0002270 seconds, Stopping threads took: 0.0000670 seconds
2015-11-12T00:58:14.192-0600: 409.455: Total time for which application threads were stopped: 0.0003720 seconds, Stopping threads took: 0.0002330 seconds
2015-11-12T00:58:14.193-0600: 409.455: Total time for which application threads were stopped: 0.0001110 seconds, Stopping threads took: 0.0000250 seconds
2015-11-12T00:58:14.196-0600: 409.459: Total time for which application threads were stopped: 0.0001540 seconds, Stopping threads took: 0.0000350 seconds
2015-11-12T00:58:14.202-0600: 409.465: Total time for which application threads were stopped: 0.0027000 seconds, Stopping threads took: 0.0025440 seconds
2015-11-12T00:58:14.205-0600: 409.468: Total time for which application threads were stopped: 0.0002050 seconds, Stopping threads took: 0.0000550 seconds
2015-11-12T00:58:14.205-0600: 409.468: Total time for which application threads were stopped: 0.0001530 seconds, Stopping threads took: 0.0000370 seconds
2015-11-12T00:58:14.209-0600: 409.472: Total time for which application threads were stopped: 0.0005690 seconds, Stopping threads took: 0.0000410 seconds
2015-11-12T00:58:14.209-0600: 409.472: Total time for which application threads were stopped: 0.0002190 seconds, Stopping threads took: 0.0000570 seconds
2015-11-12T00:58:14.214-0600: 409.477: Total time for which application threads were stopped: 0.0001910 seconds, Stopping threads took: 0.0000370 seconds
2015-11-12T00:58:14.214-0600: 409.477: Total time for which application threads were stopped: 0.0000870 seconds, Stopping threads took: 0.0000160 seconds
2015-11-12T00:58:14.214-0600: 409.477: Total time for which application threads were stopped: 0.0000690 seconds, Stopping threads took: 0.0000120 seconds
2015-11-12T00:58:14.215-0600: 409.477: Total time for which application threads were stopped: 0.0000670 seconds, Stopping threads took: 0.0000100 seconds
2015-11-12T00:58:14.243-0600: 409.506: Total time for which application threads were stopped: 0.0001990 seconds, Stopping threads took: 0.0000500 seconds
2015-11-12T00:58:14.250-0600: 409.513: Total time for which application threads were stopped: 0.0001530 seconds, Stopping threads took: 0.0000430 seconds
2015-11-12T00:58:14.369-0600: 409.632: Total time for which application threads were stopped: 0.0080400 seconds, Stopping threads took: 0.0077900 seconds
2015-11-12T00:58:14.578-0600: 409.841: Total time for which application threads were stopped: 0.0001950 seconds, Stopping threads took: 0.0000630 seconds
2015-11-12T00:58:14.580-0600: 409.842: Total time for which application threads were stopped: 0.0004860 seconds, Stopping threads took: 0.0000710 seconds
2015-11-12T00:58:15.252-0600: 410.515: Total time for which application threads were stopped: 0.0003790 seconds, Stopping threads took: 0.0000350 seconds
2015-11-12T00:58:16.253-0600: 411.515: Total time for which application threads were stopped: 0.0004070 seconds, Stopping threads took: 0.0000460 seconds
2015-11-12T00:58:16.317-0600: 411.580: Total time for which application threads were stopped: 0.0001730 seconds, Stopping threads took: 0.0000440 seconds
2015-11-12T00:58:16.345-0600: 411.608: Total time for which application threads were stopped: 0.0064070 seconds, Stopping threads took: 0.0062860 seconds
2015-11-12T00:58:16.350-0600: 411.613: Total time for which application threads were stopped: 0.0036110 seconds, Stopping threads took: 0.0034920 seconds
2015-11-12T00:58:16.350-0600: 411.613: Total time for which application threads were stopped: 0.0001020 seconds, Stopping threads took: 0.0000280 seconds
{Heap before GC invocations=65 (full 0):
 par new generation   total 109248K, used 98240K [0x00000000d5a00000, 0x00000000dda00000, 0x00000000dda00000)
  eden space 87424K, 100% used [0x00000000d5a00000, 0x00000000daf60000, 0x00000000daf60000)
  from space 21824K,  49% used [0x00000000dc4b0000, 0x00000000dcf400b0, 0x00000000dda00000)
  to   space 21824K,   0% used [0x00000000daf60000, 0x00000000daf60000, 0x00000000dc4b0000)
 concurrent mark-sweep generation total 393216K, used 47788K [0x00000000dda00000, 0x00000000f5a00000, 0x00000000f5a00000)
 concurrent-mark-sweep perm gen total 39296K, used 39231K [0x00000000f5a00000, 0x00000000f8060000, 0x0000000100000000)
2015-11-12T00:58:16.405-0600: 411.668: [GC2015-11-12T00:58:16.405-0600: 411.668: [ParNew
Desired survivor size 20112992 bytes, new threshold 8 (max 8)
- age   1:    3398352 bytes,    3398352 total
- age   2:     747216 bytes,    4145568 total
- age   3:     505600 bytes,    4651168 total
- age   4:    1161144 bytes,    5812312 total
- age   5:    2277432 bytes,    8089744 total
- age   6:    1394056 bytes,    9483800 total
- age   7:      66352 bytes,    9550152 total
- age   8:      82840 bytes,    9632992 total
: 98240K->12204K(109248K), 0.0324200 secs] 146028K->60087K(502464K), 0.0326140 secs] [Times: user=0.03 sys=0.00, real=0.04 secs] 
Heap after GC invocations=66 (full 0):
 par new generation   total 109248K, used 12204K [0x00000000d5a00000, 0x00000000dda00000, 0x00000000dda00000)
  eden space 87424K,   0% used [0x00000000d5a00000, 0x00000000d5a00000, 0x00000000daf60000)
  from space 21824K,  55% used [0x00000000daf60000, 0x00000000dbb4b2d0, 0x00000000dc4b0000)
  to   space 21824K,   0% used [0x00000000dc4b0000, 0x00000000dc4b0000, 0x00000000dda00000)
 concurrent mark-sweep generation total 393216K, used 47882K [0x00000000dda00000, 0x00000000f5a00000, 0x00000000f5a00000)
 concurrent-mark-sweep perm gen total 39296K, used 39231K [0x00000000f5a00000, 0x00000000f8060000, 0x0000000100000000)
}
2015-11-12T00:58:16.438-0600: 411.700: Total time for which application threads were stopped: 0.0329620 seconds, Stopping threads took: 0.0000520 seconds
2015-11-12T00:58:16.476-0600: 411.739: Total time for which application threads were stopped: 0.0001650 seconds, Stopping threads took: 0.0000470 seconds
2015-11-12T00:58:16.489-0600: 411.752: Total time for which application threads were stopped: 0.0001650 seconds, Stopping threads took: 0.0000470 seconds
2015-11-12T00:58:16.494-0600: 411.757: Total time for which application threads were stopped: 0.0001930 seconds, Stopping threads took: 0.0000780 seconds
2015-11-12T00:58:16.498-0600: 411.761: Total time for which application threads were stopped: 0.0037530 seconds, Stopping threads took: 0.0036290 seconds
2015-11-12T00:58:16.502-0600: 411.765: Total time for which application threads were stopped: 0.0001730 seconds, Stopping threads took: 0.0000540 seconds
2015-11-12T00:58:16.502-0600: 411.765: Total time for which application threads were stopped: 0.0002150 seconds, Stopping threads took: 0.0001440 seconds
2015-11-12T00:58:16.507-0600: 411.770: Total time for which application threads were stopped: 0.0003410 seconds, Stopping threads took: 0.0001860 seconds
2015-11-12T00:58:16.508-0600: 411.770: Total time for which application threads were stopped: 0.0001340 seconds, Stopping threads took: 0.0000500 seconds
2015-11-12T00:58:16.520-0600: 411.783: Total time for which application threads were stopped: 0.0001730 seconds, Stopping threads took: 0.0000560 seconds
2015-11-12T00:58:16.538-0600: 411.801: Total time for which application threads were stopped: 0.0010130 seconds, Stopping threads took: 0.0008860 seconds
2015-11-12T00:58:16.538-0600: 411.801: Total time for which application threads were stopped: 0.0001050 seconds, Stopping threads took: 0.0000390 seconds
2015-11-12T00:58:16.539-0600: 411.802: Total time for which application threads were stopped: 0.0005160 seconds, Stopping threads took: 0.0000360 seconds
2015-11-12T00:58:16.539-0600: 411.802: Total time for which application threads were stopped: 0.0001120 seconds, Stopping threads took: 0.0000400 seconds
2015-11-12T00:58:16.540-0600: 411.802: Total time for which application threads were stopped: 0.0004490 seconds, Stopping threads took: 0.0000370 seconds
2015-11-12T00:58:16.915-0600: 412.178: Total time for which application threads were stopped: 0.0003320 seconds, Stopping threads took: 0.0000510 seconds
2015-11-12T00:58:16.938-0600: 412.201: Total time for which application threads were stopped: 0.0016870 seconds, Stopping threads took: 0.0015830 seconds
2015-11-12T00:58:16.940-0600: 412.203: Total time for which application threads were stopped: 0.0001220 seconds, Stopping threads took: 0.0000270 seconds
2015-11-12T00:58:16.944-0600: 412.206: Total time for which application threads were stopped: 0.0001270 seconds, Stopping threads took: 0.0000300 seconds
2015-11-12T00:58:17.054-0600: 412.317: Total time for which application threads were stopped: 0.0098840 seconds, Stopping threads took: 0.0097470 seconds
2015-11-12T00:58:17.057-0600: 412.320: Total time for which application threads were stopped: 0.0001390 seconds, Stopping threads took: 0.0000330 seconds
2015-11-12T00:58:17.057-0600: 412.320: Total time for which application threads were stopped: 0.0000740 seconds, Stopping threads took: 0.0000140 seconds
2015-11-12T00:58:17.210-0600: 412.473: Total time for which application threads were stopped: 0.0122560 seconds, Stopping threads took: 0.0120100 seconds
2015-11-12T00:58:17.211-0600: 412.473: Total time for which application threads were stopped: 0.0000920 seconds, Stopping threads took: 0.0000200 seconds
2015-11-12T00:58:17.211-0600: 412.474: Total time for which application threads were stopped: 0.0000860 seconds, Stopping threads took: 0.0000190 seconds
2015-11-12T00:58:17.211-0600: 412.474: Total time for which application threads were stopped: 0.0000820 seconds, Stopping threads took: 0.0000160 seconds
2015-11-12T00:58:17.339-0600: 412.602: Total time for which application threads were stopped: 0.0028850 seconds, Stopping threads took: 0.0027280 seconds
2015-11-12T00:58:17.422-0600: 412.685: Total time for which application threads were stopped: 0.0020880 seconds, Stopping threads took: 0.0017950 seconds
2015-11-12T00:58:17.424-0600: 412.687: Total time for which application threads were stopped: 0.0001440 seconds, Stopping threads took: 0.0000490 seconds
2015-11-12T00:58:17.426-0600: 412.689: Total time for which application threads were stopped: 0.0015670 seconds, Stopping threads took: 0.0014730 seconds
2015-11-12T00:58:17.429-0600: 412.692: Total time for which application threads were stopped: 0.0012050 seconds, Stopping threads took: 0.0010810 seconds
2015-11-12T00:58:17.438-0600: 412.700: Total time for which application threads were stopped: 0.0020810 seconds, Stopping threads took: 0.0019300 seconds
2015-11-12T00:58:18.148-0600: 413.410: Total time for which application threads were stopped: 0.0008920 seconds, Stopping threads took: 0.0000980 seconds
{Heap before GC invocations=66 (full 0):
 par new generation   total 109248K, used 99628K [0x00000000d5a00000, 0x00000000dda00000, 0x00000000dda00000)
  eden space 87424K, 100% used [0x00000000d5a00000, 0x00000000daf60000, 0x00000000daf60000)
  from space 21824K,  55% used [0x00000000daf60000, 0x00000000dbb4b2d0, 0x00000000dc4b0000)
  to   space 21824K,   0% used [0x00000000dc4b0000, 0x00000000dc4b0000, 0x00000000dda00000)
 concurrent mark-sweep generation total 393216K, used 47882K [0x00000000dda00000, 0x00000000f5a00000, 0x00000000f5a00000)
 concurrent-mark-sweep perm gen total 39488K, used 39403K [0x00000000f5a00000, 0x00000000f8090000, 0x0000000100000000)
2015-11-12T00:58:18.270-0600: 413.532: [GC2015-11-12T00:58:18.270-0600: 413.532: [ParNew
Desired survivor size 20112992 bytes, new threshold 8 (max 8)
- age   1:    3600264 bytes,    3600264 total
- age   2:     974096 bytes,    4574360 total
- age   3:     582256 bytes,    5156616 total
- age   4:     496640 bytes,    5653256 total
- age   5:    1137800 bytes,    6791056 total
- age   6:    2239864 bytes,    9030920 total
- age   7:    1386760 bytes,   10417680 total
- age   8:      66352 bytes,   10484032 total
: 99628K->12514K(109248K), 0.0200040 secs] 147511K->60479K(502464K), 0.0202590 secs] [Times: user=0.05 sys=0.00, real=0.02 secs] 
Heap after GC invocations=67 (full 0):
 par new generation   total 109248K, used 12514K [0x00000000d5a00000, 0x00000000dda00000, 0x00000000dda00000)
  eden space 87424K,   0% used [0x00000000d5a00000, 0x00000000d5a00000, 0x00000000daf60000)
  from space 21824K,  57% used [0x00000000dc4b0000, 0x00000000dd0e8850, 0x00000000dda00000)
  to   space 21824K,   0% used [0x00000000daf60000, 0x00000000daf60000, 0x00000000dc4b0000)
 concurrent mark-sweep generation total 393216K, used 47965K [0x00000000dda00000, 0x00000000f5a00000, 0x00000000f5a00000)
 concurrent-mark-sweep perm gen total 39488K, used 39403K [0x00000000f5a00000, 0x00000000f8090000, 0x0000000100000000)
}
2015-11-12T00:58:18.290-0600: 413.553: Total time for which application threads were stopped: 0.0206450 seconds, Stopping threads took: 0.0000680 seconds
2015-11-12T00:58:18.394-0600: 413.657: Total time for which application threads were stopped: 0.0002660 seconds, Stopping threads took: 0.0000410 seconds
2015-11-12T00:58:19.706-0600: 414.969: Total time for which application threads were stopped: 0.0003430 seconds, Stopping threads took: 0.0000540 seconds
2015-11-12T00:58:19.707-0600: 414.969: Total time for which application threads were stopped: 0.0000930 seconds, Stopping threads took: 0.0000250 seconds
2015-11-12T00:58:19.722-0600: 414.985: Total time for which application threads were stopped: 0.0008480 seconds, Stopping threads took: 0.0007480 seconds
2015-11-12T00:58:19.722-0600: 414.985: Total time for which application threads were stopped: 0.0000930 seconds, Stopping threads took: 0.0000400 seconds
2015-11-12T00:58:19.726-0600: 414.989: Total time for which application threads were stopped: 0.0001610 seconds, Stopping threads took: 0.0000440 seconds
2015-11-12T00:58:19.862-0600: 415.125: Total time for which application threads were stopped: 0.0074740 seconds, Stopping threads took: 0.0073550 seconds
2015-11-12T00:58:19.873-0600: 415.135: Total time for which application threads were stopped: 0.0002200 seconds, Stopping threads took: 0.0000970 seconds
2015-11-12T00:58:19.873-0600: 415.136: Total time for which application threads were stopped: 0.0001120 seconds, Stopping threads took: 0.0000390 seconds
2015-11-12T00:58:20.603-0600: 415.866: Total time for which application threads were stopped: 0.0002630 seconds, Stopping threads took: 0.0000260 seconds
2015-11-12T00:58:20.604-0600: 415.866: Total time for which application threads were stopped: 0.0000700 seconds, Stopping threads took: 0.0000230 seconds
2015-11-12T00:58:20.604-0600: 415.866: Total time for which application threads were stopped: 0.0000760 seconds, Stopping threads took: 0.0000340 seconds
2015-11-12T00:58:20.604-0600: 415.867: Total time for which application threads were stopped: 0.0002210 seconds, Stopping threads took: 0.0000330 seconds
2015-11-12T00:58:45.543-0600: 440.805: Total time for which application threads were stopped: 0.0002200 seconds, Stopping threads took: 0.0000280 seconds
2015-11-12T00:58:45.577-0600: 440.840: Total time for which application threads were stopped: 0.0001710 seconds, Stopping threads took: 0.0000390 seconds
{Heap before GC invocations=67 (full 0):
 par new generation   total 109248K, used 99938K [0x00000000d5a00000, 0x00000000dda00000, 0x00000000dda00000)
  eden space 87424K, 100% used [0x00000000d5a00000, 0x00000000daf60000, 0x00000000daf60000)
  from space 21824K,  57% used [0x00000000dc4b0000, 0x00000000dd0e8850, 0x00000000dda00000)
  to   space 21824K,   0% used [0x00000000daf60000, 0x00000000daf60000, 0x00000000dc4b0000)
 concurrent mark-sweep generation total 393216K, used 47965K [0x00000000dda00000, 0x00000000f5a00000, 0x00000000f5a00000)
 concurrent-mark-sweep perm gen total 39488K, used 39438K [0x00000000f5a00000, 0x00000000f8090000, 0x0000000100000000)
2015-11-12T00:58:45.771-0600: 441.034: [GC2015-11-12T00:58:45.771-0600: 441.034: [ParNew
Desired survivor size 20112992 bytes, new threshold 8 (max 8)
- age   1:    5028440 bytes,    5028440 total
- age   2:    2006264 bytes,    7034704 total
- age   3:     282824 bytes,    7317528 total
- age   4:      99632 bytes,    7417160 total
- age   5:      89688 bytes,    7506848 total
- age   6:     912112 bytes,    8418960 total
- age   7:    2239368 bytes,   10658328 total
- age   8:    1348776 bytes,   12007104 total
: 99938K->15871K(109248K), 0.0117690 secs] 147903K->63903K(502464K), 0.0119490 secs] [Times: user=0.02 sys=0.01, real=0.01 secs] 
Heap after GC invocations=68 (full 0):
 par new generation   total 109248K, used 15871K [0x00000000d5a00000, 0x00000000dda00000, 0x00000000dda00000)
  eden space 87424K,   0% used [0x00000000d5a00000, 0x00000000d5a00000, 0x00000000daf60000)
  from space 21824K,  72% used [0x00000000daf60000, 0x00000000dbedfc88, 0x00000000dc4b0000)
  to   space 21824K,   0% used [0x00000000dc4b0000, 0x00000000dc4b0000, 0x00000000dda00000)
 concurrent mark-sweep generation total 393216K, used 48031K [0x00000000dda00000, 0x00000000f5a00000, 0x00000000f5a00000)
 concurrent-mark-sweep perm gen total 39488K, used 39438K [0x00000000f5a00000, 0x00000000f8090000, 0x0000000100000000)
}
2015-11-12T00:58:45.783-0600: 441.046: Total time for which application threads were stopped: 0.0122230 seconds, Stopping threads took: 0.0000350 seconds
2015-11-12T00:58:45.783-0600: 441.046: Total time for which application threads were stopped: 0.0003130 seconds, Stopping threads took: 0.0000400 seconds
2015-11-12T00:58:45.971-0600: 441.234: Total time for which application threads were stopped: 0.0004820 seconds, Stopping threads took: 0.0000380 seconds
2015-11-12T00:58:46.014-0600: 441.276: Total time for which application threads were stopped: 0.0001750 seconds, Stopping threads took: 0.0000550 seconds
2015-11-12T00:58:46.014-0600: 441.277: Total time for which application threads were stopped: 0.0001890 seconds, Stopping threads took: 0.0001050 seconds
2015-11-12T00:58:46.015-0600: 441.277: Total time for which application threads were stopped: 0.0001720 seconds, Stopping threads took: 0.0001060 seconds
2015-11-12T00:58:46.015-0600: 441.278: Total time for which application threads were stopped: 0.0001480 seconds, Stopping threads took: 0.0000630 seconds
2015-11-12T00:58:46.018-0600: 441.281: Total time for which application threads were stopped: 0.0002360 seconds, Stopping threads took: 0.0000870 seconds
2015-11-12T00:58:46.604-0600: 441.867: Total time for which application threads were stopped: 0.0005890 seconds, Stopping threads took: 0.0000740 seconds
2015-11-12T00:58:49.954-0600: 445.217: Total time for which application threads were stopped: 0.0003090 seconds, Stopping threads took: 0.0000380 seconds
2015-11-12T00:58:49.973-0600: 445.236: Total time for which application threads were stopped: 0.0017800 seconds, Stopping threads took: 0.0016840 seconds
2015-11-12T00:58:49.973-0600: 445.236: Total time for which application threads were stopped: 0.0001090 seconds, Stopping threads took: 0.0000410 seconds
2015-11-12T00:58:49.975-0600: 445.238: Total time for which application threads were stopped: 0.0001600 seconds, Stopping threads took: 0.0000410 seconds
2015-11-12T00:58:49.978-0600: 445.240: Total time for which application threads were stopped: 0.0001990 seconds, Stopping threads took: 0.0000900 seconds
2015-11-12T00:58:49.989-0600: 445.252: Total time for which application threads were stopped: 0.0002330 seconds, Stopping threads took: 0.0001070 seconds
2015-11-12T00:58:49.990-0600: 445.253: Total time for which application threads were stopped: 0.0007010 seconds, Stopping threads took: 0.0006120 seconds
2015-11-12T00:58:49.997-0600: 445.260: Total time for which application threads were stopped: 0.0005910 seconds, Stopping threads took: 0.0004650 seconds
2015-11-12T00:58:50.001-0600: 445.264: Total time for which application threads were stopped: 0.0001910 seconds, Stopping threads took: 0.0000640 seconds
2015-11-12T00:58:50.007-0600: 445.270: Total time for which application threads were stopped: 0.0001930 seconds, Stopping threads took: 0.0000780 seconds
2015-11-12T00:58:50.008-0600: 445.271: Total time for which application threads were stopped: 0.0005090 seconds, Stopping threads took: 0.0000750 seconds
2015-11-12T00:58:50.019-0600: 445.281: Total time for which application threads were stopped: 0.0002590 seconds, Stopping threads took: 0.0001460 seconds
2015-11-12T00:58:50.022-0600: 445.285: Total time for which application threads were stopped: 0.0034330 seconds, Stopping threads took: 0.0033260 seconds
2015-11-12T00:58:50.025-0600: 445.287: T