OpenJDK 64-Bit Server VM (24.85-b03) for linux-amd64 JRE (1.7.0_85-b01), built on Oct 22 2015 06:46:50 by "buildd" with gcc 4.8.2
Memory: 4k page, physical 3972464k(1148900k free), swap 1048572k(1048572k free)
CommandLine flags: -XX:CMSFullGCsBeforeCompaction=1 -XX:CMSInitiatingOccupancyFraction=50 -XX:CMSMaxAbortablePrecleanTime=6000 -XX:+CMSParallelRemarkEnabled -XX:+CMSScavengeBeforeRemark -XX:CMSTriggerPermRatio=80 -XX:ConcGCThreads=4 -XX:InitialHeapSize=536870912 -XX:MaxHeapSize=536870912 -XX:MaxTenuringThreshold=8 -XX:NewRatio=3 -XX:OldPLABSize=16 -XX:ParallelGCThreads=4 -XX:+ParallelRefProcEnabled -XX:PretenureSizeThreshold=67108864 -XX:+PrintGC -XX:+PrintGCApplicationStoppedTime -XX:+PrintGCDateStamps -XX:+PrintGCDetails -XX:+PrintGCTimeStamps -XX:+PrintHeapAtGC -XX:+PrintTenuringDistribution -XX:SurvivorRatio=4 -XX:TargetSurvivorRatio=90 -XX:ThreadStackSize=256 -XX:+UseCMSInitiatingOccupancyOnly -XX:+UseCompressedOops -XX:+UseConcMarkSweepGC -XX:+UseParNewGC 
{Heap before GC invocations=0 (full 0):
 par new generation   total 109248K, used 87424K [0x00000000d5a00000, 0x00000000dda00000, 0x00000000dda00000)
  eden space 87424K, 100% used [0x00000000d5a00000, 0x00000000daf60000, 0x00000000daf60000)
  from space 21824K,   0% used [0x00000000daf60000, 0x00000000daf60000, 0x00000000dc4b0000)
  to   space 21824K,   0% used [0x00000000dc4b0000, 0x00000000dc4b0000, 0x00000000dda00000)
 concurrent mark-sweep generation total 393216K, used 0K [0x00000000dda00000, 0x00000000f5a00000, 0x00000000f5a00000)
 concurrent-mark-sweep perm gen total 21248K, used 10290K [0x00000000f5a00000, 0x00000000f6ec0000, 0x0000000100000000)
2015-11-12T00:51:32.370-0600: 1.298: [GC2015-11-12T00:51:32.371-0600: 1.298: [ParNew
Desired survivor size 20112992 bytes, new threshold 8 (max 8)
- age   1:    5372504 bytes,    5372504 total
: 87424K->5308K(109248K), 0.0152660 secs] 87424K->5308K(502464K), 0.0154950 secs] [Times: user=0.04 sys=0.00, real=0.01 secs] 
Heap after GC invocations=1 (full 0):
 par new generation   total 109248K, used 5308K [0x00000000d5a00000, 0x00000000dda00000, 0x00000000dda00000)
  eden space 87424K,   0% used [0x00000000d5a00000, 0x00000000d5a00000, 0x00000000daf60000)
  from space 21824K,  24% used [0x00000000dc4b0000, 0x00000000dc9df260, 0x00000000dda00000)
  to   space 21824K,   0% used [0x00000000daf60000, 0x00000000daf60000, 0x00000000dc4b0000)
 concurrent mark-sweep generation total 393216K, used 0K [0x00000000dda00000, 0x00000000f5a00000, 0x00000000f5a00000)
 concurrent-mark-sweep perm gen total 21248K, used 10290K [0x00000000f5a00000, 0x00000000f6ec0000, 0x0000000100000000)
}
2015-11-12T00:51:32.386-0600: 1.314: Total time for which application threads were stopped: 0.0158340 seconds, Stopping threads took: 0.0000400 seconds
2015-11-12T00:51:33.090-0600: 2.018: Total time for which application threads were stopped: 0.0001630 seconds, Stopping threads took: 0.0000180 seconds
2015-11-12T00:51:33.374-0600: 2.302: Total time for which application threads were stopped: 0.0001620 seconds, Stopping threads took: 0.0000330 seconds
2015-11-12T00:51:34.978-0600: 3.906: Total time for which application threads were stopped: 0.0002060 seconds, Stopping threads took: 0.0000330 seconds
2015-11-12T00:51:35.173-0600: 4.101: Total time for which application threads were stopped: 0.0005530 seconds, Stopping threads took: 0.0000440 seconds
2015-11-12T00:51:36.331-0600: 5.259: Total time for which application threads were stopped: 0.0002330 seconds, Stopping threads took: 0.0000460 seconds
2015-11-12T00:51:36.343-0600: 5.271: Total time for which application threads were stopped: 0.0000890 seconds, Stopping threads took: 0.0000340 seconds
2015-11-12T00:51:36.385-0600: 5.313: Total time for which application threads were stopped: 0.0000700 seconds, Stopping threads took: 0.0000300 seconds
2015-11-12T00:51:36.446-0600: 5.374: Total time for which application threads were stopped: 0.0001430 seconds, Stopping threads took: 0.0000210 seconds
2015-11-12T00:51:36.447-0600: 5.374: Total time for which application threads were stopped: 0.0000840 seconds, Stopping threads took: 0.0000450 seconds
2015-11-12T00:51:36.447-0600: 5.375: Total time for which application threads were stopped: 0.0000460 seconds, Stopping threads took: 0.0000280 seconds
2015-11-12T00:51:36.447-0600: 5.375: Total time for which application threads were stopped: 0.0000780 seconds, Stopping threads took: 0.0000390 seconds
2015-11-12T00:51:36.447-0600: 5.375: Total time for which application threads were stopped: 0.0000420 seconds, Stopping threads took: 0.0000150 seconds
2015-11-12T00:51:36.449-0600: 5.376: Total time for which application threads were stopped: 0.0000670 seconds, Stopping threads took: 0.0000200 seconds
2015-11-12T00:51:36.449-0600: 5.376: Total time for which application threads were stopped: 0.0000690 seconds, Stopping threads took: 0.0000290 seconds
2015-11-12T00:51:36.449-0600: 5.376: Total time for which application threads were stopped: 0.0000500 seconds, Stopping threads took: 0.0000120 seconds
2015-11-12T00:51:36.449-0600: 5.377: Total time for which application threads were stopped: 0.0000750 seconds, Stopping threads took: 0.0000460 seconds
2015-11-12T00:51:36.449-0600: 5.377: Total time for which application threads were stopped: 0.0000460 seconds, Stopping threads took: 0.0000210 seconds
2015-11-12T00:51:36.474-0600: 5.402: Total time for which application threads were stopped: 0.0000610 seconds, Stopping threads took: 0.0000240 seconds
2015-11-12T00:51:36.474-0600: 5.402: Total time for which application threads were stopped: 0.0000590 seconds, Stopping threads took: 0.0000220 seconds
2015-11-12T00:51:36.506-0600: 5.434: Total time for which application threads were stopped: 0.0000730 seconds, Stopping threads took: 0.0000370 seconds
2015-11-12T00:51:36.511-0600: 5.439: Total time for which application threads were stopped: 0.0001120 seconds, Stopping threads took: 0.0000540 seconds
2015-11-12T00:51:37.996-0600: 6.924: Total time for which application threads were stopped: 0.0001590 seconds, Stopping threads took: 0.0000330 seconds
2015-11-12T00:51:37.997-0600: 6.925: Total time for which application threads were stopped: 0.0000660 seconds, Stopping threads took: 0.0000240 seconds
2015-11-12T00:51:37.997-0600: 6.925: Total time for which application threads were stopped: 0.0000650 seconds, Stopping threads took: 0.0000280 seconds
2015-11-12T00:51:37.998-0600: 6.926: Total time for which application threads were stopped: 0.0000640 seconds, Stopping threads took: 0.0000230 seconds
2015-11-12T00:51:38.033-0600: 6.960: Total time for which application threads were stopped: 0.0006490 seconds, Stopping threads took: 0.0005970 seconds
2015-11-12T00:51:38.058-0600: 6.986: Total time for which application threads were stopped: 0.0002580 seconds, Stopping threads took: 0.0002140 seconds
2015-11-12T00:51:38.093-0600: 7.021: Total time for which application threads were stopped: 0.0004440 seconds, Stopping threads took: 0.0001840 seconds
2015-11-12T00:51:39.410-0600: 8.338: Total time for which application threads were stopped: 0.0003160 seconds, Stopping threads took: 0.0000760 seconds
2015-11-12T00:51:39.439-0600: 8.367: Total time for which application threads were stopped: 0.0002490 seconds, Stopping threads took: 0.0001620 seconds
2015-11-12T00:51:39.562-0600: 8.490: Total time for which application threads were stopped: 0.0001080 seconds, Stopping threads took: 0.0000470 seconds
{Heap before GC invocations=1 (full 0):
 par new generation   total 109248K, used 92735K [0x00000000d5a00000, 0x00000000dda00000, 0x00000000dda00000)
  eden space 87424K, 100% used [0x00000000d5a00000, 0x00000000daf60000, 0x00000000daf60000)
  from space 21824K,  24% used [0x00000000dc4b0000, 0x00000000dc9dfe70, 0x00000000dda00000)
  to   space 21824K,   0% used [0x00000000daf60000, 0x00000000daf60000, 0x00000000dc4b0000)
 concurrent mark-sweep generation total 393216K, used 0K [0x00000000dda00000, 0x00000000f5a00000, 0x00000000f5a00000)
 concurrent-mark-sweep perm gen total 21824K, used 21729K [0x00000000f5a00000, 0x00000000f6f50000, 0x0000000100000000)
2015-11-12T00:51:39.562-0600: 8.490: [GC2015-11-12T00:51:39.562-0600: 8.490: [ParNew
Desired survivor size 20112992 bytes, new threshold 8 (max 8)
- age   1:   11630672 bytes,   11630672 total
- age   2:    2142096 bytes,   13772768 total
: 92735K->14589K(109248K), 0.0418640 secs] 92735K->14589K(502464K), 0.0420840 secs] [Times: user=0.06 sys=0.00, real=0.04 secs] 
Heap after GC invocations=2 (full 0):
 par new generation   total 109248K, used 14589K [0x00000000d5a00000, 0x00000000dda00000, 0x00000000dda00000)
  eden space 87424K,   0% used [0x00000000d5a00000, 0x00000000d5a00000, 0x00000000daf60000)
  from space 21824K,  66% used [0x00000000daf60000, 0x00000000dbd9f658, 0x00000000dc4b0000)
  to   space 21824K,   0% used [0x00000000dc4b0000, 0x00000000dc4b0000, 0x00000000dda00000)
 concurrent mark-sweep generation total 393216K, used 0K [0x00000000dda00000, 0x00000000f5a00000, 0x00000000f5a00000)
 concurrent-mark-sweep perm gen total 21824K, used 21729K [0x00000000f5a00000, 0x00000000f6f50000, 0x0000000100000000)
}
2015-11-12T00:51:39.604-0600: 8.532: Total time for which application threads were stopped: 0.0423110 seconds, Stopping threads took: 0.0000290 seconds
2015-11-12T00:51:39.621-0600: 8.549: Total time for which application threads were stopped: 0.0002280 seconds, Stopping threads took: 0.0001800 seconds
2015-11-12T00:51:39.631-0600: 8.559: Total time for which application threads were stopped: 0.0077600 seconds, Stopping threads took: 0.0076990 seconds
2015-11-12T00:51:39.641-0600: 8.569: Total time for which application threads were stopped: 0.0027170 seconds, Stopping threads took: 0.0026620 seconds
2015-11-12T00:51:39.641-0600: 8.569: Total time for which application threads were stopped: 0.0000690 seconds, Stopping threads took: 0.0000270 seconds
2015-11-12T00:51:39.641-0600: 8.569: Total time for which application threads were stopped: 0.0000430 seconds, Stopping threads took: 0.0000150 seconds
2015-11-12T00:51:39.642-0600: 8.570: Total time for which application threads were stopped: 0.0000540 seconds, Stopping threads took: 0.0000210 seconds
2015-11-12T00:51:39.642-0600: 8.570: Total time for which application threads were stopped: 0.0000310 seconds, Stopping threads took: 0.0000110 seconds
2015-11-12T00:51:39.642-0600: 8.570: Total time for which application threads were stopped: 0.0000270 seconds, Stopping threads took: 0.0000090 seconds
2015-11-12T00:51:39.642-0600: 8.570: Total time for which application threads were stopped: 0.0000280 seconds, Stopping threads took: 0.0000100 seconds
2015-11-12T00:51:39.642-0600: 8.570: Total time for which application threads were stopped: 0.0000280 seconds, Stopping threads took: 0.0000100 seconds
2015-11-12T00:51:39.642-0600: 8.570: Total time for which application threads were stopped: 0.0000320 seconds, Stopping threads took: 0.0000110 seconds
2015-11-12T00:51:39.642-0600: 8.570: Total time for which application threads were stopped: 0.0000290 seconds, Stopping threads took: 0.0000100 seconds
2015-11-12T00:51:39.642-0600: 8.570: Total time for which application threads were stopped: 0.0000300 seconds, Stopping threads took: 0.0000100 seconds
2015-11-12T00:51:39.642-0600: 8.570: Total time for which application threads were stopped: 0.0000260 seconds, Stopping threads took: 0.0000090 seconds
2015-11-12T00:51:39.642-0600: 8.570: Total time for which application threads were stopped: 0.0000250 seconds, Stopping threads took: 0.0000080 seconds
2015-11-12T00:51:39.645-0600: 8.573: Total time for which application threads were stopped: 0.0000620 seconds, Stopping threads took: 0.0000230 seconds
2015-11-12T00:51:39.652-0600: 8.579: Total time for which application threads were stopped: 0.0002060 seconds, Stopping threads took: 0.0000540 seconds
2015-11-12T00:51:39.652-0600: 8.580: Total time for which application threads were stopped: 0.0000490 seconds, Stopping threads took: 0.0000200 seconds
2015-11-12T00:51:39.657-0600: 8.585: Total time for which application threads were stopped: 0.0029840 seconds, Stopping threads took: 0.0029340 seconds
2015-11-12T00:51:39.657-0600: 8.585: Total time for which application threads were stopped: 0.0002570 seconds, Stopping threads took: 0.0000220 seconds
2015-11-12T00:51:39.658-0600: 8.586: Total time for which application threads were stopped: 0.0000980 seconds, Stopping threads took: 0.0000180 seconds
2015-11-12T00:51:39.659-0600: 8.586: Total time for which application threads were stopped: 0.0000790 seconds, Stopping threads took: 0.0000130 seconds
2015-11-12T00:51:39.659-0600: 8.587: Total time for which application threads were stopped: 0.0000480 seconds, Stopping threads took: 0.0000150 seconds
2015-11-12T00:51:39.659-0600: 8.587: Total time for which application threads were stopped: 0.0000400 seconds, Stopping threads took: 0.0000130 seconds
2015-11-12T00:51:40.315-0600: 9.243: Total time for which application threads were stopped: 0.0004250 seconds, Stopping threads took: 0.0000560 seconds
2015-11-12T00:51:40.328-0600: 9.255: Total time for which application threads were stopped: 0.0001420 seconds, Stopping threads took: 0.0000600 seconds
2015-11-12T00:51:40.329-0600: 9.256: Total time for which application threads were stopped: 0.0000960 seconds, Stopping threads took: 0.0000270 seconds
2015-11-12T00:51:40.329-0600: 9.257: Total time for which application threads were stopped: 0.0000780 seconds, Stopping threads took: 0.0000200 seconds
2015-11-12T00:51:40.329-0600: 9.257: Total time for which application threads were stopped: 0.0000680 seconds, Stopping threads took: 0.0000160 seconds
2015-11-12T00:51:40.330-0600: 9.257: Total time for which application threads were stopped: 0.0000840 seconds, Stopping threads took: 0.0000230 seconds
2015-11-12T00:51:40.330-0600: 9.258: Total time for which application threads were stopped: 0.0000780 seconds, Stopping threads took: 0.0000200 seconds
2015-11-12T00:51:40.330-0600: 9.258: Total time for which application threads were stopped: 0.0000820 seconds, Stopping threads took: 0.0000170 seconds
2015-11-12T00:51:40.331-0600: 9.259: Total time for which application threads were stopped: 0.0001080 seconds, Stopping threads took: 0.0000440 seconds
2015-11-12T00:51:40.331-0600: 9.259: Total time for which application threads were stopped: 0.0000910 seconds, Stopping threads took: 0.0000330 seconds
2015-11-12T00:51:40.331-0600: 9.259: Total time for which application threads were stopped: 0.0000800 seconds, Stopping threads took: 0.0000290 seconds
2015-11-12T00:51:40.332-0600: 9.260: Total time for which application threads were stopped: 0.0000950 seconds, Stopping threads took: 0.0000350 seconds
2015-11-12T00:51:40.332-0600: 9.260: Total time for which application threads were stopped: 0.0000820 seconds, Stopping threads took: 0.0000290 seconds
2015-11-12T00:51:40.335-0600: 9.262: Total time for which application threads were stopped: 0.0001350 seconds, Stopping threads took: 0.0000530 seconds
2015-11-12T00:51:40.338-0600: 9.266: Total time for which application threads were stopped: 0.0001500 seconds, Stopping threads took: 0.0000650 seconds
2015-11-12T00:51:40.339-0600: 9.266: Total time for which application threads were stopped: 0.0001000 seconds, Stopping threads took: 0.0000330 seconds
2015-11-12T00:51:40.339-0600: 9.267: Total time for which application threads were stopped: 0.0001070 seconds, Stopping threads took: 0.0000400 seconds
2015-11-12T00:51:40.340-0600: 9.267: Total time for which application threads were stopped: 0.0001010 seconds, Stopping threads took: 0.0000360 seconds
2015-11-12T00:51:40.340-0600: 9.268: Total time for which application threads were stopped: 0.0000960 seconds, Stopping threads took: 0.0000350 seconds
2015-11-12T00:51:40.341-0600: 9.268: Total time for which application threads were stopped: 0.0001070 seconds, Stopping threads took: 0.0000380 seconds
2015-11-12T00:51:40.341-0600: 9.269: Total time for which application threads were stopped: 0.0001020 seconds, Stopping threads took: 0.0000350 seconds
2015-11-12T00:51:40.341-0600: 9.269: Total time for which application threads were stopped: 0.0002340 seconds, Stopping threads took: 0.0000310 seconds
2015-11-12T00:51:40.436-0600: 9.364: Total time for which application threads were stopped: 0.0013810 seconds, Stopping threads took: 0.0012000 seconds
2015-11-12T00:51:41.048-0600: 9.976: Total time for which application threads were stopped: 0.0002430 seconds, Stopping threads took: 0.0000300 seconds
2015-11-12T00:51:41.059-0600: 9.987: Total time for which application threads were stopped: 0.0001600 seconds, Stopping threads took: 0.0000680 seconds
2015-11-12T00:51:41.706-0600: 10.634: Total time for which application threads were stopped: 0.0003470 seconds, Stopping threads took: 0.0000650 seconds
2015-11-12T00:51:41.707-0600: 10.635: Total time for which application threads were stopped: 0.0001420 seconds, Stopping threads took: 0.0000580 seconds
2015-11-12T00:51:41.712-0600: 10.640: Total time for which application threads were stopped: 0.0001730 seconds, Stopping threads took: 0.0000560 seconds
2015-11-12T00:51:41.748-0600: 10.675: Total time for which application threads were stopped: 0.0216000 seconds, Stopping threads took: 0.0214480 seconds
{Heap before GC invocations=2 (full 0):
 par new generation   total 109248K, used 102013K [0x00000000d5a00000, 0x00000000dda00000, 0x00000000dda00000)
  eden space 87424K, 100% used [0x00000000d5a00000, 0x00000000daf60000, 0x00000000daf60000)
  from space 21824K,  66% used [0x00000000daf60000, 0x00000000dbd9f658, 0x00000000dc4b0000)
  to   space 21824K,   0% used [0x00000000dc4b0000, 0x00000000dc4b0000, 0x00000000dda00000)
 concurrent mark-sweep generation total 393216K, used 0K [0x00000000dda00000, 0x00000000f5a00000, 0x00000000f5a00000)
 concurrent-mark-sweep perm gen total 22784K, used 22631K [0x00000000f5a00000, 0x00000000f7040000, 0x0000000100000000)
2015-11-12T00:51:41.753-0600: 10.681: [GC2015-11-12T00:51:41.753-0600: 10.681: [ParNew
Desired survivor size 20112992 bytes, new threshold 8 (max 8)
- age   1:    3298912 bytes,    3298912 total
- age   2:    4395544 bytes,    7694456 total
- age   3:    2134440 bytes,    9828896 total
: 102013K->13682K(109248K), 0.0849600 secs] 102013K->13682K(502464K), 0.0851570 secs] [Times: user=0.10 sys=0.00, real=0.09 secs] 
Heap after GC invocations=3 (full 0):
 par new generation   total 109248K, used 13682K [0x00000000d5a00000, 0x00000000dda00000, 0x00000000dda00000)
  eden space 87424K,   0% used [0x00000000d5a00000, 0x00000000d5a00000, 0x00000000daf60000)
  from space 21824K,  62% used [0x00000000dc4b0000, 0x00000000dd20c898, 0x00000000dda00000)
  to   space 21824K,   0% used [0x00000000daf60000, 0x00000000daf60000, 0x00000000dc4b0000)
 concurrent mark-sweep generation total 393216K, used 0K [0x00000000dda00000, 0x00000000f5a00000, 0x00000000f5a00000)
 concurrent-mark-sweep perm gen total 22784K, used 22631K [0x00000000f5a00000, 0x00000000f7040000, 0x0000000100000000)
}
2015-11-12T00:51:41.839-0600: 10.766: Total time for which application threads were stopped: 0.0854280 seconds, Stopping threads took: 0.0000330 seconds
2015-11-12T00:51:41.849-0600: 10.777: Total time for which application threads were stopped: 0.0000930 seconds, Stopping threads took: 0.0000370 seconds
2015-11-12T00:51:41.849-0600: 10.777: Total time for which application threads were stopped: 0.0000500 seconds, Stopping threads took: 0.0000180 seconds
2015-11-12T00:51:41.849-0600: 10.777: Total time for which application threads were stopped: 0.0000410 seconds, Stopping threads took: 0.0000130 seconds
2015-11-12T00:51:41.850-0600: 10.777: Total time for which application threads were stopped: 0.0000390 seconds, Stopping threads took: 0.0000120 seconds
2015-11-12T00:51:41.850-0600: 10.777: Total time for which application threads were stopped: 0.0000340 seconds, Stopping threads took: 0.0000110 seconds
2015-11-12T00:51:41.850-0600: 10.777: Total time for which application threads were stopped: 0.0000330 seconds, Stopping threads took: 0.0000100 seconds
2015-11-12T00:51:41.850-0600: 10.778: Total time for which application threads were stopped: 0.0000410 seconds, Stopping threads took: 0.0000140 seconds
2015-11-12T00:51:41.850-0600: 10.778: Total time for which application threads were stopped: 0.0000340 seconds, Stopping threads took: 0.0000110 seconds
2015-11-12T00:51:41.850-0600: 10.778: Total time for which application threads were stopped: 0.0000320 seconds, Stopping threads took: 0.0000110 seconds
2015-11-12T00:51:41.850-0600: 10.778: Total time for which application threads were stopped: 0.0000290 seconds, Stopping threads took: 0.0000100 seconds
2015-11-12T00:51:41.850-0600: 10.778: Total time for which application threads were stopped: 0.0000300 seconds, Stopping threads took: 0.0000090 seconds
2015-11-12T00:51:41.850-0600: 10.778: Total time for which application threads were stopped: 0.0000320 seconds, Stopping threads took: 0.0000110 seconds
2015-11-12T00:51:41.850-0600: 10.778: Total time for which application threads were stopped: 0.0000390 seconds, Stopping threads took: 0.0000160 seconds
2015-11-12T00:51:41.850-0600: 10.778: Total time for which application threads were stopped: 0.0000350 seconds, Stopping threads took: 0.0000110 seconds
2015-11-12T00:51:41.850-0600: 10.778: Total time for which application threads were stopped: 0.0000340 seconds, Stopping threads took: 0.0000110 seconds
2015-11-12T00:51:41.850-0600: 10.778: Total time for which application threads were stopped: 0.0000310 seconds, Stopping threads took: 0.0000100 seconds
2015-11-12T00:51:41.850-0600: 10.778: Total time for which application threads were stopped: 0.0000310 seconds, Stopping threads took: 0.0000090 seconds
2015-11-12T00:51:41.850-0600: 10.778: Total time for which application threads were stopped: 0.0000310 seconds, Stopping threads took: 0.0000110 seconds
2015-11-12T00:51:41.851-0600: 10.778: Total time for which application threads were stopped: 0.0000320 seconds, Stopping threads took: 0.0000100 seconds
2015-11-12T00:51:41.851-0600: 10.779: Total time for which application threads were stopped: 0.0002570 seconds, Stopping threads took: 0.0000140 seconds
2015-11-12T00:51:41.852-0600: 10.780: Total time for which application threads were stopped: 0.0001410 seconds, Stopping threads took: 0.0000320 seconds
2015-11-12T00:51:41.853-0600: 10.780: Total time for which application threads were stopped: 0.0000890 seconds, Stopping threads took: 0.0000160 seconds
2015-11-12T00:51:41.880-0600: 10.807: Total time for which application threads were stopped: 0.0001600 seconds, Stopping threads took: 0.0000510 seconds
2015-11-12T00:51:41.959-0600: 10.886: Total time for which application threads were stopped: 0.0004020 seconds, Stopping threads took: 0.0003010 seconds
2015-11-12T00:51:42.115-0600: 11.042: Total time for which application threads were stopped: 0.0001330 seconds, Stopping threads took: 0.0000550 seconds
2015-11-12T00:51:42.139-0600: 11.067: Total time for which application threads were stopped: 0.0187440 seconds, Stopping threads took: 0.0186540 seconds
2015-11-12T00:51:42.149-0600: 11.076: Total time for which application threads were stopped: 0.0001000 seconds, Stopping threads took: 0.0000280 seconds
2015-11-12T00:51:42.178-0600: 11.105: Total time for which application threads were stopped: 0.0015740 seconds, Stopping threads took: 0.0014780 seconds
2015-11-12T00:51:42.181-0600: 11.109: Total time for which application threads were stopped: 0.0009400 seconds, Stopping threads took: 0.0008340 seconds
2015-11-12T00:51:42.201-0600: 11.128: Total time for which application threads were stopped: 0.0025940 seconds, Stopping threads took: 0.0024850 seconds
2015-11-12T00:51:42.210-0600: 11.138: Total time for which application threads were stopped: 0.0068730 seconds, Stopping threads took: 0.0066860 seconds
2015-11-12T00:51:42.217-0600: 11.145: Total time for which application threads were stopped: 0.0001600 seconds, Stopping threads took: 0.0000610 seconds
2015-11-12T00:51:42.227-0600: 11.155: Total time for which application threads were stopped: 0.0001490 seconds, Stopping threads took: 0.0000640 seconds
2015-11-12T00:51:42.246-0600: 11.174: Total time for which application threads were stopped: 0.0056630 seconds, Stopping threads took: 0.0055540 seconds
2015-11-12T00:51:42.253-0600: 11.180: Total time for which application threads were stopped: 0.0001250 seconds, Stopping threads took: 0.0000470 seconds
2015-11-12T00:51:42.268-0600: 11.196: Total time for which application threads were stopped: 0.0001670 seconds, Stopping threads took: 0.0000580 seconds
2015-11-12T00:51:42.300-0600: 11.228: Total time for which application threads were stopped: 0.0121870 seconds, Stopping threads took: 0.0119170 seconds
{Heap before GC invocations=3 (full 0):
 par new generation   total 109248K, used 101106K [0x00000000d5a00000, 0x00000000dda00000, 0x00000000dda00000)
  eden space 87424K, 100% used [0x00000000d5a00000, 0x00000000daf60000, 0x00000000daf60000)
  from space 21824K,  62% used [0x00000000dc4b0000, 0x00000000dd20c898, 0x00000000dda00000)
  to   space 21824K,   0% used [0x00000000daf60000, 0x00000000daf60000, 0x00000000dc4b0000)
 concurrent mark-sweep generation total 393216K, used 0K [0x00000000dda00000, 0x00000000f5a00000, 0x00000000f5a00000)
 concurrent-mark-sweep perm gen total 22976K, used 22905K [0x00000000f5a00000, 0x00000000f7070000, 0x0000000100000000)
2015-11-12T00:51:42.564-0600: 11.492: [GC2015-11-12T00:51:42.564-0600: 11.492: [ParNew
Desired survivor size 20112992 bytes, new threshold 8 (max 8)
- age   1:     476840 bytes,     476840 total
- age   2:    2034408 bytes,    2511248 total
- age   3:    4376904 bytes,    6888152 total
- age   4:    2134440 bytes,    9022592 total
: 101106K->12671K(109248K), 0.0730410 secs] 101106K->12671K(502464K), 0.0732530 secs] [Times: user=0.09 sys=0.00, real=0.08 secs] 
Heap after GC invocations=4 (full 0):
 par new generation   total 109248K, used 12671K [0x00000000d5a00000, 0x00000000dda00000, 0x00000000dda00000)
  eden space 87424K,   0% used [0x00000000d5a00000, 0x00000000d5a00000, 0x00000000daf60000)
  from space 21824K,  58% used [0x00000000daf60000, 0x00000000dbbbff00, 0x00000000dc4b0000)
  to   space 21824K,   0% used [0x00000000dc4b0000, 0x00000000dc4b0000, 0x00000000dda00000)
 concurrent mark-sweep generation total 393216K, used 0K [0x00000000dda00000, 0x00000000f5a00000, 0x00000000f5a00000)
 concurrent-mark-sweep perm gen total 22976K, used 22905K [0x00000000f5a00000, 0x00000000f7070000, 0x0000000100000000)
}
2015-11-12T00:51:42.637-0600: 11.565: Total time for which application threads were stopped: 0.0735480 seconds, Stopping threads took: 0.0000360 seconds
2015-11-12T00:51:42.646-0600: 11.573: Total time for which application threads were stopped: 0.0025260 seconds, Stopping threads took: 0.0024260 seconds
2015-11-12T00:51:42.646-0600: 11.574: Total time for which application threads were stopped: 0.0000890 seconds, Stopping threads took: 0.0000250 seconds
2015-11-12T00:51:43.280-0600: 12.208: Total time for which application threads were stopped: 0.0002800 seconds, Stopping threads took: 0.0001300 seconds
2015-11-12T00:51:43.324-0600: 12.251: Total time for which application threads were stopped: 0.0001100 seconds, Stopping threads took: 0.0000290 seconds
2015-11-12T00:51:43.324-0600: 12.251: Total time for which application threads were stopped: 0.0000800 seconds, Stopping threads took: 0.0000270 seconds
2015-11-12T00:51:43.324-0600: 12.252: Total time for which application threads were stopped: 0.0000770 seconds, Stopping threads took: 0.0000270 seconds
2015-11-12T00:51:43.442-0600: 12.369: Total time for which application threads were stopped: 0.0139250 seconds, Stopping threads took: 0.0138270 seconds
{Heap before GC invocations=4 (full 0):
 par new generation   total 109248K, used 100095K [0x00000000d5a00000, 0x00000000dda00000, 0x00000000dda00000)
  eden space 87424K, 100% used [0x00000000d5a00000, 0x00000000daf60000, 0x00000000daf60000)
  from space 21824K,  58% used [0x00000000daf60000, 0x00000000dbbbff00, 0x00000000dc4b0000)
  to   space 21824K,   0% used [0x00000000dc4b0000, 0x00000000dc4b0000, 0x00000000dda00000)
 concurrent mark-sweep generation total 393216K, used 0K [0x00000000dda00000, 0x00000000f5a00000, 0x00000000f5a00000)
 concurrent-mark-sweep perm gen total 23744K, used 23669K [0x00000000f5a00000, 0x00000000f7130000, 0x0000000100000000)
2015-11-12T00:51:43.502-0600: 12.430: [GC2015-11-12T00:51:43.502-0600: 12.430: [ParNew
Desired survivor size 20112992 bytes, new threshold 8 (max 8)
- age   1:    1509432 bytes,    1509432 total
- age   2:      65424 bytes,    1574856 total
- age   3:    2014288 bytes,    3589144 total
- age   4:    4371600 bytes,    7960744 total
- age   5:    2134440 bytes,   10095184 total
: 100095K->10998K(109248K), 0.0812740 secs] 100095K->10998K(502464K), 0.0814570 secs] [Times: user=0.07 sys=0.00, real=0.08 secs] 
Heap after GC invocations=5 (full 0):
 par new generation   total 109248K, used 10998K [0x00000000d5a00000, 0x00000000dda00000, 0x00000000dda00000)
  eden space 87424K,   0% used [0x00000000d5a00000, 0x00000000d5a00000, 0x00000000daf60000)
  from space 21824K,  50% used [0x00000000dc4b0000, 0x00000000dcf6d920, 0x00000000dda00000)
  to   space 21824K,   0% used [0x00000000daf60000, 0x00000000daf60000, 0x00000000dc4b0000)
 concurrent mark-sweep generation total 393216K, used 0K [0x00000000dda00000, 0x00000000f5a00000, 0x00000000f5a00000)
 concurrent-mark-sweep perm gen total 23744K, used 23669K [0x00000000f5a00000, 0x00000000f7130000, 0x0000000100000000)
}
2015-11-12T00:51:43.584-0600: 12.512: Total time for which application threads were stopped: 0.0817930 seconds, Stopping threads took: 0.0000840 seconds
{Heap before GC invocations=5 (full 0):
 par new generation   total 109248K, used 98422K [0x00000000d5a00000, 0x00000000dda00000, 0x00000000dda00000)
  eden space 87424K, 100% used [0x00000000d5a00000, 0x00000000daf60000, 0x00000000daf60000)
  from space 21824K,  50% used [0x00000000dc4b0000, 0x00000000dcf6d920, 0x00000000dda00000)
  to   space 21824K,   0% used [0x00000000daf60000, 0x00000000daf60000, 0x00000000dc4b0000)
 concurrent mark-sweep generation total 393216K, used 0K [0x00000000dda00000, 0x00000000f5a00000, 0x00000000f5a00000)
 concurrent-mark-sweep perm gen total 23744K, used 23730K [0x00000000f5a00000, 0x00000000f7130000, 0x0000000100000000)
2015-11-12T00:51:43.923-0600: 12.851: [GC2015-11-12T00:51:43.923-0600: 12.851: [ParNew
Desired survivor size 20112992 bytes, new threshold 8 (max 8)
- age   1:     587600 bytes,     587600 total
- age   2:     157344 bytes,     744944 total
- age   3:      64704 bytes,     809648 total
- age   4:    2014288 bytes,    2823936 total
- age   5:    4371600 bytes,    7195536 total
- age   6:    2134440 bytes,    9329976 total
: 98422K->12924K(109248K), 0.0533450 secs] 98422K->12924K(502464K), 0.0535370 secs] [Times: user=0.07 sys=0.00, real=0.06 secs] 
Heap after GC invocations=6 (full 0):
 par new generation   total 109248K, used 12924K [0x00000000d5a00000, 0x00000000dda00000, 0x00000000dda00000)
  eden space 87424K,   0% used [0x00000000d5a00000, 0x00000000d5a00000, 0x00000000daf60000)
  from space 21824K,  59% used [0x00000000daf60000, 0x00000000dbbff000, 0x00000000dc4b0000)
  to   space 21824K,   0% used [0x00000000dc4b0000, 0x00000000dc4b0000, 0x00000000dda00000)
 concurrent mark-sweep generation total 393216K, used 0K [0x00000000dda00000, 0x00000000f5a00000, 0x00000000f5a00000)
 concurrent-mark-sweep perm gen total 23744K, used 23730K [0x00000000f5a00000, 0x00000000f7130000, 0x0000000100000000)
}
2015-11-12T00:51:43.977-0600: 12.904: Total time for which application threads were stopped: 0.0624130 seconds, Stopping threads took: 0.0084760 seconds
2015-11-12T00:51:44.788-0600: 13.716: Total time for which application threads were stopped: 0.0004640 seconds, Stopping threads took: 0.0002780 seconds
2015-11-12T00:51:44.791-0600: 13.719: Total time for which application threads were stopped: 0.0007040 seconds, Stopping threads took: 0.0006060 seconds
2015-11-12T00:51:44.824-0600: 13.752: Total time for which application threads were stopped: 0.0001280 seconds, Stopping threads took: 0.0000350 seconds
2015-11-12T00:51:44.829-0600: 13.756: Total time for which application threads were stopped: 0.0001130 seconds, Stopping threads took: 0.0000350 seconds
2015-11-12T00:51:44.852-0600: 13.780: Total time for which application threads were stopped: 0.0002510 seconds, Stopping threads took: 0.0001190 seconds
2015-11-12T00:51:44.855-0600: 13.782: Total time for which application threads were stopped: 0.0001070 seconds, Stopping threads took: 0.0000290 seconds
2015-11-12T00:51:44.861-0600: 13.789: Total time for which application threads were stopped: 0.0006640 seconds, Stopping threads took: 0.0005760 seconds
2015-11-12T00:51:44.894-0600: 13.822: Total time for which application threads were stopped: 0.0001270 seconds, Stopping threads took: 0.0000350 seconds
2015-11-12T00:51:44.912-0600: 13.840: Total time for which application threads were stopped: 0.0002090 seconds, Stopping threads took: 0.0001270 seconds
2015-11-12T00:51:44.921-0600: 13.849: Total time for which application threads were stopped: 0.0008280 seconds, Stopping threads took: 0.0007260 seconds
2015-11-12T00:51:44.947-0600: 13.874: Total time for which application threads were stopped: 0.0040500 seconds, Stopping threads took: 0.0039770 seconds
2015-11-12T00:51:44.958-0600: 13.885: Total time for which application threads were stopped: 0.0001380 seconds, Stopping threads took: 0.0000490 seconds
2015-11-12T00:51:44.995-0600: 13.923: Total time for which application threads were stopped: 0.0001280 seconds, Stopping threads took: 0.0000420 seconds
2015-11-12T00:51:45.047-0600: 13.974: Total time for which application threads were stopped: 0.0114820 seconds, Stopping threads took: 0.0109620 seconds
{Heap before GC invocations=6 (full 0):
 par new generation   total 109248K, used 100348K [0x00000000d5a00000, 0x00000000dda00000, 0x00000000dda00000)
  eden space 87424K, 100% used [0x00000000d5a00000, 0x00000000daf60000, 0x00000000daf60000)
  from space 21824K,  59% used [0x00000000daf60000, 0x00000000dbbff000, 0x00000000dc4b0000)
  to   space 21824K,   0% used [0x00000000dc4b0000, 0x00000000dc4b0000, 0x00000000dda00000)
 concurrent mark-sweep generation total 393216K, used 0K [0x00000000dda00000, 0x00000000f5a00000, 0x00000000f5a00000)
 concurrent-mark-sweep perm gen total 25472K, used 25393K [0x00000000f5a00000, 0x00000000f72e0000, 0x0000000100000000)
2015-11-12T00:51:45.148-0600: 14.076: [GC2015-11-12T00:51:45.149-0600: 14.076: [ParNew
Desired survivor size 20112992 bytes, new threshold 8 (max 8)
- age   1:    1299272 bytes,    1299272 total
- age   2:      89312 bytes,    1388584 total
- age   3:     156472 bytes,    1545056 total
- age   4:      63424 bytes,    1608480 total
- age   5:    2013600 bytes,    3622080 total
- age   6:    4371600 bytes,    7993680 total
- age   7:    2134440 bytes,   10128120 total
: 100348K->12534K(109248K), 0.1041400 secs] 100348K->12534K(502464K), 0.1043590 secs] [Times: user=0.10 sys=0.00, real=0.10 secs] 
Heap after GC invocations=7 (full 0):
 par new generation   total 109248K, used 12534K [0x00000000d5a00000, 0x00000000dda00000, 0x00000000dda00000)
  eden space 87424K,   0% used [0x00000000d5a00000, 0x00000000d5a00000, 0x00000000daf60000)
  from space 21824K,  57% used [0x00000000dc4b0000, 0x00000000dd0ed878, 0x00000000dda00000)
  to   space 21824K,   0% used [0x00000000daf60000, 0x00000000daf60000, 0x00000000dc4b0000)
 concurrent mark-sweep generation total 393216K, used 0K [0x00000000dda00000, 0x00000000f5a00000, 0x00000000f5a00000)
 concurrent-mark-sweep perm gen total 25472K, used 25393K [0x00000000f5a00000, 0x00000000f72e0000, 0x0000000100000000)
}
2015-11-12T00:51:45.253-0600: 14.181: Total time for which application threads were stopped: 0.1046380 seconds, Stopping threads took: 0.0000470 seconds
2015-11-12T00:51:45.482-0600: 14.410: Total time for which application threads were stopped: 0.0035740 seconds, Stopping threads took: 0.0033750 seconds
2015-11-12T00:51:45.554-0600: 14.482: Total time for which application threads were stopped: 0.0002110 seconds, Stopping threads took: 0.0000760 seconds
2015-11-12T00:51:45.661-0600: 14.588: Total time for which application threads were stopped: 0.0001970 seconds, Stopping threads took: 0.0000550 seconds
2015-11-12T00:51:45.672-0600: 14.599: Total time for which application threads were stopped: 0.0001380 seconds, Stopping threads took: 0.0000500 seconds
2015-11-12T00:51:45.724-0600: 14.652: Total time for which application threads were stopped: 0.0088260 seconds, Stopping threads took: 0.0087330 seconds
2015-11-12T00:51:45.786-0600: 14.713: Total time for which application threads were stopped: 0.0001450 seconds, Stopping threads took: 0.0000590 seconds
2015-11-12T00:51:45.829-0600: 14.756: Total time for which application threads were stopped: 0.0028510 seconds, Stopping threads took: 0.0027630 seconds
2015-11-12T00:51:45.847-0600: 14.775: Total time for which application threads were stopped: 0.0002780 seconds, Stopping threads took: 0.0000550 seconds
2015-11-12T00:51:45.894-0600: 14.822: Total time for which application threads were stopped: 0.0001560 seconds, Stopping threads took: 0.0000630 seconds
2015-11-12T00:51:45.911-0600: 14.839: Total time for which application threads were stopped: 0.0002140 seconds, Stopping threads took: 0.0001270 seconds
2015-11-12T00:51:46.154-0600: 15.082: Total time for which application threads were stopped: 0.0127970 seconds, Stopping threads took: 0.0125610 seconds
2015-11-12T00:51:46.278-0600: 15.206: Total time for which application threads were stopped: 0.0001450 seconds, Stopping threads took: 0.0000530 seconds
2015-11-12T00:51:46.486-0600: 15.414: Total time for which application threads were stopped: 0.0004010 seconds, Stopping threads took: 0.0002420 seconds
2015-11-12T00:51:46.508-0600: 15.436: Total time for which application threads were stopped: 0.0019890 seconds, Stopping threads took: 0.0018910 seconds
2015-11-12T00:51:46.539-0600: 15.467: Total time for which application threads were stopped: 0.0001510 seconds, Stopping threads took: 0.0000530 seconds
2015-11-12T00:51:46.539-0600: 15.467: Total time for which application threads were stopped: 0.0000960 seconds, Stopping threads took: 0.0000300 seconds
2015-11-12T00:51:46.542-0600: 15.470: Total time for which application threads were stopped: 0.0001500 seconds, Stopping threads took: 0.0000690 seconds
2015-11-12T00:51:46.602-0600: 15.530: Total time for which application threads were stopped: 0.0011130 seconds, Stopping threads took: 0.0010300 seconds
2015-11-12T00:51:46.658-0600: 15.586: Total time for which application threads were stopped: 0.0055710 seconds, Stopping threads took: 0.0053690 seconds
2015-11-12T00:51:46.667-0600: 15.595: Total time for which application threads were stopped: 0.0003000 seconds, Stopping threads took: 0.0002240 seconds
2015-11-12T00:51:46.667-0600: 15.595: Total time for which application threads were stopped: 0.0001920 seconds, Stopping threads took: 0.0001370 seconds
2015-11-12T00:51:46.673-0600: 15.601: Total time for which application threads were stopped: 0.0001660 seconds, Stopping threads took: 0.0000930 seconds
2015-11-12T00:51:46.780-0600: 15.708: Total time for which application threads were stopped: 0.0002110 seconds, Stopping threads took: 0.0001320 seconds
2015-11-12T00:51:46.798-0600: 15.726: Total time for which application threads were stopped: 0.0002410 seconds, Stopping threads took: 0.0000850 seconds
2015-11-12T00:51:46.807-0600: 15.734: Total time for which application threads were stopped: 0.0001340 seconds, Stopping threads took: 0.0000560 seconds
2015-11-12T00:51:46.823-0600: 15.751: Total time for which application threads were stopped: 0.0002060 seconds, Stopping threads took: 0.0001290 seconds
2015-11-12T00:51:46.824-0600: 15.751: Total time for which application threads were stopped: 0.0001420 seconds, Stopping threads took: 0.0000760 seconds
2015-11-12T00:51:46.824-0600: 15.752: Total time for which application threads were stopped: 0.0000980 seconds, Stopping threads took: 0.0000350 seconds
2015-11-12T00:51:46.824-0600: 15.752: Total time for which application threads were stopped: 0.0000920 seconds, Stopping threads took: 0.0000330 seconds
2015-11-12T00:51:46.825-0600: 15.752: Total time for which application threads were stopped: 0.0000920 seconds, Stopping threads took: 0.0000330 seconds
2015-11-12T00:51:46.825-0600: 15.753: Total time for which application threads were stopped: 0.0001020 seconds, Stopping threads took: 0.0000390 seconds
2015-11-12T00:51:46.825-0600: 15.753: Total time for which application threads were stopped: 0.0001580 seconds, Stopping threads took: 0.0000400 seconds
2015-11-12T00:51:46.826-0600: 15.753: Total time for which application threads were stopped: 0.0001020 seconds, Stopping threads took: 0.0000390 seconds
2015-11-12T00:51:46.826-0600: 15.754: Total time for which application threads were stopped: 0.0001140 seconds, Stopping threads took: 0.0000380 seconds
2015-11-12T00:51:46.826-0600: 15.754: Total time for which application threads were stopped: 0.0003230 seconds, Stopping threads took: 0.0000670 seconds
2015-11-12T00:51:47.154-0600: 16.082: Total time for which application threads were stopped: 0.0107680 seconds, Stopping threads took: 0.0106120 seconds
2015-11-12T00:51:47.274-0600: 16.202: Total time for which application threads were stopped: 0.0002130 seconds, Stopping threads took: 0.0000500 seconds
2015-11-12T00:51:47.390-0600: 16.318: Total time for which application threads were stopped: 0.0002470 seconds, Stopping threads took: 0.0001680 seconds
2015-11-12T00:51:47.514-0600: 16.442: Total time for which application threads were stopped: 0.0002070 seconds, Stopping threads took: 0.0001000 seconds
2015-11-12T00:51:47.527-0600: 16.454: Total time for which application threads were stopped: 0.0001320 seconds, Stopping threads took: 0.0000470 seconds
2015-11-12T00:51:47.541-0600: 16.469: Total time for which application threads were stopped: 0.0067710 seconds, Stopping threads took: 0.0066630 seconds
2015-11-12T00:51:47.587-0600: 16.515: Total time for which application threads were stopped: 0.0065500 seconds, Stopping threads took: 0.0064490 seconds
2015-11-12T00:51:47.689-0600: 16.617: Total time for which application threads were stopped: 0.0001580 seconds, Stopping threads took: 0.0000510 seconds
2015-11-12T00:51:47.698-0600: 16.626: Total time for which application threads were stopped: 0.0001290 seconds, Stopping threads took: 0.0000550 seconds
2015-11-12T00:51:47.738-0600: 16.666: Total time for which application threads were stopped: 0.0002170 seconds, Stopping threads took: 0.0000530 seconds
2015-11-12T00:51:47.738-0600: 16.666: Total time for which application threads were stopped: 0.0000980 seconds, Stopping threads took: 0.0000380 seconds
2015-11-12T00:51:47.739-0600: 16.667: Total time for which application threads were stopped: 0.0001070 seconds, Stopping threads took: 0.0000400 seconds
2015-11-12T00:51:47.848-0600: 16.776: Total time for which application threads were stopped: 0.0006080 seconds, Stopping threads took: 0.0004180 seconds
2015-11-12T00:51:47.859-0600: 16.787: Total time for which application threads were stopped: 0.0002300 seconds, Stopping threads took: 0.0000610 seconds
2015-11-12T00:51:47.863-0600: 16.791: Total time for which application threads were stopped: 0.0001630 seconds, Stopping threads took: 0.0000740 seconds
2015-11-12T00:51:47.908-0600: 16.836: Total time for which application threads were stopped: 0.0001960 seconds, Stopping threads took: 0.0000940 seconds
2015-11-12T00:51:47.946-0600: 16.874: Total time for which application threads were stopped: 0.0016170 seconds, Stopping threads took: 0.0014830 seconds
2015-11-12T00:51:47.981-0600: 16.909: Total time for which application threads were stopped: 0.0001490 seconds, Stopping threads took: 0.0000500 seconds
2015-11-12T00:51:48.082-0600: 17.010: Total time for which application threads were stopped: 0.0109830 seconds, Stopping threads took: 0.0107480 seconds
2015-11-12T00:51:48.106-0600: 17.033: Total time for which application threads were stopped: 0.0001250 seconds, Stopping threads took: 0.0000500 seconds
2015-11-12T00:51:48.232-0600: 17.160: Total time for which application threads were stopped: 0.0001960 seconds, Stopping threads took: 0.0000520 seconds
2015-11-12T00:51:49.233-0600: 18.160: Total time for which application threads were stopped: 0.0002190 seconds, Stopping threads took: 0.0000400 seconds
2015-11-12T00:51:49.276-0600: 18.204: Total time for which application threads were stopped: 0.0007670 seconds, Stopping threads took: 0.0006310 seconds
2015-11-12T00:51:49.286-0600: 18.213: Total time for which application threads were stopped: 0.0002500 seconds, Stopping threads took: 0.0001740 seconds
{Heap before GC invocations=7 (full 0):
 par new generation   total 109248K, used 99958K [0x00000000d5a00000, 0x00000000dda00000, 0x00000000dda00000)
  eden space 87424K, 100% used [0x00000000d5a00000, 0x00000000daf60000, 0x00000000daf60000)
  from space 21824K,  57% used [0x00000000dc4b0000, 0x00000000dd0ed878, 0x00000000dda00000)
  to   space 21824K,   0% used [0x00000000daf60000, 0x00000000daf60000, 0x00000000dc4b0000)
 concurrent mark-sweep generation total 393216K, used 0K [0x00000000dda00000, 0x00000000f5a00000, 0x00000000f5a00000)
 concurrent-mark-sweep perm gen total 29888K, used 29710K [0x00000000f5a00000, 0x00000000f7730000, 0x0000000100000000)
2015-11-12T00:51:49.309-0600: 18.237: [GC2015-11-12T00:51:49.309-0600: 18.237: [ParNew
Desired survivor size 20112992 bytes, new threshold 8 (max 8)
- age   1:    9115816 bytes,    9115816 total
- age   2:     315352 bytes,    9431168 total
- age   3:      89088 bytes,    9520256 total
- age   4:     155336 bytes,    9675592 total
- age   5:      59856 bytes,    9735448 total
- age   6:     522872 bytes,   10258320 total
- age   7:    4348464 bytes,   14606784 total
- age   8:    2132584 bytes,   16739368 total
: 99958K->19824K(109248K), 0.0806250 secs] 99958K->19824K(502464K), 0.0809160 secs] [Times: user=0.11 sys=0.00, real=0.08 secs] 
Heap after GC invocations=8 (full 0):
 par new generation   total 109248K, used 19824K [0x00000000d5a00000, 0x00000000dda00000, 0x00000000dda00000)
  eden space 87424K,   0% used [0x00000000d5a00000, 0x00000000d5a00000, 0x00000000daf60000)
  from space 21824K,  90% used [0x00000000daf60000, 0x00000000dc2bc0c0, 0x00000000dc4b0000)
  to   space 21824K,   0% used [0x00000000dc4b0000, 0x00000000dc4b0000, 0x00000000dda00000)
 concurrent mark-sweep generation total 393216K, used 0K [0x00000000dda00000, 0x00000000f5a00000, 0x00000000f5a00000)
 concurrent-mark-sweep perm gen total 29888K, used 29710K [0x00000000f5a00000, 0x00000000f7730000, 0x0000000100000000)
}
2015-11-12T00:51:49.390-0600: 18.318: Total time for which application threads were stopped: 0.0813020 seconds, Stopping threads took: 0.0000720 seconds
2015-11-12T00:51:49.399-0600: 18.327: Total time for which application threads were stopped: 0.0015250 seconds, Stopping threads took: 0.0012500 seconds
2015-11-12T00:51:49.551-0600: 18.479: Total time for which application threads were stopped: 0.0008300 seconds, Stopping threads took: 0.0007110 seconds
2015-11-12T00:51:49.578-0600: 18.506: Total time for which application threads were stopped: 0.0001050 seconds, Stopping threads took: 0.0000310 seconds
2015-11-12T00:51:50.135-0600: 19.063: Total time for which application threads were stopped: 0.0002090 seconds, Stopping threads took: 0.0000330 seconds
2015-11-12T00:51:50.143-0600: 19.070: Total time for which application threads were stopped: 0.0000950 seconds, Stopping threads took: 0.0000450 seconds
2015-11-12T00:51:50.181-0600: 19.108: Total time for which application threads were stopped: 0.0001020 seconds, Stopping threads took: 0.0000380 seconds
2015-11-12T00:51:50.317-0600: 19.245: Total time for which application threads were stopped: 0.0001080 seconds, Stopping threads took: 0.0000510 seconds
2015-11-12T00:51:50.327-0600: 19.254: Total time for which application threads were stopped: 0.0001490 seconds, Stopping threads took: 0.0000460 seconds
2015-11-12T00:51:50.329-0600: 19.257: Total time for which application threads were stopped: 0.0000700 seconds, Stopping threads took: 0.0000220 seconds
2015-11-12T00:51:50.331-0600: 19.258: Total time for which application threads were stopped: 0.0000860 seconds, Stopping threads took: 0.0000420 seconds
2015-11-12T00:51:50.331-0600: 19.259: Total time for which application threads were stopped: 0.0000540 seconds, Stopping threads took: 0.0000190 seconds
2015-11-12T00:51:50.332-0600: 19.260: Total time for which application threads were stopped: 0.0000520 seconds, Stopping threads took: 0.0000170 seconds
2015-11-12T00:51:50.333-0600: 19.260: Total time for which application threads were stopped: 0.0000440 seconds, Stopping threads took: 0.0000140 seconds
2015-11-12T00:51:50.333-0600: 19.261: Total time for which application threads were stopped: 0.0000550 seconds, Stopping threads took: 0.0000210 seconds
2015-11-12T00:51:50.335-0600: 19.263: Total time for which application threads were stopped: 0.0000860 seconds, Stopping threads took: 0.0000320 seconds
2015-11-12T00:51:50.336-0600: 19.264: Total time for which application threads were stopped: 0.0002470 seconds, Stopping threads took: 0.0000370 seconds
2015-11-12T00:51:50.337-0600: 19.265: Total time for which application threads were stopped: 0.0000750 seconds, Stopping threads took: 0.0000270 seconds
2015-11-12T00:51:50.340-0600: 19.268: Total time for which application threads were stopped: 0.0000860 seconds, Stopping threads took: 0.0000330 seconds
2015-11-12T00:51:50.341-0600: 19.269: Total time for which application threads were stopped: 0.0000850 seconds, Stopping threads took: 0.0000310 seconds
2015-11-12T00:51:50.343-0600: 19.271: Total time for which application threads were stopped: 0.0001150 seconds, Stopping threads took: 0.0000520 seconds
2015-11-12T00:51:50.344-0600: 19.271: Total time for which application threads were stopped: 0.0001000 seconds, Stopping threads took: 0.0000470 seconds
2015-11-12T00:51:50.355-0600: 19.283: Total time for which application threads were stopped: 0.0001190 seconds, Stopping threads took: 0.0000560 seconds
2015-11-12T00:51:50.370-0600: 19.298: Total time for which application threads were stopped: 0.0001200 seconds, Stopping threads took: 0.0000580 seconds
2015-11-12T00:51:50.371-0600: 19.298: Total time for which application threads were stopped: 0.0000920 seconds, Stopping threads took: 0.0000430 seconds
2015-11-12T00:51:50.433-0600: 19.361: Total time for which application threads were stopped: 0.0007190 seconds, Stopping threads took: 0.0006440 seconds
2015-11-12T00:51:50.434-0600: 19.362: Total time for which application threads were stopped: 0.0000970 seconds, Stopping threads took: 0.0000530 seconds
2015-11-12T00:51:50.450-0600: 19.378: Total time for which application threads were stopped: 0.0034080 seconds, Stopping threads took: 0.0033620 seconds
2015-11-12T00:51:50.451-0600: 19.379: Total time for which application threads were stopped: 0.0001650 seconds, Stopping threads took: 0.0001170 seconds
2015-11-12T00:51:50.467-0600: 19.394: Total time for which application threads were stopped: 0.0024380 seconds, Stopping threads took: 0.0023580 seconds
2015-11-12T00:51:50.470-0600: 19.398: Total time for which application threads were stopped: 0.0003630 seconds, Stopping threads took: 0.0003050 seconds
2015-11-12T00:51:50.564-0600: 19.492: Total time for which application threads were stopped: 0.0001300 seconds, Stopping threads took: 0.0000380 seconds
2015-11-12T00:51:50.572-0600: 19.500: Total time for which application threads were stopped: 0.0002580 seconds, Stopping threads took: 0.0001810 seconds
2015-11-12T00:51:50.576-0600: 19.504: Total time for which application threads were stopped: 0.0002120 seconds, Stopping threads took: 0.0001150 seconds
2015-11-12T00:51:50.594-0600: 19.522: Total time for which application threads were stopped: 0.0021580 seconds, Stopping threads took: 0.0020910 seconds
2015-11-12T00:51:50.601-0600: 19.529: Total time for which application threads were stopped: 0.0002200 seconds, Stopping threads took: 0.0001660 seconds
2015-11-12T00:51:50.706-0600: 19.634: Total time for which application threads were stopped: 0.0035420 seconds, Stopping threads took: 0.0033500 seconds
2015-11-12T00:51:50.746-0600: 19.674: Total time for which application threads were stopped: 0.0035920 seconds, Stopping threads took: 0.0035150 seconds
{Heap before GC invocations=8 (full 0):
 par new generation   total 109248K, used 107248K [0x00000000d5a00000, 0x00000000dda00000, 0x00000000dda00000)
  eden space 87424K, 100% used [0x00000000d5a00000, 0x00000000daf60000, 0x00000000daf60000)
  from space 21824K,  90% used [0x00000000daf60000, 0x00000000dc2bc0c0, 0x00000000dc4b0000)
  to   space 21824K,   0% used [0x00000000dc4b0000, 0x00000000dc4b0000, 0x00000000dda00000)
 concurrent mark-sweep generation total 393216K, used 0K [0x00000000dda00000, 0x00000000f5a00000, 0x00000000f5a00000)
 concurrent-mark-sweep perm gen total 31040K, used 30909K [0x00000000f5a00000, 0x00000000f7850000, 0x0000000100000000)
2015-11-12T00:51:50.879-0600: 19.807: [GC2015-11-12T00:51:50.879-0600: 19.807: [ParNew
Desired survivor size 20112992 bytes, new threshold 8 (max 8)
- age   1:    3165856 bytes,    3165856 total
- age   2:    5595152 bytes,    8761008 total
- age   3:     315352 bytes,    9076360 total
- age   4:      89088 bytes,    9165448 total
- age   5:     155304 bytes,    9320752 total
- age   6:      59824 bytes,    9380576 total
- age   7:     515776 bytes,    9896352 total
- age   8:    4339976 bytes,   14236328 total
: 107248K->21694K(109248K), 0.0953070 secs] 107248K->23983K(502464K), 0.0955700 secs] [Times: user=0.19 sys=0.01, real=0.10 secs] 
Heap after GC invocations=9 (full 0):
 par new generation   total 109248K, used 21694K [0x00000000d5a00000, 0x00000000dda00000, 0x00000000dda00000)
  eden space 87424K,   0% used [0x00000000d5a00000, 0x00000000d5a00000, 0x00000000daf60000)
  from space 21824K,  99% used [0x00000000dc4b0000, 0x00000000dd9dfa00, 0x00000000dda00000)
  to   space 21824K,   0% used [0x00000000daf60000, 0x00000000daf60000, 0x00000000dc4b0000)
 concurrent mark-sweep generation total 393216K, used 2289K [0x00000000dda00000, 0x00000000f5a00000, 0x00000000f5a00000)
 concurrent-mark-sweep perm gen total 31040K, used 30909K [0x00000000f5a00000, 0x00000000f7850000, 0x0000000100000000)
}
2015-11-12T00:51:50.975-0600: 19.902: Total time for which application threads were stopped: 0.0959530 seconds, Stopping threads took: 0.0000630 seconds
2015-11-12T00:51:50.994-0600: 19.922: Total time for which application threads were stopped: 0.0121330 seconds, Stopping threads took: 0.0120580 seconds
2015-11-12T00:51:51.006-0600: 19.934: Total time for which application threads were stopped: 0.0041130 seconds, Stopping threads took: 0.0040300 seconds
2015-11-12T00:51:51.038-0600: 19.966: Total time for which application threads were stopped: 0.0078740 seconds, Stopping threads took: 0.0077700 seconds
2015-11-12T00:51:51.039-0600: 19.967: Total time for which application threads were stopped: 0.0001840 seconds, Stopping threads took: 0.0001160 seconds
2015-11-12T00:51:51.125-0600: 20.053: Total time for which application threads were stopped: 0.0072030 seconds, Stopping threads took: 0.0071170 seconds
2015-11-12T00:51:51.134-0600: 20.062: Total time for which application threads were stopped: 0.0021430 seconds, Stopping threads took: 0.0020600 seconds
2015-11-12T00:51:51.258-0600: 20.186: Total time for which application threads were stopped: 0.0081640 seconds, Stopping threads took: 0.0079810 seconds
2015-11-12T00:51:51.281-0600: 20.208: Total time for which application threads were stopped: 0.0002930 seconds, Stopping threads took: 0.0001610 seconds
2015-11-12T00:51:51.294-0600: 20.222: Total time for which application threads were stopped: 0.0001100 seconds, Stopping threads took: 0.0000490 seconds
2015-11-12T00:51:51.414-0600: 20.342: Total time for which application threads were stopped: 0.0006900 seconds, Stopping threads took: 0.0006110 seconds
2015-11-12T00:51:51.477-0600: 20.405: Total time for which application threads were stopped: 0.0002250 seconds, Stopping threads took: 0.0001030 seconds
{Heap before GC invocations=9 (full 0):
 par new generation   total 109248K, used 109118K [0x00000000d5a00000, 0x00000000dda00000, 0x00000000dda00000)
  eden space 87424K, 100% used [0x00000000d5a00000, 0x00000000daf60000, 0x00000000daf60000)
  from space 21824K,  99% used [0x00000000dc4b0000, 0x00000000dd9dfa00, 0x00000000dda00000)
  to   space 21824K,   0% used [0x00000000daf60000, 0x00000000daf60000, 0x00000000dc4b0000)
 concurrent mark-sweep generation total 393216K, used 2289K [0x00000000dda00000, 0x00000000f5a00000, 0x00000000f5a00000)
 concurrent-mark-sweep perm gen total 31040K, used 30945K [0x00000000f5a00000, 0x00000000f7850000, 0x0000000100000000)
2015-11-12T00:51:51.545-0600: 20.473: [GC2015-11-12T00:51:51.545-0600: 20.473: [ParNew
Desired survivor size 20112992 bytes, new threshold 8 (max 8)
- age   1:    1742568 bytes,    1742568 total
- age   2:    1803392 bytes,    3545960 total
- age   3:    5580672 bytes,    9126632 total
- age   4:     315352 bytes,    9441984 total
- age   5:      89088 bytes,    9531072 total
- age   6:     155304 bytes,    9686376 total
- age   7:      59728 bytes,    9746104 total
- age   8:     515776 bytes,   10261880 total
: 109118K->14438K(109248K), 0.0572700 secs] 111407K->21220K(502464K), 0.0574710 secs] [Times: user=0.16 sys=0.01, real=0.06 secs] 
Heap after GC invocations=10 (full 0):
 par new generation   total 109248K, used 14438K [0x00000000d5a00000, 0x00000000dda00000, 0x00000000dda00000)
  eden space 87424K,   0% used [0x00000000d5a00000, 0x00000000d5a00000, 0x00000000daf60000)
  from space 21824K,  66% used [0x00000000daf60000, 0x00000000dbd79b50, 0x00000000dc4b0000)
  to   space 21824K,   0% used [0x00000000dc4b0000, 0x00000000dc4b0000, 0x00000000dda00000)
 concurrent mark-sweep generation total 393216K, used 6781K [0x00000000dda00000, 0x00000000f5a00000, 0x00000000f5a00000)
 concurrent-mark-sweep perm gen total 31040K, used 30945K [0x00000000f5a00000, 0x00000000f7850000, 0x0000000100000000)
}
2015-11-12T00:51:51.603-0600: 20.531: Total time for which application threads were stopped: 0.0577470 seconds, Stopping threads took: 0.0000840 seconds
2015-11-12T00:51:51.604-0600: 20.531: Total time for which application threads were stopped: 0.0001730 seconds, Stopping threads took: 0.0001250 seconds
2015-11-12T00:51:51.616-0600: 20.544: Total time for which application threads were stopped: 0.0006830 seconds, Stopping threads took: 0.0005930 seconds
2015-11-12T00:51:51.616-0600: 20.544: Total time for which application threads were stopped: 0.0000960 seconds, Stopping threads took: 0.0000360 seconds
2015-11-12T00:51:51.619-0600: 20.547: Total time for which application threads were stopped: 0.0001660 seconds, Stopping threads took: 0.0001020 seconds
2015-11-12T00:51:51.669-0600: 20.597: Total time for which application threads were stopped: 0.0001560 seconds, Stopping threads took: 0.0001040 seconds
2015-11-12T00:51:51.742-0600: 20.670: Total time for which application threads were stopped: 0.0020170 seconds, Stopping threads took: 0.0018820 seconds
{Heap before GC invocations=10 (full 0):
 par new generation   total 109248K, used 101862K [0x00000000d5a00000, 0x00000000dda00000, 0x00000000dda00000)
  eden space 87424K, 100% used [0x00000000d5a00000, 0x00000000daf60000, 0x00000000daf60000)
  from space 21824K,  66% used [0x00000000daf60000, 0x00000000dbd79b50, 0x00000000dc4b0000)
  to   space 21824K,   0% used [0x00000000dc4b0000, 0x00000000dc4b0000, 0x00000000dda00000)
 concurrent mark-sweep generation total 393216K, used 6781K [0x00000000dda00000, 0x00000000f5a00000, 0x00000000f5a00000)
 concurrent-mark-sweep perm gen total 31040K, used 30996K [0x00000000f5a00000, 0x00000000f7850000, 0x0000000100000000)
2015-11-12T00:51:51.782-0600: 20.710: [GC2015-11-12T00:51:51.782-0600: 20.710: [ParNew
Desired survivor size 20112992 bytes, new threshold 8 (max 8)
- age   1:     243192 bytes,     243192 total
- age   2:    1601368 bytes,    1844560 total
- age   3:    1782856 bytes,    3627416 total
- age   4:    5580672 bytes,    9208088 total
- age   5:     315352 bytes,    9523440 total
- age   6:      89088 bytes,    9612528 total
- age   7:     155112 bytes,    9767640 total
- age   8:      59152 bytes,    9826792 total
: 101862K->12228K(109248K), 0.0359740 secs] 108644K->19519K(502464K), 0.0362400 secs] [Times: user=0.08 sys=0.00, real=0.04 secs] 
Heap after GC invocations=11 (full 0):
 par new generation   total 109248K, used 12228K [0x00000000d5a00000, 0x00000000dda00000, 0x00000000dda00000)
  eden space 87424K,   0% used [0x00000000d5a00000, 0x00000000d5a00000, 0x00000000daf60000)
  from space 21824K,  56% used [0x00000000dc4b0000, 0x00000000dd0a1198, 0x00000000dda00000)
  to   space 21824K,   0% used [0x00000000daf60000, 0x00000000daf60000, 0x00000000dc4b0000)
 concurrent mark-sweep generation total 393216K, used 7290K [0x00000000dda00000, 0x00000000f5a00000, 0x00000000f5a00000)
 concurrent-mark-sweep perm gen total 31040K, used 30996K [0x00000000f5a00000, 0x00000000f7850000, 0x0000000100000000)
}
2015-11-12T00:51:51.818-0600: 20.746: Total time for which application threads were stopped: 0.0366850 seconds, Stopping threads took: 0.0000690 seconds
2015-11-12T00:51:51.826-0600: 20.754: Total time for which application threads were stopped: 0.0002490 seconds, Stopping threads took: 0.0001600 seconds
2015-11-12T00:51:51.918-0600: 20.845: Total time for which application threads were stopped: 0.0007180 seconds, Stopping threads took: 0.0006630 seconds
2015-11-12T00:51:51.941-0600: 20.869: Total time for which application threads were stopped: 0.0028230 seconds, Stopping threads took: 0.0027450 seconds
{Heap before GC invocations=11 (full 0):
 par new generation   total 109248K, used 99652K [0x00000000d5a00000, 0x00000000dda00000, 0x00000000dda00000)
  eden space 87424K, 100% used [0x00000000d5a00000, 0x00000000daf60000, 0x00000000daf60000)
  from space 21824K,  56% used [0x00000000dc4b0000, 0x00000000dd0a1198, 0x00000000dda00000)
  to   space 21824K,   0% used [0x00000000daf60000, 0x00000000daf60000, 0x00000000dc4b0000)
 concurrent mark-sweep generation total 393216K, used 7290K [0x00000000dda00000, 0x00000000f5a00000, 0x00000000f5a00000)
 concurrent-mark-sweep perm gen total 31040K, used 31004K [0x00000000f5a00000, 0x00000000f7850000, 0x0000000100000000)
2015-11-12T00:51:52.017-0600: 20.945: [GC2015-11-12T00:51:52.017-0600: 20.945: [ParNew
Desired survivor size 20112992 bytes, new threshold 8 (max 8)
- age   1:     481768 bytes,     481768 total
- age   2:      85824 bytes,     567592 total
- age   3:    1599960 bytes,    2167552 total
- age   4:    1782640 bytes,    3950192 total
- age   5:    5580768 bytes,    9530960 total
- age   6:     315352 bytes,    9846312 total
- age   7:      89088 bytes,    9935400 total
- age   8:     155112 bytes,   10090512 total
: 99652K->12834K(109248K), 0.0240510 secs] 106943K->20185K(502464K), 0.0242440 secs] [Times: user=0.06 sys=0.00, real=0.02 secs] 
Heap after GC invocations=12 (full 0):
 par new generation   total 109248K, used 12834K [0x00000000d5a00000, 0x00000000dda00000, 0x00000000dda00000)
  eden space 87424K,   0% used [0x00000000d5a00000, 0x00000000d5a00000, 0x00000000daf60000)
  from space 21824K,  58% used [0x00000000daf60000, 0x00000000dbbe8890, 0x00000000dc4b0000)
  to   space 21824K,   0% used [0x00000000dc4b0000, 0x00000000dc4b0000, 0x00000000dda00000)
 concurrent mark-sweep generation total 393216K, used 7351K [0x00000000dda00000, 0x00000000f5a00000, 0x00000000f5a00000)
 concurrent-mark-sweep perm gen total 31040K, used 31004K [0x00000000f5a00000, 0x00000000f7850000, 0x0000000100000000)
}
2015-11-12T00:51:52.041-0600: 20.969: Total time for which application threads were stopped: 0.0304980 seconds, Stopping threads took: 0.0060660 seconds
2015-11-12T00:51:52.053-0600: 20.980: Total time for which application threads were stopped: 0.0002880 seconds, Stopping threads took: 0.0000690 seconds
2015-11-12T00:51:52.058-0600: 20.986: Total time for which application threads were stopped: 0.0001180 seconds, Stopping threads took: 0.0000540 seconds
2015-11-12T00:51:52.183-0600: 21.111: Total time for which application threads were stopped: 0.0079220 seconds, Stopping threads took: 0.0078380 seconds
2015-11-12T00:51:52.189-0600: 21.117: Total time for which application threads were stopped: 0.0046590 seconds, Stopping threads took: 0.0045820 seconds
{Heap before GC invocations=12 (full 0):
 par new generation   total 109248K, used 100258K [0x00000000d5a00000, 0x00000000dda00000, 0x00000000dda00000)
  eden space 87424K, 100% used [0x00000000d5a00000, 0x00000000daf60000, 0x00000000daf60000)
  from space 21824K,  58% used [0x00000000daf60000, 0x00000000dbbe8890, 0x00000000dc4b0000)
  to   space 21824K,   0% used [0x00000000dc4b0000, 0x00000000dc4b0000, 0x00000000dda00000)
 concurrent mark-sweep generation total 393216K, used 7351K [0x00000000dda00000, 0x00000000f5a00000, 0x00000000f5a00000)
 concurrent-mark-sweep perm gen total 31232K, used 31018K [0x00000000f5a00000, 0x00000000f7880000, 0x0000000100000000)
2015-11-12T00:51:52.288-0600: 21.216: [GC2015-11-12T00:51:52.288-0600: 21.216: [ParNew
Desired survivor size 20112992 bytes, new threshold 8 (max 8)
- age   1:     651440 bytes,     651440 total
- age   2:      71232 bytes,     722672 total
- age   3:      83544 bytes,     806216 total
- age   4:    1599120 bytes,    2405336 total
- age   5:    1782640 bytes,    4187976 total
- age   6:    5580672 bytes,    9768648 total
- age   7:     315352 bytes,   10084000 total
- age   8:      88992 bytes,   10172992 total
: 100258K->13127K(109248K), 0.0393820 secs] 107609K->20633K(502464K), 0.0395900 secs] [Times: user=0.07 sys=0.00, real=0.04 secs] 
Heap after GC invocations=13 (full 0):
 par new generation   total 109248K, used 13127K [0x00000000d5a00000, 0x00000000dda00000, 0x00000000dda00000)
  eden space 87424K,   0% used [0x00000000d5a00000, 0x00000000d5a00000, 0x00000000daf60000)
  from space 21824K,  60% used [0x00000000dc4b0000, 0x00000000dd181c40, 0x00000000dda00000)
  to   space 21824K,   0% used [0x00000000daf60000, 0x00000000daf60000, 0x00000000dc4b0000)
 concurrent mark-sweep generation total 393216K, used 7506K [0x00000000dda00000, 0x00000000f5a00000, 0x00000000f5a00000)
 concurrent-mark-sweep perm gen total 31232K, used 31018K [0x00000000f5a00000, 0x00000000f7880000, 0x0000000100000000)
}
2015-11-12T00:51:52.328-0600: 21.256: Total time for which application threads were stopped: 0.0437770 seconds, Stopping threads took: 0.0038360 seconds
2015-11-12T00:51:52.330-0600: 21.258: Total time for which application threads were stopped: 0.0002100 seconds, Stopping threads took: 0.0001090 seconds
2015-11-12T00:51:52.355-0600: 21.283: Total time for which application threads were stopped: 0.0059980 seconds, Stopping threads took: 0.0059250 seconds
2015-11-12T00:51:52.402-0600: 21.329: Total time for which application threads were stopped: 0.0002480 seconds, Stopping threads took: 0.0001070 seconds
2015-11-12T00:51:52.465-0600: 21.393: Total time for which application threads were stopped: 0.0035880 seconds, Stopping threads took: 0.0035170 seconds
2015-11-12T00:51:52.474-0600: 21.402: Total time for which application threads were stopped: 0.0003230 seconds, Stopping threads took: 0.0002620 seconds
2015-11-12T00:51:52.611-0600: 21.539: Total time for which application threads were stopped: 0.0002170 seconds, Stopping threads took: 0.0001350 seconds
2015-11-12T00:51:52.614-0600: 21.542: Total time for which application threads were stopped: 0.0000930 seconds, Stopping threads took: 0.0000350 seconds
2015-11-12T00:51:52.632-0600: 21.560: Total time for which application threads were stopped: 0.0001660 seconds, Stopping threads took: 0.0000960 seconds
2015-11-12T00:51:52.745-0600: 21.672: Total time for which application threads were stopped: 0.0063910 seconds, Stopping threads took: 0.0063110 seconds
2015-11-12T00:51:52.748-0600: 21.676: Total time for which application threads were stopped: 0.0000990 seconds, Stopping threads took: 0.0000290 seconds
2015-11-12T00:51:52.844-0600: 21.771: Total time for which application threads were stopped: 0.0032240 seconds, Stopping threads took: 0.0029960 seconds
2015-11-12T00:51:52.853-0600: 21.781: Total time for which application threads were stopped: 0.0001610 seconds, Stopping threads took: 0.0001000 seconds
2015-11-12T00:51:52.854-0600: 21.781: Total time for which application threads were stopped: 0.0000790 seconds, Stopping threads took: 0.0000300 seconds
2015-11-12T00:51:52.890-0600: 21.818: Total time for which application threads were stopped: 0.0023180 seconds, Stopping threads took: 0.0022500 seconds
2015-11-12T00:51:52.920-0600: 21.848: Total time for which application threads were stopped: 0.0001050 seconds, Stopping threads took: 0.0000430 seconds
2015-11-12T00:51:52.921-0600: 21.849: Total time for which application threads were stopped: 0.0001280 seconds, Stopping threads took: 0.0000770 seconds
2015-11-12T00:51:52.922-0600: 21.849: Total time for which application threads were stopped: 0.0000980 seconds, Stopping threads took: 0.0000520 seconds
2015-11-12T00:51:52.922-0600: 21.850: Total time for which application threads were stopped: 0.0000900 seconds, Stopping threads took: 0.0000450 seconds
2015-11-12T00:51:52.923-0600: 21.851: Total time for which application threads were stopped: 0.0001090 seconds, Stopping threads took: 0.0000600 seconds
2015-11-12T00:51:52.924-0600: 21.851: Total time for which application threads were stopped: 0.0001010 seconds, Stopping threads took: 0.0000470 seconds
2015-11-12T00:51:52.948-0600: 21.876: Total time for which application threads were stopped: 0.0001250 seconds, Stopping threads took: 0.0000570 seconds
2015-11-12T00:51:52.949-0600: 21.876: Total time for which application threads were stopped: 0.0001190 seconds, Stopping threads took: 0.0000680 seconds
2015-11-12T00:51:52.950-0600: 21.877: Total time for which application threads were stopped: 0.0000980 seconds, Stopping threads took: 0.0000460 seconds
2015-11-12T00:51:52.968-0600: 21.896: Total time for which application threads were stopped: 0.0009680 seconds, Stopping threads took: 0.0009190 seconds
2015-11-12T00:51:52.968-0600: 21.896: Total time for which application threads were stopped: 0.0000570 seconds, Stopping threads took: 0.0000320 seconds
2015-11-12T00:51:52.970-0600: 21.898: Total time for which application threads were stopped: 0.0014290 seconds, Stopping threads took: 0.0013790 seconds
2015-11-12T00:51:52.984-0600: 21.912: Total time for which application threads were stopped: 0.0136180 seconds, Stopping threads took: 0.0135330 seconds
2015-11-12T00:51:52.986-0600: 21.914: Total time for which application threads were stopped: 0.0001270 seconds, Stopping threads took: 0.0000700 seconds
2015-11-12T00:51:52.986-0600: 21.914: Total time for which application threads were stopped: 0.0000780 seconds, Stopping threads took: 0.0000330 seconds
2015-11-12T00:51:52.986-0600: 21.914: Total time for which application threads were stopped: 0.0000560 seconds, Stopping threads took: 0.0000140 seconds
2015-11-12T00:51:52.987-0600: 21.914: Total time for which application threads were stopped: 0.0000480 seconds, Stopping threads took: 0.0000130 seconds
2015-11-12T00:51:52.987-0600: 21.914: Total time for which application threads were stopped: 0.0000380 seconds, Stopping threads took: 0.0000170 seconds
2015-11-12T00:51:52.987-0600: 21.915: Total time for which application threads were stopped: 0.0000670 seconds, Stopping threads took: 0.0000270 seconds
2015-11-12T00:51:52.987-0600: 21.915: Total time for which application threads were stopped: 0.0000450 seconds, Stopping threads took: 0.0000170 seconds
2015-11-12T00:51:52.987-0600: 21.915: Total time for which application threads were stopped: 0.0000400 seconds, Stopping threads took: 0.0000160 seconds
2015-11-12T00:51:52.987-0600: 21.915: Total time for which application threads were stopped: 0.0000370 seconds, Stopping threads took: 0.0000150 seconds
2015-11-12T00:51:52.987-0600: 21.915: Total time for which application threads were stopped: 0.0000370 seconds, Stopping threads took: 0.0000150 seconds
2015-11-12T00:51:52.987-0600: 21.915: Total time for which application threads were stopped: 0.0000350 seconds, Stopping threads took: 0.0000130 seconds
2015-11-12T00:51:52.987-0600: 21.915: Total time for which application threads were stopped: 0.0000330 seconds, Stopping threads took: 0.0000130 seconds
2015-11-12T00:51:52.987-0600: 21.915: Total time for which application threads were stopped: 0.0000330 seconds, Stopping threads took: 0.0000130 seconds
2015-11-12T00:51:52.987-0600: 21.915: Total time for which application threads were stopped: 0.0000330 seconds, Stopping threads took: 0.0000130 seconds
2015-11-12T00:51:52.987-0600: 21.915: Total time for which application threads were stopped: 0.0000340 seconds, Stopping threads took: 0.0000130 seconds
2015-11-12T00:51:52.988-0600: 21.915: Total time for which application threads were stopped: 0.0001560 seconds, Stopping threads took: 0.0000130 seconds
2015-11-12T00:51:52.993-0600: 21.920: Total time for which application threads were stopped: 0.0001260 seconds, Stopping threads took: 0.0000320 seconds
2015-11-12T00:51:52.993-0600: 21.920: Total time for which application threads were stopped: 0.0000500 seconds, Stopping threads took: 0.0000180 seconds
2015-11-12T00:51:52.995-0600: 21.923: Total time for which application threads were stopped: 0.0000880 seconds, Stopping threads took: 0.0000410 seconds
2015-11-12T00:51:53.001-0600: 21.929: Total time for which application threads were stopped: 0.0001150 seconds, Stopping threads took: 0.0000600 seconds
2015-11-12T00:51:53.014-0600: 21.941: Total time for which application threads were stopped: 0.0001540 seconds, Stopping threads took: 0.0000750 seconds
2015-11-12T00:51:53.030-0600: 21.958: Total time for which application threads were stopped: 0.0002090 seconds, Stopping threads took: 0.0000630 seconds
2015-11-12T00:51:53.035-0600: 21.963: Total time for which application threads were stopped: 0.0015920 seconds, Stopping threads took: 0.0015150 seconds
2015-11-12T00:51:53.074-0600: 22.002: Total time for which application threads were stopped: 0.0012280 seconds, Stopping threads took: 0.0011760 seconds
2015-11-12T00:51:53.074-0600: 22.002: Total time for which application threads were stopped: 0.0000870 seconds, Stopping threads took: 0.0000550 seconds
2015-11-12T00:51:53.074-0600: 22.002: Total time for which application threads were stopped: 0.0000490 seconds, Stopping threads took: 0.0000170 seconds
2015-11-12T00:51:53.075-0600: 22.002: Total time for which application threads were stopped: 0.0000520 seconds, Stopping threads took: 0.0000160 seconds
2015-11-12T00:51:53.075-0600: 22.003: Total time for which application threads were stopped: 0.0000960 seconds, Stopping threads took: 0.0000670 seconds
2015-11-12T00:51:53.075-0600: 22.003: Total time for which application threads were stopped: 0.0000720 seconds, Stopping threads took: 0.0000440 seconds
2015-11-12T00:51:53.092-0600: 22.020: Total time for which application threads were stopped: 0.0010250 seconds, Stopping threads took: 0.0009680 seconds
2015-11-12T00:51:53.097-0600: 22.025: Total time for which application threads were stopped: 0.0030030 seconds, Stopping threads took: 0.0029450 seconds
2015-11-12T00:51:53.102-0600: 22.030: Total time for which application threads were stopped: 0.0001040 seconds, Stopping threads took: 0.0000400 seconds
2015-11-12T00:51:53.116-0600: 22.044: Total time for which application threads were stopped: 0.0008930 seconds, Stopping threads took: 0.0008170 seconds
2015-11-12T00:51:53.118-0600: 22.046: Total time for which application threads were stopped: 0.0000960 seconds, Stopping threads took: 0.0000460 seconds
2015-11-12T00:51:53.118-0600: 22.046: Total time for which application threads were stopped: 0.0000920 seconds, Stopping threads took: 0.0000340 seconds
2015-11-12T00:51:53.121-0600: 22.048: Total time for which application threads were stopped: 0.0001010 seconds, Stopping threads took: 0.0000460 seconds
2015-11-12T00:51:53.142-0600: 22.070: Total time for which application threads were stopped: 0.0025790 seconds, Stopping threads took: 0.0025030 seconds
2015-11-12T00:51:53.244-0600: 22.172: Total time for which application threads were stopped: 0.0048910 seconds, Stopping threads took: 0.0047830 seconds
{Heap before GC invocations=13 (full 0):
 par new generation   total 109248K, used 100551K [0x00000000d5a00000, 0x00000000dda00000, 0x00000000dda00000)
  eden space 87424K, 100% used [0x00000000d5a00000, 0x00000000daf60000, 0x00000000daf60000)
  from space 21824K,  60% used [0x00000000dc4b0000, 0x00000000dd181c40, 0x00000000dda00000)
  to   space 21824K,   0% used [0x00000000daf60000, 0x00000000daf60000, 0x00000000dc4b0000)
 concurrent mark-sweep generation total 393216K, used 7506K [0x00000000dda00000, 0x00000000f5a00000, 0x00000000f5a00000)
 concurrent-mark-sweep perm gen total 31232K, used 31139K [0x00000000f5a00000, 0x00000000f7880000, 0x0000000100000000)
2015-11-12T00:51:53.278-0600: 22.205: [GC2015-11-12T00:51:53.278-0600: 22.206: [ParNew
Desired survivor size 20112992 bytes, new threshold 8 (max 8)
- age   1:    6438296 bytes,    6438296 total
- age   2:      75232 bytes,    6513528 total
- age   3:      68400 bytes,    6581928 total
- age   4:      82032 bytes,    6663960 total
- age   5:     166528 bytes,    6830488 total
- age   6:    1686168 bytes,    8516656 total
- age   7:    2412544 bytes,   10929200 total
- age   8:     314072 bytes,   11243272 total
: 100551K->14256K(109248K), 0.0232040 secs] 108057K->21851K(502464K), 0.0234420 secs] [Times: user=0.06 sys=0.00, real=0.02 secs] 
Heap after GC invocations=14 (full 0):
 par new generation   total 109248K, used 14256K [0x00000000d5a00000, 0x00000000dda00000, 0x00000000dda00000)
  eden space 87424K,   0% used [0x00000000d5a00000, 0x00000000d5a00000, 0x00000000daf60000)
  from space 21824K,  65% used [0x00000000daf60000, 0x00000000dbd4c058, 0x00000000dc4b0000)
  to   space 21824K,   0% used [0x00000000dc4b0000, 0x00000000dc4b0000, 0x00000000dda00000)
 concurrent mark-sweep generation total 393216K, used 7595K [0x00000000dda00000, 0x00000000f5a00000, 0x00000000f5a00000)
 concurrent-mark-sweep perm gen total 31232K, used 31139K [0x00000000f5a00000, 0x00000000f7880000, 0x0000000100000000)
}
2015-11-12T00:51:53.301-0600: 22.229: Total time for which application threads were stopped: 0.0237100 seconds, Stopping threads took: 0.0000410 seconds
2015-11-12T00:51:53.305-0600: 22.233: Total time for which application threads were stopped: 0.0009810 seconds, Stopping threads took: 0.0008940 seconds
2015-11-12T00:51:53.306-0600: 22.233: Total time for which application threads were stopped: 0.0001410 seconds, Stopping threads took: 0.0000660 seconds
{Heap before GC invocations=14 (full 0):
 par new generation   total 109248K, used 101680K [0x00000000d5a00000, 0x00000000dda00000, 0x00000000dda00000)
  eden space 87424K, 100% used [0x00000000d5a00000, 0x00000000daf60000, 0x00000000daf60000)
  from space 21824K,  65% used [0x00000000daf60000, 0x00000000dbd4c058, 0x00000000dc4b0000)
  to   space 21824K,   0% used [0x00000000dc4b0000, 0x00000000dc4b0000, 0x00000000dda00000)
 concurrent mark-sweep generation total 393216K, used 7595K [0x00000000dda00000, 0x00000000f5a00000, 0x00000000f5a00000)
 concurrent-mark-sweep perm gen total 31232K, used 31157K [0x00000000f5a00000, 0x00000000f7880000, 0x0000000100000000)
2015-11-12T00:51:53.561-0600: 22.488: [GC2015-11-12T00:51:53.561-0600: 22.488: [ParNew
Desired survivor size 20112992 bytes, new threshold 8 (max 8)
- age   1:    1881072 bytes,    1881072 total
- age   2:    5733832 bytes,    7614904 total
- age   3:      75232 bytes,    7690136 total
- age   4:      68400 bytes,    7758536 total
- age   5:      82032 bytes,    7840568 total
- age   6:     166528 bytes,    8007096 total
- age   7:    1686168 bytes,    9693264 total
- age   8:    2400096 bytes,   12093360 total
: 101680K->13533K(109248K), 0.0335400 secs] 109275K->21443K(502464K), 0.0337170 secs] [Times: user=0.09 sys=0.00, real=0.04 secs] 
Heap after GC invocations=15 (full 0):
 par new generation   total 109248K, used 13533K [0x00000000d5a00000, 0x00000000dda00000, 0x00000000dda00000)
  eden space 87424K,   0% used [0x00000000d5a00000, 0x00000000d5a00000, 0x00000000daf60000)
  from space 21824K,  62% used [0x00000000dc4b0000, 0x00000000dd1e7660, 0x00000000dda00000)
  to   space 21824K,   0% used [0x00000000daf60000, 0x00000000daf60000, 0x00000000dc4b0000)
 concurrent mark-sweep generation total 393216K, used 7909K [0x00000000dda00000, 0x00000000f5a00000, 0x00000000f5a00000)
 concurrent-mark-sweep perm gen total 31232K, used 31157K [0x00000000f5a00000, 0x00000000f7880000, 0x0000000100000000)
}
2015-11-12T00:51:53.594-0600: 22.522: Total time for which application threads were stopped: 0.0341280 seconds, Stopping threads took: 0.0000470 seconds
2015-11-12T00:51:53.595-0600: 22.523: Total time for which application threads were stopped: 0.0001940 seconds, Stopping threads took: 0.0001250 seconds
2015-11-12T00:51:53.595-0600: 22.523: Total time for which application threads were stopped: 0.0000840 seconds, Stopping threads took: 0.0000360 seconds
{Heap before GC invocations=15 (full 0):
 par new generation   total 109248K, used 100957K [0x00000000d5a00000, 0x00000000dda00000, 0x00000000dda00000)
  eden space 87424K, 100% used [0x00000000d5a00000, 0x00000000daf60000, 0x00000000daf60000)
  from space 21824K,  62% used [0x00000000dc4b0000, 0x00000000dd1e7660, 0x00000000dda00000)
  to   space 21824K,   0% used [0x00000000daf60000, 0x00000000daf60000, 0x00000000dc4b0000)
 concurrent mark-sweep generation total 393216K, used 7909K [0x00000000dda00000, 0x00000000f5a00000, 0x00000000f5a00000)
 concurrent-mark-sweep perm gen total 31232K, used 31165K [0x00000000f5a00000, 0x00000000f7880000, 0x0000000100000000)
2015-11-12T00:51:53.730-0600: 22.658: [GC2015-11-12T00:51:53.730-0600: 22.658: [ParNew
Desired survivor size 20112992 bytes, new threshold 8 (max 8)
- age   1:     328560 bytes,     328560 total
- age   2:    1680336 bytes,    2008896 total
- age   3:    5714184 bytes,    7723080 total
- age   4:      75232 bytes,    7798312 total
- age   5:      68400 bytes,    7866712 total
- age   6:      82032 bytes,    7948744 total
- age   7:     166528 bytes,    8115272 total
- age   8:    1686264 bytes,    9801536 total
: 100957K->15316K(109248K), 0.0332250 secs] 108867K->25595K(502464K), 0.0335670 secs] [Times: user=0.09 sys=0.01, real=0.03 secs] 
Heap after GC invocations=16 (full 0):
 par new generation   total 109248K, used 15316K [0x00000000d5a00000, 0x00000000dda00000, 0x00000000dda00000)
  eden space 87424K,   0% used [0x00000000d5a00000, 0x00000000d5a00000, 0x00000000daf60000)
  from space 21824K,  70% used [0x00000000daf60000, 0x00000000dbe550e0, 0x00000000dc4b0000)
  to   space 21824K,   0% used [0x00000000dc4b0000, 0x00000000dc4b0000, 0x00000000dda00000)
 concurrent mark-sweep generation total 393216K, used 10279K [0x00000000dda00000, 0x00000000f5a00000, 0x00000000f5a00000)
 concurrent-mark-sweep perm gen total 31232K, used 31165K [0x00000000f5a00000, 0x00000000f7880000, 0x0000000100000000)
}
2015-11-12T00:51:53.764-0600: 22.692: Total time for which application threads were stopped: 0.0376720 seconds, Stopping threads took: 0.0038360 seconds
{Heap before GC invocations=16 (full 0):
 par new generation   total 109248K, used 102740K [0x00000000d5a00000, 0x00000000dda00000, 0x00000000dda00000)
  eden space 87424K, 100% used [0x00000000d5a00000, 0x00000000daf60000, 0x00000000daf60000)
  from space 21824K,  70% used [0x00000000daf60000, 0x00000000dbe550e0, 0x00000000dc4b0000)
  to   space 21824K,   0% used [0x00000000dc4b0000, 0x00000000dc4b0000, 0x00000000dda00000)
 concurrent mark-sweep generation total 393216K, used 10279K [0x00000000dda00000, 0x00000000f5a00000, 0x00000000f5a00000)
 concurrent-mark-sweep perm gen total 31232K, used 31169K [0x00000000f5a00000, 0x00000000f7880000, 0x0000000100000000)
2015-11-12T00:51:53.977-0600: 22.904: [GC2015-11-12T00:51:53.977-0600: 22.904: [ParNew
Desired survivor size 20112992 bytes, new threshold 8 (max 8)
- age   1:     693752 bytes,     693752 total
- age   2:      70464 bytes,     764216 total
- age   3:    1680336 bytes,    2444552 total
- age   4:    5714024 bytes,    8158576 total
- age   5:      75232 bytes,    8233808 total
- age   6:      68400 bytes,    8302208 total
- age   7:      82032 bytes,    8384240 total
- age   8:     166528 bytes,    8550768 total
: 102740K->11127K(109248K), 0.0489830 secs] 113019K->23062K(502464K), 0.0491810 secs] [Times: user=0.08 sys=0.00, real=0.04 secs] 
Heap after GC invocations=17 (full 0):
 par new generation   total 109248K, used 11127K [0x00000000d5a00000, 0x00000000dda00000, 0x00000000dda00000)
  eden space 87424K,   0% used [0x00000000d5a00000, 0x00000000d5a00000, 0x00000000daf60000)
  from space 21824K,  50% used [0x00000000dc4b0000, 0x00000000dcf8dea0, 0x00000000dda00000)
  to   space 21824K,   0% used [0x00000000daf60000, 0x00000000daf60000, 0x00000000dc4b0000)
 concurrent mark-sweep generation total 393216K, used 11934K [0x00000000dda00000, 0x00000000f5a00000, 0x00000000f5a00000)
 concurrent-mark-sweep perm gen total 31232K, used 31169K [0x00000000f5a00000, 0x00000000f7880000, 0x0000000100000000)
}
2015-11-12T00:51:54.026-0600: 22.954: Total time for which application threads were stopped: 0.0555930 seconds, Stopping threads took: 0.0060830 seconds
{Heap before GC invocations=17 (full 0):
 par new generation   total 109248K, used 98551K [0x00000000d5a00000, 0x00000000dda00000, 0x00000000dda00000)
  eden space 87424K, 100% used [0x00000000d5a00000, 0x00000000daf60000, 0x00000000daf60000)
  from space 21824K,  50% used [0x00000000dc4b0000, 0x00000000dcf8dea0, 0x00000000dda00000)
  to   space 21824K,   0% used [0x00000000daf60000, 0x00000000daf60000, 0x00000000dc4b0000)
 concurrent mark-sweep generation total 393216K, used 11934K [0x00000000dda00000, 0x00000000f5a00000, 0x00000000f5a00000)
 concurrent-mark-sweep perm gen total 31232K, used 31172K [0x00000000f5a00000, 0x00000000f7880000, 0x0000000100000000)
2015-11-12T00:51:54.159-0600: 23.087: [GC2015-11-12T00:51:54.159-0600: 23.087: [ParNew
Desired survivor size 20112992 bytes, new threshold 8 (max 8)
- age   1:     801384 bytes,     801384 total
- age   2:      62200 bytes,     863584 total
- age   3:      70192 bytes,     933776 total
- age   4:    1680336 bytes,    2614112 total
- age   5:    5714024 bytes,    8328136 total
- age   6:      75232 bytes,    8403368 total
- age   7:      68400 bytes,    8471768 total
- age   8:      82032 bytes,    8553800 total
: 98551K->10919K(109248K), 0.0160240 secs] 110486K->23018K(502464K), 0.0162230 secs] [Times: user=0.05 sys=0.00, real=0.02 secs] 
Heap after GC invocations=18 (full 0):
 par new generation   total 109248K, used 10919K [0x00000000d5a00000, 0x00000000dda00000, 0x00000000dda00000)
  eden space 87424K,   0% used [0x00000000d5a00000, 0x00000000d5a00000, 0x00000000daf60000)
  from space 21824K,  50% used [0x00000000daf60000, 0x00000000dba09dd0, 0x00000000dc4b0000)
  to   space 21824K,   0% used [0x00000000dc4b0000, 0x00000000dc4b0000, 0x00000000dda00000)
 concurrent mark-sweep generation total 393216K, used 12099K [0x00000000dda00000, 0x00000000f5a00000, 0x00000000f5a00000)
 concurrent-mark-sweep perm gen total 31232K, used 31172K [0x00000000f5a00000, 0x00000000f7880000, 0x0000000100000000)
}
2015-11-12T00:51:54.175-0600: 23.103: Total time for which application threads were stopped: 0.0168380 seconds, Stopping threads took: 0.0003380 seconds
2015-11-12T00:51:54.492-0600: 23.419: Total time for which application threads were stopped: 0.0001470 seconds, Stopping threads took: 0.0000390 seconds
2015-11-12T00:51:54.497-0600: 23.425: Total time for which application threads were stopped: 0.0001160 seconds, Stopping threads took: 0.0000580 seconds
2015-11-12T00:51:54.510-0600: 23.437: Total time for which application threads were stopped: 0.0001060 seconds, Stopping threads took: 0.0000330 seconds
2015-11-12T00:51:54.512-0600: 23.440: Total time for which application threads were stopped: 0.0002000 seconds, Stopping threads took: 0.0001320 seconds
2015-11-12T00:51:54.517-0600: 23.444: Total time for which application threads were stopped: 0.0001000 seconds, Stopping threads took: 0.0000490 seconds
2015-11-12T00:51:54.518-0600: 23.446: Total time for which application threads were stopped: 0.0001150 seconds, Stopping threads took: 0.0000700 seconds
2015-11-12T00:51:54.518-0600: 23.446: Total time for which application threads were stopped: 0.0001250 seconds, Stopping threads took: 0.0000640 seconds
2015-11-12T00:51:54.518-0600: 23.446: Total time for which application threads were stopped: 0.0000700 seconds, Stopping threads took: 0.0000440 seconds
2015-11-12T00:51:54.518-0600: 23.446: Total time for which application threads were stopped: 0.0000620 seconds, Stopping threads took: 0.0000390 seconds
2015-11-12T00:51:54.518-0600: 23.446: Total time for which application threads were stopped: 0.0000510 seconds, Stopping threads took: 0.0000290 seconds
2015-11-12T00:51:54.519-0600: 23.446: Total time for which application threads were stopped: 0.0000490 seconds, Stopping threads took: 0.0000260 seconds
2015-11-12T00:51:54.529-0600: 23.457: Total time for which application threads were stopped: 0.0001260 seconds, Stopping threads took: 0.0000700 seconds
2015-11-12T00:51:54.531-0600: 23.459: Total time for which application threads were stopped: 0.0000990 seconds, Stopping threads took: 0.0000640 seconds
2015-11-12T00:51:54.531-0600: 23.459: Total time for which application threads were stopped: 0.0001010 seconds, Stopping threads took: 0.0000730 seconds
2015-11-12T00:51:54.532-0600: 23.460: Total time for which application threads were stopped: 0.0001020 seconds, Stopping threads took: 0.0000720 seconds
2015-11-12T00:51:54.532-0600: 23.460: Total time for which application threads were stopped: 0.0001100 seconds, Stopping threads took: 0.0000840 seconds
2015-11-12T00:51:54.533-0600: 23.461: Total time for which application threads were stopped: 0.0000610 seconds, Stopping threads took: 0.0000280 seconds
2015-11-12T00:51:54.533-0600: 23.461: Total time for which application threads were stopped: 0.0000450 seconds, Stopping threads took: 0.0000150 seconds
2015-11-12T00:51:54.533-0600: 23.461: Total time for which application threads were stopped: 0.0000560 seconds, Stopping threads took: 0.0000290 seconds
2015-11-12T00:51:54.533-0600: 23.461: Total time for which application threads were stopped: 0.0000540 seconds, Stopping threads took: 0.0000320 seconds
2015-11-12T00:51:54.533-0600: 23.461: Total time for which application threads were stopped: 0.0000300 seconds, Stopping threads took: 0.0000110 seconds
2015-11-12T00:51:54.533-0600: 23.461: Total time for which application threads were stopped: 0.0000340 seconds, Stopping threads took: 0.0000100 seconds
2015-11-12T00:51:54.533-0600: 23.461: Total time for which application threads were stopped: 0.0000330 seconds, Stopping threads took: 0.0000130 seconds
2015-11-12T00:51:54.533-0600: 23.461: Total time for which application threads were stopped: 0.0000340 seconds, Stopping threads took: 0.0000110 seconds
2015-11-12T00:51:54.534-0600: 23.461: Total time for which application threads were stopped: 0.0000340 seconds, Stopping threads took: 0.0000110 seconds
2015-11-12T00:51:54.534-0600: 23.461: Total time for which application threads were stopped: 0.0000290 seconds, Stopping threads took: 0.0000110 seconds
2015-11-12T00:51:54.534-0600: 23.461: Total time for which application threads were stopped: 0.0000440 seconds, Stopping threads took: 0.0000230 seconds
2015-11-12T00:51:54.534-0600: 23.462: Total time for which application threads were stopped: 0.0000490 seconds, Stopping threads took: 0.0000270 seconds
2015-11-12T00:51:54.534-0600: 23.462: Total time for which application threads were stopped: 0.0000570 seconds, Stopping threads took: 0.0000370 seconds
2015-11-12T00:51:54.534-0600: 23.462: Total time for which application threads were stopped: 0.0000490 seconds, Stopping threads took: 0.0000280 seconds
2015-11-12T00:51:54.534-0600: 23.462: Total time for which application threads were stopped: 0.0000460 seconds, Stopping threads took: 0.0000260 seconds
2015-11-12T00:51:54.534-0600: 23.462: Total time for which application threads were stopped: 0.0001770 seconds, Stopping threads took: 0.0000260 seconds
2015-11-12T00:51:54.542-0600: 23.470: Total time for which application threads were stopped: 0.0001650 seconds, Stopping threads took: 0.0000310 seconds
2015-11-12T00:51:54.543-0600: 23.470: Total time for which application threads were stopped: 0.0001980 seconds, Stopping threads took: 0.0001100 seconds
2015-11-12T00:51:54.554-0600: 23.482: Total time for which application threads were stopped: 0.0013120 seconds, Stopping threads took: 0.0012560 seconds
2015-11-12T00:51:54.556-0600: 23.484: Total time for which application threads were stopped: 0.0000470 seconds, Stopping threads took: 0.0000150 seconds
2015-11-12T00:51:54.559-0600: 23.487: Total time for which application threads were stopped: 0.0000460 seconds, Stopping threads took: 0.0000160 seconds
2015-11-12T00:51:54.559-0600: 23.487: Total time for which application threads were stopped: 0.0000430 seconds, Stopping threads took: 0.0000210 seconds
2015-11-12T00:51:54.564-0600: 23.491: Total time for which application threads were stopped: 0.0001090 seconds, Stopping threads took: 0.0000680 seconds
2015-11-12T00:51:54.639-0600: 23.567: Total time for which application threads were stopped: 0.0002590 seconds, Stopping threads took: 0.0000990 seconds
2015-11-12T00:51:54.640-0600: 23.568: Total time for which application threads were stopped: 0.0003360 seconds, Stopping threads took: 0.0001900 seconds
2015-11-12T00:51:57.184-0600: 26.111: Total time for which application threads were stopped: 0.0001780 seconds, Stopping threads took: 0.0000330 seconds
2015-11-12T00:51:57.184-0600: 26.112: Total time for which application threads were stopped: 0.0000740 seconds, Stopping threads took: 0.0000210 seconds
2015-11-12T00:51:57.185-0600: 26.113: Total time for which application threads were stopped: 0.0000700 seconds, Stopping threads took: 0.0000230 seconds
2015-11-12T00:51:57.187-0600: 26.115: Total time for which application threads were stopped: 0.0000770 seconds, Stopping threads took: 0.0000310 seconds
2015-11-12T00:51:57.200-0600: 26.128: Total time for which application threads were stopped: 0.0000750 seconds, Stopping threads took: 0.0000280 seconds
2015-11-12T00:51:57.201-0600: 26.129: Total time for which application threads were stopped: 0.0000550 seconds, Stopping threads took: 0.0000190 seconds
2015-11-12T00:51:57.215-0600: 26.143: Total time for which application threads were stopped: 0.0000810 seconds, Stopping threads took: 0.0000260 seconds
2015-11-12T00:51:58.244-0600: 27.172: Total time for which application threads were stopped: 0.0003910 seconds, Stopping threads took: 0.0000420 seconds
2015-11-12T00:51:58.247-0600: 27.175: Total time for which application threads were stopped: 0.0000910 seconds, Stopping threads took: 0.0000300 seconds
2015-11-12T00:51:58.248-0600: 27.176: Total time for which application threads were stopped: 0.0000590 seconds, Stopping threads took: 0.0000190 seconds
2015-11-12T00:51:58.248-0600: 27.176: Total time for which application threads were stopped: 0.0000470 seconds, Stopping threads took: 0.0000230 seconds
2015-11-12T00:51:58.249-0600: 27.177: Total time for which application threads were stopped: 0.0000410 seconds, Stopping threads took: 0.0000120 seconds
2015-11-12T00:51:58.421-0600: 27.349: Total time for which application threads were stopped: 0.0000900 seconds, Stopping threads took: 0.0000230 seconds
2015-11-12T00:51:59.422-0600: 28.350: Total time for which application threads were stopped: 0.0005150 seconds, Stopping threads took: 0.0000680 seconds
2015-11-12T00:52:36.450-0600: 65.378: Total time for which application threads were stopped: 0.0004420 seconds, Stopping threads took: 0.0001080 seconds
2015-11-12T00:52:40.451-0600: 69.378: Total time for which application threads were stopped: 0.0004570 seconds, Stopping threads took: 0.0001160 seconds
2015-11-12T00:54:43.558-0600: 192.486: Total time for which application threads were stopped: 0.0068540 seconds, Stopping threads took: 0.0066510 seconds
2015-11-12T00:54:43.565-0600: 192.493: Total time for which application threads were stopped: 0.0025150 seconds, Stopping threads took: 0.0024270 seconds
2015-11-12T00:54:43.588-0600: 192.516: Total time for which application threads were stopped: 0.0001100 seconds, Stopping threads took: 0.0000440 seconds
2015-11-12T00:54:43.673-0600: 192.600: Total time for which application threads were stopped: 0.0061690 seconds, Stopping threads took: 0.0060740 seconds
2015-11-12T00:54:43.679-0600: 192.607: Total time for which application threads were stopped: 0.0001190 seconds, Stopping threads took: 0.0000560 seconds
{Heap before GC invocations=18 (full 0):
 par new generation   total 109248K, used 98343K [0x00000000d5a00000, 0x00000000dda00000, 0x00000000dda00000)
  eden space 87424K, 100% used [0x00000000d5a00000, 0x00000000daf60000, 0x00000000daf60000)
  from space 21824K,  50% used [0x00000000daf60000, 0x00000000dba09dd0, 0x00000000dc4b0000)
  to   space 21824K,   0% used [0x00000000dc4b0000, 0x00000000dc4b0000, 0x00000000dda00000)
 concurrent mark-sweep generation total 393216K, used 12099K [0x00000000dda00000, 0x00000000f5a00000, 0x00000000f5a00000)
 concurrent-mark-sweep perm gen total 32960K, used 32756K [0x00000000f5a00000, 0x00000000f7a30000, 0x0000000100000000)
2015-11-12T00:54:43.721-0600: 192.649: [GC2015-11-12T00:54:43.722-0600: 192.649: [ParNew
Desired survivor size 20112992 bytes, new threshold 8 (max 8)
- age   1:    5892048 bytes,    5892048 total
- age   2:      76512 bytes,    5968560 total
- age   3:      61072 bytes,    6029632 total
- age   4:      69160 bytes,    6098792 total
- age   5:     192896 bytes,    6291688 total
- age   6:    2512328 bytes,    8804016 total
- age   7:      74960 bytes,    8878976 total
- age   8:      68400 bytes,    8947376 total
: 98343K->10561K(109248K), 0.0175770 secs] 110442K->22742K(502464K), 0.0177810 secs] [Times: user=0.06 sys=0.00, real=0.02 secs] 
Heap after GC invocations=19 (full 0):
 par new generation   total 109248K, used 10561K [0x00000000d5a00000, 0x00000000dda00000, 0x00000000dda00000)
  eden space 87424K,   0% used [0x00000000d5a00000, 0x00000000d5a00000, 0x00000000daf60000)
  from space 21824K,  48% used [0x00000000dc4b0000, 0x00000000dcf00460, 0x00000000dda00000)
  to   space 21824K,   0% used [0x00000000daf60000, 0x00000000daf60000, 0x00000000dc4b0000)
 concurrent mark-sweep generation total 393216K, used 12181K [0x00000000dda00000, 0x00000000f5a00000, 0x00000000f5a00000)
 concurrent-mark-sweep perm gen total 32960K, used 32756K [0x00000000f5a00000, 0x00000000f7a30000, 0x0000000100000000)
}
2015-11-12T00:54:43.739-0600: 192.667: Total time for which application threads were stopped: 0.0180320 seconds, Stopping threads took: 0.0000370 seconds
2015-11-12T00:54:43.779-0600: 192.707: Total time for which application threads were stopped: 0.0001650 seconds, Stopping threads took: 0.0000390 seconds
2015-11-12T00:54:43.799-0600: 192.727: Total time for which application threads were stopped: 0.0009950 seconds, Stopping threads took: 0.0009160 seconds
2015-11-12T00:54:43.803-0600: 192.731: Total time for which application threads were stopped: 0.0007180 seconds, Stopping threads took: 0.0005920 seconds
2015-11-12T00:54:43.866-0600: 192.794: Total time for which application threads were stopped: 0.0121700 seconds, Stopping threads took: 0.0120570 seconds
2015-11-12T00:54:43.879-0600: 192.807: Total time for which application threads were stopped: 0.0002380 seconds, Stopping threads took: 0.0001410 seconds
2015-11-12T00:54:44.015-0600: 192.943: Total time for which application threads were stopped: 0.0213510 seconds, Stopping threads took: 0.0212470 seconds
2015-11-12T00:54:44.097-0600: 193.024: Total time for which application threads were stopped: 0.0200840 seconds, Stopping threads took: 0.0198830 seconds
2015-11-12T00:54:44.214-0600: 193.142: Total time for which application threads were stopped: 0.0016660 seconds, Stopping threads took: 0.0015380 seconds
2015-11-12T00:54:44.225-0600: 193.153: Total time for which application threads were stopped: 0.0059810 seconds, Stopping threads took: 0.0058920 seconds
2015-11-12T00:54:44.266-0600: 193.194: Total time for which application threads were stopped: 0.0055770 seconds, Stopping threads took: 0.0054740 seconds
2015-11-12T00:54:44.290-0600: 193.218: Total time for which application threads were stopped: 0.0037990 seconds, Stopping threads took: 0.0036140 seconds
2015-11-12T00:54:44.310-0600: 193.238: Total time for which application threads were stopped: 0.0039000 seconds, Stopping threads took: 0.0037900 seconds
2015-11-12T00:54:44.330-0600: 193.258: Total time for which application threads were stopped: 0.0058570 seconds, Stopping threads took: 0.0057540 seconds
2015-11-12T00:54:44.370-0600: 193.298: Total time for which application threads were stopped: 0.0049240 seconds, Stopping threads took: 0.0046700 seconds
{Heap before GC invocations=19 (full 0):
 par new generation   total 109248K, used 97985K [0x00000000d5a00000, 0x00000000dda00000, 0x00000000dda00000)
  eden space 87424K, 100% used [0x00000000d5a00000, 0x00000000daf60000, 0x00000000daf60000)
  from space 21824K,  48% used [0x00000000dc4b0000, 0x00000000dcf00460, 0x00000000dda00000)
  to   space 21824K,   0% used [0x00000000daf60000, 0x00000000daf60000, 0x00000000dc4b0000)
 concurrent mark-sweep generation total 393216K, used 12181K [0x00000000dda00000, 0x00000000f5a00000, 0x00000000f5a00000)
 concurrent-mark-sweep perm gen total 33344K, used 33277K [0x00000000f5a00000, 0x00000000f7a90000, 0x0000000100000000)
2015-11-12T00:54:44.507-0600: 193.435: [GC2015-11-12T00:54:44.507-0600: 193.435: [ParNew
Desired survivor size 20112992 bytes, new threshold 8 (max 8)
- age   1:    7924176 bytes,    7924176 total
- age   2:    4574848 bytes,   12499024 total
- age   3:      76512 bytes,   12575536 total
- age   4:      61072 bytes,   12636608 total
- age   5:      69160 bytes,   12705768 total
- age   6:     192744 bytes,   12898512 total
- age   7:    2499880 bytes,   15398392 total
- age   8:      74960 bytes,   15473352 total
: 97985K->19297K(109248K), 0.0705480 secs] 110166K->31547K(502464K), 0.0707590 secs] [Times: user=0.13 sys=0.00, real=0.07 secs] 
Heap after GC invocations=20 (full 0):
 par new generation   total 109248K, used 19297K [0x00000000d5a00000, 0x00000000dda00000, 0x00000000dda00000)
  eden space 87424K,   0% used [0x00000000d5a00000, 0x00000000d5a00000, 0x00000000daf60000)
  from space 21824K,  88% used [0x00000000daf60000, 0x00000000dc238470, 0x00000000dc4b0000)
  to   space 21824K,   0% used [0x00000000dc4b0000, 0x00000000dc4b0000, 0x00000000dda00000)
 concurrent mark-sweep generation total 393216K, used 12250K [0x00000000dda00000, 0x00000000f5a00000, 0x00000000f5a00000)
 concurrent-mark-sweep perm gen total 33344K, used 33277K [0x00000000f5a00000, 0x00000000f7a90000, 0x0000000100000000)
}
2015-11-12T00:54:44.578-0600: 193.506: Total time for which application threads were stopped: 0.0710900 seconds, Stopping threads took: 0.0001060 seconds
{Heap before GC invocations=20 (full 0):
 par new generation   total 109248K, used 106721K [0x00000000d5a00000, 0x00000000dda00000, 0x00000000dda00000)
  eden space 87424K, 100% used [0x00000000d5a00000, 0x00000000daf60000, 0x00000000daf60000)
  from space 21824K,  88% used [0x00000000daf60000, 0x00000000dc238470, 0x00000000dc4b0000)
  to   space 21824K,   0% used [0x00000000dc4b0000, 0x00000000dc4b0000, 0x00000000dda00000)
 concurrent mark-sweep generation total 393216K, used 12250K [0x00000000dda00000, 0x00000000f5a00000, 0x00000000f5a00000)
 concurrent-mark-sweep perm gen total 33344K, used 33291K [0x00000000f5a00000, 0x00000000f7a90000, 0x0000000100000000)
2015-11-12T00:54:44.818-0600: 193.746: [GC2015-11-12T00:54:44.818-0600: 193.746: [ParNew
Desired survivor size 20112992 bytes, new threshold 8 (max 8)
- age   1:     696656 bytes,     696656 total
- age   2:    6803760 bytes,    7500416 total
- age   3:    4574848 bytes,   12075264 total
- age   4:      76512 bytes,   12151776 total
- age   5:      61072 bytes,   12212848 total
- age   6:      69160 bytes,   12282008 total
- age   7:     192744 bytes,   12474752 total
- age   8:    2499880 bytes,   14974632 total
: 106721K->19058K(109248K), 0.0695220 secs] 118971K->31383K(502464K), 0.0697360 secs] [Times: user=0.12 sys=0.00, real=0.07 secs] 
Heap after GC invocations=21 (full 0):
 par new generation   total 109248K, used 19058K [0x00000000d5a00000, 0x00000000dda00000, 0x00000000dda00000)
  eden space 87424K,   0% used [0x00000000d5a00000, 0x00000000d5a00000, 0x00000000daf60000)
  from space 21824K,  87% used [0x00000000dc4b0000, 0x00000000dd74c880, 0x00000000dda00000)
  to   space 21824K,   0% used [0x00000000daf60000, 0x00000000daf60000, 0x00000000dc4b0000)
 concurrent mark-sweep generation total 393216K, used 12325K [0x00000000dda00000, 0x00000000f5a00000, 0x00000000f5a00000)
 concurrent-mark-sweep perm gen total 33344K, used 33291K [0x00000000f5a00000, 0x00000000f7a90000, 0x0000000100000000)
}
2015-11-12T00:54:44.888-0600: 193.816: Total time for which application threads were stopped: 0.0789670 seconds, Stopping threads took: 0.0088410 seconds
{Heap before GC invocations=21 (full 0):
 par new generation   total 109248K, used 106474K [0x00000000d5a00000, 0x00000000dda00000, 0x00000000dda00000)
  eden space 87424K,  99% used [0x00000000d5a00000, 0x00000000daf5e2d0, 0x00000000daf60000)
  from space 21824K,  87% used [0x00000000dc4b0000, 0x00000000dd74c880, 0x00000000dda00000)
  to   space 21824K,   0% used [0x00000000daf60000, 0x00000000daf60000, 0x00000000dc4b0000)
 concurrent mark-sweep generation total 393216K, used 12325K [0x00000000dda00000, 0x00000000f5a00000, 0x00000000f5a00000)
 concurrent-mark-sweep perm gen total 33536K, used 33321K [0x00000000f5a00000, 0x00000000f7ac0000, 0x0000000100000000)
2015-11-12T00:54:45.250-0600: 194.178: [GC2015-11-12T00:54:45.251-0600: 194.178: [ParNew
Desired survivor size 20112992 bytes, new threshold 8 (max 8)
- age   1:    1043752 bytes,    1043752 total
- age   2:      65592 bytes,    1109344 total
- age   3:    6801608 bytes,    7910952 total
- age   4:    4574824 bytes,   12485776 total
- age   5:      76512 bytes,   12562288 total
- age   6:      61072 bytes,   12623360 total
- age   7:      69160 bytes,   12692520 total
- age   8:     192744 bytes,   12885264 total
: 106474K->14888K(109248K), 0.0774300 secs] 118800K->29671K(502464K), 0.0776770 secs] [Times: user=0.14 sys=0.01, real=0.08 secs] 
Heap after GC invocations=22 (full 0):
 par new generation   total 109248K, used 14888K [0x00000000d5a00000, 0x00000000dda00000, 0x00000000dda00000)
  eden space 87424K,   0% used [0x00000000d5a00000, 0x00000000d5a00000, 0x00000000daf60000)
  from space 21824K,  68% used [0x00000000daf60000, 0x00000000dbdea0d0, 0x00000000dc4b0000)
  to   space 21824K,   0% used [0x00000000dc4b0000, 0x00000000dc4b0000, 0x00000000dda00000)
 concurrent mark-sweep generation total 393216K, used 14782K [0x00000000dda00000, 0x00000000f5a00000, 0x00000000f5a00000)
 concurrent-mark-sweep perm gen total 33536K, used 33321K [0x00000000f5a00000, 0x00000000f7ac0000, 0x0000000100000000)
}
2015-11-12T00:54:45.328-0600: 194.256: Total time for which application threads were stopped: 0.0780750 seconds, Stopping threads took: 0.0000470 seconds
2015-11-12T00:54:45.402-0600: 194.330: Total time for which application threads were stopped: 0.0076850 seconds, Stopping threads took: 0.0074640 seconds
2015-11-12T00:54:45.486-0600: 194.414: Total time for which application threads were stopped: 0.0114420 seconds, Stopping threads took: 0.0113570 seconds
{Heap before GC invocations=22 (full 0):
 par new generation   total 109248K, used 102312K [0x00000000d5a00000, 0x00000000dda00000, 0x00000000dda00000)
  eden space 87424K, 100% used [0x00000000d5a00000, 0x00000000daf60000, 0x00000000daf60000)
  from space 21824K,  68% used [0x00000000daf60000, 0x00000000dbdea0d0, 0x00000000dc4b0000)
  to   space 21824K,   0% used [0x00000000dc4b0000, 0x00000000dc4b0000, 0x00000000dda00000)
 concurrent mark-sweep generation total 393216K, used 14782K [0x00000000dda00000, 0x00000000f5a00000, 0x00000000f5a00000)
 concurrent-mark-sweep perm gen total 33536K, used 33431K [0x00000000f5a00000, 0x00000000f7ac0000, 0x0000000100000000)
2015-11-12T00:54:45.756-0600: 194.684: [GC2015-11-12T00:54:45.756-0600: 194.684: [ParNew
Desired survivor size 20112992 bytes, new threshold 8 (max 8)
- age   1:    1193560 bytes,    1193560 total
- age   2:      96504 bytes,    1290064 total
- age   3:      65016 bytes,    1355080 total
- age   4:    6796920 bytes,    8152000 total
- age   5:    4484976 bytes,   12636976 total
- age   6:      76512 bytes,   12713488 total
- age   7:      61072 bytes,   12774560 total
- age   8:      69160 bytes,   12843720 total
: 102312K->18789K(109248K), 0.1218380 secs] 117095K->33762K(502464K), 0.1220170 secs] [Times: user=0.13 sys=0.01, real=0.12 secs] 
Heap after GC invocations=23 (full 0):
 par new generation   total 109248K, used 18789K [0x00000000d5a00000, 0x00000000dda00000, 0x00000000dda00000)
  eden space 87424K,   0% used [0x00000000d5a00000, 0x00000000d5a00000, 0x00000000daf60000)
  from space 21824K,  86% used [0x00000000dc4b0000, 0x00000000dd709400, 0x00000000dda00000)
  to   space 21824K,   0% used [0x00000000daf60000, 0x00000000daf60000, 0x00000000dc4b0000)
 concurrent mark-sweep generation total 393216K, used 14973K [0x00000000dda00000, 0x00000000f5a00000, 0x00000000f5a00000)
 concurrent-mark-sweep perm gen total 33536K, used 33431K [0x00000000f5a00000, 0x00000000f7ac0000, 0x0000000100000000)
}
2015-11-12T00:54:45.878-0600: 194.806: Total time for which application threads were stopped: 0.1356110 seconds, Stopping threads took: 0.0132460 seconds
{Heap before GC invocations=23 (full 0):
 par new generation   total 109248K, used 106211K [0x00000000d5a00000, 0x00000000dda00000, 0x00000000dda00000)
  eden space 87424K,  99% used [0x00000000d5a00000, 0x00000000daf5fbe0, 0x00000000daf60000)
  from space 21824K,  86% used [0x00000000dc4b0000, 0x00000000dd709400, 0x00000000dda00000)
  to   space 21824K,   0% used [0x00000000daf60000, 0x00000000daf60000, 0x00000000dc4b0000)
 concurrent mark-sweep generation total 393216K, used 14973K [0x00000000dda00000, 0x00000000f5a00000, 0x00000000f5a00000)
 concurrent-mark-sweep perm gen total 33536K, used 33441K [0x00000000f5a00000, 0x00000000f7ac0000, 0x0000000100000000)
2015-11-12T00:54:46.316-0600: 195.243: [GC2015-11-12T00:54:46.316-0600: 195.244: [ParNew
Desired survivor size 20112992 bytes, new threshold 8 (max 8)
- age   1:    1467760 bytes,    1467760 total
- age   2:     284168 bytes,    1751928 total
- age   3:      96048 bytes,    1847976 total
- age   4:      65016 bytes,    1912992 total
- age   5:    6796920 bytes,    8709912 total
- age   6:    4476664 bytes,   13186576 total
- age   7:      76512 bytes,   13263088 total
- age   8:      61072 bytes,   13324160 total
: 106211K->18043K(109248K), 0.0495910 secs] 121185K->33086K(502464K), 0.0499890 secs] [Times: user=0.11 sys=0.00, real=0.04 secs] 
Heap after GC invocations=24 (full 0):
 par new generation   total 109248K, used 18043K [0x00000000d5a00000, 0x00000000dda00000, 0x00000000dda00000)
  eden space 87424K,   0% used [0x00000000d5a00000, 0x00000000d5a00000, 0x00000000daf60000)
  from space 21824K,  82% used [0x00000000daf60000, 0x00000000dc0fed78, 0x00000000dc4b0000)
  to   space 21824K,   0% used [0x00000000dc4b0000, 0x00000000dc4b0000, 0x00000000dda00000)
 concurrent mark-sweep generation total 393216K, used 15042K [0x00000000dda00000, 0x00000000f5a00000, 0x00000000f5a00000)
 concurrent-mark-sweep perm gen total 33536K, used 33441K [0x00000000f5a00000, 0x00000000f7ac0000, 0x0000000100000000)
}
2015-11-12T00:54:46.366-0600: 195.294: Total time for which application threads were stopped: 0.0574430 seconds, Stopping threads took: 0.0070450 seconds
{Heap before GC invocations=24 (full 0):
 par new generation   total 109248K, used 105467K [0x00000000d5a00000, 0x00000000dda00000, 0x00000000dda00000)
  eden space 87424K, 100% used [0x00000000d5a00000, 0x00000000daf60000, 0x00000000daf60000)
  from space 21824K,  82% used [0x00000000daf60000, 0x00000000dc0fed78, 0x00000000dc4b0000)
  to   space 21824K,   0% used [0x00000000dc4b0000, 0x00000000dc4b0000, 0x00000000dda00000)
 concurrent mark-sweep generation total 393216K, used 15042K [0x00000000dda00000, 0x00000000f5a00000, 0x00000000f5a00000)
 concurrent-mark-sweep perm gen total 33536K, used 33451K [0x00000000f5a00000, 0x00000000f7ac0000, 0x0000000100000000)
2015-11-12T00:54:46.858-0600: 195.786: [GC2015-11-12T00:54:46.858-0600: 195.786: [ParNew
Desired survivor size 20112992 bytes, new threshold 8 (max 8)
- age   1:    2140128 bytes,    2140128 total
- age   2:      83160 bytes,    2223288 total
- age   3:     284168 bytes,    2507456 total
- age   4:      96048 bytes,    2603504 total
- age   5:      65016 bytes,    2668520 total
- age   6:    6796920 bytes,    9465440 total
- age   7:    4542232 bytes,   14007672 total
- age   8:      76512 bytes,   14084184 total
: 105467K->15285K(109248K), 0.0506150 secs] 120510K->30389K(502464K), 0.0507890 secs] [Times: user=0.08 sys=0.00, real=0.05 secs] 
Heap after GC invocations=25 (full 0):
 par new generation   total 109248K, used 15285K [0x00000000d5a00000, 0x00000000dda00000, 0x00000000dda00000)
  eden space 87424K,   0% used [0x00000000d5a00000, 0x00000000d5a00000, 0x00000000daf60000)
  from space 21824K,  70% used [0x00000000dc4b0000, 0x00000000dd39d648, 0x00000000dda00000)
  to   space 21824K,   0% used [0x00000000daf60000, 0x00000000daf60000, 0x00000000dc4b0000)
 concurrent mark-sweep generation total 393216K, used 15104K [0x00000000dda00000, 0x00000000f5a00000, 0x00000000f5a00000)
 concurrent-mark-sweep perm gen total 33536K, used 33451K [0x00000000f5a00000, 0x00000000f7ac0000, 0x0000000100000000)
}
2015-11-12T00:54:46.909-0600: 195.837: Total time for which application threads were stopped: 0.0542610 seconds, Stopping threads took: 0.0030660 seconds
{Heap before GC invocations=25 (full 0):
 par new generation   total 109248K, used 102708K [0x00000000d5a00000, 0x00000000dda00000, 0x00000000dda00000)
  eden space 87424K,  99% used [0x00000000d5a00000, 0x00000000daf5fa28, 0x00000000daf60000)
  from space 21824K,  70% used [0x00000000dc4b0000, 0x00000000dd39d648, 0x00000000dda00000)
  to   space 21824K,   0% used [0x00000000daf60000, 0x00000000daf60000, 0x00000000dc4b0000)
 concurrent mark-sweep generation total 393216K, used 15104K [0x00000000dda00000, 0x00000000f5a00000, 0x00000000f5a00000)
 concurrent-mark-sweep perm gen total 33536K, used 33452K [0x00000000f5a00000, 0x00000000f7ac0000, 0x0000000100000000)
2015-11-12T00:54:47.427-0600: 196.354: [GC2015-11-12T00:54:47.427-0600: 196.354: [ParNew
Desired survivor size 20112992 bytes, new threshold 8 (max 8)
- age   1:    1564616 bytes,    1564616 total
- age   2:     125808 bytes,    1690424 total
- age   3:      83160 bytes,    1773584 total
- age   4:     284168 bytes,    2057752 total
- age   5:      96048 bytes,    2153800 total
- age   6:      65016 bytes,    2218816 total
- age   7:    6796920 bytes,    9015736 total
- age   8:    4476664 bytes,   13492400 total
: 102708K->19837K(109248K), 0.0403780 secs] 117812K->35018K(502464K), 0.0405420 secs] [Times: user=0.08 sys=0.00, real=0.04 secs] 
Heap after GC invocations=26 (full 0):
 par new generation   total 109248K, used 19837K [0x00000000d5a00000, 0x00000000dda00000, 0x00000000dda00000)
  eden space 87424K,   0% used [0x00000000d5a00000, 0x00000000d5a00000, 0x00000000daf60000)
  from space 21824K,  90% used [0x00000000daf60000, 0x00000000dc2bf560, 0x00000000dc4b0000)
  to   space 21824K,   0% used [0x00000000dc4b0000, 0x00000000dc4b0000, 0x00000000dda00000)
 concurrent mark-sweep generation total 393216K, used 15180K [0x00000000dda00000, 0x00000000f5a00000, 0x00000000f5a00000)
 concurrent-mark-sweep perm gen total 33536K, used 33452K [0x00000000f5a00000, 0x00000000f7ac0000, 0x0000000100000000)
}
2015-11-12T00:54:47.467-0600: 196.395: Total time for which application threads were stopped: 0.0414520 seconds, Stopping threads took: 0.0005390 seconds
{Heap before GC invocations=26 (full 0):
 par new generation   total 109248K, used 107261K [0x00000000d5a00000, 0x00000000dda00000, 0x00000000dda00000)
  eden space 87424K, 100% used [0x00000000d5a00000, 0x00000000daf60000, 0x00000000daf60000)
  from space 21824K,  90% used [0x00000000daf60000, 0x00000000dc2bf560, 0x00000000dc4b0000)
  to   space 21824K,   0% used [0x00000000dc4b0000, 0x00000000dc4b0000, 0x00000000dda00000)
 concurrent mark-sweep generation total 393216K, used 15180K [0x00000000dda00000, 0x00000000f5a00000, 0x00000000f5a00000)
 concurrent-mark-sweep perm gen total 33536K, used 33459K [0x00000000f5a00000, 0x00000000f7ac0000, 0x0000000100000000)
2015-11-12T00:54:47.666-0600: 196.594: [GC2015-11-12T00:54:47.666-0600: 196.594: [ParNew
Desired survivor size 20112992 bytes, new threshold 8 (max 8)
- age   1:     651864 bytes,     651864 total
- age   2:      88776 bytes,     740640 total
- age   3:     125808 bytes,     866448 total
- age   4:      82080 bytes,     948528 total
- age   5:     283080 bytes,    1231608 total
- age   6:      95776 bytes,    1327384 total
- age   7:      65016 bytes,    1392400 total
- age   8:    6796920 bytes,    8189320 total
: 107261K->11403K(109248K), 0.0889870 secs] 122442K->30969K(502464K), 0.0892000 secs] [Times: user=0.14 sys=0.00, real=0.10 secs] 
Heap after GC invocations=27 (full 0):
 par new generation   total 109248K, used 11403K [0x00000000d5a00000, 0x00000000dda00000, 0x00000000dda00000)
  eden space 87424K,   0% used [0x00000000d5a00000, 0x00000000d5a00000, 0x00000000daf60000)
  from space 21824K,  52% used [0x00000000dc4b0000, 0x00000000dcfd2f80, 0x00000000dda00000)
  to   space 21824K,   0% used [0x00000000daf60000, 0x00000000daf60000, 0x00000000dc4b0000)
 concurrent mark-sweep generation total 393216K, used 19566K [0x00000000dda00000, 0x00000000f5a00000, 0x00000000f5a00000)
 concurrent-mark-sweep perm gen total 33536K, used 33459K [0x00000000f5a00000, 0x00000000f7ac0000, 0x0000000100000000)
}
2015-11-12T00:54:47.755-0600: 196.683: Total time for which application threads were stopped: 0.0895250 seconds, Stopping threads took: 0.0000910 seconds
{Heap before GC invocations=27 (full 0):
 par new generation   total 109248K, used 98827K [0x00000000d5a00000, 0x00000000dda00000, 0x00000000dda00000)
  eden space 87424K, 100% used [0x00000000d5a00000, 0x00000000daf60000, 0x00000000daf60000)
  from space 21824K,  52% used [0x00000000dc4b0000, 0x00000000dcfd2f80, 0x00000000dda00000)
  to   space 21824K,   0% used [0x00000000daf60000, 0x00000000daf60000, 0x00000000dc4b0000)
 concurrent mark-sweep generation total 393216K, used 19566K [0x00000000dda00000, 0x00000000f5a00000, 0x00000000f5a00000)
 concurrent-mark-sweep perm gen total 33536K, used 33461K [0x00000000f5a00000, 0x00000000f7ac0000, 0x0000000100000000)
2015-11-12T00:54:47.935-0600: 196.863: [GC2015-11-12T00:54:47.935-0600: 196.863: [ParNew
Desired survivor size 20112992 bytes, new threshold 8 (max 8)
- age   1:    1364600 bytes,    1364600 total
- age   2:      88488 bytes,    1453088 total
- age   3:      88776 bytes,    1541864 total
- age   4:     125808 bytes,    1667672 total
- age   5:      81864 bytes,    1749536 total
- age   6:     282808 bytes,    2032344 total
- age   7:      95776 bytes,    2128120 total
- age   8:      65016 bytes,    2193136 total
: 98827K->3466K(109248K), 0.0518670 secs] 118393K->29776K(502464K), 0.0520650 secs] [Times: user=0.06 sys=0.00, real=0.05 secs] 
Heap after GC invocations=28 (full 0):
 par new generation   total 109248K, used 3466K [0x00000000d5a00000, 0x00000000dda00000, 0x00000000dda00000)
  eden space 87424K,   0% used [0x00000000d5a00000, 0x00000000d5a00000, 0x00000000daf60000)
  from space 21824K,  15% used [0x00000000daf60000, 0x00000000db2c2bf8, 0x00000000dc4b0000)
  to   space 21824K,   0% used [0x00000000dc4b0000, 0x00000000dc4b0000, 0x00000000dda00000)
 concurrent mark-sweep generation total 393216K, used 26309K [0x00000000dda00000, 0x00000000f5a00000, 0x00000000f5a00000)
 concurrent-mark-sweep perm gen total 33536K, used 33461K [0x00000000f5a00000, 0x00000000f7ac0000, 0x0000000100000000)
}
2015-11-12T00:54:47.987-0600: 196.915: Total time for which application threads were stopped: 0.0586140 seconds, Stopping threads took: 0.0060750 seconds
{Heap before GC invocations=28 (full 0):
 par new generation   total 109248K, used 90885K [0x00000000d5a00000, 0x00000000dda00000, 0x00000000dda00000)
  eden space 87424K,  99% used [0x00000000d5a00000, 0x00000000daf5e848, 0x00000000daf60000)
  from space 21824K,  15% used [0x00000000daf60000, 0x00000000db2c2bf8, 0x00000000dc4b0000)
  to   space 21824K,   0% used [0x00000000dc4b0000, 0x00000000dc4b0000, 0x00000000dda00000)
 concurrent mark-sweep generation total 393216K, used 26309K [0x00000000dda00000, 0x00000000f5a00000, 0x00000000f5a00000)
 concurrent-mark-sweep perm gen total 33536K, used 33462K [0x00000000f5a00000, 0x00000000f7ac0000, 0x0000000100000000)
2015-11-12T00:54:48.178-0600: 197.106: [GC2015-11-12T00:54:48.178-0600: 197.106: [ParNew
Desired survivor size 20112992 bytes, new threshold 8 (max 8)
- age   1:    1321016 bytes,    1321016 total
- age   2:      79728 bytes,    1400744 total
- age   3:      88488 bytes,    1489232 total
- age   4:      88776 bytes,    1578008 total
- age   5:     125808 bytes,    1703816 total
- age   6:      81864 bytes,    1785680 total
- age   7:     282808 bytes,    2068488 total
- age   8:      95776 bytes,    2164264 total
: 90885K->3104K(109248K), 0.0269790 secs] 117194K->29479K(502464K), 0.0271810 secs] [Times: user=0.06 sys=0.00, real=0.02 secs] 
Heap after GC invocations=29 (full 0):
 par new generation   total 109248K, used 3104K [0x00000000d5a00000, 0x00000000dda00000, 0x00000000dda00000)
  eden space 87424K,   0% used [0x00000000d5a00000, 0x00000000d5a00000, 0x00000000daf60000)
  from space 21824K,  14% used [0x00000000dc4b0000, 0x00000000dc7b8030, 0x00000000dda00000)
  to   space 21824K,   0% used [0x00000000daf60000, 0x00000000daf60000, 0x00000000dc4b0000)
 concurrent mark-sweep generation total 393216K, used 26375K [0x00000000dda00000, 0x00000000f5a00000, 0x00000000f5a00000)
 concurrent-mark-sweep perm gen total 33536K, used 33462K [0x00000000f5a00000, 0x00000000f7ac0000, 0x0000000100000000)
}
2015-11-12T00:54:48.205-0600: 197.133: Total time for which application threads were stopped: 0.0274990 seconds, Stopping threads took: 0.0001010 seconds
{Heap before GC invocations=29 (full 0):
 par new generation   total 109248K, used 90528K [0x00000000d5a00000, 0x00000000dda00000, 0x00000000dda00000)
  eden space 87424K, 100% used [0x00000000d5a00000, 0x00000000daf60000, 0x00000000daf60000)
  from space 21824K,  14% used [0x00000000dc4b0000, 0x00000000dc7b8030, 0x00000000dda00000)
  to   space 21824K,   0% used [0x00000000daf60000, 0x00000000daf60000, 0x00000000dc4b0000)
 concurrent mark-sweep generation total 393216K, used 26375K [0x00000000dda00000, 0x00000000f5a00000, 0x00000000f5a00000)
 concurrent-mark-sweep perm gen total 33536K, used 33464K [0x00000000f5a00000, 0x00000000f7ac0000, 0x0000000100000000)
2015-11-12T00:54:48.320-0600: 197.248: [GC2015-11-12T00:54:48.320-0600: 197.248: [ParNew
Desired survivor size 20112992 bytes, new threshold 8 (max 8)
- age   1:     628304 bytes,     628304 total
- age   2:      72224 bytes,     700528 total
- age   3:      79728 bytes,     780256 total
- age   4:      88488 bytes,     868744 total
- age   5:      88776 bytes,     957520 total
- age   6:     125808 bytes,    1083328 total
- age   7:      81864 bytes,    1165192 total
- age   8:     282808 bytes,    1448000 total
: 90528K->1903K(109248K), 0.0230280 secs] 116903K->28374K(502464K), 0.0232140 secs] [Times: user=0.05 sys=0.00, real=0.02 secs] 
Heap after GC invocations=30 (full 0):
 par new generation   total 109248K, used 1903K [0x00000000d5a00000, 0x00000000dda00000, 0x00000000dda00000)
  eden space 87424K,   0% used [0x00000000d5a00000, 0x00000000d5a00000, 0x00000000daf60000)
  from space 21824K,   8% used [0x00000000daf60000, 0x00000000db13be78, 0x00000000dc4b0000)
  to   space 21824K,   0% used [0x00000000dc4b0000, 0x00000000dc4b0000, 0x00000000dda00000)
 concurrent mark-sweep generation total 393216K, used 26470K [0x00000000dda00000, 0x00000000f5a00000, 0x00000000f5a00000)
 concurrent-mark-sweep perm gen total 33536K, used 33464K [0x00000000f5a00000, 0x00000000f7ac0000, 0x0000000100000000)
}
2015-11-12T00:54:48.343-0600: 197.271: Total time for which application threads were stopped: 0.0236160 seconds, Stopping threads took: 0.0001430 seconds
2015-11-12T00:54:48.364-0600: 197.292: Total time for which application threads were stopped: 0.0023320 seconds, Stopping threads took: 0.0022530 seconds
2015-11-12T00:54:48.430-0600: 197.358: Total time for which application threads were stopped: 0.0039860 seconds, Stopping threads took: 0.0038750 seconds
2015-11-12T00:54:48.432-0600: 197.359: Total time for which application threads were stopped: 0.0001620 seconds, Stopping threads took: 0.0000770 seconds
2015-11-12T00:54:48.432-0600: 197.360: Total time for which application threads were stopped: 0.0001100 seconds, Stopping threads took: 0.0000480 seconds
2015-11-12T00:54:48.442-0600: 197.370: Total time for which application threads were stopped: 0.0016340 seconds, Stopping threads took: 0.0014750 seconds
2015-11-12T00:54:48.450-0600: 197.378: Total time for which application threads were stopped: 0.0035720 seconds, Stopping threads took: 0.0034810 seconds
2015-11-12T00:54:48.462-0600: 197.390: Total time for which application threads were stopped: 0.0035470 seconds, Stopping threads took: 0.0034730 seconds
2015-11-12T00:54:48.478-0600: 197.406: Total time for which application threads were stopped: 0.0021870 seconds, Stopping threads took: 0.0020960 seconds
2015-11-12T00:54:48.501-0600: 197.429: Total time for which application threads were stopped: 0.0020170 seconds, Stopping threads took: 0.0019500 seconds
2015-11-12T00:54:48.511-0600: 197.439: Total time for which application threads were stopped: 0.0004250 seconds, Stopping threads took: 0.0003620 seconds
2015-11-12T00:54:48.549-0600: 197.477: Total time for which application threads were stopped: 0.0002270 seconds, Stopping threads took: 0.0000730 seconds
2015-11-12T00:54:48.589-0600: 197.517: Total time for which application threads were stopped: 0.0001460 seconds, Stopping threads took: 0.0000740 seconds
2015-11-12T00:54:48.610-0600: 197.538: Total time for which application threads were stopped: 0.0009280 seconds, Stopping threads took: 0.0008300 seconds
2015-11-12T00:54:48.711-0600: 197.639: Total time for which application threads were stopped: 0.0083430 seconds, Stopping threads took: 0.0082420 seconds
2015-11-12T00:54:48.722-0600: 197.650: Total time for which application threads were stopped: 0.0041510 seconds, Stopping threads took: 0.0040370 seconds
2015-11-12T00:54:48.725-0600: 197.652: Total time for which application threads were stopped: 0.0001110 seconds, Stopping threads took: 0.0000360 seconds
2015-11-12T00:54:48.729-0600: 197.657: Total time for which application threads were stopped: 0.0011540 seconds, Stopping threads took: 0.0010710 seconds
2015-11-12T00:54:48.738-0600: 197.666: Total time for which application threads were stopped: 0.0001580 seconds, Stopping threads took: 0.0000680 seconds
2015-11-12T00:54:48.758-0600: 197.686: Total time for which application threads were stopped: 0.0112510 seconds, Stopping threads took: 0.0111410 seconds
2015-11-12T00:54:48.894-0600: 197.822: Total time for which application threads were stopped: 0.0127110 seconds, Stopping threads took: 0.0125080 seconds
2015-11-12T00:54:48.895-0600: 197.822: Total time for which application threads were stopped: 0.0001230 seconds, Stopping threads took: 0.0000480 seconds
2015-11-12T00:54:48.938-0600: 197.866: Total time for which application threads were stopped: 0.0101110 seconds, Stopping threads took: 0.0099780 seconds
2015-11-12T00:54:48.942-0600: 197.870: Total time for which application threads were stopped: 0.0002180 seconds, Stopping threads took: 0.0001510 seconds
2015-11-12T00:54:48.943-0600: 197.871: Total time for which application threads were stopped: 0.0002020 seconds, Stopping threads took: 0.0000450 seconds
2015-11-12T00:54:48.983-0600: 197.911: Total time for which application threads were stopped: 0.0064240 seconds, Stopping threads took: 0.0063320 seconds
2015-11-12T00:54:48.985-0600: 197.913: Total time for which application threads were stopped: 0.0010270 seconds, Stopping threads took: 0.0009550 seconds
2015-11-12T00:54:48.986-0600: 197.914: Total time for which application threads were stopped: 0.0001320 seconds, Stopping threads took: 0.0000540 seconds
2015-11-12T00:54:49.016-0600: 197.944: Total time for which application threads were stopped: 0.0205610 seconds, Stopping threads took: 0.0204770 seconds
2015-11-12T00:54:49.041-0600: 197.969: Total time for which application threads were stopped: 0.0004280 seconds, Stopping threads took: 0.0003250 seconds
{Heap before GC invocations=30 (full 0):
 par new generation   total 109248K, used 89327K [0x00000000d5a00000, 0x00000000dda00000, 0x00000000dda00000)
  eden space 87424K, 100% used [0x00000000d5a00000, 0x00000000daf60000, 0x00000000daf60000)
  from space 21824K,   8% used [0x00000000daf60000, 0x00000000db13be78, 0x00000000dc4b0000)
  to   space 21824K,   0% used [0x00000000dc4b0000, 0x00000000dc4b0000, 0x00000000dda00000)
 concurrent mark-sweep generation total 393216K, used 26470K [0x00000000dda00000, 0x00000000f5a00000, 0x00000000f5a00000)
 concurrent-mark-sweep perm gen total 34112K, used 33925K [0x00000000f5a00000, 0x00000000f7b50000, 0x0000000100000000)
2015-11-12T00:54:49.104-0600: 198.032: [GC2015-11-12T00:54:49.104-0600: 198.032: [ParNew
Desired survivor size 20112992 bytes, new threshold 8 (max 8)
- age   1:    4097680 bytes,    4097680 total
- age   2:     104984 bytes,    4202664 total
- age   3:      72224 bytes,    4274888 total
- age   4:      79728 bytes,    4354616 total
- age   5:      88488 bytes,    4443104 total
- age   6:      88776 bytes,    4531880 total
- age   7:     125808 bytes,    4657688 total
- age   8:      80712 bytes,    4738400 total
: 89327K->5215K(109248K), 0.0116800 secs] 115798K->31921K(502464K), 0.0118810 secs] [Times: user=0.04 sys=0.01, real=0.02 secs] 
Heap after GC invocations=31 (full 0):
 par new generation   total 109248K, used 5215K [0x00000000d5a00000, 0x00000000dda00000, 0x00000000dda00000)
  eden space 87424K,   0% used [0x00000000d5a00000, 0x00000000d5a00000, 0x00000000daf60000)
  from space 21824K,  23% used [0x00000000dc4b0000, 0x00000000dc9c7e68, 0x00000000dda00000)
  to   space 21824K,   0% used [0x00000000daf60000, 0x00000000daf60000, 0x00000000dc4b0000)
 concurrent mark-sweep generation total 393216K, used 26705K [0x00000000dda00000, 0x00000000f5a00000, 0x00000000f5a00000)
 concurrent-mark-sweep perm gen total 34112K, used 33925K [0x00000000f5a00000, 0x00000000f7b50000, 0x0000000100000000)
}
2015-11-12T00:54:49.116-0600: 198.044: Total time for which application threads were stopped: 0.0123930 seconds, Stopping threads took: 0.0000900 seconds
2015-11-12T00:54:49.202-0600: 198.130: Total time for which application threads were stopped: 0.0050160 seconds, Stopping threads took: 0.0049410 seconds
2015-11-12T00:54:49.202-0600: 198.130: Total time for which application threads were stopped: 0.0000870 seconds, Stopping threads took: 0.0000520 seconds
2015-11-12T00:54:49.203-0600: 198.131: Total time for which application threads were stopped: 0.0001030 seconds, Stopping threads took: 0.0000540 seconds
2015-11-12T00:54:49.219-0600: 198.147: Total time for which application threads were stopped: 0.0001560 seconds, Stopping threads took: 0.0000790 seconds
2015-11-12T00:54:49.266-0600: 198.194: Total time for which application threads were stopped: 0.0027750 seconds, Stopping threads took: 0.0027060 seconds
2015-11-12T00:54:49.354-0600: 198.282: Total time for which application threads were stopped: 0.0152550 seconds, Stopping threads took: 0.0151200 seconds
2015-11-12T00:54:49.510-0600: 198.438: Total time for which application threads were stopped: 0.0091670 seconds, Stopping threads took: 0.0088750 seconds
2015-11-12T00:54:49.514-0600: 198.442: Total time for which application threads were stopped: 0.0001310 seconds, Stopping threads took: 0.0000320 seconds
2015-11-12T00:54:49.515-0600: 198.442: Total time for which application threads were stopped: 0.0000620 seconds, Stopping threads took: 0.0000170 seconds
2015-11-12T00:54:49.528-0600: 198.456: Total time for which application threads were stopped: 0.0035040 seconds, Stopping threads took: 0.0032810 seconds
2015-11-12T00:54:49.553-0600: 198.481: Total time for which application threads were stopped: 0.0001560 seconds, Stopping threads took: 0.0000640 seconds
2015-11-12T00:54:49.584-0600: 198.512: Total time for which application threads were stopped: 0.0003970 seconds, Stopping threads took: 0.0001430 seconds
2015-11-12T00:54:49.585-0600: 198.513: Total time for which application threads were stopped: 0.0010590 seconds, Stopping threads took: 0.0010040 seconds
2015-11-12T00:54:50.063-0600: 198.991: Total time for which application threads were stopped: 0.0002770 seconds, Stopping threads took: 0.0000550 seconds
2015-11-12T00:54:50.098-0600: 199.026: Total time for which application threads were stopped: 0.0033540 seconds, Stopping threads took: 0.0032380 seconds
2015-11-12T00:54:50.190-0600: 199.118: Total time for which application threads were stopped: 0.0047350 seconds, Stopping threads took: 0.0046300 seconds
2015-11-12T00:54:50.194-0600: 199.122: Total time for which application threads were stopped: 0.0031420 seconds, Stopping threads took: 0.0030330 seconds
2015-11-12T00:54:50.258-0600: 199.186: Total time for which application threads were stopped: 0.0100840 seconds, Stopping threads took: 0.0099730 seconds
2015-11-12T00:54:50.433-0600: 199.361: Total time for which application threads were stopped: 0.0008800 seconds, Stopping threads took: 0.0007080 seconds
2015-11-12T00:54:50.514-0600: 199.442: Total time for which application threads were stopped: 0.0079310 seconds, Stopping threads took: 0.0076790 seconds
2015-11-12T00:54:50.742-0600: 199.670: Total time for which application threads were stopped: 0.0002890 seconds, Stopping threads took: 0.0000720 seconds
2015-11-12T00:54:50.944-0600: 199.872: Total time for which application threads were stopped: 0.0002320 seconds, Stopping threads took: 0.0000960 seconds
2015-11-12T00:54:50.987-0600: 199.914: Total time for which application threads were stopped: 0.0020220 seconds, Stopping threads took: 0.0016700 seconds
2015-11-12T00:54:51.087-0600: 200.015: Total time for which application threads were stopped: 0.0071660 seconds, Stopping threads took: 0.0070710 seconds
2015-11-12T00:54:51.164-0600: 200.092: Total time for which application threads were stopped: 0.0002160 seconds, Stopping threads took: 0.0000650 seconds
2015-11-12T00:54:51.254-0600: 200.182: Total time for which application threads were stopped: 0.0064540 seconds, Stopping threads took: 0.0061470 seconds
2015-11-12T00:54:51.314-0600: 200.242: Total time for which application threads were stopped: 0.0061160 seconds, Stopping threads took: 0.0059660 seconds
2015-11-12T00:54:51.382-0600: 200.310: Total time for which application threads were stopped: 0.0030690 seconds, Stopping threads took: 0.0029050 seconds
2015-11-12T00:54:51.398-0600: 200.325: Total time for which application threads were stopped: 0.0015100 seconds, Stopping threads took: 0.0014200 seconds
2015-11-12T00:54:51.618-0600: 200.546: Total time for which application threads were stopped: 0.0002330 seconds, Stopping threads took: 0.0000660 seconds
2015-11-12T00:54:51.646-0600: 200.574: Total time for which application threads were stopped: 0.0002690 seconds, Stopping threads took: 0.0001280 seconds
2015-11-12T00:54:51.738-0600: 200.666: Total time for which application threads were stopped: 0.0068690 seconds, Stopping threads took: 0.0067060 seconds
2015-11-12T00:54:51.739-0600: 200.667: Total time for which application threads were stopped: 0.0001540 seconds, Stopping threads took: 0.0000790 seconds
2015-11-12T00:54:51.753-0600: 200.681: Total time for which application threads were stopped: 0.0001830 seconds, Stopping threads took: 0.0000570 seconds
2015-11-12T00:54:51.761-0600: 200.689: Total time for which application threads were stopped: 0.0003310 seconds, Stopping threads took: 0.0000640 seconds
2015-11-12T00:54:51.808-0600: 200.736: Total time for which application threads were stopped: 0.0101380 seconds, Stopping threads took: 0.0100020 seconds
2015-11-12T00:54:51.848-0600: 200.775: Total time for which application threads were stopped: 0.0177680 seconds, Stopping threads took: 0.0175940 seconds
2015-11-12T00:54:51.893-0600: 200.821: Total time for which application threads were stopped: 0.0147760 seconds, Stopping threads took: 0.0146440 seconds
2015-11-12T00:54:51.945-0600: 200.873: Total time for which application threads were stopped: 0.0154690 seconds, Stopping threads took: 0.0152560 seconds
2015-11-12T00:54:51.951-0600: 200.879: Total time for which application threads were stopped: 0.0001630 seconds, Stopping threads took: 0.0000810 seconds
2015-11-12T00:54:52.050-0600: 200.978: Total time for which application threads were stopped: 0.0026240 seconds, Stopping threads took: 0.0023640 seconds
2015-11-12T00:54:52.226-0600: 201.154: Total time for which application threads were stopped: 0.0063330 seconds, Stopping threads took: 0.0061980 seconds
2015-11-12T00:54:52.227-0600: 201.155: Total time for which application threads were stopped: 0.0001020 seconds, Stopping threads took: 0.0000370 seconds
2015-11-12T00:54:52.228-0600: 201.156: Total time for which application threads were stopped: 0.0000780 seconds, Stopping threads took: 0.0000260 seconds
2015-11-12T00:54:52.247-0600: 201.175: Total time for which application threads were stopped: 0.0043130 seconds, Stopping threads took: 0.0042220 seconds
2015-11-12T00:54:52.248-0600: 201.176: Total time for which application threads were stopped: 0.0000920 seconds, Stopping threads took: 0.0000230 seconds
2015-11-12T00:54:52.268-0600: 201.196: Total time for which application threads were stopped: 0.0011210 seconds, Stopping threads took: 0.0009000 seconds
2015-11-12T00:54:52.309-0600: 201.237: Total time for which application threads were stopped: 0.0072770 seconds, Stopping threads took: 0.0071820 seconds
2015-11-12T00:54:52.638-0600: 201.565: Total time for which application threads were stopped: 0.0097090 seconds, Stopping threads took: 0.0095040 seconds
2015-11-12T00:54:52.647-0600: 201.574: Total time for which application threads were stopped: 0.0063750 seconds, Stopping threads took: 0.0062440 seconds
2015-11-12T00:54:52.688-0600: 201.616: Total time for which application threads were stopped: 0.0096690 seconds, Stopping threads took: 0.0095580 seconds
{Heap before GC invocations=31 (full 0):
 par new generation   total 109248K, used 92619K [0x00000000d5a00000, 0x00000000dda00000, 0x00000000dda00000)
  eden space 87424K,  99% used [0x00000000d5a00000, 0x00000000daf5ae00, 0x00000000daf60000)
  from space 21824K,  23% used [0x00000000dc4b0000, 0x00000000dc9c7e68, 0x00000000dda00000)
  to   space 21824K,   0% used [0x00000000daf60000, 0x00000000daf60000, 0x00000000dc4b0000)
 concurrent mark-sweep generation total 393216K, used 26705K [0x00000000dda00000, 0x00000000f5a00000, 0x00000000f5a00000)
 concurrent-mark-sweep perm gen total 34304K, used 34210K [0x00000000f5a00000, 0x00000000f7b80000, 0x0000000100000000)
2015-11-12T00:54:52.716-0600: 201.644: [GC2015-11-12T00:54:52.716-0600: 201.644: [ParNew
Desired survivor size 20112992 bytes, new threshold 8 (max 8)
- age   1:    9393224 bytes,    9393224 total
- age   2:    3400728 bytes,   12793952 total
- age   3:     104920 bytes,   12898872 total
- age   4:      72224 bytes,   12971096 total
- age   5:      79728 bytes,   13050824 total
- age   6:      88488 bytes,   13139312 total
- age   7:      88776 bytes,   13228088 total
- age   8:     125808 bytes,   13353896 total
: 92619K->14790K(109248K), 0.0388560 secs] 119324K->41576K(502464K), 0.0390360 secs] [Times: user=0.04 sys=0.00, real=0.04 secs] 
Heap after GC invocations=32 (full 0):
 par new generation   total 109248K, used 14790K [0x00000000d5a00000, 0x00000000dda00000, 0x00000000dda00000)
  eden space 87424K,   0% used [0x00000000d5a00000, 0x00000000d5a00000, 0x00000000daf60000)
  from space 21824K,  67% used [0x00000000daf60000, 0x00000000dbdd1818, 0x00000000dc4b0000)
  to   space 21824K,   0% used [0x00000000dc4b0000, 0x00000000dc4b0000, 0x00000000dda00000)
 concurrent mark-sweep generation total 393216K, used 26786K [0x00000000dda00000, 0x00000000f5a00000, 0x00000000f5a00000)
 concurrent-mark-sweep perm gen total 34304K, used 34210K [0x00000000f5a00000, 0x00000000f7b80000, 0x0000000100000000)
}
2015-11-12T00:54:52.755-0600: 201.683: Total time for which application threads were stopped: 0.0581240 seconds, Stopping threads took: 0.0188350 seconds
2015-11-12T00:54:53.226-0600: 202.154: Total time for which application threads were stopped: 0.0113800 seconds, Stopping threads took: 0.0111160 seconds
2015-11-12T00:54:53.296-0600: 202.223: Total time for which application threads were stopped: 0.0046650 seconds, Stopping threads took: 0.0045750 seconds
2015-11-12T00:54:53.340-0600: 202.268: Total time for which application threads were stopped: 0.0057600 seconds, Stopping threads took: 0.0055550 seconds
2015-11-12T00:54:53.370-0600: 202.298: Total time for which application threads were stopped: 0.0123590 seconds, Stopping threads took: 0.0122550 seconds
2015-11-12T00:54:53.445-0600: 202.373: Total time for which application threads were stopped: 0.0096860 seconds, Stopping threads took: 0.0095300 seconds
2015-11-12T00:54:53.634-0600: 202.562: Total time for which application threads were stopped: 0.0091250 seconds, Stopping threads took: 0.0089590 seconds
2015-11-12T00:54:53.742-0600: 202.670: Total time for which application threads were stopped: 0.0091450 seconds, Stopping threads took: 0.0089080 seconds
2015-11-12T00:54:54.225-0600: 203.153: Total time for which application threads were stopped: 0.0002390 seconds, Stopping threads took: 0.0000700 seconds
2015-11-12T00:54:54.237-0600: 203.165: Total time for which application threads were stopped: 0.0001210 seconds, Stopping threads took: 0.0000380 seconds
2015-11-12T00:54:54.364-0600: 203.292: Total time for which application threads were stopped: 0.0002480 seconds, Stopping threads took: 0.0000350 seconds
2015-11-12T00:54:54.372-0600: 203.299: Total time for which application threads were stopped: 0.0001480 seconds, Stopping threads took: 0.0000400 seconds
2015-11-12T00:54:54.398-0600: 203.326: Total time for which application threads were stopped: 0.0059750 seconds, Stopping threads took: 0.0058660 seconds
2015-11-12T00:54:54.757-0600: 203.684: Total time for which application threads were stopped: 0.0002550 seconds, Stopping threads took: 0.0000860 seconds
2015-11-12T00:54:54.769-0600: 203.697: Total time for which application threads were stopped: 0.0071050 seconds, Stopping threads took: 0.0070010 seconds
2015-11-12T00:54:54.782-0600: 203.710: Total time for which application threads were stopped: 0.0093640 seconds, Stopping threads took: 0.0092760 seconds
2015-11-12T00:54:54.786-0600: 203.714: Total time for which application threads were stopped: 0.0019640 seconds, Stopping threads took: 0.0018710 seconds
2015-11-12T00:54:54.787-0600: 203.714: Total time for which application threads were stopped: 0.0002250 seconds, Stopping threads took: 0.0000190 seconds
2015-11-12T00:54:54.787-0600: 203.714: Total time for which application threads were stopped: 0.0000590 seconds, Stopping threads took: 0.0000170 seconds
2015-11-12T00:54:54.787-0600: 203.715: Total time for which application threads were stopped: 0.0000580 seconds, Stopping threads took: 0.0000160 seconds
2015-11-12T00:54:54.787-0600: 203.715: Total time for which application threads were stopped: 0.0000560 seconds, Stopping threads took: 0.0000160 seconds
2015-11-12T00:54:54.787-0600: 203.715: Total time for which application threads were stopped: 0.0000530 seconds, Stopping threads took: 0.0000140 seconds
2015-11-12T00:54:54.787-0600: 203.715: Total time for which application threads were stopped: 0.0000530 seconds, Stopping threads took: 0.0000140 seconds
2015-11-12T00:54:54.788-0600: 203.715: Total time for which application threads were stopped: 0.0000720 seconds, Stopping threads took: 0.0000220 seconds
2015-11-12T00:54:54.788-0600: 203.716: Total time for which application threads were stopped: 0.0000590 seconds, Stopping threads took: 0.0000170 seconds
2015-11-12T00:54:55.156-0600: 204.083: Total time for which application threads were stopped: 0.0003640 seconds, Stopping threads took: 0.0000460 seconds
2015-11-12T00:54:55.157-0600: 204.085: Total time for which application threads were stopped: 0.0001400 seconds, Stopping threads took: 0.0000600 seconds
2015-11-12T00:54:55.158-0600: 204.085: Total time for which application threads were stopped: 0.0000740 seconds, Stopping threads took: 0.0000310 seconds
2015-11-12T00:54:55.161-0600: 204.088: Total time for which application threads were stopped: 0.0001230 seconds, Stopping threads took: 0.0000520 seconds
2015-11-12T00:54:55.161-0600: 204.089: Total time for which application threads were stopped: 0.0003190 seconds, Stopping threads took: 0.0000340 seconds
2015-11-12T00:54:55.180-0600: 204.108: Total time for which application threads were stopped: 0.0001610 seconds, Stopping threads took: 0.0000720 seconds
2015-11-12T00:54:55.274-0600: 204.202: Total time for which application threads were stopped: 0.0002580 seconds, Stopping threads took: 0.0000620 seconds
2015-11-12T00:54:55.276-0600: 204.203: Total time for which application threads were stopped: 0.0000950 seconds, Stopping threads took: 0.0000250 seconds
2015-11-12T00:54:55.276-0600: 204.204: Total time for which application threads were stopped: 0.0000560 seconds, Stopping threads took: 0.0000120 seconds
2015-11-12T00:54:55.276-0600: 204.204: Total time for which application threads were stopped: 0.0000500 seconds, Stopping threads took: 0.0000100 seconds
2015-11-12T00:54:55.276-0600: 204.204: Total time for which application threads were stopped: 0.0000480 seconds, Stopping threads took: 0.0000100 seconds
2015-11-12T00:54:56.253-0600: 205.180: Total time for which application threads were stopped: 0.0002530 seconds, Stopping threads took: 0.0000340 seconds
2015-11-12T00:54:56.255-0600: 205.183: Total time for which application threads were stopped: 0.0002840 seconds, Stopping threads took: 0.0000350 seconds
2015-11-12T00:54:56.257-0600: 205.185: Total time for which application threads were stopped: 0.0001150 seconds, Stopping threads took: 0.0000340 seconds
2015-11-12T00:54:56.257-0600: 205.185: Total time for which application threads were stopped: 0.0000750 seconds, Stopping threads took: 0.0000230 seconds
2015-11-12T00:54:56.257-0600: 205.185: Total time for which application threads were stopped: 0.0000650 seconds, Stopping threads took: 0.0000180 seconds
2015-11-12T00:54:56.258-0600: 205.185: Total time for which application threads were stopped: 0.0000620 seconds, Stopping threads took: 0.0000180 seconds
2015-11-12T00:55:30.554-0600: 239.482: Total time for which application threads were stopped: 0.0121350 seconds, Stopping threads took: 0.0114210 seconds
{Heap before GC invocations=32 (full 0):
 par new generation   total 109248K, used 102194K [0x00000000d5a00000, 0x00000000dda00000, 0x00000000dda00000)
  eden space 87424K,  99% used [0x00000000d5a00000, 0x00000000daf5b288, 0x00000000daf60000)
  from space 21824K,  67% used [0x00000000daf60000, 0x00000000dbdd1818, 0x00000000dc4b0000)
  to   space 21824K,   0% used [0x00000000dc4b0000, 0x00000000dc4b0000, 0x00000000dda00000)
 concurrent mark-sweep generation total 393216K, used 26786K [0x00000000dda00000, 0x00000000f5a00000, 0x00000000f5a00000)
 concurrent-mark-sweep perm gen total 34496K, used 34339K [0x00000000f5a00000, 0x00000000f7bb0000, 0x0000000100000000)
2015-11-12T00:55:30.588-0600: 239.516: [GC2015-11-12T00:55:30.589-0600: 239.516: [ParNew
Desired survivor size 20112992 bytes, new threshold 8 (max 8)
- age   1:    6844976 bytes,    6844976 total
- age   2:    1697872 bytes,    8542848 total
- age   3:    2723840 bytes,   11266688 total
- age   4:     104920 bytes,   11371608 total
- age   5:      72224 bytes,   11443832 total
- age   6:      79728 bytes,   11523560 total
- age   7:      88488 bytes,   11612048 total
- age   8:      88776 bytes,   11700824 total
: 102194K->14457K(109248K), 0.0481360 secs] 128980K->41369K(502464K), 0.0483650 secs] [Times: user=0.08 sys=0.00, real=0.05 secs] 
Heap after GC invocations=33 (full 0):
 par new generation   total 109248K, used 14457K [0x00000000d5a00000, 0x00000000dda00000, 0x00000000dda00000)
  eden space 87424K,   0% used [0x00000000d5a00000, 0x00000000d5a00000, 0x00000000daf60000)
  from space 21824K,  66% used [0x00000000dc4b0000, 0x00000000dd2ce7f0, 0x00000000dda00000)
  to   space 21824K,   0% used [0x00000000daf60000, 0x00000000daf60000, 0x00000000dc4b0000)
 concurrent mark-sweep generation total 393216K, used 26911K [0x00000000dda00000, 0x00000000f5a00000, 0x00000000f5a00000)
 concurrent-mark-sweep perm gen total 34496K, used 34339K [0x00000000f5a00000, 0x00000000f7bb0000, 0x0000000100000000)
}
2015-11-12T00:55:30.637-0600: 239.565: Total time for which application threads were stopped: 0.0587340 seconds, Stopping threads took: 0.0101300 seconds
{Heap before GC invocations=33 (full 0):
 par new generation   total 109248K, used 101871K [0x00000000d5a00000, 0x00000000dda00000, 0x00000000dda00000)
  eden space 87424K,  99% used [0x00000000d5a00000, 0x00000000daf5d768, 0x00000000daf60000)
  from space 21824K,  66% used [0x00000000dc4b0000, 0x00000000dd2ce7f0, 0x00000000dda00000)
  to   space 21824K,   0% used [0x00000000daf60000, 0x00000000daf60000, 0x00000000dc4b0000)
 concurrent mark-sweep generation total 393216K, used 26911K [0x00000000dda00000, 0x00000000f5a00000, 0x00000000f5a00000)
 concurrent-mark-sweep perm gen total 34496K, used 34345K [0x00000000f5a00000, 0x00000000f7bb0000, 0x0000000100000000)
2015-11-12T00:55:30.795-0600: 239.723: [GC2015-11-12T00:55:30.795-0600: 239.723: [ParNew
Desired survivor size 20112992 bytes, new threshold 8 (max 8)
- age   1:    1759192 bytes,    1759192 total
- age   2:    6559376 bytes,    8318568 total
- age   3:    1696664 bytes,   10015232 total
- age   4:    2723840 bytes,   12739072 total
- age   5:     104920 bytes,   12843992 total
- age   6:      72224 bytes,   12916216 total
- age   7:      79728 bytes,   12995944 total
- age   8:      88488 bytes,   13084432 total
: 101871K->16469K(109248K), 0.0592200 secs] 128782K->43469K(502464K), 0.0594640 secs] [Times: user=0.06 sys=0.01, real=0.06 secs] 
Heap after GC invocations=34 (full 0):
 par new generation   total 109248K, used 16469K [0x00000000d5a00000, 0x00000000dda00000, 0x00000000dda00000)
  eden space 87424K,   0% used [0x00000000d5a00000, 0x00000000d5a00000, 0x00000000daf60000)
  from space 21824K,  75% used [0x00000000daf60000, 0x00000000dbf755c0, 0x00000000dc4b0000)
  to   space 21824K,   0% used [0x00000000dc4b0000, 0x00000000dc4b0000, 0x00000000dda00000)
 concurrent mark-sweep generation total 393216K, used 26999K [0x00000000dda00000, 0x00000000f5a00000, 0x00000000f5a00000)
 concurrent-mark-sweep perm gen total 34496K, used 34345K [0x00000000f5a00000, 0x00000000f7bb0000, 0x0000000100000000)
}
2015-11-12T00:55:30.855-0600: 239.783: Total time for which application threads were stopped: 0.0609210 seconds, Stopping threads took: 0.0011990 seconds
{Heap before GC invocations=34 (full 0):
 par new generation   total 109248K, used 103863K [0x00000000d5a00000, 0x00000000dda00000, 0x00000000dda00000)
  eden space 87424K,  99% used [0x00000000d5a00000, 0x00000000daf58668, 0x00000000daf60000)
  from space 21824K,  75% used [0x00000000daf60000, 0x00000000dbf755c0, 0x00000000dc4b0000)
  to   space 21824K,   0% used [0x00000000dc4b0000, 0x00000000dc4b0000, 0x00000000dda00000)
 concurrent mark-sweep generation total 393216K, used 26999K [0x00000000dda00000, 0x00000000f5a00000, 0x00000000f5a00000)
 concurrent-mark-sweep perm gen total 34496K, used 34351K [0x00000000f5a00000, 0x00000000f7bb0000, 0x0000000100000000)
2015-11-12T00:55:30.963-0600: 239.891: [GC2015-11-12T00:55:30.964-0600: 239.891: [ParNew
Desired survivor size 20112992 bytes, new threshold 8 (max 8)
- age   1:     780984 bytes,     780984 total
- age   2:    1167264 bytes,    1948248 total
- age   3:    6559376 bytes,    8507624 total
- age   4:    1696664 bytes,   10204288 total
- age   5:    2723840 bytes,   12928128 total
- age   6:     104920 bytes,   13033048 total
- age   7:      72224 bytes,   13105272 total
- age   8:      79728 bytes,   13185000 total
: 103863K->16957K(109248K), 0.0388620 secs] 130862K->44045K(502464K), 0.0391000 secs] [Times: user=0.07 sys=0.00, real=0.04 secs] 
Heap after GC invocations=35 (full 0):
 par new generation   total 109248K, used 16957K [0x00000000d5a00000, 0x00000000dda00000, 0x00000000dda00000)
  eden space 87424K,   0% used [0x00000000d5a00000, 0x00000000d5a00000, 0x00000000daf60000)
  from space 21824K,  77% used [0x00000000dc4b0000, 0x00000000dd53f510, 0x00000000dda00000)
  to   space 21824K,   0% used [0x00000000daf60000, 0x00000000daf60000, 0x00000000dc4b0000)
 concurrent mark-sweep generation total 393216K, used 27087K [0x00000000dda00000, 0x00000000f5a00000, 0x00000000f5a00000)
 concurrent-mark-sweep perm gen total 34496K, used 34351K [0x00000000f5a00000, 0x00000000f7bb0000, 0x0000000100000000)
}
2015-11-12T00:55:31.003-0600: 239.930: Total time for which application threads were stopped: 0.0397480 seconds, Stopping threads took: 0.0002540 seconds
{Heap before GC invocations=35 (full 0):
 par new generation   total 109248K, used 104381K [0x00000000d5a00000, 0x00000000dda00000, 0x00000000dda00000)
  eden space 87424K, 100% used [0x00000000d5a00000, 0x00000000daf60000, 0x00000000daf60000)
  from space 21824K,  77% used [0x00000000dc4b0000, 0x00000000dd53f510, 0x00000000dda00000)
  to   space 21824K,   0% used [0x00000000daf60000, 0x00000000daf60000, 0x00000000dc4b0000)
 concurrent mark-sweep generation total 393216K, used 27087K [0x00000000dda00000, 0x00000000f5a00000, 0x00000000f5a00000)
 concurrent-mark-sweep perm gen total 34496K, used 34363K [0x00000000f5a00000, 0x00000000f7bb0000, 0x0000000100000000)
2015-11-12T00:55:31.109-0600: 240.036: [GC2015-11-12T00:55:31.109-0600: 240.037: [ParNew
Desired survivor size 20112992 bytes, new threshold 8 (max 8)
- age   1:    1392824 bytes,    1392824 total
- age   2:      32952 bytes,    1425776 total
- age   3:    1166896 bytes,    2592672 total
- age   4:    6559376 bytes,    9152048 total
- age   5:    1696664 bytes,   10848712 total
- age   6:    2723840 bytes,   13572552 total
- age   7:     104920 bytes,   13677472 total
- age   8:      72224 bytes,   13749696 total
: 104381K->16781K(109248K), 0.0422820 secs] 131469K->43948K(502464K), 0.0425300 secs] [Times: user=0.05 sys=0.00, real=0.04 secs] 
Heap after GC invocations=36 (full 0):
 par new generation   total 109248K, used 16781K [0x00000000d5a00000, 0x00000000dda00000, 0x00000000dda00000)
  eden space 87424K,   0% used [0x00000000d5a00000, 0x00000000d5a00000, 0x00000000daf60000)
  from space 21824K,  76% used [0x00000000daf60000, 0x00000000dbfc3640, 0x00000000dc4b0000)
  to   space 21824K,   0% used [0x00000000dc4b0000, 0x00000000dc4b0000, 0x00000000dda00000)
 concurrent mark-sweep generation total 393216K, used 27167K [0x00000000dda00000, 0x00000000f5a00000, 0x00000000f5a00000)
 concurrent-mark-sweep perm gen total 34496K, used 34363K [0x00000000f5a00000, 0x00000000f7bb0000, 0x0000000100000000)
}
2015-11-12T00:55:31.151-0600: 240.079: Total time for which application threads were stopped: 0.0471680 seconds, Stopping threads took: 0.0042300 seconds
{Heap before GC invocations=36 (full 0):
 par new generation   total 109248K, used 104205K [0x00000000d5a00000, 0x00000000dda00000, 0x00000000dda00000)
  eden space 87424K, 100% used [0x00000000d5a00000, 0x00000000daf60000, 0x00000000daf60000)
  from space 21824K,  76% used [0x00000000daf60000, 0x00000000dbfc3640, 0x00000000dc4b0000)
  to   space 21824K,   0% used [0x00000000dc4b0000, 0x00000000dc4b0000, 0x00000000dda00000)
 concurrent mark-sweep generation total 393216K, used 27167K [0x00000000dda00000, 0x00000000f5a00000, 0x00000000f5a00000)
 concurrent-mark-sweep perm gen total 34496K, used 34372K [0x00000000f5a00000, 0x00000000f7bb0000, 0x0000000100000000)
2015-11-12T00:55:31.265-0600: 240.193: [GC2015-11-12T00:55:31.266-0600: 240.193: [ParNew
Desired survivor size 20112992 bytes, new threshold 8 (max 8)
- age   1:     738336 bytes,     738336 total
- age   2:      40416 bytes,     778752 total
- age   3:      32520 bytes,     811272 total
- age   4:    1166896 bytes,    1978168 total
- age   5:    6559376 bytes,    8537544 total
- age   6:    1696664 bytes,   10234208 total
- age   7:    2723840 bytes,   12958048 total
- age   8:     104920 bytes,   13062968 total
: 104205K->17623K(109248K), 0.0276310 secs] 131372K->44862K(502464K), 0.0278170 secs] [Times: user=0.05 sys=0.00, real=0.03 secs] 
Heap after GC invocations=37 (full 0):
 par new generation   total 109248K, used 17623K [0x00000000d5a00000, 0x00000000dda00000, 0x00000000dda00000)
  eden space 87424K,   0% used [0x00000000d5a00000, 0x00000000d5a00000, 0x00000000daf60000)
  from space 21824K,  80% used [0x00000000dc4b0000, 0x00000000dd5e5cb0, 0x00000000dda00000)
  to   space 21824K,   0% used [0x00000000daf60000, 0x00000000daf60000, 0x00000000dc4b0000)
 concurrent mark-sweep generation total 393216K, used 27239K [0x00000000dda00000, 0x00000000f5a00000, 0x00000000f5a00000)
 concurrent-mark-sweep perm gen total 34496K, used 34372K [0x00000000f5a00000, 0x00000000f7bb0000, 0x0000000100000000)
}
2015-11-12T00:55:31.293-0600: 240.221: Total time for which application threads were stopped: 0.0290090 seconds, Stopping threads took: 0.0009340 seconds
{Heap before GC invocations=37 (full 0):
 par new generation   total 109248K, used 105047K [0x00000000d5a00000, 0x00000000dda00000, 0x00000000dda00000)
  eden space 87424K, 100% used [0x00000000d5a00000, 0x00000000daf60000, 0x00000000daf60000)
  from space 21824K,  80% used [0x00000000dc4b0000, 0x00000000dd5e5cb0, 0x00000000dda00000)
  to   space 21824K,   0% used [0x00000000daf60000, 0x00000000daf60000, 0x00000000dc4b0000)
 concurrent mark-sweep generation total 393216K, used 27239K [0x00000000dda00000, 0x00000000f5a00000, 0x00000000f5a00000)
 concurrent-mark-sweep perm gen total 34496K, used 34392K [0x00000000f5a00000, 0x00000000f7bb0000, 0x0000000100000000)
2015-11-12T00:55:31.379-0600: 240.307: [GC2015-11-12T00:55:31.379-0600: 240.307: [ParNew
Desired survivor size 20112992 bytes, new threshold 8 (max 8)
- age   1:     849912 bytes,     849912 total
- age   2:      60112 bytes,     910024 total
- age   3:      39960 bytes,     949984 total
- age   4:      32520 bytes,     982504 total
- age   5:    1166896 bytes,    2149400 total
- age   6:    6559376 bytes,    8708776 total
- age   7:    1696664 bytes,   10405440 total
- age   8:    2723840 bytes,   13129280 total
: 105047K->17372K(109248K), 0.0286430 secs] 132286K->44716K(502464K), 0.0288860 secs] [Times: user=0.05 sys=0.00, real=0.03 secs] 
Heap after GC invocations=38 (full 0):
 par new generation   total 109248K, used 17372K [0x00000000d5a00000, 0x00000000dda00000, 0x00000000dda00000)
  eden space 87424K,   0% used [0x00000000d5a00000, 0x00000000d5a00000, 0x00000000daf60000)
  from space 21824K,  79% used [0x00000000daf60000, 0x00000000dc057100, 0x00000000dc4b0000)
  to   space 21824K,   0% used [0x00000000dc4b0000, 0x00000000dc4b0000, 0x00000000dda00000)
 concurrent mark-sweep generation total 393216K, used 27344K [0x00000000dda00000, 0x00000000f5a00000, 0x00000000f5a00000)
 concurrent-mark-sweep perm gen total 34496K, used 34392K [0x00000000f5a00000, 0x00000000f7bb0000, 0x0000000100000000)
}
2015-11-12T00:55:31.408-0600: 240.336: Total time for which application threads were stopped: 0.0292390 seconds, Stopping threads took: 0.0000610 seconds
{Heap before GC invocations=38 (full 0):
 par new generation   total 109248K, used 104796K [0x00000000d5a00000, 0x00000000dda00000, 0x00000000dda00000)
  eden space 87424K, 100% used [0x00000000d5a00000, 0x00000000daf60000, 0x00000000daf60000)
  from space 21824K,  79% used [0x00000000daf60000, 0x00000000dc057100, 0x00000000dc4b0000)
  to   space 21824K,   0% used [0x00000000dc4b0000, 0x00000000dc4b0000, 0x00000000dda00000)
 concurrent mark-sweep generation total 393216K, used 27344K [0x00000000dda00000, 0x00000000f5a00000, 0x00000000f5a00000)
 concurrent-mark-sweep perm gen total 34496K, used 34407K [0x00000000f5a00000, 0x00000000f7bb0000, 0x0000000100000000)
2015-11-12T00:55:31.555-0600: 240.483: [GC2015-11-12T00:55:31.555-0600: 240.483: [ParNew
Desired survivor size 20112992 bytes, new threshold 8 (max 8)
- age   1:    1359600 bytes,    1359600 total
- age   2:     108424 bytes,    1468024 total
- age   3:      60112 bytes,    1528136 total
- age   4:      39960 bytes,    1568096 total
- age   5:      32520 bytes,    1600616 total
- age   6:    1166896 bytes,    2767512 total
- age   7:    6559376 bytes,    9326888 total
- age   8:    1696664 bytes,   11023552 total
: 104796K->15161K(109248K), 0.0401370 secs] 132140K->45173K(502464K), 0.0402980 secs] [Times: user=0.06 sys=0.00, real=0.04 secs] 
Heap after GC invocations=39 (full 0):
 par new generation   total 109248K, used 15161K [0x00000000d5a00000, 0x00000000dda00000, 0x00000000dda00000)
  eden space 87424K,   0% used [0x00000000d5a00000, 0x00000000d5a00000, 0x00000000daf60000)
  from space 21824K,  69% used [0x00000000dc4b0000, 0x00000000dd37e518, 0x00000000dda00000)
  to   space 21824K,   0% used [0x00000000daf60000, 0x00000000daf60000, 0x00000000dc4b0000)
 concurrent mark-sweep generation total 393216K, used 30012K [0x00000000dda00000, 0x00000000f5a00000, 0x00000000f5a00000)
 concurrent-mark-sweep perm gen total 34496K, used 34407K [0x00000000f5a00000, 0x00000000f7bb0000, 0x0000000100000000)
}
2015-11-12T00:55:31.595-0600: 240.523: Total time for which application threads were stopped: 0.0485160 seconds, Stopping threads took: 0.0079900 seconds
{Heap before GC invocations=39 (full 0):
 par new generation   total 109248K, used 102585K [0x00000000d5a00000, 0x00000000dda00000, 0x00000000dda00000)
  eden space 87424K, 100% used [0x00000000d5a00000, 0x00000000daf60000, 0x00000000daf60000)
  from space 21824K,  69% used [0x00000000dc4b0000, 0x00000000dd37e518, 0x00000000dda00000)
  to   space 21824K,   0% used [0x00000000daf60000, 0x00000000daf60000, 0x00000000dc4b0000)
 concurrent mark-sweep generation total 393216K, used 30012K [0x00000000dda00000, 0x00000000f5a00000, 0x00000000f5a00000)
 concurrent-mark-sweep perm gen total 34496K, used 34413K [0x00000000f5a00000, 0x00000000f7bb0000, 0x0000000100000000)
2015-11-12T00:55:31.711-0600: 240.639: [GC2015-11-12T00:55:31.712-0600: 240.639: [ParNew
Desired survivor size 20112992 bytes, new threshold 8 (max 8)
- age   1:    1424824 bytes,    1424824 total
- age   2:     111456 bytes,    1536280 total
- age   3:     108424 bytes,    1644704 total
- age   4:      59896 bytes,    1704600 total
- age   5:      39688 bytes,    1744288 total
- age   6:      32520 bytes,    1776808 total
- age   7:    1166896 bytes,    2943704 total
- age   8:    6559416 bytes,    9503120 total
: 102585K->11443K(109248K), 0.0345570 secs] 132597K->43117K(502464K), 0.0348040 secs] [Times: user=0.04 sys=0.00, real=0.04 secs] 
Heap after GC invocations=40 (full 0):
 par new generation   total 109248K, used 11443K [0x00000000d5a00000, 0x00000000dda00000, 0x00000000dda00000)
  eden space 87424K,   0% used [0x00000000d5a00000, 0x00000000d5a00000, 0x00000000daf60000)
  from space 21824K,  52% used [0x00000000daf60000, 0x00000000dba8cc40, 0x00000000dc4b0000)
  to   space 21824K,   0% used [0x00000000dc4b0000, 0x00000000dc4b0000, 0x00000000dda00000)
 concurrent mark-sweep generation total 393216K, used 31674K [0x00000000dda00000, 0x00000000f5a00000, 0x00000000f5a00000)
 concurrent-mark-sweep perm gen total 34496K, used 34413K [0x00000000f5a00000, 0x00000000f7bb0000, 0x0000000100000000)
}
2015-11-12T00:55:31.746-0600: 240.674: Total time for which application threads were stopped: 0.0352860 seconds, Stopping threads took: 0.0000570 seconds
{Heap before GC invocations=40 (full 0):
 par new generation   total 109248K, used 98867K [0x00000000d5a00000, 0x00000000dda00000, 0x00000000dda00000)
  eden space 87424K, 100% used [0x00000000d5a00000, 0x00000000daf60000, 0x00000000daf60000)
  from space 21824K,  52% used [0x00000000daf60000, 0x00000000dba8cc40, 0x00000000dc4b0000)
  to   space 21824K,   0% used [0x00000000dc4b0000, 0x00000000dc4b0000, 0x00000000dda00000)
 concurrent mark-sweep generation total 393216K, used 31674K [0x00000000dda00000, 0x00000000f5a00000, 0x00000000f5a00000)
 concurrent-mark-sweep perm gen total 34496K, used 34428K [0x00000000f5a00000, 0x00000000f7bb0000, 0x0000000100000000)
2015-11-12T00:55:31.862-0600: 240.790: [GC2015-11-12T00:55:31.862-0600: 240.790: [ParNew
Desired survivor size 20112992 bytes, new threshold 8 (max 8)
- age   1:    1675600 bytes,    1675600 total
- age   2:      90616 bytes,    1766216 total
- age   3:     111456 bytes,    1877672 total
- age   4:     107992 bytes,    1985664 total
- age   5:      59136 bytes,    2044800 total
- age   6:      39416 bytes,    2084216 total
- age   7:      32520 bytes,    2116736 total
- age   8:    1166896 bytes,    3283632 total
: 98867K->8390K(109248K), 0.0651190 secs] 130541K->46487K(502464K), 0.0653380 secs] [Times: user=0.09 sys=0.00, real=0.07 secs] 
Heap after GC invocations=41 (full 0):
 par new generation   total 109248K, used 8390K [0x00000000d5a00000, 0x00000000dda00000, 0x00000000dda00000)
  eden space 87424K,   0% used [0x00000000d5a00000, 0x00000000d5a00000, 0x00000000daf60000)
  from space 21824K,  38% used [0x00000000dc4b0000, 0x00000000dcce1ac0, 0x00000000dda00000)
  to   space 21824K,   0% used [0x00000000daf60000, 0x00000000daf60000, 0x00000000dc4b0000)
 concurrent mark-sweep generation total 393216K, used 38096K [0x00000000dda00000, 0x00000000f5a00000, 0x00000000f5a00000)
 concurrent-mark-sweep perm gen total 34496K, used 34428K [0x00000000f5a00000, 0x00000000f7bb0000, 0x0000000100000000)
}
2015-11-12T00:55:31.928-0600: 240.855: Total time for which application threads were stopped: 0.0659990 seconds, Stopping threads took: 0.0003960 seconds
{Heap before GC invocations=41 (full 0):
 par new generation   total 109248K, used 95814K [0x00000000d5a00000, 0x00000000dda00000, 0x00000000dda00000)
  eden space 87424K, 100% used [0x00000000d5a00000, 0x00000000daf60000, 0x00000000daf60000)
  from space 21824K,  38% used [0x00000000dc4b0000, 0x00000000dcce1ac0, 0x00000000dda00000)
  to   space 21824K,   0% used [0x00000000daf60000, 0x00000000daf60000, 0x00000000dc4b0000)
 concurrent mark-sweep generation total 393216K, used 38096K [0x00000000dda00000, 0x00000000f5a00000, 0x00000000f5a00000)
 concurrent-mark-sweep perm gen total 34496K, used 34452K [0x00000000f5a00000, 0x00000000f7bb0000, 0x0000000100000000)
2015-11-12T00:55:32.110-0600: 241.038: [GC2015-11-12T00:55:32.110-0600: 241.038: [ParNew
Desired survivor size 20112992 bytes, new threshold 8 (max 8)
- age   1:    1269992 bytes,    1269992 total
- age   2:      88984 bytes,    1358976 total
- age   3:      90616 bytes,    1449592 total
- age   4:     111456 bytes,    1561048 total
- age   5:     107560 bytes,    1668608 total
- age   6:      58592 bytes,    1727200 total
- age   7:      39416 bytes,    1766616 total
- age   8:      32520 bytes,    1799136 total
: 95814K->3223K(109248K), 0.0321380 secs] 133911K->42461K(502464K), 0.0324320 secs] [Times: user=0.04 sys=0.00, real=0.03 secs] 
Heap after GC invocations=42 (full 0):
 par new generation   total 109248K, used 3223K [0x00000000d5a00000, 0x00000000dda00000, 0x00000000dda00000)
  eden space 87424K,   0% used [0x00000000d5a00000, 0x00000000d5a00000, 0x00000000daf60000)
  from space 21824K,  14% used [0x00000000daf60000, 0x00000000db285d48, 0x00000000dc4b0000)
  to   space 21824K,   0% used [0x00000000dc4b0000, 0x00000000dc4b0000, 0x00000000dda00000)
 concurrent mark-sweep generation total 393216K, used 39238K [0x00000000dda00000, 0x00000000f5a00000, 0x00000000f5a00000)
 concurrent-mark-sweep perm gen total 34496K, used 34452K [0x00000000f5a00000, 0x00000000f7bb0000, 0x0000000100000000)
}
2015-11-12T00:55:32.142-0600: 241.070: Total time for which application threads were stopped: 0.0395770 seconds, Stopping threads took: 0.0068710 seconds
{Heap before GC invocations=42 (full 0):
 par new generation   total 109248K, used 90647K [0x00000000d5a00000, 0x00000000dda00000, 0x00000000dda00000)
  eden space 87424K, 100% used [0x00000000d5a00000, 0x00000000daf60000, 0x00000000daf60000)
  from space 21824K,  14% used [0x00000000daf60000, 0x00000000db285d48, 0x00000000dc4b0000)
  to   space 21824K,   0% used [0x00000000dc4b0000, 0x00000000dc4b0000, 0x00000000dda00000)
 concurrent mark-sweep generation total 393216K, used 39238K [0x00000000dda00000, 0x00000000f5a00000, 0x00000000f5a00000)
 concurrent-mark-sweep perm gen total 34496K, used 34459K [0x00000000f5a00000, 0x00000000f7bb0000, 0x0000000100000000)
2015-11-12T00:55:32.289-0600: 241.216: [GC2015-11-12T00:55:32.289-0600: 241.217: [ParNew
Desired survivor size 20112992 bytes, new threshold 8 (max 8)
- age   1:    1391216 bytes,    1391216 total
- age   2:      87464 bytes,    1478680 total
- age   3:      88984 bytes,    1567664 total
- age   4:      90616 bytes,    1658280 total
- age   5:     111456 bytes,    1769736 total
- age   6:     107560 bytes,    1877296 total
- age   7:      58592 bytes,    1935888 total
- age   8:      39416 bytes,    1975304 total
: 90647K->2467K(109248K), 0.0233000 secs] 129885K->41739K(502464K), 0.0235250 secs] [Times: user=0.02 sys=0.00, real=0.02 secs] 
Heap after GC invocations=43 (full 0):
 par new generation   total 109248K, used 2467K [0x00000000d5a00000, 0x00000000dda00000, 0x00000000dda00000)
  eden space 87424K,   0% used [0x00000000d5a00000, 0x00000000d5a00000, 0x00000000daf60000)
  from space 21824K,  11% used [0x00000000dc4b0000, 0x00000000dc718d00, 0x00000000dda00000)
  to   space 21824K,   0% used [0x00000000daf60000, 0x00000000daf60000, 0x00000000dc4b0000)
 concurrent mark-sweep generation total 393216K, used 39272K [0x00000000dda00000, 0x00000000f5a00000, 0x00000000f5a00000)
 concurrent-mark-sweep perm gen total 34496K, used 34459K [0x00000000f5a00000, 0x00000000f7bb0000, 0x0000000100000000)
}
2015-11-12T00:55:32.312-0600: 241.240: Total time for which application threads were stopped: 0.0297480 seconds, Stopping threads took: 0.0058240 seconds
{Heap before GC invocations=43 (full 0):
 par new generation   total 109248K, used 89891K [0x00000000d5a00000, 0x00000000dda00000, 0x00000000dda00000)
  eden space 87424K, 100% used [0x00000000d5a00000, 0x00000000daf60000, 0x00000000daf60000)
  from space 21824K,  11% used [0x00000000dc4b0000, 0x00000000dc718d00, 0x00000000dda00000)
  to   space 21824K,   0% used [0x00000000daf60000, 0x00000000daf60000, 0x00000000dc4b0000)
 concurrent mark-sweep generation total 393216K, used 39272K [0x00000000dda00000, 0x00000000f5a00000, 0x00000000f5a00000)
 concurrent-mark-sweep perm gen total 34688K, used 34477K [0x00000000f5a00000, 0x00000000f7be0000, 0x0000000100000000)
2015-11-12T00:55:32.486-0600: 241.414: [GC2015-11-12T00:55:32.486-0600: 241.414: [ParNew
Desired survivor size 20112992 bytes, new threshold 8 (max 8)
- age   1:     738032 bytes,     738032 total
- age   2:     112544 bytes,     850576 total
- age   3:      87464 bytes,     938040 total
- age   4:      88984 bytes,    1027024 total
- age   5:      90616 bytes,    1117640 total
- age   6:     111456 bytes,    1229096 total
- age   7:     107560 bytes,    1336656 total
- age   8:      58592 bytes,    1395248 total
: 89891K->2082K(109248K), 0.0179940 secs] 129163K->41395K(502464K), 0.0182280 secs] [Times: user=0.03 sys=0.00, real=0.01 secs] 
Heap after GC invocations=44 (full 0):
 par new generation   total 109248K, used 2082K [0x00000000d5a00000, 0x00000000dda00000, 0x00000000dda00000)
  eden space 87424K,   0% used [0x00000000d5a00000, 0x00000000d5a00000, 0x00000000daf60000)
  from space 21824K,   9% used [0x00000000daf60000, 0x00000000db168b68, 0x00000000dc4b0000)
  to   space 21824K,   0% used [0x00000000dc4b0000, 0x00000000dc4b0000, 0x00000000dda00000)
 concurrent mark-sweep generation total 393216K, used 39312K [0x00000000dda00000, 0x00000000f5a00000, 0x00000000f5a00000)
 concurrent-mark-sweep perm gen total 34688K, used 34477K [0x00000000f5a00000, 0x00000000f7be0000, 0x0000000100000000)
}
2015-11-12T00:55:32.505-0600: 241.432: Total time for which application threads were stopped: 0.0185550 seconds, Stopping threads took: 0.0000500 seconds
2015-11-12T00:55:32.564-0600: 241.492: Total time for which application threads were stopped: 0.0002760 seconds, Stopping threads took: 0.0001790 seconds
2015-11-12T00:55:32.586-0600: 241.514: Total time for which application threads were stopped: 0.0001930 seconds, Stopping threads took: 0.0000960 seconds
2015-11-12T00:55:32.625-0600: 241.553: Total time for which application threads were stopped: 0.0001750 seconds, Stopping threads took: 0.0000740 seconds
2015-11-12T00:55:32.628-0600: 241.556: Total time for which application threads were stopped: 0.0007190 seconds, Stopping threads took: 0.0006260 seconds
2015-11-12T00:55:32.810-0600: 241.738: Total time for which application threads were stopped: 0.0022230 seconds, Stopping threads took: 0.0019260 seconds
2015-11-12T00:55:32.946-0600: 241.874: Total time for which application threads were stopped: 0.0066380 seconds, Stopping threads took: 0.0063810 seconds
2015-11-12T00:55:33.119-0600: 242.047: Total time for which application threads were stopped: 0.0001150 seconds, Stopping threads took: 0.0000310 seconds
2015-11-12T00:55:33.120-0600: 242.048: Total time for which application threads were stopped: 0.0000850 seconds, Stopping threads took: 0.0000210 seconds
2015-11-12T00:55:33.123-0600: 242.051: Total time for which application threads were stopped: 0.0001410 seconds, Stopping threads took: 0.0000650 seconds
2015-11-12T00:55:33.134-0600: 242.062: Total time for which application threads were stopped: 0.0044020 seconds, Stopping threads took: 0.0042300 seconds
2015-11-12T00:55:33.137-0600: 242.064: Total time for which application threads were stopped: 0.0001090 seconds, Stopping threads took: 0.0000290 seconds
2015-11-12T00:55:33.150-0600: 242.078: Total time for which application threads were stopped: 0.0070300 seconds, Stopping threads took: 0.0069210 seconds
2015-11-12T00:55:33.154-0600: 242.082: Total time for which application threads were stopped: 0.0027440 seconds, Stopping threads took: 0.0026160 seconds
2015-11-12T00:55:33.160-0600: 242.087: Total time for which application threads were stopped: 0.0001960 seconds, Stopping threads took: 0.0001250 seconds
{Heap before GC invocations=44 (full 0):
 par new generation   total 109248K, used 89506K [0x00000000d5a00000, 0x00000000dda00000, 0x00000000dda00000)
  eden space 87424K, 100% used [0x00000000d5a00000, 0x00000000daf60000, 0x00000000daf60000)
  from space 21824K,   9% used [0x00000000daf60000, 0x00000000db168b68, 0x00000000dc4b0000)
  to   space 21824K,   0% used [0x00000000dc4b0000, 0x00000000dc4b0000, 0x00000000dda00000)
 concurrent mark-sweep generation total 393216K, used 39312K [0x00000000dda00000, 0x00000000f5a00000, 0x00000000f5a00000)
 concurrent-mark-sweep perm gen total 34688K, used 34512K [0x00000000f5a00000, 0x00000000f7be0000, 0x0000000100000000)
2015-11-12T00:55:33.331-0600: 242.258: [GC2015-11-12T00:55:33.331-0600: 242.259: [ParNew
Desired survivor size 20112992 bytes, new threshold 8 (max 8)
- age   1:    5926720 bytes,    5926720 total
- age   2:     527808 bytes,    6454528 total
- age   3:     112384 bytes,    6566912 total
- age   4:      87464 bytes,    6654376 total
- age   5:      88984 bytes,    6743360 total
- age   6:      90616 bytes,    6833976 total
- age   7:     111456 bytes,    6945432 total
- age   8:     107560 bytes,    7052992 total
: 89506K->7238K(109248K), 0.0359880 secs] 128819K->46610K(502464K), 0.0362950 secs] [Times: user=0.06 sys=0.00, real=0.04 secs] 
Heap after GC invocations=45 (full 0):
 par new generation   total 109248K, used 7238K [0x00000000d5a00000, 0x00000000dda00000, 0x00000000dda00000)
  eden space 87424K,   0% used [0x00000000d5a00000, 0x00000000d5a00000, 0x00000000daf60000)
  from space 21824K,  33% used [0x00000000dc4b0000, 0x00000000dcbc1bc8, 0x00000000dda00000)
  to   space 21824K,   0% used [0x00000000daf60000, 0x00000000daf60000, 0x00000000dc4b0000)
 concurrent mark-sweep generation total 393216K, used 39371K [0x00000000dda00000, 0x00000000f5a00000, 0x00000000f5a00000)
 concurrent-mark-sweep perm gen total 34688K, used 34512K [0x00000000f5a00000, 0x00000000f7be0000, 0x0000000100000000)
}
2015-11-12T00:55:33.367-0600: 242.295: Total time for which application threads were stopped: 0.0402880 seconds, Stopping threads took: 0.0034150 seconds
2015-11-12T00:55:33.368-0600: 242.295: Total time for which application threads were stopped: 0.0001420 seconds, Stopping threads took: 0.0000290 seconds
2015-11-12T00:55:33.482-0600: 242.410: Total time for which application threads were stopped: 0.0001460 seconds, Stopping threads took: 0.0000460 seconds
2015-11-12T00:55:33.484-0600: 242.412: Total time for which application threads were stopped: 0.0001610 seconds, Stopping threads took: 0.0000750 seconds
2015-11-12T00:55:33.539-0600: 242.467: Total time for which application threads were stopped: 0.0064810 seconds, Stopping threads took: 0.0063060 seconds
2015-11-12T00:55:33.589-0600: 242.516: Total time for which application threads were stopped: 0.0032210 seconds, Stopping threads took: 0.0030150 seconds
2015-11-12T00:55:33.605-0600: 242.533: Total time for which application threads were stopped: 0.0027670 seconds, Stopping threads took: 0.0026770 seconds
2015-11-12T00:55:33.622-0600: 242.550: Total time for which application threads were stopped: 0.0006330 seconds, Stopping threads took: 0.0005420 seconds
2015-11-12T00:55:33.623-0600: 242.550: Total time for which application threads were stopped: 0.0001390 seconds, Stopping threads took: 0.0000830 seconds
2015-11-12T00:55:33.638-0600: 242.566: Total time for which application threads were stopped: 0.0008010 seconds, Stopping threads took: 0.0007290 seconds
2015-11-12T00:55:33.647-0600: 242.575: Total time for which application threads were stopped: 0.0038590 seconds, Stopping threads took: 0.0037740 seconds
2015-11-12T00:55:33.647-0600: 242.575: Total time for which application threads were stopped: 0.0000790 seconds, Stopping threads took: 0.0000250 seconds
2015-11-12T00:55:33.647-0600: 242.575: Total time for which application threads were stopped: 0.0000660 seconds, Stopping threads took: 0.0000190 seconds
2015-11-12T00:55:33.648-0600: 242.575: Total time for which application threads were stopped: 0.0002920 seconds, Stopping threads took: 0.0000320 seconds
2015-11-12T00:55:33.678-0600: 242.606: Total time for which application threads were stopped: 0.0021030 seconds, Stopping threads took: 0.0019720 seconds
2015-11-12T00:55:33.705-0600: 242.633: Total time for which application threads were stopped: 0.0016160 seconds, Stopping threads took: 0.0015280 seconds
2015-11-12T00:55:33.915-0600: 242.843: Total time for which application threads were stopped: 0.0003850 seconds, Stopping threads took: 0.0000740 seconds
2015-11-12T00:55:34.216-0600: 243.144: Total time for which application threads were stopped: 0.0003790 seconds, Stopping threads took: 0.0000910 seconds
2015-11-12T00:55:34.229-0600: 243.157: Total time for which application threads were stopped: 0.0001090 seconds, Stopping threads took: 0.0000290 seconds
2015-11-12T00:55:34.316-0600: 243.243: Total time for which application threads were stopped: 0.0061620 seconds, Stopping threads took: 0.0060550 seconds
2015-11-12T00:55:34.322-0600: 243.249: Total time for which application threads were stopped: 0.0030010 seconds, Stopping threads took: 0.0029060 seconds
2015-11-12T00:55:34.333-0600: 243.261: Total time for which application threads were stopped: 0.0058600 seconds, Stopping threads took: 0.0057630 seconds
2015-11-12T00:55:34.342-0600: 243.270: Total time for which application threads were stopped: 0.0045300 seconds, Stopping threads took: 0.0044400 seconds
2015-11-12T00:55:34.344-0600: 243.272: Total time for which application threads were stopped: 0.0011190 seconds, Stopping threads took: 0.0010500 seconds
2015-11-12T00:55:34.359-0600: 243.287: Total time for which application threads were stopped: 0.0002700 seconds, Stopping threads took: 0.0001780 seconds
2015-11-12T00:55:34.359-0600: 243.287: Total time for which application threads were stopped: 0.0000660 seconds, Stopping threads took: 0.0000190 seconds
2015-11-12T00:55:34.359-0600: 243.287: Total time for which application threads were stopped: 0.0000530 seconds, Stopping threads took: 0.0000110 seconds
2015-11-12T00:55:34.359-0600: 243.287: Total time for which application threads were stopped: 0.0000490 seconds, Stopping threads took: 0.0000090 seconds
2015-11-12T00:55:34.360-0600: 243.287: Total time for which application threads were stopped: 0.0000520 seconds, Stopping threads took: 0.0000110 seconds
2015-11-12T00:55:34.376-0600: 243.303: Total time for which application threads were stopped: 0.0001310 seconds, Stopping threads took: 0.0000470 seconds
2015-11-12T00:55:35.376-0600: 244.304: Total time for which application threads were stopped: 0.0005290 seconds, Stopping threads took: 0.0000780 seconds
{Heap before GC invocations=45 (full 0):
 par new generation   total 109248K, used 94662K [0x00000000d5a00000, 0x00000000dda00000, 0x00000000dda00000)
  eden space 87424K, 100% used [0x00000000d5a00000, 0x00000000daf60000, 0x00000000daf60000)
  from space 21824K,  33% used [0x00000000dc4b0000, 0x00000000dcbc1bc8, 0x00000000dda00000)
  to   space 21824K,   0% used [0x00000000daf60000, 0x00000000daf60000, 0x00000000dc4b0000)
 concurrent mark-sweep generation total 393216K, used 39371K [0x00000000dda00000, 0x00000000f5a00000, 0x00000000f5a00000)
 concurrent-mark-sweep perm gen total 34688K, used 34587K [0x00000000f5a00000, 0x00000000f7be0000, 0x0000000100000000)
2015-11-12T00:55:41.117-0600: 250.045: [GC2015-11-12T00:55:41.117-0600: 250.045: [ParNew
Desired survivor size 20112992 bytes, new threshold 8 (max 8)
- age   1:    4182584 bytes,    4182584 total
- age   2:    4017216 bytes,    8199800 total
- age   3:     182808 bytes,    8382608 total
- age   4:     112384 bytes,    8494992 total
- age   5:      87464 bytes,    8582456 total
- age   6:      88984 bytes,    8671440 total
- age   7:      90616 bytes,    8762056 total
- age   8:     111456 bytes,    8873512 total
: 94662K->10580K(109248K), 0.0429690 secs] 134034K->50059K(502464K), 0.0431800 secs] [Times: user=0.06 sys=0.00, real=0.04 secs] 
Heap after GC invocations=46 (full 0):
 par new generation   total 109248K, used 10580K [0x00000000d5a00000, 0x00000000dda00000, 0x00000000dda00000)
  eden space 87424K,   0% used [0x00000000d5a00000, 0x00000000d5a00000, 0x00000000daf60000)
  from space 21824K,  48% used [0x00000000daf60000, 0x00000000db9b5160, 0x00000000dc4b0000)
  to   space 21824K,   0% used [0x00000000dc4b0000, 0x00000000dc4b0000, 0x00000000dda00000)
 concurrent mark-sweep generation total 393216K, used 39478K [0x00000000dda00000, 0x00000000f5a00000, 0x00000000f5a00000)
 concurrent-mark-sweep perm gen total 34688K, used 34587K [0x00000000f5a00000, 0x00000000f7be0000, 0x0000000100000000)
}
2015-11-12T00:55:41.160-0600: 250.088: Total time for which application threads were stopped: 0.0436330 seconds, Stopping threads took: 0.0000830 seconds
{Heap before GC invocations=46 (full 0):
 par new generation   total 109248K, used 98004K [0x00000000d5a00000, 0x00000000dda00000, 0x00000000dda00000)
  eden space 87424K, 100% used [0x00000000d5a00000, 0x00000000daf60000, 0x00000000daf60000)
  from space 21824K,  48% used [0x00000000daf60000, 0x00000000db9b5160, 0x00000000dc4b0000)
  to   space 21824K,   0% used [0x00000000dc4b0000, 0x00000000dc4b0000, 0x00000000dda00000)
 concurrent mark-sweep generation total 393216K, used 39478K [0x00000000dda00000, 0x00000000f5a00000, 0x00000000f5a00000)
 concurrent-mark-sweep perm gen total 34688K, used 34591K [0x00000000f5a00000, 0x00000000f7be0000, 0x0000000100000000)
2015-11-12T00:55:41.288-0600: 250.216: [GC2015-11-12T00:55:41.288-0600: 250.216: [ParNew
Desired survivor size 20112992 bytes, new threshold 8 (max 8)
- age   1:    4591944 bytes,    4591944 total
- age   2:    3950248 bytes,    8542192 total
- age   3:    4011920 bytes,   12554112 total
- age   4:     182808 bytes,   12736920 total
- age   5:     112384 bytes,   12849304 total
- age   6:      87464 bytes,   12936768 total
- age   7:      88984 bytes,   13025752 total
- age   8:      90616 bytes,   13116368 total
: 98004K->16778K(109248K), 0.0939690 secs] 137483K->56368K(502464K), 0.0941680 secs] [Times: user=0.08 sys=0.00, real=0.09 secs] 
Heap after GC invocations=47 (full 0):
 par new generation   total 109248K, used 16778K [0x00000000d5a00000, 0x00000000dda00000, 0x00000000dda00000)
  eden space 87424K,   0% used [0x00000000d5a00000, 0x00000000d5a00000, 0x00000000daf60000)
  from space 21824K,  76% used [0x00000000dc4b0000, 0x00000000dd512ab0, 0x00000000dda00000)
  to   space 21824K,   0% used [0x00000000daf60000, 0x00000000daf60000, 0x00000000dc4b0000)
 concurrent mark-sweep generation total 393216K, used 39589K [0x00000000dda00000, 0x00000000f5a00000, 0x00000000f5a00000)
 concurrent-mark-sweep perm gen total 34688K, used 34591K [0x00000000f5a00000, 0x00000000f7be0000, 0x0000000100000000)
}
2015-11-12T00:55:41.382-0600: 250.310: Total time for which application threads were stopped: 0.0951330 seconds, Stopping threads took: 0.0005120 seconds
{Heap before GC invocations=47 (full 0):
 par new generation   total 109248K, used 104202K [0x00000000d5a00000, 0x00000000dda00000, 0x00000000dda00000)
  eden space 87424K, 100% used [0x00000000d5a00000, 0x00000000daf60000, 0x00000000daf60000)
  from space 21824K,  76% used [0x00000000dc4b0000, 0x00000000dd512ab0, 0x00000000dda00000)
  to   space 21824K,   0% used [0x00000000daf60000, 0x00000000daf60000, 0x00000000dc4b0000)
 concurrent mark-sweep generation total 393216K, used 39589K [0x00000000dda00000, 0x00000000f5a00000, 0x00000000f5a00000)
 concurrent-mark-sweep perm gen total 34688K, used 34591K [0x00000000f5a00000, 0x00000000f7be0000, 0x0000000100000000)
2015-11-12T00:55:41.468-0600: 250.396: [GC2015-11-12T00:55:41.468-0600: 250.396: [ParNew
Desired survivor size 20112992 bytes, new threshold 8 (max 8)
- age   1:     737920 bytes,     737920 total
- age   2:    3832600 bytes,    4570520 total
- age   3:    3950272 bytes,    8520792 total
- age   4:    4011920 bytes,   12532712 total
- age   5:     182808 bytes,   12715520 total
- age   6:     112384 bytes,   12827904 total
- age   7:      87464 bytes,   12915368 total
- age   8:      88984 bytes,   13004352 total
: 104202K->16669K(109248K), 0.0269490 secs] 143792K->56349K(502464K), 0.0271840 secs] [Times: user=0.05 sys=0.00, real=0.03 secs] 
Heap after GC invocations=48 (full 0):
 par new generation   total 109248K, used 16669K [0x00000000d5a00000, 0x00000000dda00000, 0x00000000dda00000)
  eden space 87424K,   0% used [0x00000000d5a00000, 0x00000000d5a00000, 0x00000000daf60000)
  from space 21824K,  76% used [0x00000000daf60000, 0x00000000dbfa7490, 0x00000000dc4b0000)
  to   space 21824K,   0% used [0x00000000dc4b0000, 0x00000000dc4b0000, 0x00000000dda00000)
 concurrent mark-sweep generation total 393216K, used 39680K [0x00000000dda00000, 0x00000000f5a00000, 0x00000000f5a00000)
 concurrent-mark-sweep perm gen total 34688K, used 34591K [0x00000000f5a00000, 0x00000000f7be0000, 0x0000000100000000)
}
2015-11-12T00:55:41.495-0600: 250.423: Total time for which application threads were stopped: 0.0275060 seconds, Stopping threads took: 0.0000440 seconds
{Heap before GC invocations=48 (full 0):
 par new generation   total 109248K, used 104080K [0x00000000d5a00000, 0x00000000dda00000, 0x00000000dda00000)
  eden space 87424K,  99% used [0x00000000d5a00000, 0x00000000daf5cd60, 0x00000000daf60000)
  from space 21824K,  76% used [0x00000000daf60000, 0x00000000dbfa7490, 0x00000000dc4b0000)
  to   space 21824K,   0% used [0x00000000dc4b0000, 0x00000000dc4b0000, 0x00000000dda00000)
 concurrent mark-sweep generation total 393216K, used 39680K [0x00000000dda00000, 0x00000000f5a00000, 0x00000000f5a00000)
 concurrent-mark-sweep perm gen total 34688K, used 34591K [0x00000000f5a00000, 0x00000000f7be0000, 0x0000000100000000)
2015-11-12T00:55:41.615-0600: 250.543: [GC2015-11-12T00:55:41.615-0600: 250.543: [ParNew
Desired survivor size 20112992 bytes, new threshold 8 (max 8)
- age   1:     623528 bytes,     623528 total
- age   2:      34664 bytes,     658192 total
- age   3:    3832384 bytes,    4490576 total
- age   4:    3950248 bytes,    8440824 total
- age   5:    4011920 bytes,   12452744 total
- age   6:     182808 bytes,   12635552 total
- age   7:     112384 bytes,   12747936 total
- age   8:      87464 bytes,   12835400 total
: 104080K->17680K(109248K), 0.0277210 secs] 143760K->57449K(502464K), 0.0279140 secs] [Times: user=0.04 sys=0.00, real=0.02 secs] 
Heap after GC invocations=49 (full 0):
 par new generation   total 109248K, used 17680K [0x00000000d5a00000, 0x00000000dda00000, 0x00000000dda00000)
  eden space 87424K,   0% used [0x00000000d5a00000, 0x00000000d5a00000, 0x00000000daf60000)
  from space 21824K,  81% used [0x00000000dc4b0000, 0x00000000dd5f41c0, 0x00000000dda00000)
  to   space 21824K,   0% used [0x00000000daf60000, 0x00000000daf60000, 0x00000000dc4b0000)
 concurrent mark-sweep generation total 393216K, used 39768K [0x00000000dda00000, 0x00000000f5a00000, 0x00000000f5a00000)
 concurrent-mark-sweep perm gen total 34688K, used 34591K [0x00000000f5a00000, 0x00000000f7be0000, 0x0000000100000000)
}
2015-11-12T00:55:41.643-0600: 250.571: Total time for which application threads were stopped: 0.0311000 seconds, Stopping threads took: 0.0029220 seconds
{Heap before GC invocations=49 (full 0):
 par new generation   total 109248K, used 105104K [0x00000000d5a00000, 0x00000000dda00000, 0x00000000dda00000)
  eden space 87424K, 100% used [0x00000000d5a00000, 0x00000000daf60000, 0x00000000daf60000)
  from space 21824K,  81% used [0x00000000dc4b0000, 0x00000000dd5f41c0, 0x00000000dda00000)
  to   space 21824K,   0% used [0x00000000daf60000, 0x00000000daf60000, 0x00000000dc4b0000)
 concurrent mark-sweep generation total 393216K, used 39768K [0x00000000dda00000, 0x00000000f5a00000, 0x00000000f5a00000)
 concurrent-mark-sweep perm gen total 34688K, used 34591K [0x00000000f5a00000, 0x00000000f7be0000, 0x0000000100000000)
2015-11-12T00:55:41.779-0600: 250.707: [GC2015-11-12T00:55:41.779-0600: 250.707: [ParNew
Desired survivor size 20112992 bytes, new threshold 8 (max 8)
- age   1:     806992 bytes,     806992 total
- age   2:      35904 bytes,     842896 total
- age   3:      34272 bytes,     877168 total
- age   4:    3832384 bytes,    4709552 total
- age   5:    3950248 bytes,    8659800 total
- age   6:    4011920 bytes,   12671720 total
- age   7:     182808 bytes,   12854528 total
- age   8:     112384 bytes,   12966912 total
: 105104K->15769K(109248K), 0.0471180 secs] 144873K->55625K(502464K), 0.0475340 secs] [Times: user=0.05 sys=0.00, real=0.05 secs] 
Heap after GC invocations=50 (full 0):
 par new generation   total 109248K, used 15769K [0x00000000d5a00000, 0x00000000dda00000, 0x00000000dda00000)
  eden space 87424K,   0% used [0x00000000d5a00000, 0x00000000d5a00000, 0x00000000daf60000)
  from space 21824K,  72% used [0x00000000daf60000, 0x00000000dbec65d0, 0x00000000dc4b0000)
  to   space 21824K,   0% used [0x00000000dc4b0000, 0x00000000dc4b0000, 0x00000000dda00000)
 concurrent mark-sweep generation total 393216K, used 39856K [0x00000000dda00000, 0x00000000f5a00000, 0x00000000f5a00000)
 concurrent-mark-sweep perm gen total 34688K, used 34591K [0x00000000f5a00000, 0x00000000f7be0000, 0x0000000100000000)
}
2015-11-12T00:55:41.827-0600: 250.755: Total time for which application threads were stopped: 0.0556030 seconds, Stopping threads took: 0.0076660 seconds
{Heap before GC invocations=50 (full 0):
 par new generation   total 109248K, used 103187K [0x00000000d5a00000, 0x00000000dda00000, 0x00000000dda00000)
  eden space 87424K,  99% used [0x00000000d5a00000, 0x00000000daf5e828, 0x00000000daf60000)
  from space 21824K,  72% used [0x00000000daf60000, 0x00000000dbec65d0, 0x00000000dc4b0000)
  to   space 21824K,   0% used [0x00000000dc4b0000, 0x00000000dc4b0000, 0x00000000dda00000)
 concurrent mark-sweep generation total 393216K, used 39856K [0x00000000dda00000, 0x00000000f5a00000, 0x00000000f5a00000)
 concurrent-mark-sweep perm gen total 34688K, used 34592K [0x00000000f5a00000, 0x00000000f7be0000, 0x0000000100000000)
2015-11-12T00:55:41.946-0600: 250.874: [GC2015-11-12T00:55:41.946-0600: 250.874: [ParNew
Desired survivor size 20112992 bytes, new threshold 8 (max 8)
- age   1:    1526048 bytes,    1526048 total
- age   2:      51384 bytes,    1577432 total
- age   3:      35904 bytes,    1613336 total
- age   4:      34272 bytes,    1647608 total
- age   5:    3832384 bytes,    5479992 total
- age   6:    3950248 bytes,    9430240 total
- age   7:    4011920 bytes,   13442160 total
- age   8:     182808 bytes,   13624968 total
: 103187K->16611K(109248K), 0.0406580 secs] 143043K->56579K(502464K), 0.0408620 secs] [Times: user=0.06 sys=0.00, real=0.05 secs] 
Heap after GC invocations=51 (full 0):
 par new generation   total 109248K, used 16611K [0x00000000d5a00000, 0x00000000dda00000, 0x00000000dda00000)
  eden space 87424K,   0% used [0x00000000d5a00000, 0x00000000d5a00000, 0x00000000daf60000)
  from space 21824K,  76% used [0x00000000dc4b0000, 0x00000000dd4e8d50, 0x00000000dda00000)
  to   space 21824K,   0% used [0x00000000daf60000, 0x00000000daf60000, 0x00000000dc4b0000)
 concurrent mark-sweep generation total 393216K, used 39968K [0x00000000dda00000, 0x00000000f5a00000, 0x00000000f5a00000)
 concurrent-mark-sweep perm gen total 34688K, used 34592K [0x00000000f5a00000, 0x00000000f7be0000, 0x0000000100000000)
}
2015-11-12T00:55:41.987-0600: 250.915: Total time for which application threads were stopped: 0.0412000 seconds, Stopping threads took: 0.0000680 seconds
{Heap before GC invocations=51 (full 0):
 par new generation   total 109248K, used 104023K [0x00000000d5a00000, 0x00000000dda00000, 0x00000000dda00000)
  eden space 87424K,  99% used [0x00000000d5a00000, 0x00000000daf5d120, 0x00000000daf60000)
  from space 21824K,  76% used [0x00000000dc4b0000, 0x00000000dd4e8d50, 0x00000000dda00000)
  to   space 21824K,   0% used [0x00000000daf60000, 0x00000000daf60000, 0x00000000dc4b0000)
 concurrent mark-sweep generation total 393216K, used 39968K [0x00000000dda00000, 0x00000000f5a00000, 0x00000000f5a00000)
 concurrent-mark-sweep perm gen total 34688K, used 34595K [0x00000000f5a00000, 0x00000000f7be0000, 0x0000000100000000)
2015-11-12T00:55:42.093-0600: 251.021: [GC2015-11-12T00:55:42.094-0600: 251.021: [ParNew
Desired survivor size 20112992 bytes, new threshold 8 (max 8)
- age   1:    1322752 bytes,    1322752 total
- age   2:      90288 bytes,    1413040 total
- age   3:      51232 bytes,    1464272 total
- age   4:      35904 bytes,    1500176 total
- age   5:      34272 bytes,    1534448 total
- age   6:    3832384 bytes,    5366832 total
- age   7:    3950248 bytes,    9317080 total
- age   8:    4011920 bytes,   13329000 total
: 104023K->19121K(109248K), 0.0514380 secs] 143992K->59271K(502464K), 0.0516590 secs] [Times: user=0.10 sys=0.00, real=0.05 secs] 
Heap after GC invocations=52 (full 0):
 par new generation   total 109248K, used 19121K [0x00000000d5a00000, 0x00000000dda00000, 0x00000000dda00000)
  eden space 87424K,   0% used [0x00000000d5a00000, 0x00000000d5a00000, 0x00000000daf60000)
  from space 21824K,  87% used [0x00000000daf60000, 0x00000000dc20c6e0, 0x00000000dc4b0000)
  to   space 21824K,   0% used [0x00000000dc4b0000, 0x00000000dc4b0000, 0x00000000dda00000)
 concurrent mark-sweep generation total 393216K, used 40150K [0x00000000dda00000, 0x00000000f5a00000, 0x00000000f5a00000)
 concurrent-mark-sweep perm gen total 34688K, used 34595K [0x00000000f5a00000, 0x00000000f7be0000, 0x0000000100000000)
}
2015-11-12T00:55:42.145-0600: 251.073: Total time for which application threads were stopped: 0.0592340 seconds, Stopping threads took: 0.0073140 seconds
{Heap before GC invocations=52 (full 0):
 par new generation   total 109248K, used 106545K [0x00000000d5a00000, 0x00000000dda00000, 0x00000000dda00000)
  eden space 87424K, 100% used [0x00000000d5a00000, 0x00000000daf60000, 0x00000000daf60000)
  from space 21824K,  87% used [0x00000000daf60000, 0x00000000dc20c6e0, 0x00000000dc4b0000)
  to   space 21824K,   0% used [0x00000000dc4b0000, 0x00000000dc4b0000, 0x00000000dda00000)
 concurrent mark-sweep generation total 393216K, used 40150K [0x00000000dda00000, 0x00000000f5a00000, 0x00000000f5a00000)
 concurrent-mark-sweep perm gen total 34688K, used 34596K [0x00000000f5a00000, 0x00000000f7be0000, 0x0000000100000000)
2015-11-12T00:55:42.266-0600: 251.194: [GC2015-11-12T00:55:42.266-0600: 251.194: [ParNew
Desired survivor size 20112992 bytes, new threshold 8 (max 8)
- age   1:    1191384 bytes,    1191384 total
- age   2:     108816 bytes,    1300200 total
- age   3:      90288 bytes,    1390488 total
- age   4:      50800 bytes,    1441288 total
- age   5:      35360 bytes,    1476648 total
- age   6:      34272 bytes,    1510920 total
- age   7:    3832384 bytes,    5343304 total
- age   8:    3950248 bytes,    9293552 total
: 106545K->14119K(109248K), 0.0508220 secs] 146695K->58197K(502464K), 0.0510110 secs] [Times: user=0.05 sys=0.00, real=0.06 secs] 
Heap after GC invocations=53 (full 0):
 par new generation   total 109248K, used 14119K [0x00000000d5a00000, 0x00000000dda00000, 0x00000000dda00000)
  eden space 87424K,   0% used [0x00000000d5a00000, 0x00000000d5a00000, 0x00000000daf60000)
  from space 21824K,  64% used [0x00000000dc4b0000, 0x00000000dd279d50, 0x00000000dda00000)
  to   space 21824K,   0% used [0x00000000daf60000, 0x00000000daf60000, 0x00000000dc4b0000)
 concurrent mark-sweep generation total 393216K, used 44078K [0x00000000dda00000, 0x00000000f5a00000, 0x00000000f5a00000)
 concurrent-mark-sweep perm gen total 34688K, used 34596K [0x00000000f5a00000, 0x00000000f7be0000, 0x0000000100000000)
}
2015-11-12T00:55:42.317-0600: 251.245: Total time for which application threads were stopped: 0.0534190 seconds, Stopping threads took: 0.0021490 seconds
{Heap before GC invocations=53 (full 0):
 par new generation   total 109248K, used 101543K [0x00000000d5a00000, 0x00000000dda00000, 0x00000000dda00000)
  eden space 87424K, 100% used [0x00000000d5a00000, 0x00000000daf60000, 0x00000000daf60000)
  from space 21824K,  64% used [0x00000000dc4b0000, 0x00000000dd279d50, 0x00000000dda00000)
  to   space 21824K,   0% used [0x00000000daf60000, 0x00000000daf60000, 0x00000000dc4b0000)
 concurrent mark-sweep generation total 393216K, used 44078K [0x00000000dda00000, 0x00000000f5a00000, 0x00000000f5a00000)
 concurrent-mark-sweep perm gen total 34688K, used 34598K [0x00000000f5a00000, 0x00000000f7be0000, 0x0000000100000000)
2015-11-12T00:55:42.477-0600: 251.404: [GC2015-11-12T00:55:42.477-0600: 251.405: [ParNew
Desired survivor size 20112992 bytes, new threshold 8 (max 8)
- age   1:    1852640 bytes,    1852640 total
- age   2:      97144 bytes,    1949784 total
- age   3:     108816 bytes,    2058600 total
- age   4:      89856 bytes,    2148456 total
- age   5:      50256 bytes,    2198712 total
- age   6:      35360 bytes,    2234072 total
- age   7:      34272 bytes,    2268344 total
- age   8:    3832384 bytes,    6100728 total
: 101543K->7500K(109248K), 0.0550780 secs] 145621K->55447K(502464K), 0.0553530 secs] [Times: user=0.05 sys=0.00, real=0.05 secs] 
Heap after GC invocations=54 (full 0):
 par new generation   total 109248K, used 7500K [0x00000000d5a00000, 0x00000000dda00000, 0x00000000dda00000)
  eden space 87424K,   0% used [0x00000000d5a00000, 0x00000000d5a00000, 0x00000000daf60000)
  from space 21824K,  34% used [0x00000000daf60000, 0x00000000db6b31c8, 0x00000000dc4b0000)
  to   space 21824K,   0% used [0x00000000dc4b0000, 0x00000000dc4b0000, 0x00000000dda00000)
 concurrent mark-sweep generation total 393216K, used 47946K [0x00000000dda00000, 0x00000000f5a00000, 0x00000000f5a00000)
 concurrent-mark-sweep perm gen total 34688K, used 34598K [0x00000000f5a00000, 0x00000000f7be0000, 0x0000000100000000)
}
2015-11-12T00:55:42.532-0600: 251.460: Total time for which application threads were stopped: 0.0598670 seconds, Stopping threads took: 0.0040940 seconds
{Heap before GC invocations=54 (full 0):
 par new generation   total 109248K, used 94924K [0x00000000d5a00000, 0x00000000dda00000, 0x00000000dda00000)
  eden space 87424K, 100% used [0x00000000d5a00000, 0x00000000daf60000, 0x00000000daf60000)
  from space 21824K,  34% used [0x00000000daf60000, 0x00000000db6b31c8, 0x00000000dc4b0000)
  to   space 21824K,   0% used [0x00000000dc4b0000, 0x00000000dc4b0000, 0x00000000dda00000)
 concurrent mark-sweep generation total 393216K, used 47946K [0x00000000dda00000, 0x00000000f5a00000, 0x00000000f5a00000)
 concurrent-mark-sweep perm gen total 34688K, used 34602K [0x00000000f5a00000, 0x00000000f7be0000, 0x0000000100000000)
2015-11-12T00:55:42.722-0600: 251.649: [GC2015-11-12T00:55:42.722-0600: 251.650: [ParNew
Desired survivor size 20112992 bytes, new threshold 8 (max 8)
- age   1:    1354000 bytes,    1354000 total
- age   2:      82728 bytes,    1436728 total
- age   3:      97144 bytes,    1533872 total
- age   4:     108600 bytes,    1642472 total
- age   5:      89640 bytes,    1732112 total
- age   6:      49712 bytes,    1781824 total
- age   7:      35360 bytes,    1817184 total
- age   8:      34272 bytes,    1851456 total
: 94924K->5539K(109248K), 0.0460260 secs] 142871K->57261K(502464K), 0.0462420 secs] [Times: user=0.07 sys=0.00, real=0.05 secs] 
Heap after GC invocations=55 (full 0):
 par new generation   total 109248K, used 5539K [0x00000000d5a00000, 0x00000000dda00000, 0x00000000dda00000)
  eden space 87424K,   0% used [0x00000000d5a00000, 0x00000000d5a00000, 0x00000000daf60000)
  from space 21824K,  25% used [0x00000000dc4b0000, 0x00000000dca18f40, 0x00000000dda00000)
  to   space 21824K,   0% used [0x00000000daf60000, 0x00000000daf60000, 0x00000000dc4b0000)
 concurrent mark-sweep generation total 393216K, used 51721K [0x00000000dda00000, 0x00000000f5a00000, 0x00000000f5a00000)
 concurrent-mark-sweep perm gen total 34688K, used 34602K [0x00000000f5a00000, 0x00000000f7be0000, 0x0000000100000000)
}
2015-11-12T00:55:42.768-0600: 251.696: Total time for which application threads were stopped: 0.0568950 seconds, Stopping threads took: 0.0103700 seconds
{Heap before GC invocations=55 (full 0):
 par new generation   total 109248K, used 92963K [0x00000000d5a00000, 0x00000000dda00000, 0x00000000dda00000)
  eden space 87424K, 100% used [0x00000000d5a00000, 0x00000000daf60000, 0x00000000daf60000)
  from space 21824K,  25% used [0x00000000dc4b0000, 0x00000000dca18f40, 0x00000000dda00000)
  to   space 21824K,   0% used [0x00000000daf60000, 0x00000000daf60000, 0x00000000dc4b0000)
 concurrent mark-sweep generation total 393216K, used 51721K [0x00000000dda00000, 0x00000000f5a00000, 0x00000000f5a00000)
 concurrent-mark-sweep perm gen total 34688K, used 34613K [0x00000000f5a00000, 0x00000000f7be0000, 0x0000000100000000)
2015-11-12T00:55:42.923-0600: 251.850: [GC2015-11-12T00:55:42.923-0600: 251.850: [ParNew
Desired survivor size 20112992 bytes, new threshold 8 (max 8)
- age   1:     912912 bytes,     912912 total
- age   2:      81944 bytes,     994856 total
- age   3:      82728 bytes,    1077584 total
- age   4:      97144 bytes,    1174728 total
- age   5:     108600 bytes,    1283328 total
- age   6:      89640 bytes,    1372968 total
- age   7:      49712 bytes,    1422680 total
- age   8:      35360 bytes,    1458040 total
: 92963K->2013K(109248K), 0.0060470 secs] 144685K->53770K(502464K), 0.0062270 secs] [Times: user=0.01 sys=0.00, real=0.01 secs] 
Heap after GC invocations=56 (full 0):
 par new generation   total 109248K, used 2013K [0x00000000d5a00000, 0x00000000dda00000, 0x00000000dda00000)
  eden space 87424K,   0% used [0x00000000d5a00000, 0x00000000d5a00000, 0x00000000daf60000)
  from space 21824K,   9% used [0x00000000daf60000, 0x00000000db1576b0, 0x00000000dc4b0000)
  to   space 21824K,   0% used [0x00000000dc4b0000, 0x00000000dc4b0000, 0x00000000dda00000)
 concurrent mark-sweep generation total 393216K, used 51756K [0x00000000dda00000, 0x00000000f5a00000, 0x00000000f5a00000)
 concurrent-mark-sweep perm gen total 34688K, used 34613K [0x00000000f5a00000, 0x00000000f7be0000, 0x0000000100000000)
}
2015-11-12T00:55:42.929-0600: 251.857: Total time for which application threads were stopped: 0.0120090 seconds, Stopping threads took: 0.0055220 seconds
2015-11-12T00:55:42.994-0600: 251.922: Total time for which application threads were stopped: 0.0003020 seconds, Stopping threads took: 0.0000770 seconds
2015-11-12T00:55:43.002-0600: 251.930: Total time for which application threads were stopped: 0.0055590 seconds, Stopping threads took: 0.0054530 seconds
2015-11-12T00:55:43.033-0600: 251.961: Total time for which application threads were stopped: 0.0016850 seconds, Stopping threads took: 0.0016000 seconds
2015-11-12T00:55:43.034-0600: 251.962: Total time for which application threads were stopped: 0.0001110 seconds, Stopping threads took: 0.0000370 seconds
2015-11-12T00:55:43.035-0600: 251.963: Total time for which application threads were stopped: 0.0004150 seconds, Stopping threads took: 0.0002900 seconds
{Heap before GC invocations=56 (full 0):
 par new generation   total 109248K, used 89437K [0x00000000d5a00000, 0x00000000dda00000, 0x00000000dda00000)
  eden space 87424K, 100% used [0x00000000d5a00000, 0x00000000daf60000, 0x00000000daf60000)
  from space 21824K,   9% used [0x00000000daf60000, 0x00000000db1576b0, 0x00000000dc4b0000)
  to   space 21824K,   0% used [0x00000000dc4b0000, 0x00000000dc4b0000, 0x00000000dda00000)
 concurrent mark-sweep generation total 393216K, used 51756K [0x00000000dda00000, 0x00000000f5a00000, 0x00000000f5a00000)
 concurrent-mark-sweep perm gen total 34688K, used 34613K [0x00000000f5a00000, 0x00000000f7be0000, 0x0000000100000000)
2015-11-12T00:55:43.086-0600: 252.014: [GC2015-11-12T00:55:43.086-0600: 252.014: [ParNew
Desired survivor size 20112992 bytes, new threshold 8 (max 8)
- age   1:    1761888 bytes,    1761888 total
- age   2:      68056 bytes,    1829944 total
- age   3:      81944 bytes,    1911888 total
- age   4:      82728 bytes,    1994616 total
- age   5:      97144 bytes,    2091760 total
- age   6:     108600 bytes,    2200360 total
- age   7:      89640 bytes,    2290000 total
- age   8:      49712 bytes,    2339712 total
: 89437K->2874K(109248K), 0.0058830 secs] 141194K->54667K(502464K), 0.0060570 secs] [Times: user=0.02 sys=0.00, real=0.00 secs] 
Heap after GC invocations=57 (full 0):
 par new generation   total 109248K, used 2874K [0x00000000d5a00000, 0x00000000dda00000, 0x00000000dda00000)
  eden space 87424K,   0% used [0x00000000d5a00000, 0x00000000d5a00000, 0x00000000daf60000)
  from space 21824K,  13% used [0x00000000dc4b0000, 0x00000000dc77e860, 0x00000000dda00000)
  to   space 21824K,   0% used [0x00000000daf60000, 0x00000000daf60000, 0x00000000dc4b0000)
 concurrent mark-sweep generation total 393216K, used 51793K [0x00000000dda00000, 0x00000000f5a00000, 0x00000000f5a00000)
 concurrent-mark-sweep perm gen total 34688K, used 34613K [0x00000000f5a00000, 0x00000000f7be0000, 0x0000000100000000)
}
2015-11-12T00:55:43.093-0600: 252.020: Total time for which application threads were stopped: 0.0070690 seconds, Stopping threads took: 0.0007020 seconds
2015-11-12T00:55:43.455-0600: 252.383: Total time for which application threads were stopped: 0.0002750 seconds, Stopping threads took: 0.0000420 seconds
2015-11-12T00:55:43.459-0600: 252.387: Total time for which application threads were stopped: 0.0001380 seconds, Stopping threads took: 0.0000460 seconds
2015-11-12T00:55:43.551-0600: 252.478: Total time for which application threads were stopped: 0.0003740 seconds, Stopping threads took: 0.0000460 seconds
2015-11-12T00:55:43.552-0600: 252.480: Total time for which application threads were stopped: 0.0003810 seconds, Stopping threads took: 0.0000520 seconds
2015-11-12T00:55:43.557-0600: 252.485: Total time for which application threads were stopped: 0.0012480 seconds, Stopping threads took: 0.0011200 seconds
{Heap before GC invocations=57 (full 0):
 par new generation   total 109248K, used 90298K [0x00000000d5a00000, 0x00000000dda00000, 0x00000000dda00000)
  eden space 87424K, 100% used [0x00000000d5a00000, 0x00000000daf60000, 0x00000000daf60000)
  from space 21824K,  13% used [0x00000000dc4b0000, 0x00000000dc77e860, 0x00000000dda00000)
  to   space 21824K,   0% used [0x00000000daf60000, 0x00000000daf60000, 0x00000000dc4b0000)
 concurrent mark-sweep generation total 393216K, used 51793K [0x00000000dda00000, 0x00000000f5a00000, 0x00000000f5a00000)
 concurrent-mark-sweep perm gen total 34688K, used 34634K [0x00000000f5a00000, 0x00000000f7be0000, 0x0000000100000000)
2015-11-12T00:55:43.587-0600: 252.515: [GC2015-11-12T00:55:43.587-0600: 252.515: [ParNew
Desired survivor size 20112992 bytes, new threshold 8 (max 8)
- age   1:    4323832 bytes,    4323832 total
- age   2:    1051128 bytes,    5374960 total
- age   3:      68056 bytes,    5443016 total
- age   4:      81944 bytes,    5524960 total
- age   5:      82728 bytes,    5607688 total
- age   6:      97144 bytes,    5704832 total
- age   7:     108600 bytes,    5813432 total
- age   8:      89640 bytes,    5903072 total
: 90298K->6649K(109248K), 0.0175290 secs] 142091K->58492K(502464K), 0.0176990 secs] [Times: user=0.05 sys=0.00, real=0.01 secs] 
Heap after GC invocations=58 (full 0):
 par new generation   total 109248K, used 6649K [0x00000000d5a00000, 0x00000000dda00000, 0x00000000dda00000)
  eden space 87424K,   0% used [0x00000000d5a00000, 0x00000000d5a00000, 0x00000000daf60000)
  from space 21824K,  30% used [0x00000000daf60000, 0x00000000db5de5d0, 0x00000000dc4b0000)
  to   space 21824K,   0% used [0x00000000dc4b0000, 0x00000000dc4b0000, 0x00000000dda00000)
 concurrent mark-sweep generation total 393216K, used 51843K [0x00000000dda00000, 0x00000000f5a00000, 0x00000000f5a00000)
 concurrent-mark-sweep perm gen total 34688K, used 34634K [0x00000000f5a00000, 0x00000000f7be0000, 0x0000000100000000)
}
2015-11-12T00:55:43.605-0600: 252.532: Total time for which application threads were stopped: 0.0180030 seconds, Stopping threads took: 0.0000610 seconds
2015-11-12T00:55:43.613-0600: 252.540: Total time for which application threads were stopped: 0.0061480 seconds, Stopping threads took: 0.0060450 seconds
2015-11-12T00:55:44.177-0600: 253.105: Total time for which application threads were stopped: 0.0002320 seconds, Stopping threads took: 0.0000310 seconds
2015-11-12T00:55:44.177-0600: 253.105: Total time for which application threads were stopped: 0.0001390 seconds, Stopping threads took: 0.0000840 seconds
2015-11-12T00:55:44.177-0600: 253.105: Total time for which application threads were stopped: 0.0000840 seconds, Stopping threads took: 0.0000320 seconds
2015-11-12T00:55:44.179-0600: 253.106: Total time for which application threads were stopped: 0.0000860 seconds, Stopping threads took: 0.0000190 seconds
2015-11-12T00:55:44.179-0600: 253.106: Total time for which application threads were stopped: 0.0000660 seconds, Stopping threads took: 0.0000140 seconds
2015-11-12T00:55:44.179-0600: 253.107: Total time for which application threads were stopped: 0.0000840 seconds, Stopping threads took: 0.0000250 seconds
2015-11-12T00:55:44.179-0600: 253.107: Total time for which application threads were stopped: 0.0000710 seconds, Stopping threads took: 0.0000120 seconds
2015-11-12T00:55:44.179-0600: 253.107: Total time for which application threads were stopped: 0.0000650 seconds, Stopping threads took: 0.0000080 seconds
2015-11-12T00:55:44.179-0600: 253.107: Total time for which application threads were stopped: 0.0000650 seconds, Stopping threads took: 0.0000080 seconds
2015-11-12T00:55:44.179-0600: 253.107: Total time for which application threads were stopped: 0.0000650 seconds, Stopping threads took: 0.0000090 seconds
2015-11-12T00:55:44.208-0600: 253.136: Total time for which application threads were stopped: 0.0004200 seconds, Stopping threads took: 0.0001150 seconds
2015-11-12T00:55:44.217-0600: 253.144: Total time for which application threads were stopped: 0.0001830 seconds, Stopping threads took: 0.0000420 seconds
2015-11-12T00:55:44.217-0600: 253.145: Total time for which application threads were stopped: 0.0001210 seconds, Stopping threads took: 0.0000280 seconds
2015-11-12T00:55:44.217-0600: 253.145: Total time for which application threads were stopped: 0.0001170 seconds, Stopping threads took: 0.0000270 seconds
2015-11-12T00:55:44.217-0600: 253.145: Total time for which application threads were stopped: 0.0001170 seconds, Stopping threads took: 0.0000270 seconds
2015-11-12T00:55:44.218-0600: 253.146: Total time for which application threads were stopped: 0.0000960 seconds, Stopping threads took: 0.0000210 seconds
2015-11-12T00:55:44.218-0600: 253.146: Total time for which application threads were stopped: 0.0001050 seconds, Stopping threads took: 0.0000230 seconds
2015-11-12T00:55:44.218-0600: 253.146: Total time for which application threads were stopped: 0.0001190 seconds, Stopping threads took: 0.0000270 seconds
2015-11-12T00:55:44.219-0600: 253.146: Total time for which application threads were stopped: 0.0001330 seconds, Stopping threads took: 0.0000320 seconds
2015-11-12T00:55:44.219-0600: 253.147: Total time for which application threads were stopped: 0.0001080 seconds, Stopping threads took: 0.0000230 seconds
2015-11-12T00:55:44.219-0600: 253.147: Total time for which application threads were stopped: 0.0004080 seconds, Stopping threads took: 0.0000320 seconds
2015-11-12T00:56:27.738-0600: 296.666: Total time for which application threads were stopped: 0.0002760 seconds, Stopping threads took: 0.0000580 seconds
2015-11-12T00:56:27.833-0600: 296.761: Total time for which application threads were stopped: 0.0001450 seconds, Stopping threads took: 0.0000330 seconds
2015-11-12T00:56:27.842-0600: 296.770: Total time for which application threads were stopped: 0.0001510 seconds, Stopping threads took: 0.0000480 seconds
2015-11-12T00:56:27.849-0600: 296.776: Total time for which application threads were stopped: 0.0001780 seconds, Stopping threads took: 0.0000790 seconds
2015-11-12T00:56:27.866-0600: 296.794: Total time for which application threads were stopped: 0.0001620 seconds, Stopping threads took: 0.0000390 seconds
2015-11-12T00:56:27.897-0600: 296.825: Total time for which application threads were stopped: 0.0001470 seconds, Stopping threads took: 0.0000380 seconds
2015-11-12T00:56:27.898-0600: 296.826: Total time for which application threads were stopped: 0.0000960 seconds, Stopping threads took: 0.0000220 seconds
2015-11-12T00:56:27.898-0600: 296.826: Total time for which application threads were stopped: 0.0000840 seconds, Stopping threads took: 0.0000200 seconds
2015-11-12T00:56:28.899-0600: 297.827: Total time for which application threads were stopped: 0.0007170 seconds, Stopping threads took: 0.0000770 seconds
2015-11-12T00:56:33.567-0600: 302.495: Total time for which application threads were stopped: 0.0006190 seconds, Stopping threads took: 0.0001340 seconds
2015-11-12T00:56:34.097-0600: 303.025: Total time for which application threads were stopped: 0.0005390 seconds, Stopping threads took: 0.0000990 seconds
2015-11-12T00:56:43.523-0600: 312.451: Total time for which application threads were stopped: 0.0005870 seconds, Stopping threads took: 0.0000720 seconds
2015-11-12T00:57:38.393-0600: 367.321: Total time for which application threads were stopped: 0.0010090 seconds, Stopping threads took: 0.0001000 seconds
2015-11-12T00:57:38.400-0600: 367.328: Total time for which application threads were stopped: 0.0001380 seconds, Stopping threads took: 0.0000320 seconds
2015-11-12T00:57:59.601-0600: 388.529: Total time for which application threads were stopped: 0.0003280 seconds, Stopping threads took: 0.0000560 seconds
2015-11-12T00:57:59.606-0600: 388.534: Total time for which application threads were stopped: 0.0037220 seconds, Stopping threads took: 0.0036160 seconds
2015-11-12T00:57:59.610-0600: 388.538: Total time for which application threads were stopped: 0.0037560 seconds, Stopping threads took: 0.0036560 seconds
2015-11-12T00:57:59.611-0600: 388.539: Total time for which application threads were stopped: 0.0001230 seconds, Stopping threads took: 0.0000270 seconds
{Heap before GC invocations=58 (full 0):
 par new generation   total 109248K, used 94073K [0x00000000d5a00000, 0x00000000dda00000, 0x00000000dda00000)
  eden space 87424K, 100% used [0x00000000d5a00000, 0x00000000daf60000, 0x00000000daf60000)
  from space 21824K,  30% used [0x00000000daf60000, 0x00000000db5de5d0, 0x00000000dc4b0000)
  to   space 21824K,   0% used [0x00000000dc4b0000, 0x00000000dc4b0000, 0x00000000dda00000)
 concurrent mark-sweep generation total 393216K, used 51843K [0x00000000dda00000, 0x00000000f5a00000, 0x00000000f5a00000)
 concurrent-mark-sweep perm gen total 35072K, used 34916K [0x00000000f5a00000, 0x00000000f7c40000, 0x0000000100000000)
2015-11-12T00:57:59.846-0600: 388.773: [GC2015-11-12T00:57:59.846-0600: 388.774: [ParNew
Desired survivor size 20112992 bytes, new threshold 8 (max 8)
- age   1:    5684544 bytes,    5684544 total
- age   2:    2365576 bytes,    8050120 total
- age   3:    1050128 bytes,    9100248 total
- age   4:      68056 bytes,    9168304 total
- age   5:      81944 bytes,    9250248 total
- age   6:      82728 bytes,    9332976 total
- age   7:      97144 bytes,    9430120 total
- age   8:     108600 bytes,    9538720 total
: 94073K->11996K(109248K), 0.0287210 secs] 145916K->63928K(502464K), 0.0289720 secs] [Times: user=0.05 sys=0.01, real=0.04 secs] 
Heap after GC invocations=59 (full 0):
 par new generation   total 109248K, used 11996K [0x00000000d5a00000, 0x00000000dda00000, 0x00000000dda00000)
  eden space 87424K,   0% used [0x00000000d5a00000, 0x00000000d5a00000, 0x00000000daf60000)
  from space 21824K,  54% used [0x00000000dc4b0000, 0x00000000dd067150, 0x00000000dda00000)
  to   space 21824K,   0% used [0x00000000daf60000, 0x00000000daf60000, 0x00000000dc4b0000)
 concurrent mark-sweep generation total 393216K, used 51932K [0x00000000dda00000, 0x00000000f5a00000, 0x00000000f5a00000)
 concurrent-mark-sweep perm gen total 35072K, used 34916K [0x00000000f5a00000, 0x00000000f7c40000, 0x0000000100000000)
}
2015-11-12T00:57:59.875-0600: 388.803: Total time for which application threads were stopped: 0.0294150 seconds, Stopping threads took: 0.0001010 seconds
{Heap before GC invocations=59 (full 0):
 par new generation   total 109248K, used 99420K [0x00000000d5a00000, 0x00000000dda00000, 0x00000000dda00000)
  eden space 87424K, 100% used [0x00000000d5a00000, 0x00000000daf60000, 0x00000000daf60000)
  from space 21824K,  54% used [0x00000000dc4b0000, 0x00000000dd067150, 0x00000000dda00000)
  to   space 21824K,   0% used [0x00000000daf60000, 0x00000000daf60000, 0x00000000dc4b0000)
 concurrent mark-sweep generation total 393216K, used 51932K [0x00000000dda00000, 0x00000000f5a00000, 0x00000000f5a00000)
 concurrent-mark-sweep perm gen total 35072K, used 34917K [0x00000000f5a00000, 0x00000000f7c40000, 0x0000000100000000)
2015-11-12T00:58:00.010-0600: 388.938: [GC2015-11-12T00:58:00.010-0600: 388.938: [ParNew
Desired survivor size 20112992 bytes, new threshold 8 (max 8)
- age   1:    1528576 bytes,    1528576 total
- age   2:    4893904 bytes,    6422480 total
- age   3:    2365576 bytes,    8788056 total
- age   4:    1050128 bytes,    9838184 total
- age   5:      68056 bytes,    9906240 total
- age   6:      81944 bytes,    9988184 total
- age   7:      82728 bytes,   10070912 total
- age   8:      97144 bytes,   10168056 total
: 99420K->14325K(109248K), 0.0337150 secs] 151352K->66366K(502464K), 0.0339480 secs] [Times: user=0.04 sys=0.00, real=0.03 secs] 
Heap after GC invocations=60 (full 0):
 par new generation   total 109248K, used 14325K [0x00000000d5a00000, 0x00000000dda00000, 0x00000000dda00000)
  eden space 87424K,   0% used [0x00000000d5a00000, 0x00000000d5a00000, 0x00000000daf60000)
  from space 21824K,  65% used [0x00000000daf60000, 0x00000000dbd5d638, 0x00000000dc4b0000)
  to   space 21824K,   0% used [0x00000000dc4b0000, 0x00000000dc4b0000, 0x00000000dda00000)
 concurrent mark-sweep generation total 393216K, used 52040K [0x00000000dda00000, 0x00000000f5a00000, 0x00000000f5a00000)
 concurrent-mark-sweep perm gen total 35072K, used 34917K [0x00000000f5a00000, 0x00000000f7c40000, 0x0000000100000000)
}
2015-11-12T00:58:00.044-0600: 388.972: Total time for which application threads were stopped: 0.0357430 seconds, Stopping threads took: 0.0015120 seconds
{Heap before GC invocations=60 (full 0):
 par new generation   total 109248K, used 101749K [0x00000000d5a00000, 0x00000000dda00000, 0x00000000dda00000)
  eden space 87424K, 100% used [0x00000000d5a00000, 0x00000000daf60000, 0x00000000daf60000)
  from space 21824K,  65% used [0x00000000daf60000, 0x00000000dbd5d638, 0x00000000dc4b0000)
  to   space 21824K,   0% used [0x00000000dc4b0000, 0x00000000dc4b0000, 0x00000000dda00000)
 concurrent mark-sweep generation total 393216K, used 52040K [0x00000000dda00000, 0x00000000f5a00000, 0x00000000f5a00000)
 concurrent-mark-sweep perm gen total 35072K, used 34917K [0x00000000f5a00000, 0x00000000f7c40000, 0x0000000100000000)
2015-11-12T00:58:00.121-0600: 389.049: [GC2015-11-12T00:58:00.121-0600: 389.049: [ParNew
Desired survivor size 20112992 bytes, new threshold 8 (max 8)
- age   1:     635704 bytes,     635704 total
- age   2:     914288 bytes,    1549992 total
- age   3:    4893824 bytes,    6443816 total
- age   4:    2365576 bytes,    8809392 total
- age   5:    1050128 bytes,    9859520 total
- age   6:      68056 bytes,    9927576 total
- age   7:      81944 bytes,   10009520 total
- age   8:      82728 bytes,   10092248 total
: 101749K->12982K(109248K), 0.0219880 secs] 153790K->65120K(502464K), 0.0221640 secs] [Times: user=0.05 sys=0.00, real=0.02 secs] 
Heap after GC invocations=61 (full 0):
 par new generation   total 109248K, used 12982K [0x00000000d5a00000, 0x00000000dda00000, 0x00000000dda00000)
  eden space 87424K,   0% used [0x00000000d5a00000, 0x00000000d5a00000, 0x00000000daf60000)
  from space 21824K,  59% used [0x00000000dc4b0000, 0x00000000dd15db68, 0x00000000dda00000)
  to   space 21824K,   0% used [0x00000000daf60000, 0x00000000daf60000, 0x00000000dc4b0000)
 concurrent mark-sweep generation total 393216K, used 52137K [0x00000000dda00000, 0x00000000f5a00000, 0x00000000f5a00000)
 concurrent-mark-sweep perm gen total 35072K, used 34917K [0x00000000f5a00000, 0x00000000f7c40000, 0x0000000100000000)
}
2015-11-12T00:58:00.143-0600: 389.071: Total time for which application threads were stopped: 0.0228450 seconds, Stopping threads took: 0.0002940 seconds
{Heap before GC invocations=61 (full 0):
 par new generation   total 109248K, used 100406K [0x00000000d5a00000, 0x00000000dda00000, 0x00000000dda00000)
  eden space 87424K, 100% used [0x00000000d5a00000, 0x00000000daf60000, 0x00000000daf60000)
  from space 21824K,  59% used [0x00000000dc4b0000, 0x00000000dd15db68, 0x00000000dda00000)
  to   space 21824K,   0% used [0x00000000daf60000, 0x00000000daf60000, 0x00000000dc4b0000)
 concurrent mark-sweep generation total 393216K, used 52137K [0x00000000dda00000, 0x00000000f5a00000, 0x00000000f5a00000)
 concurrent-mark-sweep perm gen total 35072K, used 34917K [0x00000000f5a00000, 0x00000000f7c40000, 0x0000000100000000)
2015-11-12T00:58:00.238-0600: 389.166: [GC2015-11-12T00:58:00.239-0600: 389.166: [ParNew
Desired survivor size 20112992 bytes, new threshold 8 (max 8)
- age   1:     759304 bytes,     759304 total
- age   2:      34952 bytes,     794256 total
- age   3:     914008 bytes,    1708264 total
- age   4:    4893824 bytes,    6602088 total
- age   5:    2365576 bytes,    8967664 total
- age   6:    1082912 bytes,   10050576 total
- age   7:      68056 bytes,   10118632 total
- age   8:      81944 bytes,   10200576 total
: 100406K->11561K(109248K), 0.0358410 secs] 152544K->63781K(502464K), 0.0360450 secs] [Times: user=0.06 sys=0.00, real=0.04 secs] 
Heap after GC invocations=62 (full 0):
 par new generation   total 109248K, used 11561K [0x00000000d5a00000, 0x00000000dda00000, 0x00000000dda00000)
  eden space 87424K,   0% used [0x00000000d5a00000, 0x00000000d5a00000, 0x00000000daf60000)
  from space 21824K,  52% used [0x00000000daf60000, 0x00000000dbaaa5f0, 0x00000000dc4b0000)
  to   space 21824K,   0% used [0x00000000dc4b0000, 0x00000000dc4b0000, 0x00000000dda00000)
 concurrent mark-sweep generation total 393216K, used 52219K [0x00000000dda00000, 0x00000000f5a00000, 0x00000000f5a00000)
 concurrent-mark-sweep perm gen total 35072K, used 34917K [0x00000000f5a00000, 0x00000000f7c40000, 0x0000000100000000)
}
2015-11-12T00:58:00.275-0600: 389.202: Total time for which application threads were stopped: 0.0394290 seconds, Stopping threads took: 0.0030170 seconds
{Heap before GC invocations=62 (full 0):
 par new generation   total 109248K, used 98985K [0x00000000d5a00000, 0x00000000dda00000, 0x00000000dda00000)
  eden space 87424K, 100% used [0x00000000d5a00000, 0x00000000daf60000, 0x00000000daf60000)
  from space 21824K,  52% used [0x00000000daf60000, 0x00000000dbaaa5f0, 0x00000000dc4b0000)
  to   space 21824K,   0% used [0x00000000dc4b0000, 0x00000000dc4b0000, 0x00000000dda00000)
 concurrent mark-sweep generation total 393216K, used 52219K [0x00000000dda00000, 0x00000000f5a00000, 0x00000000f5a00000)
 concurrent-mark-sweep perm gen total 35072K, used 34917K [0x00000000f5a00000, 0x00000000f7c40000, 0x0000000100000000)
2015-11-12T00:58:00.369-0600: 389.297: [GC2015-11-12T00:58:00.369-0600: 389.297: [ParNew
Desired survivor size 20112992 bytes, new threshold 8 (max 8)
- age   1:    1106928 bytes,    1106928 total
- age   2:      50792 bytes,    1157720 total
- age   3:      34800 bytes,    1192520 total
- age   4:     914008 bytes,    2106528 total
- age   5:    4894040 bytes,    7000568 total
- age   6:    2365576 bytes,    9366144 total
- age   7:    1050128 bytes,   10416272 total
- age   8:      68056 bytes,   10484328 total
: 98985K->15280K(109248K), 0.0446310 secs] 151205K->67582K(502464K), 0.0447910 secs] [Times: user=0.05 sys=0.01, real=0.04 secs] 
Heap after GC invocations=63 (full 0):
 par new generation   total 109248K, used 15280K [0x00000000d5a00000, 0x00000000dda00000, 0x00000000dda00000)
  eden space 87424K,   0% used [0x00000000d5a00000, 0x00000000d5a00000, 0x00000000daf60000)
  from space 21824K,  70% used [0x00000000dc4b0000, 0x00000000dd39c240, 0x00000000dda00000)
  to   space 21824K,   0% used [0x00000000daf60000, 0x00000000daf60000, 0x00000000dc4b0000)
 concurrent mark-sweep generation total 393216K, used 52301K [0x00000000dda00000, 0x00000000f5a00000, 0x00000000f5a00000)
 concurrent-mark-sweep perm gen total 35072K, used 34917K [0x00000000f5a00000, 0x00000000f7c40000, 0x0000000100000000)
}
2015-11-12T00:58:00.414-0600: 389.342: Total time for which application threads were stopped: 0.0471980 seconds, Stopping threads took: 0.0021610 seconds
{Heap before GC invocations=63 (full 0):
 par new generation   total 109248K, used 102704K [0x00000000d5a00000, 0x00000000dda00000, 0x00000000dda00000)
  eden space 87424K, 100% used [0x00000000d5a00000, 0x00000000daf60000, 0x00000000daf60000)
  from space 21824K,  70% used [0x00000000dc4b0000, 0x00000000dd39c240, 0x00000000dda00000)
  to   space 21824K,   0% used [0x00000000daf60000, 0x00000000daf60000, 0x00000000dc4b0000)
 concurrent mark-sweep generation total 393216K, used 52301K [0x00000000dda00000, 0x00000000f5a00000, 0x00000000f5a00000)
 concurrent-mark-sweep perm gen total 35072K, used 34918K [0x00000000f5a00000, 0x00000000f7c40000, 0x0000000100000000)
2015-11-12T00:58:00.527-0600: 389.455: [GC2015-11-12T00:58:00.527-0600: 389.455: [ParNew
Desired survivor size 20112992 bytes, new threshold 8 (max 8)
- age   1:     828152 bytes,     828152 total
- age   2:      88352 bytes,     916504 total
- age   3:      50496 bytes,     967000 total
- age   4:      34800 bytes,    1001800 total
- age   5:     914008 bytes,    1915808 total
- age   6:    4893824 bytes,    6809632 total
- age   7:    2365576 bytes,    9175208 total
- age   8:    1050128 bytes,   10225336 total
: 102704K->13550K(109248K), 0.0421990 secs] 155006K->65920K(502464K), 0.0424140 secs] [Times: user=0.06 sys=0.01, real=0.04 secs] 
Heap after GC invocations=64 (full 0):
 par new generation   total 109248K, used 13550K [0x00000000d5a00000, 0x00000000dda00000, 0x00000000dda00000)
  eden space 87424K,   0% used [0x00000000d5a00000, 0x00000000d5a00000, 0x00000000daf60000)
  from space 21824K,  62% used [0x00000000daf60000, 0x00000000dbc9b918, 0x00000000dc4b0000)
  to   space 21824K,   0% used [0x00000000dc4b0000, 0x00000000dc4b0000, 0x00000000dda00000)
 concurrent mark-sweep generation total 393216K, used 52369K [0x00000000dda00000, 0x00000000f5a00000, 0x00000000f5a00000)
 concurrent-mark-sweep perm gen total 35072K, used 34918K [0x00000000f5a00000, 0x00000000f7c40000, 0x0000000100000000)
}
2015-11-12T00:58:00.570-0600: 389.498: Total time for which application threads were stopped: 0.0427800 seconds, Stopping threads took: 0.0000910 seconds
{Heap before GC invocations=64 (full 0):
 par new generation   total 109248K, used 100970K [0x00000000d5a00000, 0x00000000dda00000, 0x00000000dda00000)
  eden space 87424K,  99% used [0x00000000d5a00000, 0x00000000daf5f2b8, 0x00000000daf60000)
  from space 21824K,  62% used [0x00000000daf60000, 0x00000000dbc9b918, 0x00000000dc4b0000)
  to   space 21824K,   0% used [0x00000000dc4b0000, 0x00000000dc4b0000, 0x00000000dda00000)
 concurrent mark-sweep generation total 393216K, used 52369K [0x00000000dda00000, 0x00000000f5a00000, 0x00000000f5a00000)
 concurrent-mark-sweep perm gen total 35072K, used 34918K [0x00000000f5a00000, 0x00000000f7c40000, 0x0000000100000000)
2015-11-12T00:58:00.672-0600: 389.600: [GC2015-11-12T00:58:00.672-0600: 389.600: [ParNew
Desired survivor size 20112992 bytes, new threshold 8 (max 8)
- age   1:     857400 bytes,     857400 total
- age   2:      99144 bytes,     956544 total
- age   3:      88200 bytes,    1044744 total
- age   4:      50280 bytes,    1095024 total
- age   5:      34528 bytes,    1129552 total
- age   6:     914008 bytes,    2043560 total
- age   7:    4893824 bytes,    6937384 total
- age   8:    2365576 bytes,    9302960 total
: 100970K->11812K(109248K), 0.0213200 secs] 153340K->65211K(502464K), 0.0215270 secs] [Times: user=0.06 sys=0.00, real=0.02 secs] 
Heap after GC invocations=65 (full 0):
 par new generation   total 109248K, used 11812K [0x00000000d5a00000, 0x00000000dda00000, 0x00000000dda00000)
  eden space 87424K,   0% used [0x00000000d5a00000, 0x00000000d5a00000, 0x00000000daf60000)
  from space 21824K,  54% used [0x00000000dc4b0000, 0x00000000dd0393f8, 0x00000000dda00000)
  to   space 21824K,   0% used [0x00000000daf60000, 0x00000000daf60000, 0x00000000dc4b0000)
 concurrent mark-sweep generation total 393216K, used 53399K [0x00000000dda00000, 0x00000000f5a00000, 0x00000000f5a00000)
 concurrent-mark-sweep perm gen total 35072K, used 34918K [0x00000000f5a00000, 0x00000000f7c40000, 0x0000000100000000)
}
2015-11-12T00:58:00.693-0600: 389.621: Total time for which application threads were stopped: 0.0219740 seconds, Stopping threads took: 0.0000380 seconds
{Heap before GC invocations=65 (full 0):
 par new generation   total 109248K, used 99236K [0x00000000d5a00000, 0x00000000dda00000, 0x00000000dda00000)
  eden space 87424K, 100% used [0x00000000d5a00000, 0x00000000daf60000, 0x00000000daf60000)
  from space 21824K,  54% used [0x00000000dc4b0000, 0x00000000dd0393f8, 0x00000000dda00000)
  to   space 21824K,   0% used [0x00000000daf60000, 0x00000000daf60000, 0x00000000dc4b0000)
 concurrent mark-sweep generation total 393216K, used 53399K [0x00000000dda00000, 0x00000000f5a00000, 0x00000000f5a00000)
 concurrent-mark-sweep perm gen total 35072K, used 34918K [0x00000000f5a00000, 0x00000000f7c40000, 0x0000000100000000)
2015-11-12T00:58:00.791-0600: 389.718: [GC2015-11-12T00:58:00.791-0600: 389.718: [ParNew
Desired survivor size 20112992 bytes, new threshold 8 (max 8)
- age   1:    1097248 bytes,    1097248 total
- age   2:      96576 bytes,    1193824 total
- age   3:      99144 bytes,    1292968 total
- age   4:      87984 bytes,    1380952 total
- age   5:      49792 bytes,    1430744 total
- age   6:      34256 bytes,    1465000 total
- age   7:     914008 bytes,    2379008 total
- age   8:    4893904 bytes,    7272912 total
: 99236K->9438K(109248K), 0.0228180 secs] 152635K->65153K(502464K), 0.0229860 secs] [Times: user=0.05 sys=0.00, real=0.02 secs] 
Heap after GC invocations=66 (full 0):
 par new generation   total 109248K, used 9438K [0x00000000d5a00000, 0x00000000dda00000, 0x00000000dda00000)
  eden space 87424K,   0% used [0x00000000d5a00000, 0x00000000d5a00000, 0x00000000daf60000)
  from space 21824K,  43% used [0x00000000daf60000, 0x00000000db897b40, 0x00000000dc4b0000)
  to   space 21824K,   0% used [0x00000000dc4b0000, 0x00000000dc4b0000, 0x00000000dda00000)
 concurrent mark-sweep generation total 393216K, used 55714K [0x00000000dda00000, 0x00000000f5a00000, 0x00000000f5a00000)
 concurrent-mark-sweep perm gen total 35072K, used 34918K [0x00000000f5a00000, 0x00000000f7c40000, 0x0000000100000000)
}
2015-11-12T00:58:00.814-0600: 389.741: Total time for which application threads were stopped: 0.0249130 seconds, Stopping threads took: 0.0016820 seconds
{Heap before GC invocations=66 (full 0):
 par new generation   total 109248K, used 96862K [0x00000000d5a00000, 0x00000000dda00000, 0x00000000dda00000)
  eden space 87424K, 100% used [0x00000000d5a00000, 0x00000000daf60000, 0x00000000daf60000)
  from space 21824K,  43% used [0x00000000daf60000, 0x00000000db897b40, 0x00000000dc4b0000)
  to   space 21824K,   0% used [0x00000000dc4b0000, 0x00000000dc4b0000, 0x00000000dda00000)
 concurrent mark-sweep generation total 393216K, used 55714K [0x00000000dda00000, 0x00000000f5a00000, 0x00000000f5a00000)
 concurrent-mark-sweep perm gen total 35072K, used 34922K [0x00000000f5a00000, 0x00000000f7c40000, 0x0000000100000000)
2015-11-12T00:58:00.913-0600: 389.840: [GC2015-11-12T00:58:00.913-0600: 389.840: [ParNew
Desired survivor size 20112992 bytes, new threshold 8 (max 8)
- age   1:    1044448 bytes,    1044448 total
- age   2:      86000 bytes,    1130448 total
- age   3:      96576 bytes,    1227024 total
- age   4:      98928 bytes,    1325952 total
- age   5:      87768 bytes,    1413720 total
- age   6:      49248 bytes,    1462968 total
- age   7:      34256 bytes,    1497224 total
- age   8:     914008 bytes,    2411232 total
: 96862K->5764K(109248K), 0.0305210 secs] 152577K->66276K(502464K), 0.0307270 secs] [Times: user=0.06 sys=0.00, real=0.03 secs] 
Heap after GC invocations=67 (full 0):
 par new generation   total 109248K, used 5764K [0x00000000d5a00000, 0x00000000dda00000, 0x00000000dda00000)
  eden space 87424K,   0% used [0x00000000d5a00000, 0x00000000d5a00000, 0x00000000daf60000)
  from space 21824K,  26% used [0x00000000dc4b0000, 0x00000000dca51380, 0x00000000dda00000)
  to   space 21824K,   0% used [0x00000000daf60000, 0x00000000daf60000, 0x00000000dc4b0000)
 concurrent mark-sweep generation total 393216K, used 60511K [0x00000000dda00000, 0x00000000f5a00000, 0x00000000f5a00000)
 concurrent-mark-sweep perm gen total 35072K, used 34922K [0x00000000f5a00000, 0x00000000f7c40000, 0x0000000100000000)
}
2015-11-12T00:58:00.943-0600: 389.871: Total time for which application threads were stopped: 0.0324260 seconds, Stopping threads took: 0.0013190 seconds
{Heap before GC invocations=67 (full 0):
 par new generation   total 109248K, used 93188K [0x00000000d5a00000, 0x00000000dda00000, 0x00000000dda00000)
  eden space 87424K, 100% used [0x00000000d5a00000, 0x00000000daf60000, 0x00000000daf60000)
  from space 21824K,  26% used [0x00000000dc4b0000, 0x00000000dca51380, 0x00000000dda00000)
  to   space 21824K,   0% used [0x00000000daf60000, 0x00000000daf60000, 0x00000000dc4b0000)
 concurrent mark-sweep generation total 393216K, used 60511K [0x00000000dda00000, 0x00000000f5a00000, 0x00000000f5a00000)
 concurrent-mark-sweep perm gen total 35072K, used 34922K [0x00000000f5a00000, 0x00000000f7c40000, 0x0000000100000000)
2015-11-12T00:58:01.172-0600: 390.100: [GC2015-11-12T00:58:01.172-0600: 390.100: [ParNew
Desired survivor size 20112992 bytes, new threshold 8 (max 8)
- age   1:     737816 bytes,     737816 total
- age   2:      83944 bytes,     821760 total
- age   3:      86000 bytes,     907760 total
- age   4:      96360 bytes,    1004120 total
- age   5:      98656 bytes,    1102776 total
- age   6:      87768 bytes,    1190544 total
- age   7:      49248 bytes,    1239792 total
- age   8:      34256 bytes,    1274048 total
: 93188K->1971K(109248K), 0.0171900 secs] 153700K->63377K(502464K), 0.0173880 secs] [Times: user=0.03 sys=0.00, real=0.02 secs] 
Heap after GC invocations=68 (full 0):
 par new generation   total 109248K, used 1971K [0x00000000d5a00000, 0x00000000dda00000, 0x00000000dda00000)
  eden space 87424K,   0% used [0x00000000d5a00000, 0x00000000d5a00000, 0x00000000daf60000)
  from space 21824K,   9% used [0x00000000daf60000, 0x00000000db14cc00, 0x00000000dc4b0000)
  to   space 21824K,   0% used [0x00000000dc4b0000, 0x00000000dc4b0000, 0x00000000dda00000)
 concurrent mark-sweep generation total 393216K, used 61406K [0x00000000dda00000, 0x00000000f5a00000, 0x00000000f5a00000)
 concurrent-mark-sweep perm gen total 35072K, used 34922K [0x00000000f5a00000, 0x00000000f7c40000, 0x0000000100000000)
}
2015-11-12T00:58:01.190-0600: 390.117: Total time for which application threads were stopped: 0.0180800 seconds, Stopping threads took: 0.0000400 seconds
2015-11-12T00:58:01.322-0600: 390.250: Total time for which application threads were stopped: 0.0012820 seconds, Stopping threads took: 0.0010600 seconds
2015-11-12T00:58:01.323-0600: 390.250: Total time for which application threads were stopped: 0.0000910 seconds, Stopping threads took: 0.0000230 seconds
2015-11-12T00:58:01.326-0600: 390.254: Total time for which application threads were stopped: 0.0001960 seconds, Stopping threads took: 0.0000940 seconds
2015-11-12T00:58:01.342-0600: 390.270: Total time for which application threads were stopped: 0.0022100 seconds, Stopping threads took: 0.0021160 seconds
2015-11-12T00:58:01.343-0600: 390.271: Total time for which application threads were stopped: 0.0002180 seconds, Stopping threads took: 0.0001370 seconds
2015-11-12T00:58:01.374-0600: 390.302: Total time for which application threads were stopped: 0.0033890 seconds, Stopping threads took: 0.0032820 seconds
2015-11-12T00:58:01.378-0600: 390.306: Total time for which application threads were stopped: 0.0027040 seconds, Stopping threads took: 0.0026000 seconds
{Heap before GC invocations=68 (full 0):
 par new generation   total 109248K, used 89395K [0x00000000d5a00000, 0x00000000dda00000, 0x00000000dda00000)
  eden space 87424K, 100% used [0x00000000d5a00000, 0x00000000daf60000, 0x00000000daf60000)
  from space 21824K,   9% used [0x00000000daf60000, 0x00000000db14cc00, 0x00000000dc4b0000)
  to   space 21824K,   0% used [0x00000000dc4b0000, 0x00000000dc4b0000, 0x00000000dda00000)
 concurrent mark-sweep generation total 393216K, used 61406K [0x00000000dda00000, 0x00000000f5a00000, 0x00000000f5a00000)
 concurrent-mark-sweep perm gen total 35072K, used 34925K [0x00000000f5a00000, 0x00000000f7c40000, 0x0000000100000000)
2015-11-12T00:58:01.380-0600: 390.308: [GC2015-11-12T00:58:01.380-0600: 390.308: [ParNew
Desired survivor size 20112992 bytes, new threshold 8 (max 8)
- age   1:    1421856 bytes,    1421856 total
- age   2:      73280 bytes,    1495136 total
- age   3:      83608 bytes,    1578744 total
- age   4:      85016 bytes,    1663760 total
- age   5:      95688 bytes,    1759448 total
- age   6:      98272 bytes,    1857720 total
- age   7:      87408 bytes,    1945128 total
- age   8:      48720 bytes,    1993848 total
: 89395K->2143K(109248K), 0.0088460 secs] 150801K->63584K(502464K), 0.0090490 secs] [Times: user=0.02 sys=0.00, real=0.01 secs] 
Heap after GC invocations=69 (full 0):
 par new generation   total 109248K, used 2143K [0x00000000d5a00000, 0x00000000dda00000, 0x00000000dda00000)
  eden space 87424K,   0% used [0x00000000d5a00000, 0x00000000d5a00000, 0x00000000daf60000)
  from space 21824K,   9% used [0x00000000dc4b0000, 0x00000000dc6c7c70, 0x00000000dda00000)
  to   space 21824K,   0% used [0x00000000daf60000, 0x00000000daf60000, 0x00000000dc4b0000)
 concurrent mark-sweep generation total 393216K, used 61441K [0x00000000dda00000, 0x00000000f5a00000, 0x00000000f5a00000)
 concurrent-mark-sweep perm gen total 35072K, used 34925K [0x00000000f5a00000, 0x00000000f7c40000, 0x0000000100000000)
}
2015-11-12T00:58:01.389-0600: 390.317: Total time for which application threads were stopped: 0.0094110 seconds, Stopping threads took: 0.0001050 seconds
2015-11-12T00:58:01.422-0600: 390.349: Total time for which application threads were stopped: 0.0067100 seconds, Stopping threads took: 0.0065830 seconds
2015-11-12T00:58:01.461-0600: 390.389: Total time for which application threads were stopped: 0.0057160 seconds, Stopping threads took: 0.0055940 seconds
2015-11-12T00:58:01.528-0600: 390.455: Total time for which application threads were stopped: 0.0096730 seconds, Stopping threads took: 0.0091220 seconds
2015-11-12T00:58:01.549-0600: 390.477: Total time for which application threads were stopped: 0.0020350 seconds, Stopping threads took: 0.0019220 seconds
2015-11-12T00:58:01.549-0600: 390.477: Total time for which application threads were stopped: 0.0000970 seconds, Stopping threads took: 0.0000270 seconds
{Heap before GC invocations=69 (full 0):
 par new generation   total 109248K, used 89567K [0x00000000d5a00000, 0x00000000dda00000, 0x00000000dda00000)
  eden space 87424K, 100% used [0x00000000d5a00000, 0x00000000daf60000, 0x00000000daf60000)
  from space 21824K,   9% used [0x00000000dc4b0000, 0x00000000dc6c7c70, 0x00000000dda00000)
  to   space 21824K,   0% used [0x00000000daf60000, 0x00000000daf60000, 0x00000000dc4b0000)
 concurrent mark-sweep generation total 393216K, used 61441K [0x00000000dda00000, 0x00000000f5a00000, 0x00000000f5a00000)
 concurrent-mark-sweep perm gen total 35072K, used 34933K [0x00000000f5a00000, 0x00000000f7c40000, 0x0000000100000000)
2015-11-12T00:58:01.696-0600: 390.623: [GC2015-11-12T00:58:01.696-0600: 390.624: [ParNew
Desired survivor size 20112992 bytes, new threshold 8 (max 8)
- age   1:    3069528 bytes,    3069528 total
- age   2:     373656 bytes,    3443184 total
- age   3:      72632 bytes,    3515816 total
- age   4:      82552 bytes,    3598368 total
- age   5:      84680 bytes,    3683048 total
- age   6:      95304 bytes,    3778352 total
- age   7:      97840 bytes,    3876192 total
- age   8:      86976 bytes,    3963168 total
: 89567K->4662K(109248K), 0.0216190 secs] 151008K->66151K(502464K), 0.0218540 secs] [Times: user=0.04 sys=0.00, real=0.02 secs] 
Heap after GC invocations=70 (full 0):
 par new generation   total 109248K, used 4662K [0x00000000d5a00000, 0x00000000dda00000, 0x00000000dda00000)
  eden space 87424K,   0% used [0x00000000d5a00000, 0x00000000d5a00000, 0x00000000daf60000)
  from space 21824K,  21% used [0x00000000daf60000, 0x00000000db3ed800, 0x00000000dc4b0000)
  to   space 21824K,   0% used [0x00000000dc4b0000, 0x00000000dc4b0000, 0x00000000dda00000)
 concurrent mark-sweep generation total 393216K, used 61489K [0x00000000dda00000, 0x00000000f5a00000, 0x00000000f5a00000)
 concurrent-mark-sweep perm gen total 35072K, used 34933K [0x00000000f5a00000, 0x00000000f7c40000, 0x0000000100000000)
}
2015-11-12T00:58:01.718-0600: 390.645: Total time for which application threads were stopped: 0.0232010 seconds, Stopping threads took: 0.0010380 seconds
2015-11-12T00:58:02.063-0600: 390.990: Total time for which application threads were stopped: 0.0003990 seconds, Stopping threads took: 0.0000590 seconds
2015-11-12T00:58:02.065-0600: 390.993: Total time for which application threads were stopped: 0.0001730 seconds, Stopping threads took: 0.0000600 seconds
2015-11-12T00:58:02.082-0600: 391.010: Total time for which application threads were stopped: 0.0063180 seconds, Stopping threads took: 0.0060730 seconds
2015-11-12T00:58:02.086-0600: 391.014: Total time for which application threads were stopped: 0.0001790 seconds, Stopping threads took: 0.0000600 seconds
2015-11-12T00:58:02.118-0600: 391.046: Total time for which application threads were stopped: 0.0001820 seconds, Stopping threads took: 0.0000600 seconds
2015-11-12T00:58:02.119-0600: 391.046: Total time for which application threads were stopped: 0.0000840 seconds, Stopping threads took: 0.0000280 seconds
2015-11-12T00:58:02.434-0600: 391.361: Total time for which application threads were stopped: 0.0001900 seconds, Stopping threads took: 0.0000680 seconds
2015-11-12T00:58:02.758-0600: 391.686: Total time for which application threads were stopped: 0.0045840 seconds, Stopping threads took: 0.0043230 seconds
2015-11-12T00:58:02.883-0600: 391.810: Total time for which application threads were stopped: 0.0002530 seconds, Stopping threads took: 0.0000400 seconds
2015-11-12T00:58:02.885-0600: 391.813: Total time for which application threads were stopped: 0.0004740 seconds, Stopping threads took: 0.0003180 seconds
2015-11-12T00:58:03.038-0600: 391.966: Total time for which application threads were stopped: 0.0050180 seconds, Stopping threads took: 0.0048650 seconds
{Heap before GC invocations=70 (full 0):
 par new generation   total 109248K, used 92086K [0x00000000d5a00000, 0x00000000dda00000, 0x00000000dda00000)
  eden space 87424K, 100% used [0x00000000d5a00000, 0x00000000daf60000, 0x00000000daf60000)
  from space 21824K,  21% used [0x00000000daf60000, 0x00000000db3ed800, 0x00000000dc4b0000)
  to   space 21824K,   0% used [0x00000000dc4b0000, 0x00000000dc4b0000, 0x00000000dda00000)
 concurrent mark-sweep generation total 393216K, used 61489K [0x00000000dda00000, 0x00000000f5a00000, 0x00000000f5a00000)
 concurrent-mark-sweep perm gen total 35072K, used 34947K [0x00000000f5a00000, 0x00000000f7c40000, 0x0000000100000000)
2015-11-12T00:58:03.157-0600: 392.085: [GC2015-11-12T00:58:03.157-0600: 392.085: [ParNew
Desired survivor size 20112992 bytes, new threshold 8 (max 8)
- age   1:    9370904 bytes,    9370904 total
- age   2:    2102128 bytes,   11473032 total
- age   3:     325752 bytes,   11798784 total
- age   4:      72656 bytes,   11871440 total
- age   5:      82552 bytes,   11953992 total
- age   6:      84680 bytes,   12038672 total
- age   7:      95304 bytes,   12133976 total
- age   8:      97840 bytes,   12231816 total
: 92086K->13071K(109248K), 0.0628430 secs] 153575K->74647K(502464K), 0.0630570 secs] [Times: user=0.10 sys=0.00, real=0.06 secs] 
Heap after GC invocations=71 (full 0):
 par new generation   total 109248K, used 13071K [0x00000000d5a00000, 0x00000000dda00000, 0x00000000dda00000)
  eden space 87424K,   0% used [0x00000000d5a00000, 0x00000000d5a00000, 0x00000000daf60000)
  from space 21824K,  59% used [0x00000000dc4b0000, 0x00000000dd173c10, 0x00000000dda00000)
  to   space 21824K,   0% used [0x00000000daf60000, 0x00000000daf60000, 0x00000000dc4b0000)
 concurrent mark-sweep generation total 393216K, used 61576K [0x00000000dda00000, 0x00000000f5a00000, 0x00000000f5a00000)
 concurrent-mark-sweep perm gen total 35072K, used 34947K [0x00000000f5a00000, 0x00000000f7c40000, 0x0000000100000000)
}
2015-11-12T00:58:03.220-0600: 392.148: Total time for which application threads were stopped: 0.0773260 seconds, Stopping threads took: 0.0139450 seconds
{Heap before GC invocations=71 (full 0):
 par new generation   total 109248K, used 100495K [0x00000000d5a00000, 0x00000000dda00000, 0x00000000dda00000)
  eden space 87424K, 100% used [0x00000000d5a00000, 0x00000000daf60000, 0x00000000daf60000)
  from space 21824K,  59% used [0x00000000dc4b0000, 0x00000000dd173c10, 0x00000000dda00000)
  to   space 21824K,   0% used [0x00000000daf60000, 0x00000000daf60000, 0x00000000dc4b0000)
 concurrent mark-sweep generation total 393216K, used 61576K [0x00000000dda00000, 0x00000000f5a00000, 0x00000000f5a00000)
 concurrent-mark-sweep perm gen total 35072K, used 34947K [0x00000000f5a00000, 0x00000000f7c40000, 0x0000000100000000)
2015-11-12T00:58:03.320-0600: 392.247: [GC2015-11-12T00:58:03.320-0600: 392.248: [ParNew
Desired survivor size 20112992 bytes, new threshold 8 (max 8)
- age   1:    1417464 bytes,    1417464 total
- age   2:    9116168 bytes,   10533632 total
- age   3:    2102128 bytes,   12635760 total
- age   4:     325752 bytes,   12961512 total
- age   5:      72632 bytes,   13034144 total
- age   6:      82552 bytes,   13116696 total
- age   7:      84680 bytes,   13201376 total
- age   8:      95304 bytes,   13296680 total
: 100495K->19343K(109248K), 0.0470690 secs] 162071K->81017K(502464K), 0.0472330 secs] [Times: user=0.13 sys=0.00, real=0.05 secs] 
Heap after GC invocations=72 (full 0):
 par new generation   total 109248K, used 19343K [0x00000000d5a00000, 0x00000000dda00000, 0x00000000dda00000)
  eden space 87424K,   0% used [0x00000000d5a00000, 0x00000000d5a00000, 0x00000000daf60000)
  from space 21824K,  88% used [0x00000000daf60000, 0x00000000dc243e40, 0x00000000dc4b0000)
  to   space 21824K,   0% used [0x00000000dc4b0000, 0x00000000dc4b0000, 0x00000000dda00000)
 concurrent mark-sweep generation total 393216K, used 61673K [0x00000000dda00000, 0x00000000f5a00000, 0x00000000f5a00000)
 concurrent-mark-sweep perm gen total 35072K, used 34947K [0x00000000f5a00000, 0x00000000f7c40000, 0x0000000100000000)
}
2015-11-12T00:58:03.367-0600: 392.295: Total time for which application threads were stopped: 0.0482900 seconds, Stopping threads took: 0.0006610 seconds
{Heap before GC invocations=72 (full 0):
 par new generation   total 109248K, used 106767K [0x00000000d5a00000, 0x00000000dda00000, 0x00000000dda00000)
  eden space 87424K, 100% used [0x00000000d5a00000, 0x00000000daf60000, 0x00000000daf60000)
  from space 21824K,  88% used [0x00000000daf60000, 0x00000000dc243e40, 0x00000000dc4b0000)
  to   space 21824K,   0% used [0x00000000dc4b0000, 0x00000000dc4b0000, 0x00000000dda00000)
 concurrent mark-sweep generation total 393216K, used 61673K [0x00000000dda00000, 0x00000000f5a00000, 0x00000000f5a00000)
 concurrent-mark-sweep perm gen total 35072K, used 34947K [0x00000000f5a00000, 0x00000000f7c40000, 0x0000000100000000)
2015-11-12T00:58:03.472-0600: 392.400: [GC2015-11-12T00:58:03.473-0600: 392.400: [ParNew
Desired survivor size 20112992 bytes, new threshold 8 (max 8)
- age   1:     745184 bytes,     745184 total
- age   2:     695104 bytes,    1440288 total
- age   3:    9116224 bytes,   10556512 total
- age   4:    2102128 bytes,   12658640 total
- age   5:     325752 bytes,   12984392 total
- age   6:      72632 bytes,   13057024 total
- age   7:      82552 bytes,   13139576 total
- age   8:      84680 bytes,   13224256 total
: 106767K->16396K(109248K), 0.0369870 secs] 168441K->78165K(502464K), 0.0372180 secs] [Times: user=0.05 sys=0.01, real=0.04 secs] 
Heap after GC invocations=73 (full 0):
 par new generation   total 109248K, used 16396K [0x00000000d5a00000, 0x00000000dda00000, 0x00000000dda00000)
  eden space 87424K,   0% used [0x00000000d5a00000, 0x00000000d5a00000, 0x00000000daf60000)
  from space 21824K,  75% used [0x00000000dc4b0000, 0x00000000dd4b3218, 0x00000000dda00000)
  to   space 21824K,   0% used [0x00000000daf60000, 0x00000000daf60000, 0x00000000dc4b0000)
 concurrent mark-sweep generation total 393216K, used 61768K [0x00000000dda00000, 0x00000000f5a00000, 0x00000000f5a00000)
 concurrent-mark-sweep perm gen total 35072K, used 34947K [0x00000000f5a00000, 0x00000000f7c40000, 0x0000000100000000)
}
2015-11-12T00:58:03.510-0600: 392.438: Total time for which application threads were stopped: 0.0375330 seconds, Stopping threads took: 0.0000340 seconds
{Heap before GC invocations=73 (full 0):
 par new generation   total 109248K, used 103820K [0x00000000d5a00000, 0x00000000dda00000, 0x00000000dda00000)
  eden space 87424K, 100% used [0x00000000d5a00000, 0x00000000daf60000, 0x00000000daf60000)
  from space 21824K,  75% used [0x00000000dc4b0000, 0x00000000dd4b3218, 0x00000000dda00000)
  to   space 21824K,   0% used [0x00000000daf60000, 0x00000000daf60000, 0x00000000dc4b0000)
 concurrent mark-sweep generation total 393216K, used 61768K [0x00000000dda00000, 0x00000000f5a00000, 0x00000000f5a00000)
 concurrent-mark-sweep perm gen total 35072K, used 34947K [0x00000000f5a00000, 0x00000000f7c40000, 0x0000000100000000)
2015-11-12T00:58:03.603-0600: 392.531: [GC2015-11-12T00:58:03.603-0600: 392.531: [ParNew
Desired survivor size 20112992 bytes, new threshold 8 (max 8)
- age   1:    1126160 bytes,    1126160 total
- age   2:      35824 bytes,    1161984 total
- age   3:     694160 bytes,    1856144 total
- age   4:    9116168 bytes,   10972312 total
- age   5:    2102128 bytes,   13074440 total
- age   6:     325752 bytes,   13400192 total
- age   7:      72632 bytes,   13472824 total
- age   8:      82552 bytes,   13555376 total
: 103820K->20137K(109248K), 0.0494270 secs] 165589K->81990K(502464K), 0.0496500 secs] [Times: user=0.05 sys=0.00, real=0.05 secs] 
Heap after GC invocations=74 (full 0):
 par new generation   total 109248K, used 20137K [0x00000000d5a00000, 0x00000000dda00000, 0x00000000dda00000)
  eden space 87424K,   0% used [0x00000000d5a00000, 0x00000000d5a00000, 0x00000000daf60000)
  from space 21824K,  92% used [0x00000000daf60000, 0x00000000dc30a5e0, 0x00000000dc4b0000)
  to   space 21824K,   0% used [0x00000000dc4b0000, 0x00000000dc4b0000, 0x00000000dda00000)
 concurrent mark-sweep generation total 393216K, used 61853K [0x00000000dda00000, 0x00000000f5a00000, 0x00000000f5a00000)
 concurrent-mark-sweep perm gen total 35072K, used 34947K [0x00000000f5a00000, 0x00000000f7c40000, 0x0000000100000000)
}
2015-11-12T00:58:03.653-0600: 392.580: Total time for which application threads were stopped: 0.0561500 seconds, Stopping threads took: 0.0060620 seconds
{Heap before GC invocations=74 (full 0):
 par new generation   total 109248K, used 107561K [0x00000000d5a00000, 0x00000000dda00000, 0x00000000dda00000)
  eden space 87424K, 100% used [0x00000000d5a00000, 0x00000000daf60000, 0x00000000daf60000)
  from space 21824K,  92% used [0x00000000daf60000, 0x00000000dc30a5e0, 0x00000000dc4b0000)
  to   space 21824K,   0% used [0x00000000dc4b0000, 0x00000000dc4b0000, 0x00000000dda00000)
 concurrent mark-sweep generation total 393216K, used 61853K [0x00000000dda00000, 0x00000000f5a00000, 0x00000000f5a00000)
 concurrent-mark-sweep perm gen total 35072K, used 34947K [0x00000000f5a00000, 0x00000000f7c40000, 0x0000000100000000)
2015-11-12T00:58:03.735-0600: 392.663: [GC2015-11-12T00:58:03.735-0600: 392.663: [ParNew
Desired survivor size 20112992 bytes, new threshold 8 (max 8)
- age   1:    1493576 bytes,    1493576 total
- age   2:      39272 bytes,    1532848 total
- age   3:      35240 bytes,    1568088 total
- age   4:     694160 bytes,    2262248 total
- age   5:    9116168 bytes,   11378416 total
- age   6:    2102128 bytes,   13480544 total
- age   7:     325752 bytes,   13806296 total
- age   8:      72632 bytes,   13878928 total
: 107561K->15465K(109248K), 0.0285520 secs] 169414K->77401K(502464K), 0.0287920 secs] [Times: user=0.06 sys=0.00, real=0.02 secs] 
Heap after GC invocations=75 (full 0):
 par new generation   total 109248K, used 15465K [0x00000000d5a00000, 0x00000000dda00000, 0x00000000dda00000)
  eden space 87424K,   0% used [0x00000000d5a00000, 0x00000000d5a00000, 0x00000000daf60000)
  from space 21824K,  70% used [0x00000000dc4b0000, 0x00000000dd3ca5e0, 0x00000000dda00000)
  to   space 21824K,   0% used [0x00000000daf60000, 0x00000000daf60000, 0x00000000dc4b0000)
 concurrent mark-sweep generation total 393216K, used 61935K [0x00000000dda00000, 0x00000000f5a00000, 0x00000000f5a00000)
 concurrent-mark-sweep perm gen total 35072K, used 34947K [0x00000000f5a00000, 0x00000000f7c40000, 0x0000000100000000)
}
2015-11-12T00:58:03.764-0600: 392.692: Total time for which application threads were stopped: 0.0292290 seconds, Stopping threads took: 0.0001360 seconds
{Heap before GC invocations=75 (full 0):
 par new generation   total 109248K, used 102889K [0x00000000d5a00000, 0x00000000dda00000, 0x00000000dda00000)
  eden space 87424K, 100% used [0x00000000d5a00000, 0x00000000daf60000, 0x00000000daf60000)
  from space 21824K,  70% used [0x00000000dc4b0000, 0x00000000dd3ca5e0, 0x00000000dda00000)
  to   space 21824K,   0% used [0x00000000daf60000, 0x00000000daf60000, 0x00000000dc4b0000)
 concurrent mark-sweep generation total 393216K, used 61935K [0x00000000dda00000, 0x00000000f5a00000, 0x00000000f5a00000)
 concurrent-mark-sweep perm gen total 35072K, used 34948K [0x00000000f5a00000, 0x00000000f7c40000, 0x0000000100000000)
2015-11-12T00:58:03.863-0600: 392.791: [GC2015-11-12T00:58:03.863-0600: 392.791: [ParNew
Desired survivor size 20112992 bytes, new threshold 8 (max 8)
- age   1:    1631504 bytes,    1631504 total
- age   2:      61696 bytes,    1693200 total
- age   3:      38968 bytes,    1732168 total
- age   4:      35240 bytes,    1767408 total
- age   5:     694160 bytes,    2461568 total
- age   6:    9116168 bytes,   11577736 total
- age   7:    2102128 bytes,   13679864 total
- age   8:     325752 bytes,   14005616 total
: 102889K->20495K(109248K), 0.0343350 secs] 164825K->82504K(502464K), 0.0345420 secs] [Times: user=0.05 sys=0.00, real=0.04 secs] 
Heap after GC invocations=76 (full 0):
 par new generation   total 109248K, used 20495K [0x00000000d5a00000, 0x00000000dda00000, 0x00000000dda00000)
  eden space 87424K,   0% used [0x00000000d5a00000, 0x00000000d5a00000, 0x00000000daf60000)
  from space 21824K,  93% used [0x00000000daf60000, 0x00000000dc363eb0, 0x00000000dc4b0000)
  to   space 21824K,   0% used [0x00000000dc4b0000, 0x00000000dc4b0000, 0x00000000dda00000)
 concurrent mark-sweep generation total 393216K, used 62008K [0x00000000dda00000, 0x00000000f5a00000, 0x00000000f5a00000)
 concurrent-mark-sweep perm gen total 35072K, used 34948K [0x00000000f5a00000, 0x00000000f7c40000, 0x0000000100000000)
}
2015-11-12T00:58:03.898-0600: 392.826: Total time for which application threads were stopped: 0.0349970 seconds, Stopping threads took: 0.0000370 seconds
{Heap before GC invocations=76 (full 0):
 par new generation   total 109248K, used 107900K [0x00000000d5a00000, 0x00000000dda00000, 0x00000000dda00000)
  eden space 87424K,  99% used [0x00000000d5a00000, 0x00000000daf5b518, 0x00000000daf60000)
  from space 21824K,  93% used [0x00000000daf60000, 0x00000000dc363eb0, 0x00000000dc4b0000)
  to   space 21824K,   0% used [0x00000000dc4b0000, 0x00000000dc4b0000, 0x00000000dda00000)
 concurrent mark-sweep generation total 393216K, used 62008K [0x00000000dda00000, 0x00000000f5a00000, 0x00000000f5a00000)
 concurrent-mark-sweep perm gen total 35072K, used 34948K [0x00000000f5a00000, 0x00000000f7c40000, 0x0000000100000000)
2015-11-12T00:58:03.989-0600: 392.917: [GC2015-11-12T00:58:03.989-0600: 392.917: [ParNew
Desired survivor size 20112992 bytes, new threshold 8 (max 8)
- age   1:    1751680 bytes,    1751680 total
- age   2:      99336 bytes,    1851016 total
- age   3:      61696 bytes,    1912712 total
- age   4:      38968 bytes,    1951680 total
- age   5:      35240 bytes,    1986920 total
- age   6:     694160 bytes,    2681080 total
- age   7:    9148952 bytes,   11830032 total
- age   8:    2102128 bytes,   13932160 total
: 107900K->18128K(109248K), 0.0575310 secs] 169909K->80458K(502464K), 0.0577600 secs] [Times: user=0.06 sys=0.01, real=0.06 secs] 
Heap after GC invocations=77 (full 0):
 par new generation   total 109248K, used 18128K [0x00000000d5a00000, 0x00000000dda00000, 0x00000000dda00000)
  eden space 87424K,   0% used [0x00000000d5a00000, 0x00000000d5a00000, 0x00000000daf60000)
  from space 21824K,  83% used [0x00000000dc4b0000, 0x00000000dd6640b8, 0x00000000dda00000)
  to   space 21824K,   0% used [0x00000000daf60000, 0x00000000daf60000, 0x00000000dc4b0000)
 concurrent mark-sweep generation total 393216K, used 62330K [0x00000000dda00000, 0x00000000f5a00000, 0x00000000f5a00000)
 concurrent-mark-sweep perm gen total 35072K, used 34948K [0x00000000f5a00000, 0x00000000f7c40000, 0x0000000100000000)
}
2015-11-12T00:58:04.047-0600: 392.975: Total time for which application threads were stopped: 0.0584040 seconds, Stopping threads took: 0.0003740 seconds
{Heap before GC invocations=77 (full 0):
 par new generation   total 109248K, used 105552K [0x00000000d5a00000, 0x00000000dda00000, 0x00000000dda00000)
  eden space 87424K, 100% used [0x00000000d5a00000, 0x00000000daf60000, 0x00000000daf60000)
  from space 21824K,  83% used [0x00000000dc4b0000, 0x00000000dd6640b8, 0x00000000dda00000)
  to   space 21824K,   0% used [0x00000000daf60000, 0x00000000daf60000, 0x00000000dc4b0000)
 concurrent mark-sweep generation total 393216K, used 62330K [0x00000000dda00000, 0x00000000f5a00000, 0x00000000f5a00000)
 concurrent-mark-sweep perm gen total 35072K, used 34948K [0x00000000f5a00000, 0x00000000f7c40000, 0x0000000100000000)
2015-11-12T00:58:04.156-0600: 393.084: [GC2015-11-12T00:58:04.157-0600: 393.084: [ParNew
Desired survivor size 20112992 bytes, new threshold 8 (max 8)
- age   1:    1199584 bytes,    1199584 total
- age   2:     110552 bytes,    1310136 total
- age   3:      99336 bytes,    1409472 total
- age   4:      61264 bytes,    1470736 total
- age   5:      38424 bytes,    1509160 total
- age   6:      35240 bytes,    1544400 total
- age   7:     694160 bytes,    2238560 total
- age   8:    9116168 bytes,   11354728 total
: 105552K->15984K(109248K), 0.0373130 secs] 167882K->80372K(502464K), 0.0375220 secs] [Times: user=0.06 sys=0.00, real=0.03 secs] 
Heap after GC invocations=78 (full 0):
 par new generation   total 109248K, used 15984K [0x00000000d5a00000, 0x00000000dda00000, 0x00000000dda00000)
  eden space 87424K,   0% used [0x00000000d5a00000, 0x00000000d5a00000, 0x00000000daf60000)
  from space 21824K,  73% used [0x00000000daf60000, 0x00000000dbefc318, 0x00000000dc4b0000)
  to   space 21824K,   0% used [0x00000000dc4b0000, 0x00000000dc4b0000, 0x00000000dda00000)
 concurrent mark-sweep generation total 393216K, used 64387K [0x00000000dda00000, 0x00000000f5a00000, 0x00000000f5a00000)
 concurrent-mark-sweep perm gen total 35072K, used 34948K [0x00000000f5a00000, 0x00000000f7c40000, 0x0000000100000000)
}
2015-11-12T00:58:04.194-0600: 393.122: Total time for which application threads were stopped: 0.0383550 seconds, Stopping threads took: 0.0005130 seconds
{Heap before GC invocations=78 (full 0):
 par new generation   total 109248K, used 103408K [0x00000000d5a00000, 0x00000000dda00000, 0x00000000dda00000)
  eden space 87424K, 100% used [0x00000000d5a00000, 0x00000000daf60000, 0x00000000daf60000)
  from space 21824K,  73% used [0x00000000daf60000, 0x00000000dbefc318, 0x00000000dc4b0000)
  to   space 21824K,   0% used [0x00000000dc4b0000, 0x00000000dc4b0000, 0x00000000dda00000)
 concurrent mark-sweep generation total 393216K, used 64387K [0x00000000dda00000, 0x00000000f5a00000, 0x00000000f5a00000)
 concurrent-mark-sweep perm gen total 35072K, used 34948K [0x00000000f5a00000, 0x00000000f7c40000, 0x0000000100000000)
2015-11-12T00:58:04.311-0600: 393.239: [GC2015-11-12T00:58:04.311-0600: 393.239: [ParNew
Desired survivor size 20112992 bytes, new threshold 8 (max 8)
- age   1:    1114024 bytes,    1114024 total
- age   2:      89944 bytes,    1203968 total
- age   3:     110552 bytes,    1314520 total
- age   4:      98688 bytes,    1413208 total
- age   5:      59960 bytes,    1473168 total
- age   6:      38424 bytes,    1511592 total
- age   7:      35240 bytes,    1546832 total
- age   8:     694160 bytes,    2240992 total
: 103408K->5934K(109248K), 0.0283260 secs] 167796K->79258K(502464K), 0.0285330 secs] [Times: user=0.05 sys=0.00, real=0.03 secs] 
Heap after GC invocations=79 (full 0):
 par new generation   total 109248K, used 5934K [0x00000000d5a00000, 0x00000000dda00000, 0x00000000dda00000)
  eden space 87424K,   0% used [0x00000000d5a00000, 0x00000000d5a00000, 0x00000000daf60000)
  from space 21824K,  27% used [0x00000000dc4b0000, 0x00000000dca7b940, 0x00000000dda00000)
  to   space 21824K,   0% used [0x00000000daf60000, 0x00000000daf60000, 0x00000000dc4b0000)
 concurrent mark-sweep generation total 393216K, used 73324K [0x00000000dda00000, 0x00000000f5a00000, 0x00000000f5a00000)
 concurrent-mark-sweep perm gen total 35072K, used 34948K [0x00000000f5a00000, 0x00000000f7c40000, 0x0000000100000000)
}
2015-11-12T00:58:04.340-0600: 393.268: Total time for which application threads were stopped: 0.0289170 seconds, Stopping threads took: 0.0001240 seconds
{Heap before GC invocations=79 (full 0):
 par new generation   total 109248K, used 93358K [0x00000000d5a00000, 0x00000000dda00000, 0x00000000dda00000)
  eden space 87424K, 100% used [0x00000000d5a00000, 0x00000000daf60000, 0x00000000daf60000)
  from space 21824K,  27% used [0x00000000dc4b0000, 0x00000000dca7b940, 0x00000000dda00000)
  to   space 21824K,   0% used [0x00000000daf60000, 0x00000000daf60000, 0x00000000dc4b0000)
 concurrent mark-sweep generation total 393216K, used 73324K [0x00000000dda00000, 0x00000000f5a00000, 0x00000000f5a00000)
 concurrent-mark-sweep perm gen total 35072K, used 34948K [0x00000000f5a00000, 0x00000000f7c40000, 0x0000000100000000)
2015-11-12T00:58:04.487-0600: 393.415: [GC2015-11-12T00:58:04.487-0600: 393.415: [ParNew
Desired survivor size 20112992 bytes, new threshold 8 (max 8)
- age   1:    1135488 bytes,    1135488 total
- age   2:      86880 bytes,    1222368 total
- age   3:      89944 bytes,    1312312 total
- age   4:     110552 bytes,    1422864 total
- age   5:      98688 bytes,    1521552 total
- age   6:      59960 bytes,    1581512 total
- age   7:      38424 bytes,    1619936 total
- age   8:      35240 bytes,    1655176 total
: 93358K->2264K(109248K), 0.0404710 secs] 166682K->76269K(502464K), 0.0406630 secs] [Times: user=0.04 sys=0.00, real=0.04 secs] 
Heap after GC invocations=80 (full 0):
 par new generation   total 109248K, used 2264K [0x00000000d5a00000, 0x00000000dda00000, 0x00000000dda00000)
  eden space 87424K,   0% used [0x00000000d5a00000, 0x00000000d5a00000, 0x00000000daf60000)
  from space 21824K,  10% used [0x00000000daf60000, 0x00000000db196338, 0x00000000dc4b0000)
  to   space 21824K,   0% used [0x00000000dc4b0000, 0x00000000dc4b0000, 0x00000000dda00000)
 concurrent mark-sweep generation total 393216K, used 74004K [0x00000000dda00000, 0x00000000f5a00000, 0x00000000f5a00000)
 concurrent-mark-sweep perm gen total 35072K, used 34948K [0x00000000f5a00000, 0x00000000f7c40000, 0x0000000100000000)
}
2015-11-12T00:58:04.528-0600: 393.455: Total time for which application threads were stopped: 0.0499050 seconds, Stopping threads took: 0.0088260 seconds
{Heap before GC invocations=80 (full 0):
 par new generation   total 109248K, used 89688K [0x00000000d5a00000, 0x00000000dda00000, 0x00000000dda00000)
  eden space 87424K, 100% used [0x00000000d5a00000, 0x00000000daf60000, 0x00000000daf60000)
  from space 21824K,  10% used [0x00000000daf60000, 0x00000000db196338, 0x00000000dc4b0000)
  to   space 21824K,   0% used [0x00000000dc4b0000, 0x00000000dc4b0000, 0x00000000dda00000)
 concurrent mark-sweep generation total 393216K, used 74004K [0x00000000dda00000, 0x00000000f5a00000, 0x00000000f5a00000)
 concurrent-mark-sweep perm gen total 35072K, used 34949K [0x00000000f5a00000, 0x00000000f7c40000, 0x0000000100000000)
2015-11-12T00:58:04.659-0600: 393.587: [GC2015-11-12T00:58:04.659-0600: 393.587: [ParNew
Desired survivor size 20112992 bytes, new threshold 8 (max 8)
- age   1:     921480 bytes,     921480 total
- age   2:      73384 bytes,     994864 total
- age   3:      86640 bytes,    1081504 total
- age   4:      89008 bytes,    1170512 total
- age   5:     110336 bytes,    1280848 total
- age   6:      98424 bytes,    1379272 total
- age   7:      59696 bytes,    1438968 total
- age   8:      38016 bytes,    1476984 total
: 89688K->2150K(109248K), 0.0235840 secs] 163693K->76190K(502464K), 0.0238000 secs] [Times: user=0.04 sys=0.00, real=0.02 secs] 
Heap after GC invocations=81 (full 0):
 par new generation   total 109248K, used 2150K [0x00000000d5a00000, 0x00000000dda00000, 0x00000000dda00000)
  eden space 87424K,   0% used [0x00000000d5a00000, 0x00000000d5a00000, 0x00000000daf60000)
  from space 21824K,   9% used [0x00000000dc4b0000, 0x00000000dc6c98d0, 0x00000000dda00000)
  to   space 21824K,   0% used [0x00000000daf60000, 0x00000000daf60000, 0x00000000dc4b0000)
 concurrent mark-sweep generation total 393216K, used 74040K [0x00000000dda00000, 0x00000000f5a00000, 0x00000000f5a00000)
 concurrent-mark-sweep perm gen total 35072K, used 34949K [0x00000000f5a00000, 0x00000000f7c40000, 0x0000000100000000)
}
2015-11-12T00:58:04.683-0600: 393.610: Total time for which application threads were stopped: 0.0257800 seconds, Stopping threads took: 0.0017210 seconds
{Heap before GC invocations=81 (full 0):
 par new generation   total 109248K, used 89574K [0x00000000d5a00000, 0x00000000dda00000, 0x00000000dda00000)
  eden space 87424K, 100% used [0x00000000d5a00000, 0x00000000daf60000, 0x00000000daf60000)
  from space 21824K,   9% used [0x00000000dc4b0000, 0x00000000dc6c98d0, 0x00000000dda00000)
  to   space 21824K,   0% used [0x00000000daf60000, 0x00000000daf60000, 0x00000000dc4b0000)
 concurrent mark-sweep generation total 393216K, used 74040K [0x00000000dda00000, 0x00000000f5a00000, 0x00000000f5a00000)
 concurrent-mark-sweep perm gen total 35072K, used 34950K [0x00000000f5a00000, 0x00000000f7c40000, 0x0000000100000000)
2015-11-12T00:58:04.849-0600: 393.777: [GC2015-11-12T00:58:04.849-0600: 393.777: [ParNew
Desired survivor size 20112992 bytes, new threshold 8 (max 8)
- age   1:    1402472 bytes,    1402472 total
- age   2:     158680 bytes,    1561152 total
- age   3:      72952 bytes,    1634104 total
- age   4:      85320 bytes,    1719424 total
- age   5:      88696 bytes,    1808120 total
- age   6:     110000 bytes,    1918120 total
- age   7:      98064 bytes,    2016184 total
- age   8:      59144 bytes,    2075328 total
: 89574K->2214K(109248K), 0.0099690 secs] 163614K->76293K(502464K), 0.0101180 secs] [Times: user=0.02 sys=0.00, real=0.01 secs] 
Heap after GC invocations=82 (full 0):
 par new generation   total 109248K, used 2214K [0x00000000d5a00000, 0x00000000dda00000, 0x00000000dda00000)
  eden space 87424K,   0% used [0x00000000d5a00000, 0x00000000d5a00000, 0x00000000daf60000)
  from space 21824K,  10% used [0x00000000daf60000, 0x00000000db189a48, 0x00000000dc4b0000)
  to   space 21824K,   0% used [0x00000000dc4b0000, 0x00000000dc4b0000, 0x00000000dda00000)
 concurrent mark-sweep generation total 393216K, used 74078K [0x00000000dda00000, 0x00000000f5a00000, 0x00000000f5a00000)
 concurrent-mark-sweep perm gen total 35072K, used 34950K [0x00000000f5a00000, 0x00000000f7c40000, 0x0000000100000000)
}
2015-11-12T00:58:04.859-0600: 393.787: Total time for which application threads were stopped: 0.0153470 seconds, Stopping threads took: 0.0049990 seconds
2015-11-12T00:58:04.891-0600: 393.819: Total time for which application threads were stopped: 0.0002410 seconds, Stopping threads took: 0.0001350 seconds
2015-11-12T00:58:04.905-0600: 393.833: Total time for which application threads were stopped: 0.0021130 seconds, Stopping threads took: 0.0020010 seconds
2015-11-12T00:58:04.914-0600: 393.842: Total time for which application threads were stopped: 0.0013040 seconds, Stopping threads took: 0.0011690 seconds
2015-11-12T00:58:05.078-0600: 394.006: Total time for which application threads were stopped: 0.0045780 seconds, Stopping threads took: 0.0042680 seconds
2015-11-12T00:58:05.082-0600: 394.010: Total time for which application threads were stopped: 0.0002230 seconds, Stopping threads took: 0.0000620 seconds
2015-11-12T00:58:05.150-0600: 394.078: Total time for which application threads were stopped: 0.0001730 seconds, Stopping threads took: 0.0000390 seconds
2015-11-12T00:58:05.158-0600: 394.086: Total time for which application threads were stopped: 0.0001580 seconds, Stopping threads took: 0.0000570 seconds
2015-11-12T00:58:05.204-0600: 394.132: Total time for which application threads were stopped: 0.0026420 seconds, Stopping threads took: 0.0024500 seconds
2015-11-12T00:58:05.232-0600: 394.160: Total time for which application threads were stopped: 0.0004490 seconds, Stopping threads took: 0.0000560 seconds
2015-11-12T00:58:05.246-0600: 394.174: Total time for which application threads were stopped: 0.0018100 seconds, Stopping threads took: 0.0016450 seconds
2015-11-12T00:58:05.280-0600: 394.208: Total time for which application threads were stopped: 0.0011590 seconds, Stopping threads took: 0.0010480 seconds
2015-11-12T00:58:05.304-0600: 394.232: Total time for which application threads were stopped: 0.0044060 seconds, Stopping threads took: 0.0042420 seconds
2015-11-12T00:58:05.305-0600: 394.233: Total time for which application threads were stopped: 0.0001450 seconds, Stopping threads took: 0.0000520 seconds
2015-11-12T00:58:05.353-0600: 394.281: Total time for which application threads were stopped: 0.0031870 seconds, Stopping threads took: 0.0030540 seconds
2015-11-12T00:58:05.355-0600: 394.283: Total time for which application threads were stopped: 0.0001930 seconds, Stopping threads took: 0.0000820 seconds
2015-11-12T00:58:05.364-0600: 394.291: Total time for which application threads were stopped: 0.0003300 seconds, Stopping threads took: 0.0001640 seconds
2015-11-12T00:58:05.366-0600: 394.294: Total time for which application threads were stopped: 0.0014000 seconds, Stopping threads took: 0.0012640 seconds
2015-11-12T00:58:05.369-0600: 394.297: Total time for which application threads were stopped: 0.0023790 seconds, Stopping threads took: 0.0022800 seconds
2015-11-12T00:58:05.431-0600: 394.359: Total time for which application threads were stopped: 0.0002060 seconds, Stopping threads took: 0.0000850 seconds
2015-11-12T00:58:05.431-0600: 394.359: Total time for which application threads were stopped: 0.0001370 seconds, Stopping threads took: 0.0000260 seconds
2015-11-12T00:58:05.442-0600: 394.370: Total time for which application threads were stopped: 0.0010420 seconds, Stopping threads took: 0.0008130 seconds
2015-11-12T00:58:05.490-0600: 394.417: Total time for which application threads were stopped: 0.0004090 seconds, Stopping threads took: 0.0000910 seconds
2015-11-12T00:58:05.575-0600: 394.503: Total time for which application threads were stopped: 0.0007380 seconds, Stopping threads took: 0.0003810 seconds
2015-11-12T00:58:05.721-0600: 394.649: Total time for which application threads were stopped: 0.0013110 seconds, Stopping threads took: 0.0009360 seconds
2015-11-12T00:58:05.750-0600: 394.678: Total time for which application threads were stopped: 0.0002290 seconds, Stopping threads took: 0.0000960 seconds
2015-11-12T00:58:05.784-0600: 394.712: Total time for which application threads were stopped: 0.0002460 seconds, Stopping threads took: 0.0000920 seconds
2015-11-12T00:58:05.876-0600: 394.803: Total time for which application threads were stopped: 0.0014890 seconds, Stopping threads took: 0.0009430 seconds
2015-11-12T00:58:06.046-0600: 394.974: Total time for which application threads were stopped: 0.0001810 seconds, Stopping threads took: 0.0000580 seconds
{Heap before GC invocations=82 (full 0):
 par new generation   total 109248K, used 89638K [0x00000000d5a00000, 0x00000000dda00000, 0x00000000dda00000)
  eden space 87424K, 100% used [0x00000000d5a00000, 0x00000000daf60000, 0x00000000daf60000)
  from space 21824K,  10% used [0x00000000daf60000, 0x00000000db189a48, 0x00000000dc4b0000)
  to   space 21824K,   0% used [0x00000000dc4b0000, 0x00000000dc4b0000, 0x00000000dda00000)
 concurrent mark-sweep generation total 393216K, used 74078K [0x00000000dda00000, 0x00000000f5a00000, 0x00000000f5a00000)
 concurrent-mark-sweep perm gen total 35072K, used 34988K [0x00000000f5a00000, 0x00000000f7c40000, 0x0000000100000000)
2015-11-12T00:58:06.098-0600: 395.025: [GC2015-11-12T00:58:06.098-0600: 395.026: [ParNew
Desired survivor size 20112992 bytes, new threshold 8 (max 8)
- age   1:    5250264 bytes,    5250264 total
- age   2:    1184552 bytes,    6434816 total
- age   3:     158312 bytes,    6593128 total
- age   4:      72856 bytes,    6665984 total
- age   5:      84880 bytes,    6750864 total
- age   6:      88576 bytes,    6839440 total
- age   7:     109856 bytes,    6949296 total
- age   8:      97920 bytes,    7047216 total
: 89638K->8113K(109248K), 0.0185640 secs] 163717K->82250K(502464K), 0.0187870 secs] [Times: user=0.06 sys=0.00, real=0.02 secs] 
Heap after GC invocations=83 (full 0):
 par new generation   total 109248K, used 8113K [0x00000000d5a00000, 0x00000000dda00000, 0x00000000dda00000)
  eden space 87424K,   0% used [0x00000000d5a00000, 0x00000000d5a00000, 0x00000000daf60000)
  from space 21824K,  37% used [0x00000000dc4b0000, 0x00000000dcc9c548, 0x00000000dda00000)
  to   space 21824K,   0% used [0x00000000daf60000, 0x00000000daf60000, 0x00000000dc4b0000)
 concurrent mark-sweep generation total 393216K, used 74137K [0x00000000dda00000, 0x00000000f5a00000, 0x00000000f5a00000)
 concurrent-mark-sweep perm gen total 35072K, used 34988K [0x00000000f5a00000, 0x00000000f7c40000, 0x0000000100000000)
}
2015-11-12T00:58:06.117-0600: 395.044: Total time for which application threads were stopped: 0.0192770 seconds, Stopping threads took: 0.0001820 seconds
2015-11-12T00:58:06.169-0600: 395.097: Total time for which application threads were stopped: 0.0062340 seconds, Stopping threads took: 0.0060670 seconds
2015-11-12T00:58:06.198-0600: 395.126: Total time for which application threads were stopped: 0.0001530 seconds, Stopping threads took: 0.0000630 seconds
2015-11-12T00:58:06.345-0600: 395.273: Total time for which application threads were stopped: 0.0022410 seconds, Stopping threads took: 0.0019420 seconds
2015-11-12T00:58:06.355-0600: 395.282: Total time for which application threads were stopped: 0.0009570 seconds, Stopping threads took: 0.0008550 seconds
2015-11-12T00:58:06.421-0600: 395.349: Total time for which application threads were stopped: 0.0001700 seconds, Stopping threads took: 0.0000700 seconds
2015-11-12T00:58:06.660-0600: 395.588: Total time for which application threads were stopped: 0.0002010 seconds, Stopping threads took: 0.0000820 seconds
2015-11-12T00:58:07.676-0600: 396.604: Total time for which application threads were stopped: 0.0065310 seconds, Stopping threads took: 0.0062550 seconds
2015-11-12T00:58:08.146-0600: 397.074: Total time for which application threads were stopped: 0.0092180 seconds, Stopping threads took: 0.0090800 seconds
2015-11-12T00:58:08.339-0600: 397.267: Total time for which application threads were stopped: 0.0041020 seconds, Stopping threads took: 0.0027580 seconds
2015-11-12T00:58:08.382-0600: 397.310: Total time for which application threads were stopped: 0.0012950 seconds, Stopping threads took: 0.0011770 seconds
2015-11-12T00:58:08.430-0600: 397.358: Total time for which application threads were stopped: 0.0071600 seconds, Stopping threads took: 0.0070170 seconds
{Heap before GC invocations=83 (full 0):
 par new generation   total 109248K, used 95537K [0x00000000d5a00000, 0x00000000dda00000, 0x00000000dda00000)
  eden space 87424K, 100% used [0x00000000d5a00000, 0x00000000daf60000, 0x00000000daf60000)
  from space 21824K,  37% used [0x00000000dc4b0000, 0x00000000dcc9c548, 0x00000000dda00000)
  to   space 21824K,   0% used [0x00000000daf60000, 0x00000000daf60000, 0x00000000dc4b0000)
 concurrent mark-sweep generation total 393216K, used 74137K [0x00000000dda00000, 0x00000000f5a00000, 0x00000000f5a00000)
 concurrent-mark-sweep perm gen total 35264K, used 35115K [0x00000000f5a00000, 0x00000000f7c70000, 0x0000000100000000)
2015-11-12T00:58:08.602-0600: 397.530: [GC2015-11-12T00:58:08.602-0600: 397.530: [ParNew
Desired survivor size 20112992 bytes, new threshold 8 (max 8)
- age   1:    3875048 bytes,    3875048 total
- age   2:    4014408 bytes,    7889456 total
- age   3:    1184552 bytes,    9074008 total
- age   4:     158312 bytes,    9232320 total
- age   5:      72856 bytes,    9305176 total
- age   6:      84880 bytes,    9390056 total
- age   7:      88576 bytes,    9478632 total
- age   8:     109856 bytes,    9588488 total
: 95537K->13841K(109248K), 0.0206300 secs] 169674K->88076K(502464K), 0.0208480 secs] [Times: user=0.05 sys=0.01, real=0.02 secs] 
Heap after GC invocations=84 (full 0):
 par new generation   total 109248K, used 13841K [0x00000000d5a00000, 0x00000000dda00000, 0x00000000dda00000)
  eden space 87424K,   0% used [0x00000000d5a00000, 0x00000000d5a00000, 0x00000000daf60000)
  from space 21824K,  63% used [0x00000000daf60000, 0x00000000dbce45f0, 0x00000000dc4b0000)
  to   space 21824K,   0% used [0x00000000dc4b0000, 0x00000000dc4b0000, 0x00000000dda00000)
 concurrent mark-sweep generation total 393216K, used 74235K [0x00000000dda00000, 0x00000000f5a00000, 0x00000000f5a00000)
 concurrent-mark-sweep perm gen total 35264K, used 35115K [0x00000000f5a00000, 0x00000000f7c70000, 0x0000000100000000)
}
2015-11-12T00:58:08.623-0600: 397.550: Total time for which application threads were stopped: 0.0211640 seconds, Stopping threads took: 0.0000370 seconds
2015-11-12T00:58:08.775-0600: 397.703: Total time for which application threads were stopped: 0.0013930 seconds, Stopping threads took: 0.0011870 seconds
2015-11-12T00:58:09.290-0600: 398.218: Total time for which application threads were stopped: 0.0003930 seconds, Stopping threads took: 0.0000420 seconds
2015-11-12T00:58:09.401-0600: 398.329: Total time for which application threads were stopped: 0.0001600 seconds, Stopping threads took: 0.0000690 seconds
2015-11-12T00:58:09.608-0600: 398.535: Total time for which application threads were stopped: 0.0001740 seconds, Stopping threads took: 0.0000660 seconds
2015-11-12T00:58:10.609-0600: 399.537: Total time for which application threads were stopped: 0.0007560 seconds, Stopping threads took: 0.0004420 seconds
{Heap before GC invocations=84 (full 0):
 par new generation   total 109248K, used 101265K [0x00000000d5a00000, 0x00000000dda00000, 0x00000000dda00000)
  eden space 87424K, 100% used [0x00000000d5a00000, 0x00000000daf60000, 0x00000000daf60000)
  from space 21824K,  63% used [0x00000000daf60000, 0x00000000dbce45f0, 0x00000000dc4b0000)
  to   space 21824K,   0% used [0x00000000dc4b0000, 0x00000000dc4b0000, 0x00000000dda00000)
 concurrent mark-sweep generation total 393216K, used 74235K [0x00000000dda00000, 0x00000000f5a00000, 0x00000000f5a00000)
 concurrent-mark-sweep perm gen total 35264K, used 35222K [0x00000000f5a00000, 0x00000000f7c70000, 0x0000000100000000)
2015-11-12T00:58:11.080-0600: 400.008: [GC2015-11-12T00:58:11.080-0600: 400.008: [ParNew
Desired survivor size 20112992 bytes, new threshold 8 (max 8)
- age   1:    3215112 bytes,    3215112 total
- age   2:    1880104 bytes,    5095216 total
- age   3:    3865520 bytes,    8960736 total
- age   4:    1184552 bytes,   10145288 total
- age   5:     158312 bytes,   10303600 total
- age   6:      72856 bytes,   10376456 total
- age   7:      84880 bytes,   10461336 total
- age   8:      88576 bytes,   10549912 total
: 101265K->13462K(109248K), 0.0439960 secs] 175500K->87807K(502464K), 0.0441960 secs] [Times: user=0.04 sys=0.00, real=0.04 secs] 
Heap after GC invocations=85 (full 0):
 par new generation   total 109248K, used 13462K [0x00000000d5a00000, 0x00000000dda00000, 0x00000000dda00000)
  eden space 87424K,   0% used [0x00000000d5a00000, 0x00000000d5a00000, 0x00000000daf60000)
  from space 21824K,  61% used [0x00000000dc4b0000, 0x00000000dd1d5b30, 0x00000000dda00000)
  to   space 21824K,   0% used [0x00000000daf60000, 0x00000000daf60000, 0x00000000dc4b0000)
 concurrent mark-sweep generation total 393216K, used 74344K [0x00000000dda00000, 0x00000000f5a00000, 0x00000000f5a00000)
 concurrent-mark-sweep perm gen total 35264K, used 35222K [0x00000000f5a00000, 0x00000000f7c70000, 0x0000000100000000)
}
2015-11-12T00:58:11.124-0600: 400.052: Total time for which application threads were stopped: 0.0455300 seconds, Stopping threads took: 0.0010080 seconds
2015-11-12T00:58:11.440-0600: 400.368: Total time for which application threads were stopped: 0.0003070 seconds, Stopping threads took: 0.0000640 seconds
2015-11-12T00:58:11.612-0600: 400.540: Total time for which application threads were stopped: 0.0002240 seconds, Stopping threads took: 0.0000490 seconds
2015-11-12T00:58:11.826-0600: 400.753: Total time for which application threads were stopped: 0.0003240 seconds, Stopping threads took: 0.0001290 seconds
2015-11-12T00:58:11.955-0600: 400.882: Total time for which application threads were stopped: 0.0003090 seconds, Stopping threads took: 0.0000770 seconds
2015-11-12T00:58:12.078-0600: 401.006: Total time for which application threads were stopped: 0.0001680 seconds, Stopping threads took: 0.0000540 seconds
2015-11-12T00:58:12.242-0600: 401.170: Total time for which application threads were stopped: 0.0002820 seconds, Stopping threads took: 0.0000580 seconds
2015-11-12T00:58:12.299-0600: 401.227: Total time for which application threads were stopped: 0.0055440 seconds, Stopping threads took: 0.0054260 seconds
2015-11-12T00:58:12.308-0600: 401.235: Total time for which application threads were stopped: 0.0060140 seconds, Stopping threads took: 0.0059030 seconds
2015-11-12T00:58:12.308-0600: 401.236: Total time for which application threads were stopped: 0.0000930 seconds, Stopping threads took: 0.0000270 seconds
2015-11-12T00:58:12.308-0600: 401.236: Total time for which application threads were stopped: 0.0000750 seconds, Stopping threads took: 0.0000180 seconds
2015-11-12T00:58:12.308-0600: 401.236: Total time for which application threads were stopped: 0.0000740 seconds, Stopping threads took: 0.0000180 seconds
2015-11-12T00:58:12.312-0600: 401.240: Total time for which application threads were stopped: 0.0001590 seconds, Stopping threads took: 0.0000370 seconds
2015-11-12T00:58:12.382-0600: 401.310: Total time for which application threads were stopped: 0.0096200 seconds, Stopping threads took: 0.0094450 seconds
2015-11-12T00:58:12.560-0600: 401.488: Total time for which application threads were stopped: 0.0100890 seconds, Stopping threads took: 0.0098480 seconds
2015-11-12T00:58:12.592-0600: 401.520: Total time for which application threads were stopped: 0.0019270 seconds, Stopping threads took: 0.0018130 seconds
2015-11-12T00:58:12.603-0600: 401.530: Total time for which application threads were stopped: 0.0046500 seconds, Stopping threads took: 0.0045000 seconds
2015-11-12T00:58:12.780-0600: 401.708: Total time for which application threads were stopped: 0.0001730 seconds, Stopping threads took: 0.0000620 seconds
2015-11-12T00:58:12.780-0600: 401.708: Total time for which application threads were stopped: 0.0000990 seconds, Stopping threads took: 0.0000390 seconds
2015-11-12T00:58:12.782-0600: 401.710: Total time for which application threads were stopped: 0.0001540 seconds, Stopping threads took: 0.0000490 seconds
2015-11-12T00:58:12.782-0600: 401.710: Total time for which application threads were stopped: 0.0001010 seconds, Stopping threads took: 0.0000360 seconds
2015-11-12T00:58:12.783-0600: 401.711: Total time for which application threads were stopped: 0.0001920 seconds, Stopping threads took: 0.0001010 seconds
2015-11-12T00:58:12.784-0600: 401.712: Total time for which application threads were stopped: 0.0001440 seconds, Stopping threads took: 0.0000480 seconds
2015-11-12T00:58:12.794-0600: 401.721: Total time for which application threads were stopped: 0.0001680 seconds, Stopping threads took: 0.0000620 seconds
{Heap before GC invocations=85 (full 0):
 par new generation   total 109248K, used 100877K [0x00000000d5a00000, 0x00000000dda00000, 0x00000000dda00000)
  eden space 87424K,  99% used [0x00000000d5a00000, 0x00000000daf5d950, 0x00000000daf60000)
  from space 21824K,  61% used [0x00000000dc4b0000, 0x00000000dd1d5b30, 0x00000000dda00000)
  to   space 21824K,   0% used [0x00000000daf60000, 0x00000000daf60000, 0x00000000dc4b0000)
 concurrent mark-sweep generation total 393216K, used 74344K [0x00000000dda00000, 0x00000000f5a00000, 0x00000000f5a00000)
 concurrent-mark-sweep perm gen total 35456K, used 35389K [0x00000000f5a00000, 0x00000000f7ca0000, 0x0000000100000000)
2015-11-12T00:58:13.262-0600: 402.190: [GC2015-11-12T00:58:13.262-0600: 402.190: [ParNew
Desired survivor size 20112992 bytes, new threshold 8 (max 8)
- age   1:    5122176 bytes,    5122176 total
- age   2:     597952 bytes,    5720128 total
- age   3:    1238072 bytes,    6958200 total
- age   4:    3865144 bytes,   10823344 total
- age   5:    1184552 bytes,   12007896 total
- age   6:     158312 bytes,   12166208 total
- age   7:      72856 bytes,   12239064 total
- age   8:      84880 bytes,   12323944 total
: 100877K->15262K(109248K), 0.0243370 secs] 175221K->89694K(502464K), 0.0245420 secs] [Times: user=0.06 sys=0.00, real=0.03 secs] 
Heap after GC invocations=86 (full 0):
 par new generation   total 109248K, used 15262K [0x00000000d5a00000, 0x00000000dda00000, 0x00000000dda00000)
  eden space 87424K,   0% used [0x00000000d5a00000, 0x00000000d5a00000, 0x00000000daf60000)
  from space 21824K,  69% used [0x00000000daf60000, 0x00000000dbe47880, 0x00000000dc4b0000)
  to   space 21824K,   0% used [0x00000000dc4b0000, 0x00000000dc4b0000, 0x00000000dda00000)
 concurrent mark-sweep generation total 393216K, used 74432K [0x00000000dda00000, 0x00000000f5a00000, 0x00000000f5a00000)
 concurrent-mark-sweep perm gen total 35456K, used 35389K [0x00000000f5a00000, 0x00000000f7ca0000, 0x0000000100000000)
}
2015-11-12T00:58:13.287-0600: 402.215: Total time for which application threads were stopped: 0.0251380 seconds, Stopping threads took: 0.0000610 seconds
2015-11-12T00:58:13.393-0600: 402.320: Total time for which application threads were stopped: 0.0002230 seconds, Stopping threads took: 0.0000980 seconds
2015-11-12T00:58:14.251-0600: 403.179: Total time for which application threads were stopped: 0.0128630 seconds, Stopping threads took: 0.0124360 seconds
2015-11-12T00:58:14.749-0600: 403.677: Total time for which application threads were stopped: 0.0003250 seconds, Stopping threads took: 0.0001430 seconds
2015-11-12T00:58:14.760-0600: 403.687: Total time for which application threads were stopped: 0.0016990 seconds, Stopping threads took: 0.0014470 seconds
2015-11-12T00:58:14.812-0600: 403.740: Total time for which application threads were stopped: 0.0113170 seconds, Stopping threads took: 0.0111620 seconds
{Heap before GC invocations=86 (full 0):
 par new generation   total 109248K, used 102679K [0x00000000d5a00000, 0x00000000dda00000, 0x00000000dda00000)
  eden space 87424K,  99% used [0x00000000d5a00000, 0x00000000daf5e610, 0x00000000daf60000)
  from space 21824K,  69% used [0x00000000daf60000, 0x00000000dbe47880, 0x00000000dc4b0000)
  to   space 21824K,   0% used [0x00000000dc4b0000, 0x00000000dc4b0000, 0x00000000dda00000)
 concurrent mark-sweep generation total 393216K, used 74432K [0x00000000dda00000, 0x00000000f5a00000, 0x00000000f5a00000)
 concurrent-mark-sweep perm gen total 35456K, used 35413K [0x00000000f5a00000, 0x00000000f7ca0000, 0x0000000100000000)
2015-11-12T00:58:15.111-0600: 404.038: [GC2015-11-12T00:58:15.111-0600: 404.039: [ParNew
Desired survivor size 20112992 bytes, new threshold 8 (max 8)
- age   1:    3858328 bytes,    3858328 total
- age   2:    2850744 bytes,    6709072 total
- age   3:     543584 bytes,    7252656 total
- age   4:    1235296 bytes,    8487952 total
- age   5:    3864728 bytes,   12352680 total
- age   6:    1184552 bytes,   13537232 total
- age   7:     158312 bytes,   13695544 total
- age   8:      72856 bytes,   13768400 total
: 102679K->18021K(109248K), 0.0539830 secs] 177112K->92539K(502464K), 0.0542850 secs] [Times: user=0.11 sys=0.00, real=0.05 secs] 
Heap after GC invocations=87 (full 0):
 par new generation   total 109248K, used 18021K [0x00000000d5a00000, 0x00000000dda00000, 0x00000000dda00000)
  eden space 87424K,   0% used [0x00000000d5a00000, 0x00000000d5a00000, 0x00000000daf60000)
  from space 21824K,  82% used [0x00000000dc4b0000, 0x00000000dd649788, 0x00000000dda00000)
  to   space 21824K,   0% used [0x00000000daf60000, 0x00000000daf60000, 0x00000000dc4b0000)
 concurrent mark-sweep generation total 393216K, used 74517K [0x00000000dda00000, 0x00000000f5a00000, 0x00000000f5a00000)
 concurrent-mark-sweep perm gen total 35456K, used 35413K [0x00000000f5a00000, 0x00000000f7ca0000, 0x0000000100000000)
}
2015-11-12T00:58:15.165-0600: 404.093: Total time for which application threads were stopped: 0.0669530 seconds, Stopping threads took: 0.0123750 seconds
2015-11-12T00:58:15.174-0600: 404.102: Total time for which application threads were stopped: 0.0014480 seconds, Stopping threads took: 0.0010140 seconds
2015-11-12T00:58:15.335-0600: 404.263: Total time for which application threads were stopped: 0.0026210 seconds, Stopping threads took: 0.0023450 seconds
2015-11-12T00:58:15.398-0600: 404.326: Total time for which application threads were stopped: 0.0065630 seconds, Stopping threads took: 0.0064290 seconds
2015-11-12T00:58:15.529-0600: 404.457: Total time for which application threads were stopped: 0.0002800 seconds, Stopping threads took: 0.0001050 seconds
2015-11-12T00:58:16.026-0600: 404.954: Total time for which application threads were stopped: 0.0039810 seconds, Stopping threads took: 0.0036180 seconds
2015-11-12T00:58:16.310-0600: 405.238: Total time for which application threads were stopped: 0.0003880 seconds, Stopping threads took: 0.0000950 seconds
2015-11-12T00:58:16.545-0600: 405.473: Total time for which application threads were stopped: 0.0002340 seconds, Stopping threads took: 0.0000360 seconds
2015-11-12T00:58:16.572-0600: 405.499: Total time for which application threads were stopped: 0.0109930 seconds, Stopping threads took: 0.0101330 seconds
2015-11-12T00:58:16.573-0600: 405.501: Total time for which application threads were stopped: 0.0012690 seconds, Stopping threads took: 0.0011430 seconds
2015-11-12T00:58:16.894-0600: 405.821: Total time for which application threads were stopped: 0.0003370 seconds, Stopping threads took: 0.0001330 seconds
{Heap before GC invocations=87 (full 0):
 par new generation   total 109248K, used 105445K [0x00000000d5a00000, 0x00000000dda00000, 0x00000000dda00000)
  eden space 87424K, 100% used [0x00000000d5a00000, 0x00000000daf60000, 0x00000000daf60000)
  from space 21824K,  82% used [0x00000000dc4b0000, 0x00000000dd649788, 0x00000000dda00000)
  to   space 21824K,   0% used [0x00000000daf60000, 0x00000000daf60000, 0x00000000dc4b0000)
 concurrent mark-sweep generation total 393216K, used 74517K [0x00000000dda00000, 0x00000000f5a00000, 0x00000000f5a00000)
 concurrent-mark-sweep perm gen total 35648K, used 35475K [0x00000000f5a00000, 0x00000000f7cd0000, 0x0000000100000000)
2015-11-12T00:58:16.903-0600: 405.831: [GC2015-11-12T00:58:16.903-0600: 405.831: [ParNew
Desired survivor size 20112992 bytes, new threshold 8 (max 8)
- age   1:    4620784 bytes,    4620784 total
- age   2:    1898240 bytes,    6519024 total
- age   3:    1807384 bytes,    8326408 total
- age   4:     528352 bytes,    8854760 total
- age   5:    1213632 bytes,   10068392 total
- age   6:    3863184 bytes,   13931576 total
- age   7:    1184552 bytes,   15116128 total
- age   8:     158312 bytes,   15274440 total
: 105445K->19041K(109248K), 0.0578100 secs] 179963K->93631K(502464K), 0.0580120 secs] [Times: user=0.10 sys=0.00, real=0.06 secs] 
Heap after GC invocations=88 (full 0):
 par new generation   total 109248K, used 19041K [0x00000000d5a00000, 0x00000000dda00000, 0x00000000dda00000)
  eden space 87424K,   0% used [0x00000000d5a00000, 0x00000000d5a00000, 0x00000000daf60000)
  from space 21824K,  87% used [0x00000000daf60000, 0x00000000dc1f86e0, 0x00000000dc4b0000)
  to   space 21824K,   0% used [0x00000000dc4b0000, 0x00000000dc4b0000, 0x00000000dda00000)
 concurrent mark-sweep generation total 393216K, used 74590K [0x00000000dda00000, 0x00000000f5a00000, 0x00000000f5a00000)
 concurrent-mark-sweep perm gen total 35648K, used 35475K [0x00000000f5a00000, 0x00000000f7cd0000, 0x0000000100000000)
}
2015-11-12T00:58:16.961-0600: 405.889: Total time for which application threads were stopped: 0.0600820 seconds, Stopping threads took: 0.0017640 seconds
2015-11-12T00:58:17.033-0600: 405.961: Total time for which application threads were stopped: 0.0001810 seconds, Stopping threads took: 0.0000700 seconds
2015-11-12T00:58:17.149-0600: 406.077: Total time for which application threads were stopped: 0.0031710 seconds, Stopping threads took: 0.0028930 seconds
2015-11-12T00:58:17.153-0600: 406.081: Total time for which application threads were stopped: 0.0003010 seconds, Stopping threads took: 0.0001050 seconds
2015-11-12T00:58:17.154-0600: 406.081: Total time for which application threads were stopped: 0.0004900 seconds, Stopping threads took: 0.0000820 seconds
2015-11-12T00:58:17.272-0600: 406.200: Total time for which application threads were stopped: 0.0001810 seconds, Stopping threads took: 0.0000600 seconds
2015-11-12T00:58:17.272-0600: 406.200: Total time for which application threads were stopped: 0.0001060 seconds, Stopping threads took: 0.0000280 seconds
2015-11-12T00:58:17.272-0600: 406.200: Total time for which application threads were stopped: 0.0000970 seconds, Stopping threads took: 0.0000320 seconds
2015-11-12T00:58:18.273-0600: 407.201: Total time for which application threads were stopped: 0.0002990 seconds, Stopping threads took: 0.0000370 seconds
2015-11-12T00:58:19.728-0600: 408.655: Total time for which application threads were stopped: 0.0002790 seconds, Stopping threads took: 0.0000450 seconds
2015-11-12T00:58:19.739-0600: 408.666: Total time for which application threads were stopped: 0.0001490 seconds, Stopping threads took: 0.0000600 seconds
2015-11-12T00:58:19.741-0600: 408.669: Total time for which application threads were stopped: 0.0001450 seconds, Stopping threads took: 0.0000320 seconds
{Heap before GC invocations=88 (full 0):
 par new generation   total 109248K, used 106465K [0x00000000d5a00000, 0x00000000dda00000, 0x00000000dda00000)
  eden space 87424K, 100% used [0x00000000d5a00000, 0x00000000daf60000, 0x00000000daf60000)
  from space 21824K,  87% used [0x00000000daf60000, 0x00000000dc1f86e0, 0x00000000dc4b0000)
  to   space 21824K,   0% used [0x00000000dc4b0000, 0x00000000dc4b0000, 0x00000000dda00000)
 concurrent mark-sweep generation total 393216K, used 74590K [0x00000000dda00000, 0x00000000f5a00000, 0x00000000f5a00000)
 concurrent-mark-sweep perm gen total 35648K, used 35494K [0x00000000f5a00000, 0x00000000f7cd0000, 0x0000000100000000)
2015-11-12T00:58:20.535-0600: 409.463: [GC2015-11-12T00:58:20.535-0600: 409.463: [ParNew
Desired survivor size 20112992 bytes, new threshold 8 (max 8)
- age   1:    4714560 bytes,    4714560 total
- age   2:    2286352 bytes,    7000912 total
- age   3:    1457168 bytes,    8458080 total
- age   4:    1741856 bytes,   10199936 total
- age   5:     221912 bytes,   10421848 total
- age   6:     928984 bytes,   11350832 total
- age   7:    3727848 bytes,   15078680 total
- age   8:    1184552 bytes,   16263232 total
: 106465K->21824K(109248K), 0.0111010 secs] 181055K->96571K(502464K), 0.0112750 secs] [Times: user=0.03 sys=0.00, real=0.01 secs] 
