OpenJDK 64-Bit Server VM (24.85-b03) for linux-amd64 JRE (1.7.0_85-b01), built on Oct 22 2015 06:46:50 by "buildd" with gcc 4.8.2
Memory: 4k page, physical 3972464k(1331360k free), swap 1048572k(1048572k free)
CommandLine flags: -XX:CMSFullGCsBeforeCompaction=1 -XX:CMSInitiatingOccupancyFraction=50 -XX:CMSMaxAbortablePrecleanTime=6000 -XX:+CMSParallelRemarkEnabled -XX:+CMSScavengeBeforeRemark -XX:CMSTriggerPermRatio=80 -XX:ConcGCThreads=4 -XX:InitialHeapSize=536870912 -XX:MaxHeapSize=536870912 -XX:MaxTenuringThreshold=8 -XX:NewRatio=3 -XX:OldPLABSize=16 -XX:ParallelGCThreads=4 -XX:+ParallelRefProcEnabled -XX:PretenureSizeThreshold=67108864 -XX:+PrintGC -XX:+PrintGCApplicationStoppedTime -XX:+PrintGCDateStamps -XX:+PrintGCDetails -XX:+PrintGCTimeStamps -XX:+PrintHeapAtGC -XX:+PrintTenuringDistribution -XX:SurvivorRatio=4 -XX:TargetSurvivorRatio=90 -XX:ThreadStackSize=256 -XX:+UseCMSInitiatingOccupancyOnly -XX:+UseCompressedOops -XX:+UseConcMarkSweepGC -XX:+UseParNewGC 
2015-11-12T14:01:55.184-0600: 1.031: Total time for which application threads were stopped: 0.0001420 seconds, Stopping threads took: 0.0000280 seconds
{Heap before GC invocations=0 (full 0):
 par new generation   total 109248K, used 87424K [0x00000000d5a00000, 0x00000000dda00000, 0x00000000dda00000)
  eden space 87424K, 100% used [0x00000000d5a00000, 0x00000000daf60000, 0x00000000daf60000)
  from space 21824K,   0% used [0x00000000daf60000, 0x00000000daf60000, 0x00000000dc4b0000)
  to   space 21824K,   0% used [0x00000000dc4b0000, 0x00000000dc4b0000, 0x00000000dda00000)
 concurrent mark-sweep generation total 393216K, used 0K [0x00000000dda00000, 0x00000000f5a00000, 0x00000000f5a00000)
 concurrent-mark-sweep perm gen total 21248K, used 10288K [0x00000000f5a00000, 0x00000000f6ec0000, 0x0000000100000000)
2015-11-12T14:01:55.237-0600: 1.084: [GC2015-11-12T14:01:55.237-0600: 1.084: [ParNew
Desired survivor size 20112992 bytes, new threshold 8 (max 8)
- age   1:    5156456 bytes,    5156456 total
: 87424K->5091K(109248K), 0.0133690 secs] 87424K->5091K(502464K), 0.0135360 secs] [Times: user=0.03 sys=0.01, real=0.02 secs] 
Heap after GC invocations=1 (full 0):
 par new generation   total 109248K, used 5091K [0x00000000d5a00000, 0x00000000dda00000, 0x00000000dda00000)
  eden space 87424K,   0% used [0x00000000d5a00000, 0x00000000d5a00000, 0x00000000daf60000)
  from space 21824K,  23% used [0x00000000dc4b0000, 0x00000000dc9a8c50, 0x00000000dda00000)
  to   space 21824K,   0% used [0x00000000daf60000, 0x00000000daf60000, 0x00000000dc4b0000)
 concurrent mark-sweep generation total 393216K, used 0K [0x00000000dda00000, 0x00000000f5a00000, 0x00000000f5a00000)
 concurrent-mark-sweep perm gen total 21248K, used 10288K [0x00000000f5a00000, 0x00000000f6ec0000, 0x0000000100000000)
}
2015-11-12T14:01:55.251-0600: 1.097: Total time for which application threads were stopped: 0.0137390 seconds, Stopping threads took: 0.0000260 seconds
2015-11-12T14:01:55.889-0600: 1.735: Total time for which application threads were stopped: 0.0001780 seconds, Stopping threads took: 0.0000290 seconds
2015-11-12T14:01:56.111-0600: 1.957: Total time for which application threads were stopped: 0.0001460 seconds, Stopping threads took: 0.0000270 seconds
2015-11-12T14:01:57.550-0600: 3.396: Total time for which application threads were stopped: 0.0002030 seconds, Stopping threads took: 0.0000330 seconds
2015-11-12T14:01:58.236-0600: 4.082: Total time for which application threads were stopped: 0.0009220 seconds, Stopping threads took: 0.0000730 seconds
2015-11-12T14:01:59.386-0600: 5.232: Total time for which application threads were stopped: 0.0000930 seconds, Stopping threads took: 0.0000190 seconds
2015-11-12T14:01:59.390-0600: 5.237: Total time for which application threads were stopped: 0.0000610 seconds, Stopping threads took: 0.0000310 seconds
2015-11-12T14:01:59.438-0600: 5.284: Total time for which application threads were stopped: 0.0000850 seconds, Stopping threads took: 0.0000310 seconds
2015-11-12T14:01:59.513-0600: 5.360: Total time for which application threads were stopped: 0.0001950 seconds, Stopping threads took: 0.0000750 seconds
2015-11-12T14:01:59.514-0600: 5.361: Total time for which application threads were stopped: 0.0001040 seconds, Stopping threads took: 0.0000590 seconds
2015-11-12T14:01:59.514-0600: 5.361: Total time for which application threads were stopped: 0.0000930 seconds, Stopping threads took: 0.0000320 seconds
2015-11-12T14:01:59.514-0600: 5.361: Total time for which application threads were stopped: 0.0000750 seconds, Stopping threads took: 0.0000430 seconds
2015-11-12T14:01:59.514-0600: 5.361: Total time for which application threads were stopped: 0.0000550 seconds, Stopping threads took: 0.0000280 seconds
2015-11-12T14:01:59.515-0600: 5.361: Total time for which application threads were stopped: 0.0000400 seconds, Stopping threads took: 0.0000130 seconds
2015-11-12T14:01:59.517-0600: 5.363: Total time for which application threads were stopped: 0.0004650 seconds, Stopping threads took: 0.0004080 seconds
2015-11-12T14:01:59.517-0600: 5.363: Total time for which application threads were stopped: 0.0000890 seconds, Stopping threads took: 0.0000500 seconds
2015-11-12T14:01:59.517-0600: 5.363: Total time for which application threads were stopped: 0.0000610 seconds, Stopping threads took: 0.0000330 seconds
2015-11-12T14:01:59.517-0600: 5.363: Total time for which application threads were stopped: 0.0000550 seconds, Stopping threads took: 0.0000290 seconds
2015-11-12T14:01:59.517-0600: 5.364: Total time for which application threads were stopped: 0.0000510 seconds, Stopping threads took: 0.0000280 seconds
2015-11-12T14:01:59.551-0600: 5.397: Total time for which application threads were stopped: 0.0000790 seconds, Stopping threads took: 0.0000320 seconds
2015-11-12T14:01:59.551-0600: 5.398: Total time for which application threads were stopped: 0.0000640 seconds, Stopping threads took: 0.0000240 seconds
2015-11-12T14:01:59.581-0600: 5.427: Total time for which application threads were stopped: 0.0000640 seconds, Stopping threads took: 0.0000290 seconds
2015-11-12T14:01:59.584-0600: 5.431: Total time for which application threads were stopped: 0.0000810 seconds, Stopping threads took: 0.0000340 seconds
2015-11-12T14:02:01.157-0600: 7.003: Total time for which application threads were stopped: 0.0001380 seconds, Stopping threads took: 0.0000300 seconds
2015-11-12T14:02:01.157-0600: 7.003: Total time for which application threads were stopped: 0.0000510 seconds, Stopping threads took: 0.0000190 seconds
2015-11-12T14:02:01.159-0600: 7.006: Total time for which application threads were stopped: 0.0000740 seconds, Stopping threads took: 0.0000270 seconds
2015-11-12T14:02:01.159-0600: 7.006: Total time for which application threads were stopped: 0.0000360 seconds, Stopping threads took: 0.0000120 seconds
2015-11-12T14:02:01.195-0600: 7.041: Total time for which application threads were stopped: 0.0007410 seconds, Stopping threads took: 0.0006980 seconds
2015-11-12T14:02:01.203-0600: 7.049: Total time for which application threads were stopped: 0.0004770 seconds, Stopping threads took: 0.0004300 seconds
2015-11-12T14:02:01.207-0600: 7.053: Total time for which application threads were stopped: 0.0001280 seconds, Stopping threads took: 0.0000680 seconds
2015-11-12T14:02:01.245-0600: 7.091: Total time for which application threads were stopped: 0.0008320 seconds, Stopping threads took: 0.0002090 seconds
{Heap before GC invocations=1 (full 0):
 par new generation   total 109248K, used 92515K [0x00000000d5a00000, 0x00000000dda00000, 0x00000000dda00000)
  eden space 87424K, 100% used [0x00000000d5a00000, 0x00000000daf60000, 0x00000000daf60000)
  from space 21824K,  23% used [0x00000000dc4b0000, 0x00000000dc9a8c50, 0x00000000dda00000)
  to   space 21824K,   0% used [0x00000000daf60000, 0x00000000daf60000, 0x00000000dc4b0000)
 concurrent mark-sweep generation total 393216K, used 0K [0x00000000dda00000, 0x00000000f5a00000, 0x00000000f5a00000)
 concurrent-mark-sweep perm gen total 21632K, used 21561K [0x00000000f5a00000, 0x00000000f6f20000, 0x0000000100000000)
2015-11-12T14:02:02.311-0600: 8.158: [GC2015-11-12T14:02:02.311-0600: 8.158: [ParNew
Desired survivor size 20112992 bytes, new threshold 8 (max 8)
- age   1:   10136120 bytes,   10136120 total
- age   2:    2126656 bytes,   12262776 total
: 92515K->12989K(109248K), 0.0608990 secs] 92515K->12989K(502464K), 0.0611290 secs] [Times: user=0.08 sys=0.00, real=0.06 secs] 
Heap after GC invocations=2 (full 0):
 par new generation   total 109248K, used 12989K [0x00000000d5a00000, 0x00000000dda00000, 0x00000000dda00000)
  eden space 87424K,   0% used [0x00000000d5a00000, 0x00000000d5a00000, 0x00000000daf60000)
  from space 21824K,  59% used [0x00000000daf60000, 0x00000000dbc0f610, 0x00000000dc4b0000)
  to   space 21824K,   0% used [0x00000000dc4b0000, 0x00000000dc4b0000, 0x00000000dda00000)
 concurrent mark-sweep generation total 393216K, used 0K [0x00000000dda00000, 0x00000000f5a00000, 0x00000000f5a00000)
 concurrent-mark-sweep perm gen total 21632K, used 21561K [0x00000000f5a00000, 0x00000000f6f20000, 0x0000000100000000)
}
2015-11-12T14:02:02.372-0600: 8.219: Total time for which application threads were stopped: 0.0615270 seconds, Stopping threads took: 0.0000980 seconds
2015-11-12T14:02:02.389-0600: 8.236: Total time for which application threads were stopped: 0.0034690 seconds, Stopping threads took: 0.0034170 seconds
2015-11-12T14:02:02.392-0600: 8.239: Total time for which application threads were stopped: 0.0000980 seconds, Stopping threads took: 0.0000560 seconds
2015-11-12T14:02:02.392-0600: 8.239: Total time for which application threads were stopped: 0.0000350 seconds, Stopping threads took: 0.0000120 seconds
2015-11-12T14:02:02.392-0600: 8.239: Total time for which application threads were stopped: 0.0000290 seconds, Stopping threads took: 0.0000100 seconds
2015-11-12T14:02:02.392-0600: 8.239: Total time for which application threads were stopped: 0.0000310 seconds, Stopping threads took: 0.0000110 seconds
2015-11-12T14:02:02.392-0600: 8.239: Total time for which application threads were stopped: 0.0000330 seconds, Stopping threads took: 0.0000140 seconds
2015-11-12T14:02:02.393-0600: 8.239: Total time for which application threads were stopped: 0.0000290 seconds, Stopping threads took: 0.0000090 seconds
2015-11-12T14:02:02.393-0600: 8.239: Total time for which application threads were stopped: 0.0000280 seconds, Stopping threads took: 0.0000100 seconds
2015-11-12T14:02:02.393-0600: 8.239: Total time for which application threads were stopped: 0.0000290 seconds, Stopping threads took: 0.0000090 seconds
2015-11-12T14:02:02.393-0600: 8.239: Total time for which application threads were stopped: 0.0000280 seconds, Stopping threads took: 0.0000090 seconds
2015-11-12T14:02:02.393-0600: 8.239: Total time for which application threads were stopped: 0.0000270 seconds, Stopping threads took: 0.0000080 seconds
2015-11-12T14:02:02.393-0600: 8.239: Total time for which application threads were stopped: 0.0000270 seconds, Stopping threads took: 0.0000090 seconds
2015-11-12T14:02:02.393-0600: 8.239: Total time for which application threads were stopped: 0.0000270 seconds, Stopping threads took: 0.0000090 seconds
2015-11-12T14:02:02.393-0600: 8.239: Total time for which application threads were stopped: 0.0000280 seconds, Stopping threads took: 0.0000090 seconds
2015-11-12T14:02:02.393-0600: 8.240: Total time for which application threads were stopped: 0.0000270 seconds, Stopping threads took: 0.0000090 seconds
2015-11-12T14:02:02.393-0600: 8.240: Total time for which application threads were stopped: 0.0000260 seconds, Stopping threads took: 0.0000080 seconds
2015-11-12T14:02:02.393-0600: 8.240: Total time for which application threads were stopped: 0.0000280 seconds, Stopping threads took: 0.0000100 seconds
2015-11-12T14:02:02.393-0600: 8.240: Total time for which application threads were stopped: 0.0000260 seconds, Stopping threads took: 0.0000080 seconds
2015-11-12T14:02:02.393-0600: 8.240: Total time for which application threads were stopped: 0.0000260 seconds, Stopping threads took: 0.0000090 seconds
2015-11-12T14:02:02.393-0600: 8.240: Total time for which application threads were stopped: 0.0001830 seconds, Stopping threads took: 0.0000100 seconds
2015-11-12T14:02:02.394-0600: 8.241: Total time for which application threads were stopped: 0.0000620 seconds, Stopping threads took: 0.0000130 seconds
2015-11-12T14:02:02.399-0600: 8.245: Total time for which application threads were stopped: 0.0001750 seconds, Stopping threads took: 0.0000460 seconds
2015-11-12T14:02:02.418-0600: 8.265: Total time for which application threads were stopped: 0.0075930 seconds, Stopping threads took: 0.0074610 seconds
2015-11-12T14:02:02.430-0600: 8.277: Total time for which application threads were stopped: 0.0003370 seconds, Stopping threads took: 0.0002550 seconds
2015-11-12T14:02:02.590-0600: 8.437: Total time for which application threads were stopped: 0.0002510 seconds, Stopping threads took: 0.0000480 seconds
2015-11-12T14:02:02.605-0600: 8.451: Total time for which application threads were stopped: 0.0065050 seconds, Stopping threads took: 0.0064250 seconds
2015-11-12T14:02:02.758-0600: 8.604: Total time for which application threads were stopped: 0.0077560 seconds, Stopping threads took: 0.0075630 seconds
2015-11-12T14:02:03.519-0600: 9.365: Total time for which application threads were stopped: 0.0090820 seconds, Stopping threads took: 0.0087100 seconds
2015-11-12T14:02:03.553-0600: 9.400: Total time for which application threads were stopped: 0.0060310 seconds, Stopping threads took: 0.0059400 seconds
2015-11-12T14:02:04.083-0600: 9.929: Total time for which application threads were stopped: 0.0004500 seconds, Stopping threads took: 0.0002370 seconds
2015-11-12T14:02:04.116-0600: 9.962: Total time for which application threads were stopped: 0.0001430 seconds, Stopping threads took: 0.0000550 seconds
{Heap before GC invocations=2 (full 0):
 par new generation   total 109248K, used 100413K [0x00000000d5a00000, 0x00000000dda00000, 0x00000000dda00000)
  eden space 87424K, 100% used [0x00000000d5a00000, 0x00000000daf60000, 0x00000000daf60000)
  from space 21824K,  59% used [0x00000000daf60000, 0x00000000dbc0f610, 0x00000000dc4b0000)
  to   space 21824K,   0% used [0x00000000dc4b0000, 0x00000000dc4b0000, 0x00000000dda00000)
 concurrent mark-sweep generation total 393216K, used 0K [0x00000000dda00000, 0x00000000f5a00000, 0x00000000f5a00000)
 concurrent-mark-sweep perm gen total 22592K, used 22490K [0x00000000f5a00000, 0x00000000f7010000, 0x0000000100000000)
2015-11-12T14:02:04.583-0600: 10.430: [GC2015-11-12T14:02:04.584-0600: 10.430: [ParNew
Desired survivor size 20112992 bytes, new threshold 8 (max 8)
- age   1:    3935552 bytes,    3935552 total
- age   2:    3310936 bytes,    7246488 total
- age   3:    2120048 bytes,    9366536 total
: 100413K->16956K(109248K), 0.0972620 secs] 100413K->16956K(502464K), 0.0974560 secs] [Times: user=0.12 sys=0.00, real=0.09 secs] 
Heap after GC invocations=3 (full 0):
 par new generation   total 109248K, used 16956K [0x00000000d5a00000, 0x00000000dda00000, 0x00000000dda00000)
  eden space 87424K,   0% used [0x00000000d5a00000, 0x00000000d5a00000, 0x00000000daf60000)
  from space 21824K,  77% used [0x00000000dc4b0000, 0x00000000dd53f1a0, 0x00000000dda00000)
  to   space 21824K,   0% used [0x00000000daf60000, 0x00000000daf60000, 0x00000000dc4b0000)
 concurrent mark-sweep generation total 393216K, used 0K [0x00000000dda00000, 0x00000000f5a00000, 0x00000000f5a00000)
 concurrent-mark-sweep perm gen total 22592K, used 22490K [0x00000000f5a00000, 0x00000000f7010000, 0x0000000100000000)
}
2015-11-12T14:02:04.681-0600: 10.528: Total time for which application threads were stopped: 0.0979760 seconds, Stopping threads took: 0.0001440 seconds
2015-11-12T14:02:04.683-0600: 10.530: Total time for which application threads were stopped: 0.0002600 seconds, Stopping threads took: 0.0002030 seconds
2015-11-12T14:02:04.685-0600: 10.532: Total time for which application threads were stopped: 0.0000800 seconds, Stopping threads took: 0.0000330 seconds
2015-11-12T14:02:04.694-0600: 10.541: Total time for which application threads were stopped: 0.0080200 seconds, Stopping threads took: 0.0079570 seconds
2015-11-12T14:02:04.694-0600: 10.541: Total time for which application threads were stopped: 0.0000460 seconds, Stopping threads took: 0.0000210 seconds
2015-11-12T14:02:04.694-0600: 10.541: Total time for which application threads were stopped: 0.0000360 seconds, Stopping threads took: 0.0000120 seconds
2015-11-12T14:02:04.695-0600: 10.541: Total time for which application threads were stopped: 0.0000350 seconds, Stopping threads took: 0.0000110 seconds
2015-11-12T14:02:04.695-0600: 10.541: Total time for which application threads were stopped: 0.0000340 seconds, Stopping threads took: 0.0000110 seconds
2015-11-12T14:02:04.695-0600: 10.541: Total time for which application threads were stopped: 0.0000330 seconds, Stopping threads took: 0.0000110 seconds
2015-11-12T14:02:04.695-0600: 10.541: Total time for which application threads were stopped: 0.0000340 seconds, Stopping threads took: 0.0000110 seconds
2015-11-12T14:02:04.695-0600: 10.541: Total time for which application threads were stopped: 0.0000330 seconds, Stopping threads took: 0.0000110 seconds
2015-11-12T14:02:04.695-0600: 10.541: Total time for which application threads were stopped: 0.0000310 seconds, Stopping threads took: 0.0000100 seconds
2015-11-12T14:02:04.695-0600: 10.542: Total time for which application threads were stopped: 0.0000330 seconds, Stopping threads took: 0.0000110 seconds
2015-11-12T14:02:04.695-0600: 10.542: Total time for which application threads were stopped: 0.0000320 seconds, Stopping threads took: 0.0000110 seconds
2015-11-12T14:02:04.695-0600: 10.542: Total time for which application threads were stopped: 0.0000320 seconds, Stopping threads took: 0.0000110 seconds
2015-11-12T14:02:04.695-0600: 10.542: Total time for which application threads were stopped: 0.0000330 seconds, Stopping threads took: 0.0000110 seconds
2015-11-12T14:02:04.695-0600: 10.542: Total time for which application threads were stopped: 0.0000320 seconds, Stopping threads took: 0.0000100 seconds
2015-11-12T14:02:04.695-0600: 10.542: Total time for which application threads were stopped: 0.0000330 seconds, Stopping threads took: 0.0000110 seconds
2015-11-12T14:02:04.695-0600: 10.542: Total time for which application threads were stopped: 0.0000330 seconds, Stopping threads took: 0.0000110 seconds
2015-11-12T14:02:04.696-0600: 10.542: Total time for which application threads were stopped: 0.0000330 seconds, Stopping threads took: 0.0000110 seconds
2015-11-12T14:02:04.696-0600: 10.543: Total time for which application threads were stopped: 0.0003410 seconds, Stopping threads took: 0.0000130 seconds
2015-11-12T14:02:04.697-0600: 10.544: Total time for which application threads were stopped: 0.0000990 seconds, Stopping threads took: 0.0000210 seconds
2015-11-12T14:02:04.698-0600: 10.544: Total time for which application threads were stopped: 0.0000930 seconds, Stopping threads took: 0.0000170 seconds
2015-11-12T14:02:04.770-0600: 10.617: Total time for which application threads were stopped: 0.0241100 seconds, Stopping threads took: 0.0240040 seconds
2015-11-12T14:02:04.773-0600: 10.620: Total time for which application threads were stopped: 0.0001170 seconds, Stopping threads took: 0.0000360 seconds
2015-11-12T14:02:04.775-0600: 10.621: Total time for which application threads were stopped: 0.0001370 seconds, Stopping threads took: 0.0000540 seconds
2015-11-12T14:02:04.778-0600: 10.625: Total time for which application threads were stopped: 0.0020260 seconds, Stopping threads took: 0.0019350 seconds
2015-11-12T14:02:04.779-0600: 10.625: Total time for which application threads were stopped: 0.0001040 seconds, Stopping threads took: 0.0000420 seconds
2015-11-12T14:02:04.781-0600: 10.628: Total time for which application threads were stopped: 0.0001060 seconds, Stopping threads took: 0.0000320 seconds
2015-11-12T14:02:04.842-0600: 10.689: Total time for which application threads were stopped: 0.0001580 seconds, Stopping threads took: 0.0000690 seconds
2015-11-12T14:02:04.920-0600: 10.767: Total time for which application threads were stopped: 0.0133940 seconds, Stopping threads took: 0.0132300 seconds
2015-11-12T14:02:04.935-0600: 10.781: Total time for which application threads were stopped: 0.0001170 seconds, Stopping threads took: 0.0000370 seconds
2015-11-12T14:02:04.935-0600: 10.782: Total time for which application threads were stopped: 0.0000780 seconds, Stopping threads took: 0.0000220 seconds
2015-11-12T14:02:04.936-0600: 10.782: Total time for which application threads were stopped: 0.0000610 seconds, Stopping threads took: 0.0000120 seconds
2015-11-12T14:02:04.937-0600: 10.784: Total time for which application threads were stopped: 0.0001390 seconds, Stopping threads took: 0.0000570 seconds
2015-11-12T14:02:04.938-0600: 10.784: Total time for which application threads were stopped: 0.0000800 seconds, Stopping threads took: 0.0000200 seconds
2015-11-12T14:02:04.938-0600: 10.784: Total time for which application threads were stopped: 0.0000640 seconds, Stopping threads took: 0.0000130 seconds
2015-11-12T14:02:04.939-0600: 10.785: Total time for which application threads were stopped: 0.0001180 seconds, Stopping threads took: 0.0000510 seconds
2015-11-12T14:02:04.939-0600: 10.786: Total time for which application threads were stopped: 0.0000730 seconds, Stopping threads took: 0.0000180 seconds
2015-11-12T14:02:04.939-0600: 10.786: Total time for which application threads were stopped: 0.0000590 seconds, Stopping threads took: 0.0000110 seconds
2015-11-12T14:02:04.940-0600: 10.786: Total time for which application threads were stopped: 0.0000880 seconds, Stopping threads took: 0.0000250 seconds
2015-11-12T14:02:04.948-0600: 10.794: Total time for which application threads were stopped: 0.0001470 seconds, Stopping threads took: 0.0000610 seconds
2015-11-12T14:02:04.965-0600: 10.811: Total time for which application threads were stopped: 0.0001430 seconds, Stopping threads took: 0.0000370 seconds
2015-11-12T14:02:04.968-0600: 10.815: Total time for which application threads were stopped: 0.0004990 seconds, Stopping threads took: 0.0004070 seconds
2015-11-12T14:02:04.969-0600: 10.815: Total time for which application threads were stopped: 0.0004270 seconds, Stopping threads took: 0.0003600 seconds
2015-11-12T14:02:04.969-0600: 10.816: Total time for which application threads were stopped: 0.0002640 seconds, Stopping threads took: 0.0001820 seconds
2015-11-12T14:02:04.972-0600: 10.819: Total time for which application threads were stopped: 0.0003320 seconds, Stopping threads took: 0.0001210 seconds
2015-11-12T14:02:04.993-0600: 10.839: Total time for which application threads were stopped: 0.0065440 seconds, Stopping threads took: 0.0064430 seconds
{Heap before GC invocations=3 (full 0):
 par new generation   total 109248K, used 104380K [0x00000000d5a00000, 0x00000000dda00000, 0x00000000dda00000)
  eden space 87424K, 100% used [0x00000000d5a00000, 0x00000000daf60000, 0x00000000daf60000)
  from space 21824K,  77% used [0x00000000dc4b0000, 0x00000000dd53f1a0, 0x00000000dda00000)
  to   space 21824K,   0% used [0x00000000daf60000, 0x00000000daf60000, 0x00000000dc4b0000)
 concurrent mark-sweep generation total 393216K, used 0K [0x00000000dda00000, 0x00000000f5a00000, 0x00000000f5a00000)
 concurrent-mark-sweep perm gen total 22976K, used 22859K [0x00000000f5a00000, 0x00000000f7070000, 0x0000000100000000)
2015-11-12T14:02:05.452-0600: 11.299: [GC2015-11-12T14:02:05.452-0600: 11.299: [ParNew
Desired survivor size 20112992 bytes, new threshold 8 (max 8)
- age   1:     981088 bytes,     981088 total
- age   2:    2899040 bytes,    3880128 total
- age   3:    3310176 bytes,    7190304 total
- age   4:    2120048 bytes,    9310352 total
: 104380K->11377K(109248K), 0.0680100 secs] 104380K->11377K(502464K), 0.0681570 secs] [Times: user=0.10 sys=0.01, real=0.06 secs] 
Heap after GC invocations=4 (full 0):
 par new generation   total 109248K, used 11377K [0x00000000d5a00000, 0x00000000dda00000, 0x00000000dda00000)
  eden space 87424K,   0% used [0x00000000d5a00000, 0x00000000d5a00000, 0x00000000daf60000)
  from space 21824K,  52% used [0x00000000daf60000, 0x00000000dba7c778, 0x00000000dc4b0000)
  to   space 21824K,   0% used [0x00000000dc4b0000, 0x00000000dc4b0000, 0x00000000dda00000)
 concurrent mark-sweep generation total 393216K, used 0K [0x00000000dda00000, 0x00000000f5a00000, 0x00000000f5a00000)
 concurrent-mark-sweep perm gen total 22976K, used 22859K [0x00000000f5a00000, 0x00000000f7070000, 0x0000000100000000)
}
2015-11-12T14:02:05.521-0600: 11.367: Total time for which application threads were stopped: 0.0686870 seconds, Stopping threads took: 0.0000610 seconds
2015-11-12T14:02:05.523-0600: 11.369: Total time for which application threads were stopped: 0.0001390 seconds, Stopping threads took: 0.0000530 seconds
2015-11-12T14:02:05.523-0600: 11.370: Total time for which application threads were stopped: 0.0000990 seconds, Stopping threads took: 0.0000180 seconds
2015-11-12T14:02:05.939-0600: 11.786: Total time for which application threads were stopped: 0.0001880 seconds, Stopping threads took: 0.0000490 seconds
2015-11-12T14:02:05.958-0600: 11.805: Total time for which application threads were stopped: 0.0118920 seconds, Stopping threads took: 0.0116980 seconds
{Heap before GC invocations=4 (full 0):
 par new generation   total 109248K, used 98801K [0x00000000d5a00000, 0x00000000dda00000, 0x00000000dda00000)
  eden space 87424K, 100% used [0x00000000d5a00000, 0x00000000daf60000, 0x00000000daf60000)
  from space 21824K,  52% used [0x00000000daf60000, 0x00000000dba7c778, 0x00000000dc4b0000)
  to   space 21824K,   0% used [0x00000000dc4b0000, 0x00000000dc4b0000, 0x00000000dda00000)
 concurrent mark-sweep generation total 393216K, used 0K [0x00000000dda00000, 0x00000000f5a00000, 0x00000000f5a00000)
 concurrent-mark-sweep perm gen total 23744K, used 23660K [0x00000000f5a00000, 0x00000000f7130000, 0x0000000100000000)
2015-11-12T14:02:06.000-0600: 11.846: [GC2015-11-12T14:02:06.000-0600: 11.846: [ParNew
Desired survivor size 20112992 bytes, new threshold 8 (max 8)
- age   1:    1127176 bytes,    1127176 total
- age   2:     271096 bytes,    1398272 total
- age   3:    2879248 bytes,    4277520 total
- age   4:    3304872 bytes,    7582392 total
- age   5:    2120048 bytes,    9702440 total
: 98801K->13743K(109248K), 0.0536300 secs] 98801K->13743K(502464K), 0.0538700 secs] [Times: user=0.07 sys=0.00, real=0.06 secs] 
Heap after GC invocations=5 (full 0):
 par new generation   total 109248K, used 13743K [0x00000000d5a00000, 0x00000000dda00000, 0x00000000dda00000)
  eden space 87424K,   0% used [0x00000000d5a00000, 0x00000000d5a00000, 0x00000000daf60000)
  from space 21824K,  62% used [0x00000000dc4b0000, 0x00000000dd21be48, 0x00000000dda00000)
  to   space 21824K,   0% used [0x00000000daf60000, 0x00000000daf60000, 0x00000000dc4b0000)
 concurrent mark-sweep generation total 393216K, used 0K [0x00000000dda00000, 0x00000000f5a00000, 0x00000000f5a00000)
 concurrent-mark-sweep perm gen total 23744K, used 23660K [0x00000000f5a00000, 0x00000000f7130000, 0x0000000100000000)
}
2015-11-12T14:02:06.054-0600: 11.900: Total time for which application threads were stopped: 0.0541410 seconds, Stopping threads took: 0.0000320 seconds
{Heap before GC invocations=5 (full 0):
 par new generation   total 109248K, used 101167K [0x00000000d5a00000, 0x00000000dda00000, 0x00000000dda00000)
  eden space 87424K, 100% used [0x00000000d5a00000, 0x00000000daf60000, 0x00000000daf60000)
  from space 21824K,  62% used [0x00000000dc4b0000, 0x00000000dd21be48, 0x00000000dda00000)
  to   space 21824K,   0% used [0x00000000daf60000, 0x00000000daf60000, 0x00000000dc4b0000)
 concurrent mark-sweep generation total 393216K, used 0K [0x00000000dda00000, 0x00000000f5a00000, 0x00000000f5a00000)
 concurrent-mark-sweep perm gen total 23744K, used 23726K [0x00000000f5a00000, 0x00000000f7130000, 0x0000000100000000)
2015-11-12T14:02:06.554-0600: 12.401: [GC2015-11-12T14:02:06.554-0600: 12.401: [ParNew
Desired survivor size 20112992 bytes, new threshold 8 (max 8)
- age   1:     917320 bytes,     917320 total
- age   2:     161272 bytes,    1078592 total
- age   3:     270456 bytes,    1349048 total
- age   4:    2879248 bytes,    4228296 total
- age   5:    3304872 bytes,    7533168 total
- age   6:    2120048 bytes,    9653216 total
: 101167K->11033K(109248K), 0.0605900 secs] 101167K->11033K(502464K), 0.0608370 secs] [Times: user=0.07 sys=0.00, real=0.06 secs] 
Heap after GC invocations=6 (full 0):
 par new generation   total 109248K, used 11033K [0x00000000d5a00000, 0x00000000dda00000, 0x00000000dda00000)
  eden space 87424K,   0% used [0x00000000d5a00000, 0x00000000d5a00000, 0x00000000daf60000)
  from space 21824K,  50% used [0x00000000daf60000, 0x00000000dba26400, 0x00000000dc4b0000)
  to   space 21824K,   0% used [0x00000000dc4b0000, 0x00000000dc4b0000, 0x00000000dda00000)
 concurrent mark-sweep generation total 393216K, used 0K [0x00000000dda00000, 0x00000000f5a00000, 0x00000000f5a00000)
 concurrent-mark-sweep perm gen total 23744K, used 23726K [0x00000000f5a00000, 0x00000000f7130000, 0x0000000100000000)
}
2015-11-12T14:02:06.615-0600: 12.462: Total time for which application threads were stopped: 0.0617200 seconds, Stopping threads took: 0.0004910 seconds
2015-11-12T14:02:07.051-0600: 12.898: Total time for which application threads were stopped: 0.0010290 seconds, Stopping threads took: 0.0009310 seconds
{Heap before GC invocations=6 (full 0):
 par new generation   total 109248K, used 98457K [0x00000000d5a00000, 0x00000000dda00000, 0x00000000dda00000)
  eden space 87424K, 100% used [0x00000000d5a00000, 0x00000000daf60000, 0x00000000daf60000)
  from space 21824K,  50% used [0x00000000daf60000, 0x00000000dba26400, 0x00000000dc4b0000)
  to   space 21824K,   0% used [0x00000000dc4b0000, 0x00000000dc4b0000, 0x00000000dda00000)
 concurrent mark-sweep generation total 393216K, used 0K [0x00000000dda00000, 0x00000000f5a00000, 0x00000000f5a00000)
 concurrent-mark-sweep perm gen total 24704K, used 24669K [0x00000000f5a00000, 0x00000000f7220000, 0x0000000100000000)
2015-11-12T14:02:07.114-0600: 12.960: [GC2015-11-12T14:02:07.114-0600: 12.960: [ParNew
Desired survivor size 20112992 bytes, new threshold 8 (max 8)
- age   1:     574760 bytes,     574760 total
- age   2:      88248 bytes,     663008 total
- age   3:     160496 bytes,     823504 total
- age   4:     268880 bytes,    1092384 total
- age   5:    2879000 bytes,    3971384 total
- age   6:    3304872 bytes,    7276256 total
- age   7:    2120048 bytes,    9396304 total
: 98457K->12674K(109248K), 0.0739130 secs] 98457K->12674K(502464K), 0.0741010 secs] [Times: user=0.08 sys=0.00, real=0.07 secs] 
Heap after GC invocations=7 (full 0):
 par new generation   total 109248K, used 12674K [0x00000000d5a00000, 0x00000000dda00000, 0x00000000dda00000)
  eden space 87424K,   0% used [0x00000000d5a00000, 0x00000000d5a00000, 0x00000000daf60000)
  from space 21824K,  58% used [0x00000000dc4b0000, 0x00000000dd110840, 0x00000000dda00000)
  to   space 21824K,   0% used [0x00000000daf60000, 0x00000000daf60000, 0x00000000dc4b0000)
 concurrent mark-sweep generation total 393216K, used 0K [0x00000000dda00000, 0x00000000f5a00000, 0x00000000f5a00000)
 concurrent-mark-sweep perm gen total 24704K, used 24669K [0x00000000f5a00000, 0x00000000f7220000, 0x0000000100000000)
}
2015-11-12T14:02:07.188-0600: 13.035: Total time for which application threads were stopped: 0.0744440 seconds, Stopping threads took: 0.0000320 seconds
2015-11-12T14:02:07.190-0600: 13.037: Total time for which application threads were stopped: 0.0001100 seconds, Stopping threads took: 0.0000300 seconds
2015-11-12T14:02:07.208-0600: 13.055: Total time for which application threads were stopped: 0.0001310 seconds, Stopping threads took: 0.0000420 seconds
2015-11-12T14:02:07.217-0600: 13.063: Total time for which application threads were stopped: 0.0001620 seconds, Stopping threads took: 0.0000710 seconds
2015-11-12T14:02:07.243-0600: 13.090: Total time for which application threads were stopped: 0.0097660 seconds, Stopping threads took: 0.0092790 seconds
2015-11-12T14:02:07.286-0600: 13.133: Total time for which application threads were stopped: 0.0077460 seconds, Stopping threads took: 0.0076510 seconds
2015-11-12T14:02:07.294-0600: 13.140: Total time for which application threads were stopped: 0.0002030 seconds, Stopping threads took: 0.0001070 seconds
2015-11-12T14:02:07.381-0600: 13.227: Total time for which application threads were stopped: 0.0001350 seconds, Stopping threads took: 0.0000310 seconds
2015-11-12T14:02:07.404-0600: 13.251: Total time for which application threads were stopped: 0.0001160 seconds, Stopping threads took: 0.0000310 seconds
2015-11-12T14:02:07.413-0600: 13.259: Total time for which application threads were stopped: 0.0001330 seconds, Stopping threads took: 0.0000360 seconds
2015-11-12T14:02:07.852-0600: 13.699: Total time for which application threads were stopped: 0.0002400 seconds, Stopping threads took: 0.0000680 seconds
2015-11-12T14:02:07.916-0600: 13.762: Total time for which application threads were stopped: 0.0001340 seconds, Stopping threads took: 0.0000700 seconds
2015-11-12T14:02:07.987-0600: 13.834: Total time for which application threads were stopped: 0.0001340 seconds, Stopping threads took: 0.0000680 seconds
2015-11-12T14:02:07.995-0600: 13.842: Total time for which application threads were stopped: 0.0001180 seconds, Stopping threads took: 0.0000550 seconds
2015-11-12T14:02:08.020-0600: 13.867: Total time for which application threads were stopped: 0.0001200 seconds, Stopping threads took: 0.0000610 seconds
2015-11-12T14:02:08.078-0600: 13.925: Total time for which application threads were stopped: 0.0001380 seconds, Stopping threads took: 0.0000460 seconds
2015-11-12T14:02:08.100-0600: 13.947: Total time for which application threads were stopped: 0.0016450 seconds, Stopping threads took: 0.0014930 seconds
2015-11-12T14:02:08.145-0600: 13.991: Total time for which application threads were stopped: 0.0001120 seconds, Stopping threads took: 0.0000310 seconds
2015-11-12T14:02:08.158-0600: 14.005: Total time for which application threads were stopped: 0.0001270 seconds, Stopping threads took: 0.0000490 seconds
2015-11-12T14:02:08.185-0600: 14.032: Total time for which application threads were stopped: 0.0003750 seconds, Stopping threads took: 0.0002820 seconds
2015-11-12T14:02:08.434-0600: 14.280: Total time for which application threads were stopped: 0.0002990 seconds, Stopping threads took: 0.0000590 seconds
2015-11-12T14:02:08.742-0600: 14.588: Total time for which application threads were stopped: 0.0002800 seconds, Stopping threads took: 0.0001230 seconds
2015-11-12T14:02:08.771-0600: 14.618: Total time for which application threads were stopped: 0.0172030 seconds, Stopping threads took: 0.0171060 seconds
2015-11-12T14:02:08.798-0600: 14.645: Total time for which application threads were stopped: 0.0002650 seconds, Stopping threads took: 0.0000510 seconds
2015-11-12T14:02:08.798-0600: 14.645: Total time for which application threads were stopped: 0.0000890 seconds, Stopping threads took: 0.0000310 seconds
2015-11-12T14:02:08.815-0600: 14.661: Total time for which application threads were stopped: 0.0001710 seconds, Stopping threads took: 0.0000960 seconds
2015-11-12T14:02:08.832-0600: 14.679: Total time for which application threads were stopped: 0.0001520 seconds, Stopping threads took: 0.0000460 seconds
2015-11-12T14:02:08.873-0600: 14.720: Total time for which application threads were stopped: 0.0001230 seconds, Stopping threads took: 0.0000450 seconds
2015-11-12T14:02:08.873-0600: 14.720: Total time for which application threads were stopped: 0.0000870 seconds, Stopping threads took: 0.0000300 seconds
2015-11-12T14:02:08.874-0600: 14.720: Total time for which application threads were stopped: 0.0000800 seconds, Stopping threads took: 0.0000280 seconds
2015-11-12T14:02:08.899-0600: 14.746: Total time for which application threads were stopped: 0.0001270 seconds, Stopping threads took: 0.0000300 seconds
2015-11-12T14:02:09.021-0600: 14.868: Total time for which application threads were stopped: 0.0002200 seconds, Stopping threads took: 0.0000470 seconds
2015-11-12T14:02:09.032-0600: 14.878: Total time for which application threads were stopped: 0.0001630 seconds, Stopping threads took: 0.0000750 seconds
2015-11-12T14:02:09.041-0600: 14.888: Total time for which application threads were stopped: 0.0001220 seconds, Stopping threads took: 0.0000320 seconds
2015-11-12T14:02:09.057-0600: 14.903: Total time for which application threads were stopped: 0.0001250 seconds, Stopping threads took: 0.0000290 seconds
2015-11-12T14:02:09.057-0600: 14.904: Total time for which application threads were stopped: 0.0000990 seconds, Stopping threads took: 0.0000270 seconds
2015-11-12T14:02:09.064-0600: 14.910: Total time for which application threads were stopped: 0.0000900 seconds, Stopping threads took: 0.0000280 seconds
2015-11-12T14:02:09.065-0600: 14.911: Total time for which application threads were stopped: 0.0001020 seconds, Stopping threads took: 0.0000280 seconds
2015-11-12T14:02:09.070-0600: 14.917: Total time for which application threads were stopped: 0.0001560 seconds, Stopping threads took: 0.0000860 seconds
2015-11-12T14:02:09.075-0600: 14.921: Total time for which application threads were stopped: 0.0001490 seconds, Stopping threads took: 0.0000480 seconds
2015-11-12T14:02:09.085-0600: 14.932: Total time for which application threads were stopped: 0.0001370 seconds, Stopping threads took: 0.0000550 seconds
2015-11-12T14:02:09.086-0600: 14.932: Total time for which application threads were stopped: 0.0000770 seconds, Stopping threads took: 0.0000180 seconds
2015-11-12T14:02:09.086-0600: 14.932: Total time for which application threads were stopped: 0.0000740 seconds, Stopping threads took: 0.0000160 seconds
2015-11-12T14:02:09.086-0600: 14.933: Total time for which application threads were stopped: 0.0000650 seconds, Stopping threads took: 0.0000130 seconds
2015-11-12T14:02:09.086-0600: 14.933: Total time for which application threads were stopped: 0.0000650 seconds, Stopping threads took: 0.0000130 seconds
2015-11-12T14:02:09.087-0600: 14.933: Total time for which application threads were stopped: 0.0000630 seconds, Stopping threads took: 0.0000130 seconds
2015-11-12T14:02:09.087-0600: 14.933: Total time for which application threads were stopped: 0.0000620 seconds, Stopping threads took: 0.0000140 seconds
2015-11-12T14:02:09.087-0600: 14.934: Total time for which application threads were stopped: 0.0000630 seconds, Stopping threads took: 0.0000140 seconds
2015-11-12T14:02:09.087-0600: 14.934: Total time for which application threads were stopped: 0.0000640 seconds, Stopping threads took: 0.0000130 seconds
2015-11-12T14:02:09.088-0600: 14.934: Total time for which application threads were stopped: 0.0002840 seconds, Stopping threads took: 0.0000120 seconds
2015-11-12T14:02:09.181-0600: 15.027: Total time for which application threads were stopped: 0.0001260 seconds, Stopping threads took: 0.0000500 seconds
2015-11-12T14:02:09.330-0600: 15.177: Total time for which application threads were stopped: 0.0000970 seconds, Stopping threads took: 0.0000250 seconds
2015-11-12T14:02:09.376-0600: 15.223: Total time for which application threads were stopped: 0.0001290 seconds, Stopping threads took: 0.0000540 seconds
2015-11-12T14:02:09.474-0600: 15.321: Total time for which application threads were stopped: 0.0002150 seconds, Stopping threads took: 0.0000610 seconds
2015-11-12T14:02:09.526-0600: 15.372: Total time for which application threads were stopped: 0.0002580 seconds, Stopping threads took: 0.0000550 seconds
2015-11-12T14:02:09.535-0600: 15.381: Total time for which application threads were stopped: 0.0006680 seconds, Stopping threads took: 0.0005720 seconds
2015-11-12T14:02:09.579-0600: 15.426: Total time for which application threads were stopped: 0.0001420 seconds, Stopping threads took: 0.0000550 seconds
2015-11-12T14:02:09.581-0600: 15.428: Total time for which application threads were stopped: 0.0001400 seconds, Stopping threads took: 0.0000510 seconds
2015-11-12T14:02:09.589-0600: 15.436: Total time for which application threads were stopped: 0.0068030 seconds, Stopping threads took: 0.0067040 seconds
2015-11-12T14:02:09.671-0600: 15.518: Total time for which application threads were stopped: 0.0090620 seconds, Stopping threads took: 0.0089540 seconds
2015-11-12T14:02:09.673-0600: 15.520: Total time for which application threads were stopped: 0.0001020 seconds, Stopping threads took: 0.0000260 seconds
2015-11-12T14:02:09.703-0600: 15.549: Total time for which application threads were stopped: 0.0001210 seconds, Stopping threads took: 0.0000340 seconds
2015-11-12T14:02:09.703-0600: 15.549: Total time for which application threads were stopped: 0.0000870 seconds, Stopping threads took: 0.0000180 seconds
2015-11-12T14:02:09.716-0600: 15.562: Total time for which application threads were stopped: 0.0049200 seconds, Stopping threads took: 0.0048310 seconds
2015-11-12T14:02:09.808-0600: 15.655: Total time for which application threads were stopped: 0.0005840 seconds, Stopping threads took: 0.0004870 seconds
2015-11-12T14:02:09.835-0600: 15.682: Total time for which application threads were stopped: 0.0001550 seconds, Stopping threads took: 0.0000500 seconds
2015-11-12T14:02:09.837-0600: 15.684: Total time for which application threads were stopped: 0.0002780 seconds, Stopping threads took: 0.0002040 seconds
2015-11-12T14:02:09.868-0600: 15.714: Total time for which application threads were stopped: 0.0001240 seconds, Stopping threads took: 0.0000500 seconds
2015-11-12T14:02:09.884-0600: 15.730: Total time for which application threads were stopped: 0.0001510 seconds, Stopping threads took: 0.0000540 seconds
2015-11-12T14:02:09.897-0600: 15.743: Total time for which application threads were stopped: 0.0002080 seconds, Stopping threads took: 0.0001120 seconds
2015-11-12T14:02:09.930-0600: 15.777: Total time for which application threads were stopped: 0.0032070 seconds, Stopping threads took: 0.0031020 seconds
{Heap before GC invocations=7 (full 0):
 par new generation   total 109248K, used 100098K [0x00000000d5a00000, 0x00000000dda00000, 0x00000000dda00000)
  eden space 87424K, 100% used [0x00000000d5a00000, 0x00000000daf60000, 0x00000000daf60000)
  from space 21824K,  58% used [0x00000000dc4b0000, 0x00000000dd110840, 0x00000000dda00000)
  to   space 21824K,   0% used [0x00000000daf60000, 0x00000000daf60000, 0x00000000dc4b0000)
 concurrent mark-sweep generation total 393216K, used 0K [0x00000000dda00000, 0x00000000f5a00000, 0x00000000f5a00000)
 concurrent-mark-sweep perm gen total 29504K, used 29391K [0x00000000f5a00000, 0x00000000f76d0000, 0x0000000100000000)
2015-11-12T14:02:09.998-0600: 15.844: [GC2015-11-12T14:02:09.998-0600: 15.844: [ParNew
Desired survivor size 20112992 bytes, new threshold 8 (max 8)
- age   1:    9331280 bytes,    9331280 total
- age   2:     250816 bytes,    9582096 total
- age   3:      88024 bytes,    9670120 total
- age   4:     159664 bytes,    9829784 total
- age   5:      59784 bytes,    9889568 total
- age   6:    1593816 bytes,   11483384 total
- age   7:    3291752 bytes,   14775136 total
- age   8:    2118624 bytes,   16893760 total
: 100098K->19436K(109248K), 0.1194860 secs] 100098K->19436K(502464K), 0.1196930 secs] [Times: user=0.14 sys=0.01, real=0.12 secs] 
Heap after GC invocations=8 (full 0):
 par new generation   total 109248K, used 19436K [0x00000000d5a00000, 0x00000000dda00000, 0x00000000dda00000)
  eden space 87424K,   0% used [0x00000000d5a00000, 0x00000000d5a00000, 0x00000000daf60000)
  from space 21824K,  89% used [0x00000000daf60000, 0x00000000dc25b340, 0x00000000dc4b0000)
  to   space 21824K,   0% used [0x00000000dc4b0000, 0x00000000dc4b0000, 0x00000000dda00000)
 concurrent mark-sweep generation total 393216K, used 0K [0x00000000dda00000, 0x00000000f5a00000, 0x00000000f5a00000)
 concurrent-mark-sweep perm gen total 29504K, used 29391K [0x00000000f5a00000, 0x00000000f76d0000, 0x0000000100000000)
}
2015-11-12T14:02:10.117-0600: 15.964: Total time for which application threads were stopped: 0.1200320 seconds, Stopping threads took: 0.0000400 seconds
2015-11-12T14:02:10.129-0600: 15.975: Total time for which application threads were stopped: 0.0019100 seconds, Stopping threads took: 0.0015770 seconds
2015-11-12T14:02:10.159-0600: 16.006: Total time for which application threads were stopped: 0.0061240 seconds, Stopping threads took: 0.0060270 seconds
2015-11-12T14:02:10.283-0600: 16.129: Total time for which application threads were stopped: 0.0001320 seconds, Stopping threads took: 0.0000330 seconds
2015-11-12T14:02:11.283-0600: 17.130: Total time for which application threads were stopped: 0.0004230 seconds, Stopping threads took: 0.0000680 seconds
2015-11-12T14:02:11.814-0600: 17.661: Total time for which application threads were stopped: 0.0001960 seconds, Stopping threads took: 0.0000510 seconds
2015-11-12T14:02:11.818-0600: 17.665: Total time for which application threads were stopped: 0.0002330 seconds, Stopping threads took: 0.0001500 seconds
2015-11-12T14:02:11.848-0600: 17.695: Total time for which application threads were stopped: 0.0004740 seconds, Stopping threads took: 0.0000620 seconds
2015-11-12T14:02:11.926-0600: 17.772: Total time for which application threads were stopped: 0.0001050 seconds, Stopping threads took: 0.0000310 seconds
2015-11-12T14:02:11.965-0600: 17.812: Total time for which application threads were stopped: 0.0001570 seconds, Stopping threads took: 0.0000810 seconds
2015-11-12T14:02:12.431-0600: 18.277: Total time for which application threads were stopped: 0.0004340 seconds, Stopping threads took: 0.0000600 seconds
2015-11-12T14:02:12.455-0600: 18.302: Total time for which application threads were stopped: 0.0058910 seconds, Stopping threads took: 0.0058160 seconds
2015-11-12T14:02:12.493-0600: 18.340: Total time for which application threads were stopped: 0.0001250 seconds, Stopping threads took: 0.0000620 seconds
2015-11-12T14:02:12.494-0600: 18.340: Total time for which application threads were stopped: 0.0000640 seconds, Stopping threads took: 0.0000250 seconds
2015-11-12T14:02:12.634-0600: 18.480: Total time for which application threads were stopped: 0.0001080 seconds, Stopping threads took: 0.0000210 seconds
2015-11-12T14:02:12.636-0600: 18.483: Total time for which application threads were stopped: 0.0000690 seconds, Stopping threads took: 0.0000210 seconds
2015-11-12T14:02:12.636-0600: 18.483: Total time for which application threads were stopped: 0.0000500 seconds, Stopping threads took: 0.0000150 seconds
2015-11-12T14:02:12.637-0600: 18.484: Total time for which application threads were stopped: 0.0000540 seconds, Stopping threads took: 0.0000160 seconds
2015-11-12T14:02:12.638-0600: 18.484: Total time for which application threads were stopped: 0.0000600 seconds, Stopping threads took: 0.0000180 seconds
2015-11-12T14:02:12.639-0600: 18.486: Total time for which application threads were stopped: 0.0000960 seconds, Stopping threads took: 0.0000390 seconds
2015-11-12T14:02:12.641-0600: 18.487: Total time for which application threads were stopped: 0.0000760 seconds, Stopping threads took: 0.0000220 seconds
2015-11-12T14:02:12.642-0600: 18.488: Total time for which application threads were stopped: 0.0000700 seconds, Stopping threads took: 0.0000260 seconds
2015-11-12T14:02:12.648-0600: 18.494: Total time for which application threads were stopped: 0.0002800 seconds, Stopping threads took: 0.0001310 seconds
2015-11-12T14:02:12.679-0600: 18.526: Total time for which application threads were stopped: 0.0001160 seconds, Stopping threads took: 0.0000410 seconds
2015-11-12T14:02:12.691-0600: 18.537: Total time for which application threads were stopped: 0.0001190 seconds, Stopping threads took: 0.0000510 seconds
2015-11-12T14:02:12.692-0600: 18.539: Total time for which application threads were stopped: 0.0000950 seconds, Stopping threads took: 0.0000400 seconds
2015-11-12T14:02:12.693-0600: 18.540: Total time for which application threads were stopped: 0.0002270 seconds, Stopping threads took: 0.0000360 seconds
2015-11-12T14:02:12.694-0600: 18.541: Total time for which application threads were stopped: 0.0001500 seconds, Stopping threads took: 0.0000950 seconds
2015-11-12T14:02:12.698-0600: 18.544: Total time for which application threads were stopped: 0.0001220 seconds, Stopping threads took: 0.0000530 seconds
2015-11-12T14:02:12.698-0600: 18.545: Total time for which application threads were stopped: 0.0000940 seconds, Stopping threads took: 0.0000410 seconds
2015-11-12T14:02:12.754-0600: 18.601: Total time for which application threads were stopped: 0.0008050 seconds, Stopping threads took: 0.0007360 seconds
2015-11-12T14:02:12.756-0600: 18.602: Total time for which application threads were stopped: 0.0008680 seconds, Stopping threads took: 0.0008080 seconds
2015-11-12T14:02:12.765-0600: 18.611: Total time for which application threads were stopped: 0.0008510 seconds, Stopping threads took: 0.0007780 seconds
2015-11-12T14:02:12.771-0600: 18.618: Total time for which application threads were stopped: 0.0001880 seconds, Stopping threads took: 0.0001280 seconds
2015-11-12T14:02:12.786-0600: 18.633: Total time for which application threads were stopped: 0.0000940 seconds, Stopping threads took: 0.0000260 seconds
2015-11-12T14:02:12.859-0600: 18.706: Total time for which application threads were stopped: 0.0001520 seconds, Stopping threads took: 0.0000740 seconds
2015-11-12T14:02:12.878-0600: 18.725: Total time for which application threads were stopped: 0.0028610 seconds, Stopping threads took: 0.0027950 seconds
2015-11-12T14:02:12.898-0600: 18.745: Total time for which application threads were stopped: 0.0048910 seconds, Stopping threads took: 0.0048310 seconds
2015-11-12T14:02:12.910-0600: 18.757: Total time for which application threads were stopped: 0.0030810 seconds, Stopping threads took: 0.0030220 seconds
2015-11-12T14:02:12.915-0600: 18.762: Total time for which application threads were stopped: 0.0001500 seconds, Stopping threads took: 0.0000830 seconds
2015-11-12T14:02:12.937-0600: 18.784: Total time for which application threads were stopped: 0.0005230 seconds, Stopping threads took: 0.0003590 seconds
2015-11-12T14:02:13.038-0600: 18.885: Total time for which application threads were stopped: 0.0040780 seconds, Stopping threads took: 0.0039950 seconds
2015-11-12T14:02:13.077-0600: 18.923: Total time for which application threads were stopped: 0.0005170 seconds, Stopping threads took: 0.0004570 seconds
2015-11-12T14:02:13.170-0600: 19.017: Total time for which application threads were stopped: 0.0072170 seconds, Stopping threads took: 0.0070590 seconds
{Heap before GC invocations=8 (full 0):
 par new generation   total 109248K, used 106860K [0x00000000d5a00000, 0x00000000dda00000, 0x00000000dda00000)
  eden space 87424K, 100% used [0x00000000d5a00000, 0x00000000daf60000, 0x00000000daf60000)
  from space 21824K,  89% used [0x00000000daf60000, 0x00000000dc25b340, 0x00000000dc4b0000)
  to   space 21824K,   0% used [0x00000000dc4b0000, 0x00000000dc4b0000, 0x00000000dda00000)
 concurrent mark-sweep generation total 393216K, used 0K [0x00000000dda00000, 0x00000000f5a00000, 0x00000000f5a00000)
 concurrent-mark-sweep perm gen total 31040K, used 30909K [0x00000000f5a00000, 0x00000000f7850000, 0x0000000100000000)
2015-11-12T14:02:13.206-0600: 19.053: [GC2015-11-12T14:02:13.207-0600: 19.053: [ParNew
Desired survivor size 20112992 bytes, new threshold 8 (max 8)
- age   1:    3772952 bytes,    3772952 total
- age   2:    5592720 bytes,    9365672 total
- age   3:     250784 bytes,    9616456 total
- age   4:      88024 bytes,    9704480 total
- age   5:     159488 bytes,    9863968 total
- age   6:      59688 bytes,    9923656 total
- age   7:    1585832 bytes,   11509488 total
- age   8:    3274400 bytes,   14783888 total
: 106860K->20642K(109248K), 0.0602770 secs] 106860K->22917K(502464K), 0.0606590 secs] [Times: user=0.14 sys=0.00, real=0.06 secs] 
Heap after GC invocations=9 (full 0):
 par new generation   total 109248K, used 20642K [0x00000000d5a00000, 0x00000000dda00000, 0x00000000dda00000)
  eden space 87424K,   0% used [0x00000000d5a00000, 0x00000000d5a00000, 0x00000000daf60000)
  from space 21824K,  94% used [0x00000000dc4b0000, 0x00000000dd8d8a80, 0x00000000dda00000)
  to   space 21824K,   0% used [0x00000000daf60000, 0x00000000daf60000, 0x00000000dc4b0000)
 concurrent mark-sweep generation total 393216K, used 2275K [0x00000000dda00000, 0x00000000f5a00000, 0x00000000f5a00000)
 concurrent-mark-sweep perm gen total 31040K, used 30909K [0x00000000f5a00000, 0x00000000f7850000, 0x0000000100000000)
}
2015-11-12T14:02:13.267-0600: 19.114: Total time for which application threads were stopped: 0.0729290 seconds, Stopping threads took: 0.0120080 seconds
2015-11-12T14:02:13.298-0600: 19.145: Total time for which application threads were stopped: 0.0038230 seconds, Stopping threads took: 0.0037350 seconds
2015-11-12T14:02:13.313-0600: 19.160: Total time for which application threads were stopped: 0.0027830 seconds, Stopping threads took: 0.0026700 seconds
2015-11-12T14:02:13.462-0600: 19.309: Total time for which application threads were stopped: 0.0003350 seconds, Stopping threads took: 0.0000520 seconds
2015-11-12T14:02:13.469-0600: 19.316: Total time for which application threads were stopped: 0.0002200 seconds, Stopping threads took: 0.0001260 seconds
2015-11-12T14:02:13.477-0600: 19.324: Total time for which application threads were stopped: 0.0002660 seconds, Stopping threads took: 0.0001990 seconds
2015-11-12T14:02:13.610-0600: 19.456: Total time for which application threads were stopped: 0.0017310 seconds, Stopping threads took: 0.0015880 seconds
2015-11-12T14:02:13.610-0600: 19.457: Total time for which application threads were stopped: 0.0001150 seconds, Stopping threads took: 0.0000560 seconds
{Heap before GC invocations=9 (full 0):
 par new generation   total 109248K, used 108055K [0x00000000d5a00000, 0x00000000dda00000, 0x00000000dda00000)
  eden space 87424K,  99% used [0x00000000d5a00000, 0x00000000daf5d350, 0x00000000daf60000)
  from space 21824K,  94% used [0x00000000dc4b0000, 0x00000000dd8d8a80, 0x00000000dda00000)
  to   space 21824K,   0% used [0x00000000daf60000, 0x00000000daf60000, 0x00000000dc4b0000)
 concurrent mark-sweep generation total 393216K, used 2275K [0x00000000dda00000, 0x00000000f5a00000, 0x00000000f5a00000)
 concurrent-mark-sweep perm gen total 31040K, used 30932K [0x00000000f5a00000, 0x00000000f7850000, 0x0000000100000000)
2015-11-12T14:02:13.621-0600: 19.468: [GC2015-11-12T14:02:13.621-0600: 19.468: [ParNew
Desired survivor size 20112992 bytes, new threshold 8 (max 8)
- age   1:    1655672 bytes,    1655672 total
- age   2:    1983640 bytes,    3639312 total
- age   3:    5592720 bytes,    9232032 total
- age   4:     250784 bytes,    9482816 total
- age   5:      88024 bytes,    9570840 total
- age   6:     159488 bytes,    9730328 total
- age   7:      59688 bytes,    9790016 total
- age   8:    1585832 bytes,   11375848 total
: 108055K->13281K(109248K), 0.0623260 secs] 110330K->18910K(502464K), 0.0625700 secs] [Times: user=0.17 sys=0.00, real=0.07 secs] 
Heap after GC invocations=10 (full 0):
 par new generation   total 109248K, used 13281K [0x00000000d5a00000, 0x00000000dda00000, 0x00000000dda00000)
  eden space 87424K,   0% used [0x00000000d5a00000, 0x00000000d5a00000, 0x00000000daf60000)
  from space 21824K,  60% used [0x00000000daf60000, 0x00000000dbc586d0, 0x00000000dc4b0000)
  to   space 21824K,   0% used [0x00000000dc4b0000, 0x00000000dc4b0000, 0x00000000dda00000)
 concurrent mark-sweep generation total 393216K, used 5629K [0x00000000dda00000, 0x00000000f5a00000, 0x00000000f5a00000)
 concurrent-mark-sweep perm gen total 31040K, used 30932K [0x00000000f5a00000, 0x00000000f7850000, 0x0000000100000000)
}
2015-11-12T14:02:13.684-0600: 19.530: Total time for which application threads were stopped: 0.0628620 seconds, Stopping threads took: 0.0000600 seconds
2015-11-12T14:02:13.691-0600: 19.538: Total time for which application threads were stopped: 0.0010880 seconds, Stopping threads took: 0.0009760 seconds
2015-11-12T14:02:13.691-0600: 19.538: Total time for which application threads were stopped: 0.0000910 seconds, Stopping threads took: 0.0000420 seconds
2015-11-12T14:02:13.716-0600: 19.562: Total time for which application threads were stopped: 0.0001370 seconds, Stopping threads took: 0.0000570 seconds
2015-11-12T14:02:13.726-0600: 19.572: Total time for which application threads were stopped: 0.0001750 seconds, Stopping threads took: 0.0000870 seconds
{Heap before GC invocations=10 (full 0):
 par new generation   total 109248K, used 100705K [0x00000000d5a00000, 0x00000000dda00000, 0x00000000dda00000)
  eden space 87424K, 100% used [0x00000000d5a00000, 0x00000000daf60000, 0x00000000daf60000)
  from space 21824K,  60% used [0x00000000daf60000, 0x00000000dbc586d0, 0x00000000dc4b0000)
  to   space 21824K,   0% used [0x00000000dc4b0000, 0x00000000dc4b0000, 0x00000000dda00000)
 concurrent mark-sweep generation total 393216K, used 5629K [0x00000000dda00000, 0x00000000f5a00000, 0x00000000f5a00000)
 concurrent-mark-sweep perm gen total 31040K, used 30979K [0x00000000f5a00000, 0x00000000f7850000, 0x0000000100000000)
2015-11-12T14:02:13.819-0600: 19.666: [GC2015-11-12T14:02:13.819-0600: 19.666: [ParNew
Desired survivor size 20112992 bytes, new threshold 8 (max 8)
- age   1:     310928 bytes,     310928 total
- age   2:    1469920 bytes,    1780848 total
- age   3:    1963776 bytes,    3744624 total
- age   4:    5592720 bytes,    9337344 total
- age   5:     250784 bytes,    9588128 total
- age   6:      88024 bytes,    9676152 total
- age   7:     159200 bytes,    9835352 total
- age   8:      59208 bytes,    9894560 total
: 100705K->18454K(109248K), 0.0414420 secs] 106334K->25639K(502464K), 0.0416400 secs] [Times: user=0.10 sys=0.00, real=0.04 secs] 
Heap after GC invocations=11 (full 0):
 par new generation   total 109248K, used 18454K [0x00000000d5a00000, 0x00000000dda00000, 0x00000000dda00000)
  eden space 87424K,   0% used [0x00000000d5a00000, 0x00000000d5a00000, 0x00000000daf60000)
  from space 21824K,  84% used [0x00000000dc4b0000, 0x00000000dd6b5af0, 0x00000000dda00000)
  to   space 21824K,   0% used [0x00000000daf60000, 0x00000000daf60000, 0x00000000dc4b0000)
 concurrent mark-sweep generation total 393216K, used 7184K [0x00000000dda00000, 0x00000000f5a00000, 0x00000000f5a00000)
 concurrent-mark-sweep perm gen total 31040K, used 30979K [0x00000000f5a00000, 0x00000000f7850000, 0x0000000100000000)
}
2015-11-12T14:02:13.861-0600: 19.708: Total time for which application threads were stopped: 0.0419290 seconds, Stopping threads took: 0.0000720 seconds
2015-11-12T14:02:13.873-0600: 19.720: Total time for which application threads were stopped: 0.0001250 seconds, Stopping threads took: 0.0000700 seconds
2015-11-12T14:02:13.896-0600: 19.743: Total time for which application threads were stopped: 0.0001570 seconds, Stopping threads took: 0.0000880 seconds
2015-11-12T14:02:13.986-0600: 19.833: Total time for which application threads were stopped: 0.0036740 seconds, Stopping threads took: 0.0034610 seconds
2015-11-12T14:02:14.022-0600: 19.869: Total time for which application threads were stopped: 0.0043090 seconds, Stopping threads took: 0.0042340 seconds
{Heap before GC invocations=11 (full 0):
 par new generation   total 109248K, used 105878K [0x00000000d5a00000, 0x00000000dda00000, 0x00000000dda00000)
  eden space 87424K, 100% used [0x00000000d5a00000, 0x00000000daf60000, 0x00000000daf60000)
  from space 21824K,  84% used [0x00000000dc4b0000, 0x00000000dd6b5af0, 0x00000000dda00000)
  to   space 21824K,   0% used [0x00000000daf60000, 0x00000000daf60000, 0x00000000dc4b0000)
 concurrent mark-sweep generation total 393216K, used 7184K [0x00000000dda00000, 0x00000000f5a00000, 0x00000000f5a00000)
 concurrent-mark-sweep perm gen total 31040K, used 30995K [0x00000000f5a00000, 0x00000000f7850000, 0x0000000100000000)
2015-11-12T14:02:14.066-0600: 19.913: [GC2015-11-12T14:02:14.066-0600: 19.913: [ParNew
Desired survivor size 20112992 bytes, new threshold 8 (max 8)
- age   1:     616744 bytes,     616744 total
- age   2:      73416 bytes,     690160 total
- age   3:    1467536 bytes,    2157696 total
- age   4:    1963024 bytes,    4120720 total
- age   5:    5592720 bytes,    9713440 total
- age   6:     250784 bytes,    9964224 total
- age   7:      88024 bytes,   10052248 total
- age   8:     159200 bytes,   10211448 total
: 105878K->11376K(109248K), 0.0198370 secs] 113063K->18621K(502464K), 0.0200190 secs] [Times: user=0.06 sys=0.00, real=0.02 secs] 
Heap after GC invocations=12 (full 0):
 par new generation   total 109248K, used 11376K [0x00000000d5a00000, 0x00000000dda00000, 0x00000000dda00000)
  eden space 87424K,   0% used [0x00000000d5a00000, 0x00000000d5a00000, 0x00000000daf60000)
  from space 21824K,  52% used [0x00000000daf60000, 0x00000000dba7c150, 0x00000000dc4b0000)
  to   space 21824K,   0% used [0x00000000dc4b0000, 0x00000000dc4b0000, 0x00000000dda00000)
 concurrent mark-sweep generation total 393216K, used 7245K [0x00000000dda00000, 0x00000000f5a00000, 0x00000000f5a00000)
 concurrent-mark-sweep perm gen total 31040K, used 30995K [0x00000000f5a00000, 0x00000000f7850000, 0x0000000100000000)
}
2015-11-12T14:02:14.086-0600: 19.933: Total time for which application threads were stopped: 0.0203230 seconds, Stopping threads took: 0.0000780 seconds
2015-11-12T14:02:14.106-0600: 19.953: Total time for which application threads were stopped: 0.0041920 seconds, Stopping threads took: 0.0041140 seconds
2015-11-12T14:02:14.160-0600: 20.007: Total time for which application threads were stopped: 0.0058590 seconds, Stopping threads took: 0.0057800 seconds
2015-11-12T14:02:14.234-0600: 20.080: Total time for which application threads were stopped: 0.0004350 seconds, Stopping threads took: 0.0002290 seconds
2015-11-12T14:02:14.262-0600: 20.109: Total time for which application threads were stopped: 0.0014600 seconds, Stopping threads took: 0.0013700 seconds
{Heap before GC invocations=12 (full 0):
 par new generation   total 109248K, used 98800K [0x00000000d5a00000, 0x00000000dda00000, 0x00000000dda00000)
  eden space 87424K, 100% used [0x00000000d5a00000, 0x00000000daf60000, 0x00000000daf60000)
  from space 21824K,  52% used [0x00000000daf60000, 0x00000000dba7c150, 0x00000000dc4b0000)
  to   space 21824K,   0% used [0x00000000dc4b0000, 0x00000000dc4b0000, 0x00000000dda00000)
 concurrent mark-sweep generation total 393216K, used 7245K [0x00000000dda00000, 0x00000000f5a00000, 0x00000000f5a00000)
 concurrent-mark-sweep perm gen total 31040K, used 31014K [0x00000000f5a00000, 0x00000000f7850000, 0x0000000100000000)
2015-11-12T14:02:14.319-0600: 20.166: [GC2015-11-12T14:02:14.320-0600: 20.166: [ParNew
Desired survivor size 20112992 bytes, new threshold 8 (max 8)
- age   1:     305952 bytes,     305952 total
- age   2:      72872 bytes,     378824 total
- age   3:      71352 bytes,     450176 total
- age   4:    1465880 bytes,    1916056 total
- age   5:    1963024 bytes,    3879080 total
- age   6:    5592720 bytes,    9471800 total
- age   7:     250784 bytes,    9722584 total
- age   8:      87928 bytes,    9810512 total
: 98800K->12598K(109248K), 0.0237830 secs] 106045K->20002K(502464K), 0.0239730 secs] [Times: user=0.05 sys=0.00, real=0.03 secs] 
Heap after GC invocations=13 (full 0):
 par new generation   total 109248K, used 12598K [0x00000000d5a00000, 0x00000000dda00000, 0x00000000dda00000)
  eden space 87424K,   0% used [0x00000000d5a00000, 0x00000000d5a00000, 0x00000000daf60000)
  from space 21824K,  57% used [0x00000000dc4b0000, 0x00000000dd0fdac0, 0x00000000dda00000)
  to   space 21824K,   0% used [0x00000000daf60000, 0x00000000daf60000, 0x00000000dc4b0000)
 concurrent mark-sweep generation total 393216K, used 7404K [0x00000000dda00000, 0x00000000f5a00000, 0x00000000f5a00000)
 concurrent-mark-sweep perm gen total 31040K, used 31014K [0x00000000f5a00000, 0x00000000f7850000, 0x0000000100000000)
}
2015-11-12T14:02:14.344-0600: 20.190: Total time for which application threads were stopped: 0.0242640 seconds, Stopping threads took: 0.0000750 seconds
2015-11-12T14:02:14.354-0600: 20.201: Total time for which application threads were stopped: 0.0001080 seconds, Stopping threads took: 0.0000430 seconds
2015-11-12T14:02:14.380-0600: 20.227: Total time for which application threads were stopped: 0.0007700 seconds, Stopping threads took: 0.0006370 seconds
2015-11-12T14:02:14.461-0600: 20.308: Total time for which application threads were stopped: 0.0001580 seconds, Stopping threads took: 0.0000740 seconds
2015-11-12T14:02:14.487-0600: 20.333: Total time for which application threads were stopped: 0.0003080 seconds, Stopping threads took: 0.0001090 seconds
2015-11-12T14:02:14.558-0600: 20.404: Total time for which application threads were stopped: 0.0001720 seconds, Stopping threads took: 0.0000420 seconds
2015-11-12T14:02:14.585-0600: 20.432: Total time for which application threads were stopped: 0.0001060 seconds, Stopping threads took: 0.0000380 seconds
2015-11-12T14:02:14.613-0600: 20.459: Total time for which application threads were stopped: 0.0017710 seconds, Stopping threads took: 0.0016870 seconds
2015-11-12T14:02:14.727-0600: 20.573: Total time for which application threads were stopped: 0.0001240 seconds, Stopping threads took: 0.0000340 seconds
2015-11-12T14:02:14.742-0600: 20.588: Total time for which application threads were stopped: 0.0001120 seconds, Stopping threads took: 0.0000320 seconds
2015-11-12T14:02:14.765-0600: 20.612: Total time for which application threads were stopped: 0.0001410 seconds, Stopping threads took: 0.0000720 seconds
2015-11-12T14:02:14.769-0600: 20.616: Total time for which application threads were stopped: 0.0001430 seconds, Stopping threads took: 0.0000560 seconds
2015-11-12T14:02:14.829-0600: 20.675: Total time for which application threads were stopped: 0.0001350 seconds, Stopping threads took: 0.0000540 seconds
2015-11-12T14:02:14.831-0600: 20.678: Total time for which application threads were stopped: 0.0001170 seconds, Stopping threads took: 0.0000450 seconds
2015-11-12T14:02:14.831-0600: 20.678: Total time for which application threads were stopped: 0.0000920 seconds, Stopping threads took: 0.0000440 seconds
2015-11-12T14:02:14.835-0600: 20.681: Total time for which application threads were stopped: 0.0001190 seconds, Stopping threads took: 0.0000400 seconds
2015-11-12T14:02:14.846-0600: 20.693: Total time for which application threads were stopped: 0.0073590 seconds, Stopping threads took: 0.0072730 seconds
2015-11-12T14:02:14.847-0600: 20.693: Total time for which application threads were stopped: 0.0000850 seconds, Stopping threads took: 0.0000330 seconds
2015-11-12T14:02:14.847-0600: 20.693: Total time for which application threads were stopped: 0.0000990 seconds, Stopping threads took: 0.0000500 seconds
2015-11-12T14:02:14.847-0600: 20.694: Total time for which application threads were stopped: 0.0001290 seconds, Stopping threads took: 0.0000710 seconds
2015-11-12T14:02:14.878-0600: 20.724: Total time for which application threads were stopped: 0.0030070 seconds, Stopping threads took: 0.0028980 seconds
2015-11-12T14:02:14.885-0600: 20.732: Total time for which application threads were stopped: 0.0001400 seconds, Stopping threads took: 0.0000600 seconds
2015-11-12T14:02:14.890-0600: 20.736: Total time for which application threads were stopped: 0.0001530 seconds, Stopping threads took: 0.0000870 seconds
2015-11-12T14:02:14.891-0600: 20.738: Total time for which application threads were stopped: 0.0001250 seconds, Stopping threads took: 0.0000720 seconds
2015-11-12T14:02:14.894-0600: 20.741: Total time for which application threads were stopped: 0.0031450 seconds, Stopping threads took: 0.0030890 seconds
2015-11-12T14:02:14.898-0600: 20.744: Total time for which application threads were stopped: 0.0000870 seconds, Stopping threads took: 0.0000350 seconds
2015-11-12T14:02:14.898-0600: 20.744: Total time for which application threads were stopped: 0.0000740 seconds, Stopping threads took: 0.0000410 seconds
2015-11-12T14:02:14.898-0600: 20.744: Total time for which application threads were stopped: 0.0000450 seconds, Stopping threads took: 0.0000170 seconds
2015-11-12T14:02:14.898-0600: 20.744: Total time for which application threads were stopped: 0.0000460 seconds, Stopping threads took: 0.0000170 seconds
2015-11-12T14:02:14.898-0600: 20.745: Total time for which application threads were stopped: 0.0000640 seconds, Stopping threads took: 0.0000370 seconds
2015-11-12T14:02:14.898-0600: 20.745: Total time for which application threads were stopped: 0.0000410 seconds, Stopping threads took: 0.0000150 seconds
2015-11-12T14:02:14.898-0600: 20.745: Total time for which application threads were stopped: 0.0000400 seconds, Stopping threads took: 0.0000140 seconds
2015-11-12T14:02:14.898-0600: 20.745: Total time for which application threads were stopped: 0.0000440 seconds, Stopping threads took: 0.0000160 seconds
2015-11-12T14:02:14.898-0600: 20.745: Total time for which application threads were stopped: 0.0000400 seconds, Stopping threads took: 0.0000140 seconds
2015-11-12T14:02:14.898-0600: 20.745: Total time for which application threads were stopped: 0.0000400 seconds, Stopping threads took: 0.0000130 seconds
2015-11-12T14:02:14.899-0600: 20.745: Total time for which application threads were stopped: 0.0000540 seconds, Stopping threads took: 0.0000280 seconds
2015-11-12T14:02:14.899-0600: 20.745: Total time for which application threads were stopped: 0.0000670 seconds, Stopping threads took: 0.0000400 seconds
2015-11-12T14:02:14.899-0600: 20.745: Total time for which application threads were stopped: 0.0000570 seconds, Stopping threads took: 0.0000300 seconds
2015-11-12T14:02:14.899-0600: 20.745: Total time for which application threads were stopped: 0.0000390 seconds, Stopping threads took: 0.0000140 seconds
2015-11-12T14:02:14.899-0600: 20.745: Total time for which application threads were stopped: 0.0000570 seconds, Stopping threads took: 0.0000310 seconds
2015-11-12T14:02:14.899-0600: 20.745: Total time for which application threads were stopped: 0.0000620 seconds, Stopping threads took: 0.0000350 seconds
2015-11-12T14:02:14.899-0600: 20.746: Total time for which application threads were stopped: 0.0000610 seconds, Stopping threads took: 0.0000340 seconds
2015-11-12T14:02:14.899-0600: 20.746: Total time for which application threads were stopped: 0.0001550 seconds, Stopping threads took: 0.0000270 seconds
2015-11-12T14:02:14.911-0600: 20.758: Total time for which application threads were stopped: 0.0001640 seconds, Stopping threads took: 0.0000910 seconds
2015-11-12T14:02:14.912-0600: 20.758: Total time for which application threads were stopped: 0.0001450 seconds, Stopping threads took: 0.0000880 seconds
2015-11-12T14:02:14.915-0600: 20.761: Total time for which application threads were stopped: 0.0000830 seconds, Stopping threads took: 0.0000300 seconds
2015-11-12T14:02:14.926-0600: 20.772: Total time for which application threads were stopped: 0.0001270 seconds, Stopping threads took: 0.0000550 seconds
2015-11-12T14:02:14.950-0600: 20.797: Total time for which application threads were stopped: 0.0001810 seconds, Stopping threads took: 0.0000780 seconds
2015-11-12T14:02:14.988-0600: 20.834: Total time for which application threads were stopped: 0.0002090 seconds, Stopping threads took: 0.0000680 seconds
2015-11-12T14:02:15.013-0600: 20.860: Total time for which application threads were stopped: 0.0002360 seconds, Stopping threads took: 0.0000640 seconds
2015-11-12T14:02:15.033-0600: 20.879: Total time for which application threads were stopped: 0.0001250 seconds, Stopping threads took: 0.0000390 seconds
2015-11-12T14:02:15.061-0600: 20.908: Total time for which application threads were stopped: 0.0027790 seconds, Stopping threads took: 0.0026950 seconds
2015-11-12T14:02:15.061-0600: 20.908: Total time for which application threads were stopped: 0.0001660 seconds, Stopping threads took: 0.0001160 seconds
2015-11-12T14:02:15.061-0600: 20.908: Total time for which application threads were stopped: 0.0001240 seconds, Stopping threads took: 0.0000800 seconds
2015-11-12T14:02:15.062-0600: 20.908: Total time for which application threads were stopped: 0.0000790 seconds, Stopping threads took: 0.0000350 seconds
2015-11-12T14:02:15.062-0600: 20.908: Total time for which application threads were stopped: 0.0000540 seconds, Stopping threads took: 0.0000180 seconds
2015-11-12T14:02:15.062-0600: 20.908: Total time for which application threads were stopped: 0.0000470 seconds, Stopping threads took: 0.0000130 seconds
2015-11-12T14:02:15.078-0600: 20.925: Total time for which application threads were stopped: 0.0020970 seconds, Stopping threads took: 0.0020170 seconds
2015-11-12T14:02:15.082-0600: 20.929: Total time for which application threads were stopped: 0.0024250 seconds, Stopping threads took: 0.0022330 seconds
2015-11-12T14:02:15.086-0600: 20.933: Total time for which application threads were stopped: 0.0001550 seconds, Stopping threads took: 0.0000810 seconds
2015-11-12T14:02:15.091-0600: 20.937: Total time for which application threads were stopped: 0.0001400 seconds, Stopping threads took: 0.0000770 seconds
2015-11-12T14:02:15.091-0600: 20.938: Total time for which application threads were stopped: 0.0000840 seconds, Stopping threads took: 0.0000370 seconds
2015-11-12T14:02:15.094-0600: 20.941: Total time for which application threads were stopped: 0.0001380 seconds, Stopping threads took: 0.0000570 seconds
2015-11-12T14:02:15.102-0600: 20.948: Total time for which application threads were stopped: 0.0001900 seconds, Stopping threads took: 0.0001180 seconds
2015-11-12T14:02:15.103-0600: 20.949: Total time for which application threads were stopped: 0.0001370 seconds, Stopping threads took: 0.0000790 seconds
{Heap before GC invocations=13 (full 0):
 par new generation   total 109248K, used 100022K [0x00000000d5a00000, 0x00000000dda00000, 0x00000000dda00000)
  eden space 87424K, 100% used [0x00000000d5a00000, 0x00000000daf60000, 0x00000000daf60000)
  from space 21824K,  57% used [0x00000000dc4b0000, 0x00000000dd0fdac0, 0x00000000dda00000)
  to   space 21824K,   0% used [0x00000000daf60000, 0x00000000daf60000, 0x00000000dc4b0000)
 concurrent mark-sweep generation total 393216K, used 7404K [0x00000000dda00000, 0x00000000f5a00000, 0x00000000f5a00000)
 concurrent-mark-sweep perm gen total 31232K, used 31127K [0x00000000f5a00000, 0x00000000f7880000, 0x0000000100000000)
2015-11-12T14:02:15.116-0600: 20.962: [GC2015-11-12T14:02:15.116-0600: 20.962: [ParNew
Desired survivor size 20112992 bytes, new threshold 8 (max 8)
- age   1:    5556080 bytes,    5556080 total
- age   2:     120336 bytes,    5676416 total
- age   3:      70344 bytes,    5746760 total
- age   4:      70800 bytes,    5817560 total
- age   5:     131720 bytes,    5949280 total
- age   6:    1767456 bytes,    7716736 total
- age   7:    2426272 bytes,   10143008 total
- age   8:     250784 bytes,   10393792 total
: 100022K->12808K(109248K), 0.0210860 secs] 107426K->20299K(502464K), 0.0213000 secs] [Times: user=0.07 sys=0.00, real=0.02 secs] 
Heap after GC invocations=14 (full 0):
 par new generation   total 109248K, used 12808K [0x00000000d5a00000, 0x00000000dda00000, 0x00000000dda00000)
  eden space 87424K,   0% used [0x00000000d5a00000, 0x00000000d5a00000, 0x00000000daf60000)
  from space 21824K,  58% used [0x00000000daf60000, 0x00000000dbbe2080, 0x00000000dc4b0000)
  to   space 21824K,   0% used [0x00000000dc4b0000, 0x00000000dc4b0000, 0x00000000dda00000)
 concurrent mark-sweep generation total 393216K, used 7491K [0x00000000dda00000, 0x00000000f5a00000, 0x00000000f5a00000)
 concurrent-mark-sweep perm gen total 31232K, used 31127K [0x00000000f5a00000, 0x00000000f7880000, 0x0000000100000000)
}
2015-11-12T14:02:15.137-0600: 20.984: Total time for which application threads were stopped: 0.0216260 seconds, Stopping threads took: 0.0000820 seconds
2015-11-12T14:02:15.142-0600: 20.989: Total time for which application threads were stopped: 0.0001970 seconds, Stopping threads took: 0.0001080 seconds
2015-11-12T14:02:15.288-0600: 21.135: Total time for which application threads were stopped: 0.0022740 seconds, Stopping threads took: 0.0021950 seconds
{Heap before GC invocations=14 (full 0):
 par new generation   total 109248K, used 100232K [0x00000000d5a00000, 0x00000000dda00000, 0x00000000dda00000)
  eden space 87424K, 100% used [0x00000000d5a00000, 0x00000000daf60000, 0x00000000daf60000)
  from space 21824K,  58% used [0x00000000daf60000, 0x00000000dbbe2080, 0x00000000dc4b0000)
  to   space 21824K,   0% used [0x00000000dc4b0000, 0x00000000dc4b0000, 0x00000000dda00000)
 concurrent mark-sweep generation total 393216K, used 7491K [0x00000000dda00000, 0x00000000f5a00000, 0x00000000f5a00000)
 concurrent-mark-sweep perm gen total 31232K, used 31152K [0x00000000f5a00000, 0x00000000f7880000, 0x0000000100000000)
2015-11-12T14:02:15.374-0600: 21.221: [GC2015-11-12T14:02:15.374-0600: 21.221: [ParNew
Desired survivor size 20112992 bytes, new threshold 8 (max 8)
- age   1:    1941464 bytes,    1941464 total
- age   2:    5047360 bytes,    6988824 total
- age   3:     120336 bytes,    7109160 total
- age   4:      70344 bytes,    7179504 total
- age   5:      70800 bytes,    7250304 total
- age   6:     131720 bytes,    7382024 total
- age   7:    1767304 bytes,    9149328 total
- age   8:    2413824 bytes,   11563152 total
: 100232K->18071K(109248K), 0.0303090 secs] 107723K->25816K(502464K), 0.0305000 secs] [Times: user=0.08 sys=0.00, real=0.03 secs] 
Heap after GC invocations=15 (full 0):
 par new generation   total 109248K, used 18071K [0x00000000d5a00000, 0x00000000dda00000, 0x00000000dda00000)
  eden space 87424K,   0% used [0x00000000d5a00000, 0x00000000d5a00000, 0x00000000daf60000)
  from space 21824K,  82% used [0x00000000dc4b0000, 0x00000000dd655e80, 0x00000000dda00000)
  to   space 21824K,   0% used [0x00000000daf60000, 0x00000000daf60000, 0x00000000dc4b0000)
 concurrent mark-sweep generation total 393216K, used 7744K [0x00000000dda00000, 0x00000000f5a00000, 0x00000000f5a00000)
 concurrent-mark-sweep perm gen total 31232K, used 31152K [0x00000000f5a00000, 0x00000000f7880000, 0x0000000100000000)
}
2015-11-12T14:02:15.405-0600: 21.251: Total time for which application threads were stopped: 0.0348750 seconds, Stopping threads took: 0.0041380 seconds
2015-11-12T14:02:15.406-0600: 21.252: Total time for which application threads were stopped: 0.0001440 seconds, Stopping threads took: 0.0000660 seconds
2015-11-12T14:02:15.406-0600: 21.253: Total time for which application threads were stopped: 0.0000800 seconds, Stopping threads took: 0.0000200 seconds
{Heap before GC invocations=15 (full 0):
 par new generation   total 109248K, used 105475K [0x00000000d5a00000, 0x00000000dda00000, 0x00000000dda00000)
  eden space 87424K,  99% used [0x00000000d5a00000, 0x00000000daf5adb0, 0x00000000daf60000)
  from space 21824K,  82% used [0x00000000dc4b0000, 0x00000000dd655e80, 0x00000000dda00000)
  to   space 21824K,   0% used [0x00000000daf60000, 0x00000000daf60000, 0x00000000dc4b0000)
 concurrent mark-sweep generation total 393216K, used 7744K [0x00000000dda00000, 0x00000000f5a00000, 0x00000000f5a00000)
 concurrent-mark-sweep perm gen total 31232K, used 31165K [0x00000000f5a00000, 0x00000000f7880000, 0x0000000100000000)
2015-11-12T14:02:15.570-0600: 21.416: [GC2015-11-12T14:02:15.570-0600: 21.417: [ParNew
Desired survivor size 20112992 bytes, new threshold 8 (max 8)
- age   1:     974528 bytes,     974528 total
- age   2:    1588152 bytes,    2562680 total
- age   3:    5035920 bytes,    7598600 total
- age   4:     120336 bytes,    7718936 total
- age   5:      70344 bytes,    7789280 total
- age   6:      70800 bytes,    7860080 total
- age   7:     131720 bytes,    7991800 total
- age   8:    1767304 bytes,    9759104 total
: 105475K->12705K(109248K), 0.0694820 secs] 113219K->22835K(502464K), 0.0696520 secs] [Times: user=0.15 sys=0.01, real=0.07 secs] 
Heap after GC invocations=16 (full 0):
 par new generation   total 109248K, used 12705K [0x00000000d5a00000, 0x00000000dda00000, 0x00000000dda00000)
  eden space 87424K,   0% used [0x00000000d5a00000, 0x00000000d5a00000, 0x00000000daf60000)
  from space 21824K,  58% used [0x00000000daf60000, 0x00000000dbbc8400, 0x00000000dc4b0000)
  to   space 21824K,   0% used [0x00000000dc4b0000, 0x00000000dc4b0000, 0x00000000dda00000)
 concurrent mark-sweep generation total 393216K, used 10130K [0x00000000dda00000, 0x00000000f5a00000, 0x00000000f5a00000)
 concurrent-mark-sweep perm gen total 31232K, used 31165K [0x00000000f5a00000, 0x00000000f7880000, 0x0000000100000000)
}
2015-11-12T14:02:15.640-0600: 21.486: Total time for which application threads were stopped: 0.0699980 seconds, Stopping threads took: 0.0000350 seconds
2015-11-12T14:02:15.648-0600: 21.495: Total time for which application threads were stopped: 0.0001410 seconds, Stopping threads took: 0.0000450 seconds
{Heap before GC invocations=16 (full 0):
 par new generation   total 109248K, used 100129K [0x00000000d5a00000, 0x00000000dda00000, 0x00000000dda00000)
  eden space 87424K, 100% used [0x00000000d5a00000, 0x00000000daf60000, 0x00000000daf60000)
  from space 21824K,  58% used [0x00000000daf60000, 0x00000000dbbc8400, 0x00000000dc4b0000)
  to   space 21824K,   0% used [0x00000000dc4b0000, 0x00000000dc4b0000, 0x00000000dda00000)
 concurrent mark-sweep generation total 393216K, used 10130K [0x00000000dda00000, 0x00000000f5a00000, 0x00000000f5a00000)
 concurrent-mark-sweep perm gen total 31232K, used 31173K [0x00000000f5a00000, 0x00000000f7880000, 0x0000000100000000)
2015-11-12T14:02:15.782-0600: 21.629: [GC2015-11-12T14:02:15.783-0600: 21.629: [ParNew
Desired survivor size 20112992 bytes, new threshold 8 (max 8)
- age   1:     554208 bytes,     554208 total
- age   2:     789512 bytes,    1343720 total
- age   3:    1578328 bytes,    2922048 total
- age   4:    5035920 bytes,    7957968 total
- age   5:     120336 bytes,    8078304 total
- age   6:      70344 bytes,    8148648 total
- age   7:      70800 bytes,    8219448 total
- age   8:     131720 bytes,    8351168 total
: 100129K->12111K(109248K), 0.0354540 secs] 110259K->24020K(502464K), 0.0356830 secs] [Times: user=0.08 sys=0.00, real=0.03 secs] 
Heap after GC invocations=17 (full 0):
 par new generation   total 109248K, used 12111K [0x00000000d5a00000, 0x00000000dda00000, 0x00000000dda00000)
  eden space 87424K,   0% used [0x00000000d5a00000, 0x00000000d5a00000, 0x00000000daf60000)
  from space 21824K,  55% used [0x00000000dc4b0000, 0x00000000dd083c10, 0x00000000dda00000)
  to   space 21824K,   0% used [0x00000000daf60000, 0x00000000daf60000, 0x00000000dc4b0000)
 concurrent mark-sweep generation total 393216K, used 11909K [0x00000000dda00000, 0x00000000f5a00000, 0x00000000f5a00000)
 concurrent-mark-sweep perm gen total 31232K, used 31173K [0x00000000f5a00000, 0x00000000f7880000, 0x0000000100000000)
}
2015-11-12T14:02:15.818-0600: 21.665: Total time for which application threads were stopped: 0.0369050 seconds, Stopping threads took: 0.0009690 seconds
{Heap before GC invocations=17 (full 0):
 par new generation   total 109248K, used 99535K [0x00000000d5a00000, 0x00000000dda00000, 0x00000000dda00000)
  eden space 87424K, 100% used [0x00000000d5a00000, 0x00000000daf60000, 0x00000000daf60000)
  from space 21824K,  55% used [0x00000000dc4b0000, 0x00000000dd083c10, 0x00000000dda00000)
  to   space 21824K,   0% used [0x00000000daf60000, 0x00000000daf60000, 0x00000000dc4b0000)
 concurrent mark-sweep generation total 393216K, used 11909K [0x00000000dda00000, 0x00000000f5a00000, 0x00000000f5a00000)
 concurrent-mark-sweep perm gen total 31232K, used 31176K [0x00000000f5a00000, 0x00000000f7880000, 0x0000000100000000)
2015-11-12T14:02:15.968-0600: 21.814: [GC2015-11-12T14:02:15.968-0600: 21.814: [ParNew
Desired survivor size 20112992 bytes, new threshold 8 (max 8)
- age   1:     728088 bytes,     728088 total
- age   2:      78232 bytes,     806320 total
- age   3:     789512 bytes,    1595832 total
- age   4:    1578328 bytes,    3174160 total
- age   5:    5035920 bytes,    8210080 total
- age   6:     120336 bytes,    8330416 total
- age   7:      70344 bytes,    8400760 total
- age   8:      70800 bytes,    8471560 total
: 99535K->10673K(109248K), 0.0313240 secs] 111444K->22713K(502464K), 0.0314850 secs] [Times: user=0.07 sys=0.01, real=0.03 secs] 
Heap after GC invocations=18 (full 0):
 par new generation   total 109248K, used 10673K [0x00000000d5a00000, 0x00000000dda00000, 0x00000000dda00000)
  eden space 87424K,   0% used [0x00000000d5a00000, 0x00000000d5a00000, 0x00000000daf60000)
  from space 21824K,  48% used [0x00000000daf60000, 0x00000000db9cc610, 0x00000000dc4b0000)
  to   space 21824K,   0% used [0x00000000dc4b0000, 0x00000000dc4b0000, 0x00000000dda00000)
 concurrent mark-sweep generation total 393216K, used 12039K [0x00000000dda00000, 0x00000000f5a00000, 0x00000000f5a00000)
 concurrent-mark-sweep perm gen total 31232K, used 31176K [0x00000000f5a00000, 0x00000000f7880000, 0x0000000100000000)
}
2015-11-12T14:02:15.999-0600: 21.846: Total time for which application threads were stopped: 0.0317700 seconds, Stopping threads took: 0.0000690 seconds
2015-11-12T14:02:16.308-0600: 22.155: Total time for which application threads were stopped: 0.0002830 seconds, Stopping threads took: 0.0000590 seconds
2015-11-12T14:02:16.326-0600: 22.173: Total time for which application threads were stopped: 0.0008800 seconds, Stopping threads took: 0.0008020 seconds
2015-11-12T14:02:16.344-0600: 22.190: Total time for which application threads were stopped: 0.0001170 seconds, Stopping threads took: 0.0000370 seconds
2015-11-12T14:02:16.344-0600: 22.191: Total time for which application threads were stopped: 0.0001030 seconds, Stopping threads took: 0.0000470 seconds
2015-11-12T14:02:16.344-0600: 22.191: Total time for which application threads were stopped: 0.0000830 seconds, Stopping threads took: 0.0000350 seconds
2015-11-12T14:02:16.345-0600: 22.191: Total time for which application threads were stopped: 0.0001050 seconds, Stopping threads took: 0.0000460 seconds
2015-11-12T14:02:16.345-0600: 22.192: Total time for which application threads were stopped: 0.0000850 seconds, Stopping threads took: 0.0000360 seconds
2015-11-12T14:02:16.345-0600: 22.192: Total time for which application threads were stopped: 0.0000610 seconds, Stopping threads took: 0.0000170 seconds
2015-11-12T14:02:16.368-0600: 22.214: Total time for which application threads were stopped: 0.0032270 seconds, Stopping threads took: 0.0031570 seconds
2015-11-12T14:02:16.370-0600: 22.217: Total time for which application threads were stopped: 0.0022420 seconds, Stopping threads took: 0.0021920 seconds
2015-11-12T14:02:16.370-0600: 22.217: Total time for which application threads were stopped: 0.0002190 seconds, Stopping threads took: 0.0001850 seconds
2015-11-12T14:02:16.370-0600: 22.217: Total time for which application threads were stopped: 0.0000730 seconds, Stopping threads took: 0.0000350 seconds
2015-11-12T14:02:16.371-0600: 22.217: Total time for which application threads were stopped: 0.0000750 seconds, Stopping threads took: 0.0000230 seconds
2015-11-12T14:02:16.374-0600: 22.221: Total time for which application threads were stopped: 0.0001620 seconds, Stopping threads took: 0.0000940 seconds
2015-11-12T14:02:16.375-0600: 22.221: Total time for which application threads were stopped: 0.0000960 seconds, Stopping threads took: 0.0000550 seconds
2015-11-12T14:02:16.375-0600: 22.221: Total time for which application threads were stopped: 0.0000640 seconds, Stopping threads took: 0.0000280 seconds
2015-11-12T14:02:16.375-0600: 22.221: Total time for which application threads were stopped: 0.0000630 seconds, Stopping threads took: 0.0000290 seconds
2015-11-12T14:02:16.375-0600: 22.221: Total time for which application threads were stopped: 0.0000770 seconds, Stopping threads took: 0.0000320 seconds
2015-11-12T14:02:16.375-0600: 22.221: Total time for which application threads were stopped: 0.0000560 seconds, Stopping threads took: 0.0000160 seconds
2015-11-12T14:02:16.375-0600: 22.222: Total time for which application threads were stopped: 0.0000670 seconds, Stopping threads took: 0.0000260 seconds
2015-11-12T14:02:16.375-0600: 22.222: Total time for which application threads were stopped: 0.0000650 seconds, Stopping threads took: 0.0000270 seconds
2015-11-12T14:02:16.375-0600: 22.222: Total time for which application threads were stopped: 0.0000620 seconds, Stopping threads took: 0.0000270 seconds
2015-11-12T14:02:16.375-0600: 22.222: Total time for which application threads were stopped: 0.0000680 seconds, Stopping threads took: 0.0000320 seconds
2015-11-12T14:02:16.375-0600: 22.222: Total time for which application threads were stopped: 0.0000750 seconds, Stopping threads took: 0.0000420 seconds
2015-11-12T14:02:16.376-0600: 22.222: Total time for which application threads were stopped: 0.0000680 seconds, Stopping threads took: 0.0000340 seconds
2015-11-12T14:02:16.376-0600: 22.222: Total time for which application threads were stopped: 0.0000640 seconds, Stopping threads took: 0.0000270 seconds
2015-11-12T14:02:16.376-0600: 22.222: Total time for which application threads were stopped: 0.0002040 seconds, Stopping threads took: 0.0001720 seconds
2015-11-12T14:02:16.376-0600: 22.223: Total time for which application threads were stopped: 0.0002120 seconds, Stopping threads took: 0.0000720 seconds
2015-11-12T14:02:16.391-0600: 22.238: Total time for which application threads were stopped: 0.0001600 seconds, Stopping threads took: 0.0000820 seconds
2015-11-12T14:02:16.391-0600: 22.238: Total time for which application threads were stopped: 0.0001050 seconds, Stopping threads took: 0.0000490 seconds
2015-11-12T14:02:16.402-0600: 22.249: Total time for which application threads were stopped: 0.0037350 seconds, Stopping threads took: 0.0036450 seconds
2015-11-12T14:02:16.406-0600: 22.252: Total time for which application threads were stopped: 0.0000820 seconds, Stopping threads took: 0.0000250 seconds
2015-11-12T14:02:16.406-0600: 22.253: Total time for which application threads were stopped: 0.0000650 seconds, Stopping threads took: 0.0000230 seconds
2015-11-12T14:02:16.409-0600: 22.256: Total time for which application threads were stopped: 0.0000690 seconds, Stopping threads took: 0.0000190 seconds
2015-11-12T14:02:16.423-0600: 22.270: Total time for which application threads were stopped: 0.0000740 seconds, Stopping threads took: 0.0000300 seconds
2015-11-12T14:02:16.423-0600: 22.270: Total time for which application threads were stopped: 0.0000420 seconds, Stopping threads took: 0.0000100 seconds
2015-11-12T14:02:16.424-0600: 22.270: Total time for which application threads were stopped: 0.0000560 seconds, Stopping threads took: 0.0000350 seconds
2015-11-12T14:02:16.424-0600: 22.270: Total time for which application threads were stopped: 0.0000560 seconds, Stopping threads took: 0.0000350 seconds
2015-11-12T14:02:16.424-0600: 22.270: Total time for which application threads were stopped: 0.0000540 seconds, Stopping threads took: 0.0000330 seconds
2015-11-12T14:02:16.424-0600: 22.271: Total time for which application threads were stopped: 0.0000530 seconds, Stopping threads took: 0.0000320 seconds
2015-11-12T14:02:16.435-0600: 22.282: Total time for which application threads were stopped: 0.0000860 seconds, Stopping threads took: 0.0000270 seconds
2015-11-12T14:02:16.449-0600: 22.296: Total time for which application threads were stopped: 0.0000750 seconds, Stopping threads took: 0.0000280 seconds
2015-11-12T14:02:16.449-0600: 22.296: Total time for which application threads were stopped: 0.0000370 seconds, Stopping threads took: 0.0000120 seconds
2015-11-12T14:02:16.454-0600: 22.300: Total time for which application threads were stopped: 0.0000650 seconds, Stopping threads took: 0.0000240 seconds
2015-11-12T14:02:17.031-0600: 22.878: Total time for which application threads were stopped: 0.0004400 seconds, Stopping threads took: 0.0000670 seconds
2015-11-12T14:02:19.513-0600: 25.360: Total time for which application threads were stopped: 0.0001920 seconds, Stopping threads took: 0.0000370 seconds
2015-11-12T14:02:19.513-0600: 25.360: Total time for which application threads were stopped: 0.0000730 seconds, Stopping threads took: 0.0000160 seconds
2015-11-12T14:02:19.514-0600: 25.361: Total time for which application threads were stopped: 0.0000970 seconds, Stopping threads took: 0.0000570 seconds
2015-11-12T14:02:19.516-0600: 25.363: Total time for which application threads were stopped: 0.0001960 seconds, Stopping threads took: 0.0000350 seconds
2015-11-12T14:02:19.528-0600: 25.374: Total time for which application threads were stopped: 0.0000760 seconds, Stopping threads took: 0.0000300 seconds
2015-11-12T14:02:19.528-0600: 25.375: Total time for which application threads were stopped: 0.0000620 seconds, Stopping threads took: 0.0000260 seconds
2015-11-12T14:02:19.549-0600: 25.395: Total time for which application threads were stopped: 0.0000690 seconds, Stopping threads took: 0.0000190 seconds
2015-11-12T14:02:20.473-0600: 26.319: Total time for which application threads were stopped: 0.0005110 seconds, Stopping threads took: 0.0000690 seconds
2015-11-12T14:02:20.478-0600: 26.324: Total time for which application threads were stopped: 0.0002840 seconds, Stopping threads took: 0.0000620 seconds
2015-11-12T14:02:20.481-0600: 26.327: Total time for which application threads were stopped: 0.0001610 seconds, Stopping threads took: 0.0000490 seconds
2015-11-12T14:02:20.482-0600: 26.328: Total time for which application threads were stopped: 0.0001220 seconds, Stopping threads took: 0.0000400 seconds
2015-11-12T14:02:20.483-0600: 26.329: Total time for which application threads were stopped: 0.0001370 seconds, Stopping threads took: 0.0000380 seconds
2015-11-12T14:02:51.883-0600: 57.729: Total time for which application threads were stopped: 0.0042900 seconds, Stopping threads took: 0.0040000 seconds
2015-11-12T14:02:51.898-0600: 57.744: Total time for which application threads were stopped: 0.0001060 seconds, Stopping threads took: 0.0000290 seconds
2015-11-12T14:02:51.947-0600: 57.794: Total time for which application threads were stopped: 0.0001530 seconds, Stopping threads took: 0.0000600 seconds
2015-11-12T14:02:51.989-0600: 57.836: Total time for which application threads were stopped: 0.0002000 seconds, Stopping threads took: 0.0001100 seconds
{Heap before GC invocations=18 (full 0):
 par new generation   total 109248K, used 98097K [0x00000000d5a00000, 0x00000000dda00000, 0x00000000dda00000)
  eden space 87424K, 100% used [0x00000000d5a00000, 0x00000000daf60000, 0x00000000daf60000)
  from space 21824K,  48% used [0x00000000daf60000, 0x00000000db9cc610, 0x00000000dc4b0000)
  to   space 21824K,   0% used [0x00000000dc4b0000, 0x00000000dc4b0000, 0x00000000dda00000)
 concurrent mark-sweep generation total 393216K, used 12039K [0x00000000dda00000, 0x00000000f5a00000, 0x00000000f5a00000)
 concurrent-mark-sweep perm gen total 32000K, used 31868K [0x00000000f5a00000, 0x00000000f7940000, 0x0000000100000000)
2015-11-12T14:02:52.017-0600: 57.863: [GC2015-11-12T14:02:52.017-0600: 57.863: [ParNew
Desired survivor size 20112992 bytes, new threshold 8 (max 8)
- age   1:    5186192 bytes,    5186192 total
- age   2:      75192 bytes,    5261384 total
- age   3:      77128 bytes,    5338512 total
- age   4:     107264 bytes,    5445776 total
- age   5:     770000 bytes,    6215776 total
- age   6:    1836352 bytes,    8052128 total
- age   7:     120336 bytes,    8172464 total
- age   8:      70344 bytes,    8242808 total
: 98097K->9381K(109248K), 0.0163510 secs] 110137K->21493K(502464K), 0.0165460 secs] [Times: user=0.06 sys=0.00, real=0.02 secs] 
Heap after GC invocations=19 (full 0):
 par new generation   total 109248K, used 9381K [0x00000000d5a00000, 0x00000000dda00000, 0x00000000dda00000)
  eden space 87424K,   0% used [0x00000000d5a00000, 0x00000000d5a00000, 0x00000000daf60000)
  from space 21824K,  42% used [0x00000000dc4b0000, 0x00000000dcdd97c0, 0x00000000dda00000)
  to   space 21824K,   0% used [0x00000000daf60000, 0x00000000daf60000, 0x00000000dc4b0000)
 concurrent mark-sweep generation total 393216K, used 12111K [0x00000000dda00000, 0x00000000f5a00000, 0x00000000f5a00000)
 concurrent-mark-sweep perm gen total 32000K, used 31868K [0x00000000f5a00000, 0x00000000f7940000, 0x0000000100000000)
}
2015-11-12T14:02:52.033-0600: 57.880: Total time for which application threads were stopped: 0.0167790 seconds, Stopping threads took: 0.0000310 seconds
2015-11-12T14:02:52.137-0600: 57.983: Total time for which application threads were stopped: 0.0002290 seconds, Stopping threads took: 0.0000950 seconds
2015-11-12T14:02:52.138-0600: 57.984: Total time for which application threads were stopped: 0.0004520 seconds, Stopping threads took: 0.0003650 seconds
2015-11-12T14:02:52.167-0600: 58.014: Total time for which application threads were stopped: 0.0022870 seconds, Stopping threads took: 0.0022060 seconds
2015-11-12T14:02:52.170-0600: 58.017: Total time for which application threads were stopped: 0.0028490 seconds, Stopping threads took: 0.0027920 seconds
2015-11-12T14:02:52.310-0600: 58.157: Total time for which application threads were stopped: 0.0171960 seconds, Stopping threads took: 0.0171200 seconds
2015-11-12T14:02:52.461-0600: 58.307: Total time for which application threads were stopped: 0.0145100 seconds, Stopping threads took: 0.0140670 seconds
2015-11-12T14:02:52.514-0600: 58.361: Total time for which application threads were stopped: 0.0086270 seconds, Stopping threads took: 0.0085270 seconds
2015-11-12T14:02:52.538-0600: 58.385: Total time for which application threads were stopped: 0.0202840 seconds, Stopping threads took: 0.0201620 seconds
2015-11-12T14:02:52.544-0600: 58.391: Total time for which application threads were stopped: 0.0010610 seconds, Stopping threads took: 0.0009410 seconds
{Heap before GC invocations=19 (full 0):
 par new generation   total 109248K, used 96805K [0x00000000d5a00000, 0x00000000dda00000, 0x00000000dda00000)
  eden space 87424K, 100% used [0x00000000d5a00000, 0x00000000daf60000, 0x00000000daf60000)
  from space 21824K,  42% used [0x00000000dc4b0000, 0x00000000dcdd97c0, 0x00000000dda00000)
  to   space 21824K,   0% used [0x00000000daf60000, 0x00000000daf60000, 0x00000000dc4b0000)
 concurrent mark-sweep generation total 393216K, used 12111K [0x00000000dda00000, 0x00000000f5a00000, 0x00000000f5a00000)
 concurrent-mark-sweep perm gen total 32576K, used 32397K [0x00000000f5a00000, 0x00000000f79d0000, 0x0000000100000000)
2015-11-12T14:02:52.750-0600: 58.596: [GC2015-11-12T14:02:52.750-0600: 58.596: [ParNew
Desired survivor size 20112992 bytes, new threshold 8 (max 8)
- age   1:    8119792 bytes,    8119792 total
- age   2:    4416256 bytes,   12536048 total
- age   3:      75192 bytes,   12611240 total
- age   4:      77128 bytes,   12688368 total
- age   5:     107112 bytes,   12795480 total
- age   6:     770000 bytes,   13565480 total
- age   7:    1823904 bytes,   15389384 total
- age   8:     120336 bytes,   15509720 total
: 96805K->19875K(109248K), 0.0936650 secs] 108917K->32057K(502464K), 0.0938850 secs] [Times: user=0.13 sys=0.01, real=0.10 secs] 
Heap after GC invocations=20 (full 0):
 par new generation   total 109248K, used 19875K [0x00000000d5a00000, 0x00000000dda00000, 0x00000000dda00000)
  eden space 87424K,   0% used [0x00000000d5a00000, 0x00000000d5a00000, 0x00000000daf60000)
  from space 21824K,  91% used [0x00000000daf60000, 0x00000000dc2c8ca0, 0x00000000dc4b0000)
  to   space 21824K,   0% used [0x00000000dc4b0000, 0x00000000dc4b0000, 0x00000000dda00000)
 concurrent mark-sweep generation total 393216K, used 12181K [0x00000000dda00000, 0x00000000f5a00000, 0x00000000f5a00000)
 concurrent-mark-sweep perm gen total 32576K, used 32397K [0x00000000f5a00000, 0x00000000f79d0000, 0x0000000100000000)
}
2015-11-12T14:02:52.844-0600: 58.690: Total time for which application threads were stopped: 0.1187670 seconds, Stopping threads took: 0.0245450 seconds
{Heap before GC invocations=20 (full 0):
 par new generation   total 109248K, used 107299K [0x00000000d5a00000, 0x00000000dda00000, 0x00000000dda00000)
  eden space 87424K, 100% used [0x00000000d5a00000, 0x00000000daf60000, 0x00000000daf60000)
  from space 21824K,  91% used [0x00000000daf60000, 0x00000000dc2c8ca0, 0x00000000dc4b0000)
  to   space 21824K,   0% used [0x00000000dc4b0000, 0x00000000dc4b0000, 0x00000000dda00000)
 concurrent mark-sweep generation total 393216K, used 12181K [0x00000000dda00000, 0x00000000f5a00000, 0x00000000f5a00000)
 concurrent-mark-sweep perm gen total 32576K, used 32429K [0x00000000f5a00000, 0x00000000f79d0000, 0x0000000100000000)
2015-11-12T14:02:53.082-0600: 58.929: [GC2015-11-12T14:02:53.082-0600: 58.929: [ParNew
Desired survivor size 20112992 bytes, new threshold 8 (max 8)
- age   1:     752840 bytes,     752840 total
- age   2:    6941488 bytes,    7694328 total
- age   3:    4416256 bytes,   12110584 total
- age   4:      75192 bytes,   12185776 total
- age   5:      77128 bytes,   12262904 total
- age   6:     107112 bytes,   12370016 total
- age   7:     770000 bytes,   13140016 total
- age   8:    1823904 bytes,   14963920 total
: 107299K->15443K(109248K), 0.0679660 secs] 119481K->27745K(502464K), 0.0681830 secs] [Times: user=0.11 sys=0.00, real=0.07 secs] 
Heap after GC invocations=21 (full 0):
 par new generation   total 109248K, used 15443K [0x00000000d5a00000, 0x00000000dda00000, 0x00000000dda00000)
  eden space 87424K,   0% used [0x00000000d5a00000, 0x00000000d5a00000, 0x00000000daf60000)
  from space 21824K,  70% used [0x00000000dc4b0000, 0x00000000dd3c4e10, 0x00000000dda00000)
  to   space 21824K,   0% used [0x00000000daf60000, 0x00000000daf60000, 0x00000000dc4b0000)
 concurrent mark-sweep generation total 393216K, used 12301K [0x00000000dda00000, 0x00000000f5a00000, 0x00000000f5a00000)
 concurrent-mark-sweep perm gen total 32576K, used 32429K [0x00000000f5a00000, 0x00000000f79d0000, 0x0000000100000000)
}
2015-11-12T14:02:53.151-0600: 58.997: Total time for which application threads were stopped: 0.0764100 seconds, Stopping threads took: 0.0077500 seconds
2015-11-12T14:02:53.260-0600: 59.107: Total time for which application threads were stopped: 0.0050720 seconds, Stopping threads took: 0.0049700 seconds
2015-11-12T14:02:53.346-0600: 59.193: Total time for which application threads were stopped: 0.0096310 seconds, Stopping threads took: 0.0094500 seconds
{Heap before GC invocations=21 (full 0):
 par new generation   total 109248K, used 102867K [0x00000000d5a00000, 0x00000000dda00000, 0x00000000dda00000)
  eden space 87424K, 100% used [0x00000000d5a00000, 0x00000000daf60000, 0x00000000daf60000)
  from space 21824K,  70% used [0x00000000dc4b0000, 0x00000000dd3c4e10, 0x00000000dda00000)
  to   space 21824K,   0% used [0x00000000daf60000, 0x00000000daf60000, 0x00000000dc4b0000)
 concurrent mark-sweep generation total 393216K, used 12301K [0x00000000dda00000, 0x00000000f5a00000, 0x00000000f5a00000)
 concurrent-mark-sweep perm gen total 32576K, used 32539K [0x00000000f5a00000, 0x00000000f79d0000, 0x0000000100000000)
2015-11-12T14:02:53.446-0600: 59.293: [GC2015-11-12T14:02:53.447-0600: 59.293: [ParNew
Desired survivor size 20112992 bytes, new threshold 8 (max 8)
- age   1:    1633864 bytes,    1633864 total
- age   2:      78472 bytes,    1712336 total
- age   3:    6937368 bytes,    8649704 total
- age   4:    4326384 bytes,   12976088 total
- age   5:      75192 bytes,   13051280 total
- age   6:      77128 bytes,   13128408 total
- age   7:     107112 bytes,   13235520 total
- age   8:     770000 bytes,   14005520 total
: 102867K->18655K(109248K), 0.0641970 secs] 115169K->32752K(502464K), 0.0644030 secs] [Times: user=0.11 sys=0.00, real=0.07 secs] 
Heap after GC invocations=22 (full 0):
 par new generation   total 109248K, used 18655K [0x00000000d5a00000, 0x00000000dda00000, 0x00000000dda00000)
  eden space 87424K,   0% used [0x00000000d5a00000, 0x00000000d5a00000, 0x00000000daf60000)
  from space 21824K,  85% used [0x00000000daf60000, 0x00000000dc197e50, 0x00000000dc4b0000)
  to   space 21824K,   0% used [0x00000000dc4b0000, 0x00000000dc4b0000, 0x00000000dda00000)
 concurrent mark-sweep generation total 393216K, used 14096K [0x00000000dda00000, 0x00000000f5a00000, 0x00000000f5a00000)
 concurrent-mark-sweep perm gen total 32576K, used 32539K [0x00000000f5a00000, 0x00000000f79d0000, 0x0000000100000000)
}
2015-11-12T14:02:53.511-0600: 59.357: Total time for which application threads were stopped: 0.0647330 seconds, Stopping threads took: 0.0000910 seconds
{Heap before GC invocations=22 (full 0):
 par new generation   total 109248K, used 106079K [0x00000000d5a00000, 0x00000000dda00000, 0x00000000dda00000)
  eden space 87424K, 100% used [0x00000000d5a00000, 0x00000000daf60000, 0x00000000daf60000)
  from space 21824K,  85% used [0x00000000daf60000, 0x00000000dc197e50, 0x00000000dc4b0000)
  to   space 21824K,   0% used [0x00000000dc4b0000, 0x00000000dc4b0000, 0x00000000dda00000)
 concurrent mark-sweep generation total 393216K, used 14096K [0x00000000dda00000, 0x00000000f5a00000, 0x00000000f5a00000)
 concurrent-mark-sweep perm gen total 32576K, used 32550K [0x00000000f5a00000, 0x00000000f79d0000, 0x0000000100000000)
2015-11-12T14:02:53.857-0600: 59.704: [GC2015-11-12T14:02:53.857-0600: 59.704: [ParNew
Desired survivor size 20112992 bytes, new threshold 8 (max 8)
- age   1:     963304 bytes,     963304 total
- age   2:     193104 bytes,    1156408 total
- age   3:      77872 bytes,    1234280 total
- age   4:    6934576 bytes,    8168856 total
- age   5:    4318072 bytes,   12486928 total
- age   6:      75192 bytes,   12562120 total
- age   7:      77128 bytes,   12639248 total
- age   8:     107112 bytes,   12746360 total
: 106079K->18059K(109248K), 0.1502070 secs] 120176K->32912K(502464K), 0.1504060 secs] [Times: user=0.21 sys=0.00, real=0.15 secs] 
Heap after GC invocations=23 (full 0):
 par new generation   total 109248K, used 18059K [0x00000000d5a00000, 0x00000000dda00000, 0x00000000dda00000)
  eden space 87424K,   0% used [0x00000000d5a00000, 0x00000000d5a00000, 0x00000000daf60000)
  from space 21824K,  82% used [0x00000000dc4b0000, 0x00000000dd652f90, 0x00000000dda00000)
  to   space 21824K,   0% used [0x00000000daf60000, 0x00000000daf60000, 0x00000000dc4b0000)
 concurrent mark-sweep generation total 393216K, used 14852K [0x00000000dda00000, 0x00000000f5a00000, 0x00000000f5a00000)
 concurrent-mark-sweep perm gen total 32576K, used 32550K [0x00000000f5a00000, 0x00000000f79d0000, 0x0000000100000000)
}
2015-11-12T14:02:54.008-0600: 59.854: Total time for which application threads were stopped: 0.1508270 seconds, Stopping threads took: 0.0000570 seconds
{Heap before GC invocations=23 (full 0):
 par new generation   total 109248K, used 105483K [0x00000000d5a00000, 0x00000000dda00000, 0x00000000dda00000)
  eden space 87424K, 100% used [0x00000000d5a00000, 0x00000000daf60000, 0x00000000daf60000)
  from space 21824K,  82% used [0x00000000dc4b0000, 0x00000000dd652f90, 0x00000000dda00000)
  to   space 21824K,   0% used [0x00000000daf60000, 0x00000000daf60000, 0x00000000dc4b0000)
 concurrent mark-sweep generation total 393216K, used 14852K [0x00000000dda00000, 0x00000000f5a00000, 0x00000000f5a00000)
 concurrent-mark-sweep perm gen total 32768K, used 32557K [0x00000000f5a00000, 0x00000000f7a00000, 0x0000000100000000)
2015-11-12T14:02:54.489-0600: 60.335: [GC2015-11-12T14:02:54.489-0600: 60.336: [ParNew
Desired survivor size 20112992 bytes, new threshold 8 (max 8)
- age   1:    1163056 bytes,    1163056 total
- age   2:     129240 bytes,    1292296 total
- age   3:     192648 bytes,    1484944 total
- age   4:      77872 bytes,    1562816 total
- age   5:    6934576 bytes,    8497392 total
- age   6:    4318072 bytes,   12815464 total
- age   7:      75192 bytes,   12890656 total
- age   8:      77128 bytes,   12967784 total
: 105483K->15174K(109248K), 0.0576880 secs] 120336K->30133K(502464K), 0.0583030 secs] [Times: user=0.10 sys=0.00, real=0.06 secs] 
Heap after GC invocations=24 (full 0):
 par new generation   total 109248K, used 15174K [0x00000000d5a00000, 0x00000000dda00000, 0x00000000dda00000)
  eden space 87424K,   0% used [0x00000000d5a00000, 0x00000000d5a00000, 0x00000000daf60000)
  from space 21824K,  69% used [0x00000000daf60000, 0x00000000dbe31970, 0x00000000dc4b0000)
  to   space 21824K,   0% used [0x00000000dc4b0000, 0x00000000dc4b0000, 0x00000000dda00000)
 concurrent mark-sweep generation total 393216K, used 14959K [0x00000000dda00000, 0x00000000f5a00000, 0x00000000f5a00000)
 concurrent-mark-sweep perm gen total 32768K, used 32557K [0x00000000f5a00000, 0x00000000f7a00000, 0x0000000100000000)
}
2015-11-12T14:02:54.547-0600: 60.394: Total time for which application threads were stopped: 0.0629930 seconds, Stopping threads took: 0.0043330 seconds
{Heap before GC invocations=24 (full 0):
 par new generation   total 109248K, used 102598K [0x00000000d5a00000, 0x00000000dda00000, 0x00000000dda00000)
  eden space 87424K, 100% used [0x00000000d5a00000, 0x00000000daf60000, 0x00000000daf60000)
  from space 21824K,  69% used [0x00000000daf60000, 0x00000000dbe31970, 0x00000000dc4b0000)
  to   space 21824K,   0% used [0x00000000dc4b0000, 0x00000000dc4b0000, 0x00000000dda00000)
 concurrent mark-sweep generation total 393216K, used 14959K [0x00000000dda00000, 0x00000000f5a00000, 0x00000000f5a00000)
 concurrent-mark-sweep perm gen total 32768K, used 32569K [0x00000000f5a00000, 0x00000000f7a00000, 0x0000000100000000)
2015-11-12T14:02:55.015-0600: 60.861: [GC2015-11-12T14:02:55.015-0600: 60.862: [ParNew
Desired survivor size 20112992 bytes, new threshold 8 (max 8)
- age   1:    2053368 bytes,    2053368 total
- age   2:      83424 bytes,    2136792 total
- age   3:     129240 bytes,    2266032 total
- age   4:     192648 bytes,    2458680 total
- age   5:      77872 bytes,    2536552 total
- age   6:    6934672 bytes,    9471224 total
- age   7:    4318072 bytes,   13789296 total
- age   8:      75192 bytes,   13864488 total
: 102598K->17898K(109248K), 0.0652560 secs] 117557K->32934K(502464K), 0.0659170 secs] [Times: user=0.13 sys=0.00, real=0.06 secs] 
Heap after GC invocations=25 (full 0):
 par new generation   total 109248K, used 17898K [0x00000000d5a00000, 0x00000000dda00000, 0x00000000dda00000)
  eden space 87424K,   0% used [0x00000000d5a00000, 0x00000000d5a00000, 0x00000000daf60000)
  from space 21824K,  82% used [0x00000000dc4b0000, 0x00000000dd62a8c0, 0x00000000dda00000)
  to   space 21824K,   0% used [0x00000000daf60000, 0x00000000daf60000, 0x00000000dc4b0000)
 concurrent mark-sweep generation total 393216K, used 15036K [0x00000000dda00000, 0x00000000f5a00000, 0x00000000f5a00000)
 concurrent-mark-sweep perm gen total 32768K, used 32569K [0x00000000f5a00000, 0x00000000f7a00000, 0x0000000100000000)
}
2015-11-12T14:02:55.081-0600: 60.927: Total time for which application threads were stopped: 0.0695300 seconds, Stopping threads took: 0.0031390 seconds
{Heap before GC invocations=25 (full 0):
 par new generation   total 109248K, used 105322K [0x00000000d5a00000, 0x00000000dda00000, 0x00000000dda00000)
  eden space 87424K, 100% used [0x00000000d5a00000, 0x00000000daf60000, 0x00000000daf60000)
  from space 21824K,  82% used [0x00000000dc4b0000, 0x00000000dd62a8c0, 0x00000000dda00000)
  to   space 21824K,   0% used [0x00000000daf60000, 0x00000000daf60000, 0x00000000dc4b0000)
 concurrent mark-sweep generation total 393216K, used 15036K [0x00000000dda00000, 0x00000000f5a00000, 0x00000000f5a00000)
 concurrent-mark-sweep perm gen total 32768K, used 32571K [0x00000000f5a00000, 0x00000000f7a00000, 0x0000000100000000)
2015-11-12T14:02:55.348-0600: 61.194: [GC2015-11-12T14:02:55.348-0600: 61.195: [ParNew
Desired survivor size 20112992 bytes, new threshold 8 (max 8)
- age   1:    1586976 bytes,    1586976 total
- age   2:     121568 bytes,    1708544 total
- age   3:      83424 bytes,    1791968 total
- age   4:     129240 bytes,    1921208 total
- age   5:     192648 bytes,    2113856 total
- age   6:      77872 bytes,    2191728 total
- age   7:    9195600 bytes,   11387328 total
- age   8:    4350856 bytes,   15738184 total
: 105322K->17152K(109248K), 0.0784150 secs] 120358K->32264K(502464K), 0.0786280 secs] [Times: user=0.13 sys=0.00, real=0.08 secs] 
Heap after GC invocations=26 (full 0):
 par new generation   total 109248K, used 17152K [0x00000000d5a00000, 0x00000000dda00000, 0x00000000dda00000)
  eden space 87424K,   0% used [0x00000000d5a00000, 0x00000000d5a00000, 0x00000000daf60000)
  from space 21824K,  78% used [0x00000000daf60000, 0x00000000dc020210, 0x00000000dc4b0000)
  to   space 21824K,   0% used [0x00000000dc4b0000, 0x00000000dc4b0000, 0x00000000dda00000)
 concurrent mark-sweep generation total 393216K, used 15111K [0x00000000dda00000, 0x00000000f5a00000, 0x00000000f5a00000)
 concurrent-mark-sweep perm gen total 32768K, used 32571K [0x00000000f5a00000, 0x00000000f7a00000, 0x0000000100000000)
}
2015-11-12T14:02:55.427-0600: 61.273: Total time for which application threads were stopped: 0.0790000 seconds, Stopping threads took: 0.0000830 seconds
{Heap before GC invocations=26 (full 0):
 par new generation   total 109248K, used 104545K [0x00000000d5a00000, 0x00000000dda00000, 0x00000000dda00000)
  eden space 87424K,  99% used [0x00000000d5a00000, 0x00000000daf582f0, 0x00000000daf60000)
  from space 21824K,  78% used [0x00000000daf60000, 0x00000000dc020210, 0x00000000dc4b0000)
  to   space 21824K,   0% used [0x00000000dc4b0000, 0x00000000dc4b0000, 0x00000000dda00000)
 concurrent mark-sweep generation total 393216K, used 15111K [0x00000000dda00000, 0x00000000f5a00000, 0x00000000f5a00000)
 concurrent-mark-sweep perm gen total 32768K, used 32574K [0x00000000f5a00000, 0x00000000f7a00000, 0x0000000100000000)
2015-11-12T14:02:55.671-0600: 61.517: [GC2015-11-12T14:02:55.671-0600: 61.517: [ParNew
Desired survivor size 20112992 bytes, new threshold 8 (max 8)
- age   1:    1654960 bytes,    1654960 total
- age   2:      91288 bytes,    1746248 total
- age   3:     121568 bytes,    1867816 total
- age   4:      82344 bytes,    1950160 total
- age   5:     128152 bytes,    2078312 total
- age   6:     192376 bytes,    2270688 total
- age   7:      77872 bytes,    2348560 total
- age   8:    6934576 bytes,    9283136 total
: 104545K->14730K(109248K), 0.0921470 secs] 119656K->34071K(502464K), 0.0925390 secs] [Times: user=0.13 sys=0.00, real=0.09 secs] 
Heap after GC invocations=27 (full 0):
 par new generation   total 109248K, used 14730K [0x00000000d5a00000, 0x00000000dda00000, 0x00000000dda00000)
  eden space 87424K,   0% used [0x00000000d5a00000, 0x00000000d5a00000, 0x00000000daf60000)
  from space 21824K,  67% used [0x00000000dc4b0000, 0x00000000dd312a30, 0x00000000dda00000)
  to   space 21824K,   0% used [0x00000000daf60000, 0x00000000daf60000, 0x00000000dc4b0000)
 concurrent mark-sweep generation total 393216K, used 19341K [0x00000000dda00000, 0x00000000f5a00000, 0x00000000f5a00000)
 concurrent-mark-sweep perm gen total 32768K, used 32574K [0x00000000f5a00000, 0x00000000f7a00000, 0x0000000100000000)
}
2015-11-12T14:02:55.763-0600: 61.610: Total time for which application threads were stopped: 0.0984990 seconds, Stopping threads took: 0.0054880 seconds
{Heap before GC invocations=27 (full 0):
 par new generation   total 109248K, used 102154K [0x00000000d5a00000, 0x00000000dda00000, 0x00000000dda00000)
  eden space 87424K, 100% used [0x00000000d5a00000, 0x00000000daf60000, 0x00000000daf60000)
  from space 21824K,  67% used [0x00000000dc4b0000, 0x00000000dd312a30, 0x00000000dda00000)
  to   space 21824K,   0% used [0x00000000daf60000, 0x00000000daf60000, 0x00000000dc4b0000)
 concurrent mark-sweep generation total 393216K, used 19341K [0x00000000dda00000, 0x00000000f5a00000, 0x00000000f5a00000)
 concurrent-mark-sweep perm gen total 32768K, used 32575K [0x00000000f5a00000, 0x00000000f7a00000, 0x0000000100000000)
2015-11-12T14:02:55.940-0600: 61.787: [GC2015-11-12T14:02:55.940-0600: 61.787: [ParNew
Desired survivor size 20112992 bytes, new threshold 8 (max 8)
- age   1:     991976 bytes,     991976 total
- age   2:      86336 bytes,    1078312 total
- age   3:      91288 bytes,    1169600 total
- age   4:     121568 bytes,    1291168 total
- age   5:      82128 bytes,    1373296 total
- age   6:     127880 bytes,    1501176 total
- age   7:     192376 bytes,    1693552 total
- age   8:      77872 bytes,    1771424 total
: 102154K->3802K(109248K), 0.0231760 secs] 121495K->30095K(502464K), 0.0233600 secs] [Times: user=0.04 sys=0.00, real=0.03 secs] 
Heap after GC invocations=28 (full 0):
 par new generation   total 109248K, used 3802K [0x00000000d5a00000, 0x00000000dda00000, 0x00000000dda00000)
  eden space 87424K,   0% used [0x00000000d5a00000, 0x00000000d5a00000, 0x00000000daf60000)
  from space 21824K,  17% used [0x00000000daf60000, 0x00000000db316ac0, 0x00000000dc4b0000)
  to   space 21824K,   0% used [0x00000000dc4b0000, 0x00000000dc4b0000, 0x00000000dda00000)
 concurrent mark-sweep generation total 393216K, used 26293K [0x00000000dda00000, 0x00000000f5a00000, 0x00000000f5a00000)
 concurrent-mark-sweep perm gen total 32768K, used 32575K [0x00000000f5a00000, 0x00000000f7a00000, 0x0000000100000000)
}
2015-11-12T14:02:55.964-0600: 61.810: Total time for which application threads were stopped: 0.0237510 seconds, Stopping threads took: 0.0000700 seconds
{Heap before GC invocations=28 (full 0):
 par new generation   total 109248K, used 91226K [0x00000000d5a00000, 0x00000000dda00000, 0x00000000dda00000)
  eden space 87424K, 100% used [0x00000000d5a00000, 0x00000000daf60000, 0x00000000daf60000)
  from space 21824K,  17% used [0x00000000daf60000, 0x00000000db316ac0, 0x00000000dc4b0000)
  to   space 21824K,   0% used [0x00000000dc4b0000, 0x00000000dc4b0000, 0x00000000dda00000)
 concurrent mark-sweep generation total 393216K, used 26293K [0x00000000dda00000, 0x00000000f5a00000, 0x00000000f5a00000)
 concurrent-mark-sweep perm gen total 32768K, used 32583K [0x00000000f5a00000, 0x00000000f7a00000, 0x0000000100000000)
2015-11-12T14:02:56.138-0600: 61.985: [GC2015-11-12T14:02:56.139-0600: 61.985: [ParNew
Desired survivor size 20112992 bytes, new threshold 8 (max 8)
- age   1:     918208 bytes,     918208 total
- age   2:      83720 bytes,    1001928 total
- age   3:      86336 bytes,    1088264 total
- age   4:      91288 bytes,    1179552 total
- age   5:     121568 bytes,    1301120 total
- age   6:      82128 bytes,    1383248 total
- age   7:     127880 bytes,    1511128 total
- age   8:     192376 bytes,    1703504 total
: 91226K->2263K(109248K), 0.0238430 secs] 117519K->28634K(502464K), 0.0245280 secs] [Times: user=0.05 sys=0.00, real=0.03 secs] 
Heap after GC invocations=29 (full 0):
 par new generation   total 109248K, used 2263K [0x00000000d5a00000, 0x00000000dda00000, 0x00000000dda00000)
  eden space 87424K,   0% used [0x00000000d5a00000, 0x00000000d5a00000, 0x00000000daf60000)
  from space 21824K,  10% used [0x00000000dc4b0000, 0x00000000dc6e5d10, 0x00000000dda00000)
  to   space 21824K,   0% used [0x00000000daf60000, 0x00000000daf60000, 0x00000000dc4b0000)
 concurrent mark-sweep generation total 393216K, used 26371K [0x00000000dda00000, 0x00000000f5a00000, 0x00000000f5a00000)
 concurrent-mark-sweep perm gen total 32768K, used 32583K [0x00000000f5a00000, 0x00000000f7a00000, 0x0000000100000000)
}
2015-11-12T14:02:56.163-0600: 62.010: Total time for which application threads were stopped: 0.0296960 seconds, Stopping threads took: 0.0048350 seconds
2015-11-12T14:02:56.265-0600: 62.112: Total time for which application threads were stopped: 0.0010010 seconds, Stopping threads took: 0.0008360 seconds
2015-11-12T14:02:56.267-0600: 62.114: Total time for which application threads were stopped: 0.0012610 seconds, Stopping threads took: 0.0011910 seconds
2015-11-12T14:02:56.268-0600: 62.114: Total time for which application threads were stopped: 0.0000820 seconds, Stopping threads took: 0.0000530 seconds
2015-11-12T14:02:56.281-0600: 62.128: Total time for which application threads were stopped: 0.0055160 seconds, Stopping threads took: 0.0054370 seconds
2015-11-12T14:02:56.294-0600: 62.140: Total time for which application threads were stopped: 0.0002250 seconds, Stopping threads took: 0.0000410 seconds
2015-11-12T14:02:56.305-0600: 62.152: Total time for which application threads were stopped: 0.0003760 seconds, Stopping threads took: 0.0002710 seconds
{Heap before GC invocations=29 (full 0):
 par new generation   total 109248K, used 89687K [0x00000000d5a00000, 0x00000000dda00000, 0x00000000dda00000)
  eden space 87424K, 100% used [0x00000000d5a00000, 0x00000000daf60000, 0x00000000daf60000)
  from space 21824K,  10% used [0x00000000dc4b0000, 0x00000000dc6e5d10, 0x00000000dda00000)
  to   space 21824K,   0% used [0x00000000daf60000, 0x00000000daf60000, 0x00000000dc4b0000)
 concurrent mark-sweep generation total 393216K, used 26371K [0x00000000dda00000, 0x00000000f5a00000, 0x00000000f5a00000)
 concurrent-mark-sweep perm gen total 32768K, used 32655K [0x00000000f5a00000, 0x00000000f7a00000, 0x0000000100000000)
2015-11-12T14:02:56.346-0600: 62.192: [GC2015-11-12T14:02:56.346-0600: 62.192: [ParNew
Desired survivor size 20112992 bytes, new threshold 8 (max 8)
- age   1:     876760 bytes,     876760 total
- age   2:      69848 bytes,     946608 total
- age   3:      83720 bytes,    1030328 total
- age   4:      86336 bytes,    1116664 total
- age   5:      91288 bytes,    1207952 total
- age   6:     121568 bytes,    1329520 total
- age   7:      82128 bytes,    1411648 total
- age   8:     109784 bytes,    1521432 total
: 89687K->2125K(109248K), 0.0172930 secs] 116058K->28677K(502464K), 0.0175450 secs] [Times: user=0.03 sys=0.00, real=0.02 secs] 
Heap after GC invocations=30 (full 0):
 par new generation   total 109248K, used 2125K [0x00000000d5a00000, 0x00000000dda00000, 0x00000000dda00000)
  eden space 87424K,   0% used [0x00000000d5a00000, 0x00000000d5a00000, 0x00000000daf60000)
  from space 21824K,   9% used [0x00000000daf60000, 0x00000000db173768, 0x00000000dc4b0000)
  to   space 21824K,   0% used [0x00000000dc4b0000, 0x00000000dc4b0000, 0x00000000dda00000)
 concurrent mark-sweep generation total 393216K, used 26551K [0x00000000dda00000, 0x00000000f5a00000, 0x00000000f5a00000)
 concurrent-mark-sweep perm gen total 32768K, used 32655K [0x00000000f5a00000, 0x00000000f7a00000, 0x0000000100000000)
}
2015-11-12T14:02:56.363-0600: 62.210: Total time for which application threads were stopped: 0.0239000 seconds, Stopping threads took: 0.0060550 seconds
2015-11-12T14:02:56.378-0600: 62.225: Total time for which application threads were stopped: 0.0001200 seconds, Stopping threads took: 0.0000390 seconds
2015-11-12T14:02:56.384-0600: 62.231: Total time for which application threads were stopped: 0.0011910 seconds, Stopping threads took: 0.0011070 seconds
2015-11-12T14:02:56.387-0600: 62.234: Total time for which application threads were stopped: 0.0001460 seconds, Stopping threads took: 0.0000600 seconds
2015-11-12T14:02:56.388-0600: 62.235: Total time for which application threads were stopped: 0.0000930 seconds, Stopping threads took: 0.0000380 seconds
2015-11-12T14:02:56.389-0600: 62.235: Total time for which application threads were stopped: 0.0000950 seconds, Stopping threads took: 0.0000380 seconds
2015-11-12T14:02:56.391-0600: 62.238: Total time for which application threads were stopped: 0.0001080 seconds, Stopping threads took: 0.0000400 seconds
2015-11-12T14:02:56.423-0600: 62.270: Total time for which application threads were stopped: 0.0103420 seconds, Stopping threads took: 0.0102220 seconds
2015-11-12T14:02:56.424-0600: 62.271: Total time for which application threads were stopped: 0.0002260 seconds, Stopping threads took: 0.0001030 seconds
2015-11-12T14:02:56.488-0600: 62.334: Total time for which application threads were stopped: 0.0081850 seconds, Stopping threads took: 0.0081010 seconds
2015-11-12T14:02:56.501-0600: 62.348: Total time for which application threads were stopped: 0.0027450 seconds, Stopping threads took: 0.0024930 seconds
2015-11-12T14:02:56.570-0600: 62.417: Total time for which application threads were stopped: 0.0100210 seconds, Stopping threads took: 0.0098200 seconds
2015-11-12T14:02:56.582-0600: 62.429: Total time for which application threads were stopped: 0.0040710 seconds, Stopping threads took: 0.0039750 seconds
2015-11-12T14:02:56.650-0600: 62.497: Total time for which application threads were stopped: 0.0127870 seconds, Stopping threads took: 0.0126790 seconds
2015-11-12T14:02:56.659-0600: 62.506: Total time for which application threads were stopped: 0.0044580 seconds, Stopping threads took: 0.0043690 seconds
2015-11-12T14:02:56.664-0600: 62.510: Total time for which application threads were stopped: 0.0001430 seconds, Stopping threads took: 0.0000450 seconds
2015-11-12T14:02:56.765-0600: 62.611: Total time for which application threads were stopped: 0.0002050 seconds, Stopping threads took: 0.0000390 seconds
2015-11-12T14:02:56.821-0600: 62.668: Total time for which application threads were stopped: 0.0006930 seconds, Stopping threads took: 0.0004900 seconds
2015-11-12T14:02:56.947-0600: 62.794: Total time for which application threads were stopped: 0.0074750 seconds, Stopping threads took: 0.0073830 seconds
2015-11-12T14:02:56.966-0600: 62.813: Total time for which application threads were stopped: 0.0019080 seconds, Stopping threads took: 0.0018410 seconds
2015-11-12T14:02:56.999-0600: 62.845: Total time for which application threads were stopped: 0.0002110 seconds, Stopping threads took: 0.0001230 seconds
2015-11-12T14:02:57.024-0600: 62.870: Total time for which application threads were stopped: 0.0023930 seconds, Stopping threads took: 0.0023080 seconds
2015-11-12T14:02:57.053-0600: 62.900: Total time for which application threads were stopped: 0.0021150 seconds, Stopping threads took: 0.0020370 seconds
{Heap before GC invocations=30 (full 0):
 par new generation   total 109248K, used 89549K [0x00000000d5a00000, 0x00000000dda00000, 0x00000000dda00000)
  eden space 87424K, 100% used [0x00000000d5a00000, 0x00000000daf60000, 0x00000000daf60000)
  from space 21824K,   9% used [0x00000000daf60000, 0x00000000db173768, 0x00000000dc4b0000)
  to   space 21824K,   0% used [0x00000000dc4b0000, 0x00000000dc4b0000, 0x00000000dda00000)
 concurrent mark-sweep generation total 393216K, used 26551K [0x00000000dda00000, 0x00000000f5a00000, 0x00000000f5a00000)
 concurrent-mark-sweep perm gen total 33152K, used 32999K [0x00000000f5a00000, 0x00000000f7a60000, 0x0000000100000000)
2015-11-12T14:02:57.067-0600: 62.913: [GC2015-11-12T14:02:57.067-0600: 62.913: [ParNew
Desired survivor size 20112992 bytes, new threshold 8 (max 8)
- age   1:    3842528 bytes,    3842528 total
- age   2:     258008 bytes,    4100536 total
- age   3:      69848 bytes,    4170384 total
- age   4:      83720 bytes,    4254104 total
- age   5:      86336 bytes,    4340440 total
- age   6:      91288 bytes,    4431728 total
- age   7:     121568 bytes,    4553296 total
- age   8:      82128 bytes,    4635424 total
: 89549K->4862K(109248K), 0.0194910 secs] 116101K->31521K(502464K), 0.0196740 secs] [Times: user=0.07 sys=0.00, real=0.02 secs] 
Heap after GC invocations=31 (full 0):
 par new generation   total 109248K, used 4862K [0x00000000d5a00000, 0x00000000dda00000, 0x00000000dda00000)
  eden space 87424K,   0% used [0x00000000d5a00000, 0x00000000d5a00000, 0x00000000daf60000)
  from space 21824K,  22% used [0x00000000dc4b0000, 0x00000000dc96fb20, 0x00000000dda00000)
  to   space 21824K,   0% used [0x00000000daf60000, 0x00000000daf60000, 0x00000000dc4b0000)
 concurrent mark-sweep generation total 393216K, used 26659K [0x00000000dda00000, 0x00000000f5a00000, 0x00000000f5a00000)
 concurrent-mark-sweep perm gen total 33152K, used 32999K [0x00000000f5a00000, 0x00000000f7a60000, 0x0000000100000000)
}
2015-11-12T14:02:57.086-0600: 62.933: Total time for which application threads were stopped: 0.0233280 seconds, Stopping threads took: 0.0032820 seconds
2015-11-12T14:02:57.115-0600: 62.961: Total time for which application threads were stopped: 0.0005420 seconds, Stopping threads took: 0.0002170 seconds
2015-11-12T14:02:57.157-0600: 63.004: Total time for which application threads were stopped: 0.0018830 seconds, Stopping threads took: 0.0017810 seconds
2015-11-12T14:02:57.256-0600: 63.103: Total time for which application threads were stopped: 0.0056420 seconds, Stopping threads took: 0.0055500 seconds
2015-11-12T14:02:57.257-0600: 63.104: Total time for which application threads were stopped: 0.0010600 seconds, Stopping threads took: 0.0010000 seconds
2015-11-12T14:02:57.263-0600: 63.109: Total time for which application threads were stopped: 0.0011560 seconds, Stopping threads took: 0.0010810 seconds
2015-11-12T14:02:57.309-0600: 63.156: Total time for which application threads were stopped: 0.0001810 seconds, Stopping threads took: 0.0000870 seconds
2015-11-12T14:02:57.614-0600: 63.460: Total time for which application threads were stopped: 0.0035590 seconds, Stopping threads took: 0.0031960 seconds
2015-11-12T14:02:57.678-0600: 63.525: Total time for which application threads were stopped: 0.0085440 seconds, Stopping threads took: 0.0084490 seconds
2015-11-12T14:02:57.695-0600: 63.542: Total time for which application threads were stopped: 0.0012410 seconds, Stopping threads took: 0.0011600 seconds
2015-11-12T14:02:57.716-0600: 63.562: Total time for which application threads were stopped: 0.0062590 seconds, Stopping threads took: 0.0061130 seconds
2015-11-12T14:02:57.857-0600: 63.704: Total time for which application threads were stopped: 0.0001270 seconds, Stopping threads took: 0.0000420 seconds
2015-11-12T14:02:57.870-0600: 63.717: Total time for which application threads were stopped: 0.0001710 seconds, Stopping threads took: 0.0000880 seconds
2015-11-12T14:02:57.878-0600: 63.725: Total time for which application threads were stopped: 0.0001500 seconds, Stopping threads took: 0.0000740 seconds
2015-11-12T14:02:57.879-0600: 63.725: Total time for which application threads were stopped: 0.0000840 seconds, Stopping threads took: 0.0000400 seconds
2015-11-12T14:02:57.879-0600: 63.725: Total time for which application threads were stopped: 0.0000710 seconds, Stopping threads took: 0.0000310 seconds
2015-11-12T14:02:57.912-0600: 63.759: Total time for which application threads were stopped: 0.0105790 seconds, Stopping threads took: 0.0104540 seconds
2015-11-12T14:02:58.003-0600: 63.849: Total time for which application threads were stopped: 0.0019160 seconds, Stopping threads took: 0.0014980 seconds
2015-11-12T14:02:58.151-0600: 63.997: Total time for which application threads were stopped: 0.0004490 seconds, Stopping threads took: 0.0001670 seconds
2015-11-12T14:02:58.151-0600: 63.998: Total time for which application threads were stopped: 0.0000630 seconds, Stopping threads took: 0.0000190 seconds
2015-11-12T14:02:58.223-0600: 64.070: Total time for which application threads were stopped: 0.0001790 seconds, Stopping threads took: 0.0000890 seconds
2015-11-12T14:02:58.270-0600: 64.116: Total time for which application threads were stopped: 0.0014940 seconds, Stopping threads took: 0.0011220 seconds
2015-11-12T14:02:58.300-0600: 64.146: Total time for which application threads were stopped: 0.0023560 seconds, Stopping threads took: 0.0022320 seconds
2015-11-12T14:02:58.364-0600: 64.210: Total time for which application threads were stopped: 0.0027970 seconds, Stopping threads took: 0.0025860 seconds
2015-11-12T14:02:58.622-0600: 64.469: Total time for which application threads were stopped: 0.0007890 seconds, Stopping threads took: 0.0005190 seconds
2015-11-12T14:02:58.704-0600: 64.551: Total time for which application threads were stopped: 0.0005430 seconds, Stopping threads took: 0.0003000 seconds
2015-11-12T14:02:58.756-0600: 64.602: Total time for which application threads were stopped: 0.0004970 seconds, Stopping threads took: 0.0003160 seconds
2015-11-12T14:02:58.934-0600: 64.781: Total time for which application threads were stopped: 0.0007380 seconds, Stopping threads took: 0.0006630 seconds
2015-11-12T14:02:58.986-0600: 64.833: Total time for which application threads were stopped: 0.0071780 seconds, Stopping threads took: 0.0070110 seconds
2015-11-12T14:02:58.998-0600: 64.845: Total time for which application threads were stopped: 0.0081920 seconds, Stopping threads took: 0.0080510 seconds
2015-11-12T14:02:59.066-0600: 64.912: Total time for which application threads were stopped: 0.0017210 seconds, Stopping threads took: 0.0016290 seconds
2015-11-12T14:02:59.095-0600: 64.941: Total time for which application threads were stopped: 0.0056940 seconds, Stopping threads took: 0.0055500 seconds
2015-11-12T14:02:59.126-0600: 64.972: Total time for which application threads were stopped: 0.0036750 seconds, Stopping threads took: 0.0035960 seconds
2015-11-12T14:02:59.157-0600: 65.003: Total time for which application threads were stopped: 0.0023670 seconds, Stopping threads took: 0.0022760 seconds
2015-11-12T14:02:59.162-0600: 65.009: Total time for which application threads were stopped: 0.0001860 seconds, Stopping threads took: 0.0000690 seconds
2015-11-12T14:02:59.219-0600: 65.066: Total time for which application threads were stopped: 0.0048420 seconds, Stopping threads took: 0.0045790 seconds
2015-11-12T14:02:59.230-0600: 65.077: Total time for which application threads were stopped: 0.0020170 seconds, Stopping threads took: 0.0018890 seconds
2015-11-12T14:02:59.286-0600: 65.133: Total time for which application threads were stopped: 0.0010000 seconds, Stopping threads took: 0.0008780 seconds
2015-11-12T14:02:59.406-0600: 65.253: Total time for which application threads were stopped: 0.0149760 seconds, Stopping threads took: 0.0148750 seconds
2015-11-12T14:02:59.423-0600: 65.269: Total time for which application threads were stopped: 0.0002040 seconds, Stopping threads took: 0.0000550 seconds
2015-11-12T14:02:59.437-0600: 65.283: Total time for which application threads were stopped: 0.0065740 seconds, Stopping threads took: 0.0064120 seconds
2015-11-12T14:02:59.472-0600: 65.319: Total time for which application threads were stopped: 0.0002030 seconds, Stopping threads took: 0.0000900 seconds
2015-11-12T14:02:59.515-0600: 65.361: Total time for which application threads were stopped: 0.0108470 seconds, Stopping threads took: 0.0106970 seconds
2015-11-12T14:02:59.530-0600: 65.377: Total time for which application threads were stopped: 0.0041900 seconds, Stopping threads took: 0.0041120 seconds
2015-11-12T14:02:59.556-0600: 65.402: Total time for which application threads were stopped: 0.0045960 seconds, Stopping threads took: 0.0044620 seconds
2015-11-12T14:02:59.570-0600: 65.417: Total time for which application threads were stopped: 0.0068200 seconds, Stopping threads took: 0.0067200 seconds
2015-11-12T14:02:59.646-0600: 65.493: Total time for which application threads were stopped: 0.0031290 seconds, Stopping threads took: 0.0029340 seconds
2015-11-12T14:02:59.670-0600: 65.517: Total time for which application threads were stopped: 0.0062140 seconds, Stopping threads took: 0.0060850 seconds
2015-11-12T14:02:59.774-0600: 65.621: Total time for which application threads were stopped: 0.0059770 seconds, Stopping threads took: 0.0057560 seconds
2015-11-12T14:02:59.826-0600: 65.673: Total time for which application threads were stopped: 0.0083100 seconds, Stopping threads took: 0.0080210 seconds
2015-11-12T14:03:00.290-0600: 66.137: Total time for which application threads were stopped: 0.0079970 seconds, Stopping threads took: 0.0077600 seconds
2015-11-12T14:03:00.293-0600: 66.139: Total time for which application threads were stopped: 0.0001570 seconds, Stopping threads took: 0.0000880 seconds
2015-11-12T14:03:00.293-0600: 66.139: Total time for which application threads were stopped: 0.0000530 seconds, Stopping threads took: 0.0000160 seconds
2015-11-12T14:03:00.306-0600: 66.152: Total time for which application threads were stopped: 0.0061860 seconds, Stopping threads took: 0.0061000 seconds
2015-11-12T14:03:00.308-0600: 66.154: Total time for which application threads were stopped: 0.0001730 seconds, Stopping threads took: 0.0001050 seconds
2015-11-12T14:03:00.417-0600: 66.264: Total time for which application threads were stopped: 0.0138960 seconds, Stopping threads took: 0.0137800 seconds
{Heap before GC invocations=31 (full 0):
 par new generation   total 109248K, used 92277K [0x00000000d5a00000, 0x00000000dda00000, 0x00000000dda00000)
  eden space 87424K,  99% used [0x00000000d5a00000, 0x00000000daf5db68, 0x00000000daf60000)
  from space 21824K,  22% used [0x00000000dc4b0000, 0x00000000dc96fb20, 0x00000000dda00000)
  to   space 21824K,   0% used [0x00000000daf60000, 0x00000000daf60000, 0x00000000dc4b0000)
 concurrent mark-sweep generation total 393216K, used 26659K [0x00000000dda00000, 0x00000000f5a00000, 0x00000000f5a00000)
 concurrent-mark-sweep perm gen total 33536K, used 33356K [0x00000000f5a00000, 0x00000000f7ac0000, 0x0000000100000000)
2015-11-12T14:03:00.475-0600: 66.322: [GC2015-11-12T14:03:00.476-0600: 66.322: [ParNew
Desired survivor size 20112992 bytes, new threshold 8 (max 8)
- age   1:    9155904 bytes,    9155904 total
- age   2:    3171440 bytes,   12327344 total
- age   3:     257640 bytes,   12584984 total
- age   4:      69848 bytes,   12654832 total
- age   5:      83720 bytes,   12738552 total
- age   6:      86208 bytes,   12824760 total
- age   7:      91288 bytes,   12916048 total
- age   8:     121568 bytes,   13037616 total
: 92277K->14872K(109248K), 0.0836830 secs] 118936K->41614K(502464K), 0.0838910 secs] [Times: user=0.08 sys=0.00, real=0.08 secs] 
Heap after GC invocations=32 (full 0):
 par new generation   total 109248K, used 14872K [0x00000000d5a00000, 0x00000000dda00000, 0x00000000dda00000)
  eden space 87424K,   0% used [0x00000000d5a00000, 0x00000000d5a00000, 0x00000000daf60000)
  from space 21824K,  68% used [0x00000000daf60000, 0x00000000dbde6390, 0x00000000dc4b0000)
  to   space 21824K,   0% used [0x00000000dc4b0000, 0x00000000dc4b0000, 0x00000000dda00000)
 concurrent mark-sweep generation total 393216K, used 26741K [0x00000000dda00000, 0x00000000f5a00000, 0x00000000f5a00000)
 concurrent-mark-sweep perm gen total 33536K, used 33356K [0x00000000f5a00000, 0x00000000f7ac0000, 0x0000000100000000)
}
2015-11-12T14:03:00.559-0600: 66.406: Total time for which application threads were stopped: 0.0915460 seconds, Stopping threads took: 0.0073670 seconds
2015-11-12T14:03:00.607-0600: 66.453: Total time for which application threads were stopped: 0.0207830 seconds, Stopping threads took: 0.0203930 seconds
2015-11-12T14:03:00.659-0600: 66.505: Total time for which application threads were stopped: 0.0081530 seconds, Stopping threads took: 0.0078630 seconds
2015-11-12T14:03:00.743-0600: 66.589: Total time for which application threads were stopped: 0.0061730 seconds, Stopping threads took: 0.0060690 seconds
2015-11-12T14:03:01.164-0600: 67.010: Total time for which application threads were stopped: 0.0171110 seconds, Stopping threads took: 0.0168730 seconds
2015-11-12T14:03:01.190-0600: 67.036: Total time for which application threads were stopped: 0.0059380 seconds, Stopping threads took: 0.0057700 seconds
2015-11-12T14:03:01.350-0600: 67.197: Total time for which application threads were stopped: 0.0065190 seconds, Stopping threads took: 0.0064230 seconds
2015-11-12T14:03:01.391-0600: 67.237: Total time for which application threads were stopped: 0.0074350 seconds, Stopping threads took: 0.0071770 seconds
2015-11-12T14:03:01.538-0600: 67.385: Total time for which application threads were stopped: 0.0126980 seconds, Stopping threads took: 0.0126060 seconds
2015-11-12T14:03:01.603-0600: 67.449: Total time for which application threads were stopped: 0.0062010 seconds, Stopping threads took: 0.0060880 seconds
2015-11-12T14:03:01.622-0600: 67.469: Total time for which application threads were stopped: 0.0065600 seconds, Stopping threads took: 0.0064600 seconds
2015-11-12T14:03:01.994-0600: 67.840: Total time for which application threads were stopped: 0.0003030 seconds, Stopping threads took: 0.0000340 seconds
2015-11-12T14:03:02.007-0600: 67.854: Total time for which application threads were stopped: 0.0024720 seconds, Stopping threads took: 0.0023450 seconds
2015-11-12T14:03:02.018-0600: 67.864: Total time for which application threads were stopped: 0.0001440 seconds, Stopping threads took: 0.0000710 seconds
2015-11-12T14:03:02.027-0600: 67.873: Total time for which application threads were stopped: 0.0022720 seconds, Stopping threads took: 0.0021870 seconds
2015-11-12T14:03:02.388-0600: 68.234: Total time for which application threads were stopped: 0.0002620 seconds, Stopping threads took: 0.0001020 seconds
2015-11-12T14:03:02.390-0600: 68.237: Total time for which application threads were stopped: 0.0001390 seconds, Stopping threads took: 0.0000700 seconds
2015-11-12T14:03:02.415-0600: 68.261: Total time for which application threads were stopped: 0.0085320 seconds, Stopping threads took: 0.0084450 seconds
2015-11-12T14:03:02.420-0600: 68.267: Total time for which application threads were stopped: 0.0001140 seconds, Stopping threads took: 0.0000390 seconds
2015-11-12T14:03:02.420-0600: 68.267: Total time for which application threads were stopped: 0.0000560 seconds, Stopping threads took: 0.0000160 seconds
2015-11-12T14:03:02.420-0600: 68.267: Total time for which application threads were stopped: 0.0000590 seconds, Stopping threads took: 0.0000160 seconds
2015-11-12T14:03:02.420-0600: 68.267: Total time for which application threads were stopped: 0.0000550 seconds, Stopping threads took: 0.0000160 seconds
2015-11-12T14:03:02.420-0600: 68.267: Total time for which application threads were stopped: 0.0000520 seconds, Stopping threads took: 0.0000140 seconds
2015-11-12T14:03:02.421-0600: 68.267: Total time for which application threads were stopped: 0.0000630 seconds, Stopping threads took: 0.0000180 seconds
2015-11-12T14:03:02.421-0600: 68.267: Total time for which application threads were stopped: 0.0000530 seconds, Stopping threads took: 0.0000150 seconds
2015-11-12T14:03:02.421-0600: 68.267: Total time for which application threads were stopped: 0.0000520 seconds, Stopping threads took: 0.0000150 seconds
2015-11-12T14:03:02.421-0600: 68.268: Total time for which application threads were stopped: 0.0000580 seconds, Stopping threads took: 0.0000160 seconds
2015-11-12T14:03:02.689-0600: 68.535: Total time for which application threads were stopped: 0.0003410 seconds, Stopping threads took: 0.0000380 seconds
2015-11-12T14:03:02.694-0600: 68.541: Total time for which application threads were stopped: 0.0001230 seconds, Stopping threads took: 0.0000410 seconds
2015-11-12T14:03:02.695-0600: 68.541: Total time for which application threads were stopped: 0.0000640 seconds, Stopping threads took: 0.0000200 seconds
2015-11-12T14:03:02.698-0600: 68.544: Total time for which application threads were stopped: 0.0001180 seconds, Stopping threads took: 0.0000390 seconds
2015-11-12T14:03:02.707-0600: 68.553: Total time for which application threads were stopped: 0.0003780 seconds, Stopping threads took: 0.0000700 seconds
2015-11-12T14:03:02.711-0600: 68.557: Total time for which application threads were stopped: 0.0001330 seconds, Stopping threads took: 0.0000620 seconds
2015-11-12T14:03:03.341-0600: 69.188: Total time for which application threads were stopped: 0.0003600 seconds, Stopping threads took: 0.0000350 seconds
2015-11-12T14:03:03.343-0600: 69.189: Total time for which application threads were stopped: 0.0002910 seconds, Stopping threads took: 0.0001310 seconds
2015-11-12T14:03:03.343-0600: 69.190: Total time for which application threads were stopped: 0.0001370 seconds, Stopping threads took: 0.0000480 seconds
2015-11-12T14:03:03.343-0600: 69.190: Total time for which application threads were stopped: 0.0001310 seconds, Stopping threads took: 0.0000430 seconds
2015-11-12T14:03:03.344-0600: 69.190: Total time for which application threads were stopped: 0.0001230 seconds, Stopping threads took: 0.0000410 seconds
2015-11-12T14:03:03.703-0600: 69.549: Total time for which application threads were stopped: 0.0000790 seconds, Stopping threads took: 0.0000250 seconds
2015-11-12T14:03:03.705-0600: 69.552: Total time for which application threads were stopped: 0.0000710 seconds, Stopping threads took: 0.0000280 seconds
2015-11-12T14:03:03.706-0600: 69.552: Total time for which application threads were stopped: 0.0000620 seconds, Stopping threads took: 0.0000360 seconds
2015-11-12T14:03:03.706-0600: 69.552: Total time for which application threads were stopped: 0.0000570 seconds, Stopping threads took: 0.0000330 seconds
2015-11-12T14:03:03.706-0600: 69.552: Total time for which application threads were stopped: 0.0000560 seconds, Stopping threads took: 0.0000320 seconds
2015-11-12T14:03:14.723-0600: 80.569: Total time for which application threads were stopped: 0.0149520 seconds, Stopping threads took: 0.0146190 seconds
{Heap before GC invocations=32 (full 0):
 par new generation   total 109248K, used 102296K [0x00000000d5a00000, 0x00000000dda00000, 0x00000000dda00000)
  eden space 87424K, 100% used [0x00000000d5a00000, 0x00000000daf60000, 0x00000000daf60000)
  from space 21824K,  68% used [0x00000000daf60000, 0x00000000dbde6390, 0x00000000dc4b0000)
  to   space 21824K,   0% used [0x00000000dc4b0000, 0x00000000dc4b0000, 0x00000000dda00000)
 concurrent mark-sweep generation total 393216K, used 26741K [0x00000000dda00000, 0x00000000f5a00000, 0x00000000f5a00000)
 concurrent-mark-sweep perm gen total 33536K, used 33495K [0x00000000f5a00000, 0x00000000f7ac0000, 0x0000000100000000)
2015-11-12T14:03:14.773-0600: 80.620: [GC2015-11-12T14:03:14.774-0600: 80.620: [ParNew
Desired survivor size 20112992 bytes, new threshold 8 (max 8)
- age   1:    6988040 bytes,    6988040 total
- age   2:    1748304 bytes,    8736344 total
- age   3:    2433016 bytes,   11169360 total
- age   4:     255568 bytes,   11424928 total
- age   5:      69848 bytes,   11494776 total
- age   6:      83720 bytes,   11578496 total
- age   7:      86208 bytes,   11664704 total
- age   8:      91288 bytes,   11755992 total
: 102296K->14590K(109248K), 0.0262880 secs] 129038K->41452K(502464K), 0.0266680 secs] [Times: user=0.04 sys=0.00, real=0.02 secs] 
Heap after GC invocations=33 (full 0):
 par new generation   total 109248K, used 14590K [0x00000000d5a00000, 0x00000000dda00000, 0x00000000dda00000)
  eden space 87424K,   0% used [0x00000000d5a00000, 0x00000000d5a00000, 0x00000000daf60000)
  from space 21824K,  66% used [0x00000000dc4b0000, 0x00000000dd2efa90, 0x00000000dda00000)
  to   space 21824K,   0% used [0x00000000daf60000, 0x00000000daf60000, 0x00000000dc4b0000)
 concurrent mark-sweep generation total 393216K, used 26861K [0x00000000dda00000, 0x00000000f5a00000, 0x00000000f5a00000)
 concurrent-mark-sweep perm gen total 33536K, used 33495K [0x00000000f5a00000, 0x00000000f7ac0000, 0x0000000100000000)
}
2015-11-12T14:03:14.800-0600: 80.647: Total time for which application threads were stopped: 0.0400500 seconds, Stopping threads took: 0.0130550 seconds
{Heap before GC invocations=33 (full 0):
 par new generation   total 109248K, used 102014K [0x00000000d5a00000, 0x00000000dda00000, 0x00000000dda00000)
  eden space 87424K, 100% used [0x00000000d5a00000, 0x00000000daf60000, 0x00000000daf60000)
  from space 21824K,  66% used [0x00000000dc4b0000, 0x00000000dd2efa90, 0x00000000dda00000)
  to   space 21824K,   0% used [0x00000000daf60000, 0x00000000daf60000, 0x00000000dc4b0000)
 concurrent mark-sweep generation total 393216K, used 26861K [0x00000000dda00000, 0x00000000f5a00000, 0x00000000f5a00000)
 concurrent-mark-sweep perm gen total 33536K, used 33503K [0x00000000f5a00000, 0x00000000f7ac0000, 0x0000000100000000)
2015-11-12T14:03:14.921-0600: 80.767: [GC2015-11-12T14:03:14.921-0600: 80.768: [ParNew
Desired survivor size 20112992 bytes, new threshold 8 (max 8)
- age   1:    2185616 bytes,    2185616 total
- age   2:    6435776 bytes,    8621392 total
- age   3:    1747096 bytes,   10368488 total
- age   4:    2433016 bytes,   12801504 total
- age   5:     255568 bytes,   13057072 total
- age   6:      69848 bytes,   13126920 total
- age   7:      83720 bytes,   13210640 total
- age   8:      86208 bytes,   13296848 total
: 102014K->19323K(109248K), 0.0297330 secs] 128876K->46276K(502464K), 0.0299580 secs] [Times: user=0.06 sys=0.00, real=0.04 secs] 
Heap after GC invocations=34 (full 0):
 par new generation   total 109248K, used 19323K [0x00000000d5a00000, 0x00000000dda00000, 0x00000000dda00000)
  eden space 87424K,   0% used [0x00000000d5a00000, 0x00000000d5a00000, 0x00000000daf60000)
  from space 21824K,  88% used [0x00000000daf60000, 0x00000000dc23eee0, 0x00000000dc4b0000)
  to   space 21824K,   0% used [0x00000000dc4b0000, 0x00000000dc4b0000, 0x00000000dda00000)
 concurrent mark-sweep generation total 393216K, used 26952K [0x00000000dda00000, 0x00000000f5a00000, 0x00000000f5a00000)
 concurrent-mark-sweep perm gen total 33536K, used 33503K [0x00000000f5a00000, 0x00000000f7ac0000, 0x0000000100000000)
}
2015-11-12T14:03:14.951-0600: 80.798: Total time for which application threads were stopped: 0.0332510 seconds, Stopping threads took: 0.0028950 seconds
{Heap before GC invocations=34 (full 0):
 par new generation   total 109248K, used 106744K [0x00000000d5a00000, 0x00000000dda00000, 0x00000000dda00000)
  eden space 87424K,  99% used [0x00000000d5a00000, 0x00000000daf5f2a0, 0x00000000daf60000)
  from space 21824K,  88% used [0x00000000daf60000, 0x00000000dc23eee0, 0x00000000dc4b0000)
  to   space 21824K,   0% used [0x00000000dc4b0000, 0x00000000dc4b0000, 0x00000000dda00000)
 concurrent mark-sweep generation total 393216K, used 26952K [0x00000000dda00000, 0x00000000f5a00000, 0x00000000f5a00000)
 concurrent-mark-sweep perm gen total 33536K, used 33505K [0x00000000f5a00000, 0x00000000f7ac0000, 0x0000000100000000)
2015-11-12T14:03:15.090-0600: 80.937: [GC2015-11-12T14:03:15.091-0600: 80.937: [ParNew
Desired survivor size 20112992 bytes, new threshold 8 (max 8)
- age   1:     603352 bytes,     603352 total
- age   2:    1543448 bytes,    2146800 total
- age   3:    6435776 bytes,    8582576 total
- age   4:    1747096 bytes,   10329672 total
- age   5:    2433016 bytes,   12762688 total
- age   6:     255568 bytes,   13018256 total
- age   7:      69848 bytes,   13088104 total
- age   8:      83720 bytes,   13171824 total
: 106744K->17167K(109248K), 0.0503670 secs] 133697K->44206K(502464K), 0.0506140 secs] [Times: user=0.11 sys=0.00, real=0.04 secs] 
Heap after GC invocations=35 (full 0):
 par new generation   total 109248K, used 17167K [0x00000000d5a00000, 0x00000000dda00000, 0x00000000dda00000)
  eden space 87424K,   0% used [0x00000000d5a00000, 0x00000000d5a00000, 0x00000000daf60000)
  from space 21824K,  78% used [0x00000000dc4b0000, 0x00000000dd573e00, 0x00000000dda00000)
  to   space 21824K,   0% used [0x00000000daf60000, 0x00000000daf60000, 0x00000000dc4b0000)
 concurrent mark-sweep generation total 393216K, used 27038K [0x00000000dda00000, 0x00000000f5a00000, 0x00000000f5a00000)
 concurrent-mark-sweep perm gen total 33536K, used 33505K [0x00000000f5a00000, 0x00000000f7ac0000, 0x0000000100000000)
}
2015-11-12T14:03:15.141-0600: 80.988: Total time for which application threads were stopped: 0.0552320 seconds, Stopping threads took: 0.0043520 seconds
{Heap before GC invocations=35 (full 0):
 par new generation   total 109248K, used 104576K [0x00000000d5a00000, 0x00000000dda00000, 0x00000000dda00000)
  eden space 87424K,  99% used [0x00000000d5a00000, 0x00000000daf5c518, 0x00000000daf60000)
  from space 21824K,  78% used [0x00000000dc4b0000, 0x00000000dd573e00, 0x00000000dda00000)
  to   space 21824K,   0% used [0x00000000daf60000, 0x00000000daf60000, 0x00000000dc4b0000)
 concurrent mark-sweep generation total 393216K, used 27038K [0x00000000dda00000, 0x00000000f5a00000, 0x00000000f5a00000)
 concurrent-mark-sweep perm gen total 33728K, used 33521K [0x00000000f5a00000, 0x00000000f7af0000, 0x0000000100000000)
2015-11-12T14:03:15.251-0600: 81.097: [GC2015-11-12T14:03:15.251-0600: 81.097: [ParNew
Desired survivor size 20112992 bytes, new threshold 8 (max 8)
- age   1:    1021616 bytes,    1021616 total
- age   2:      31992 bytes,    1053608 total
- age   3:    1543448 bytes,    2597056 total
- age   4:    6435776 bytes,    9032832 total
- age   5:    1747096 bytes,   10779928 total
- age   6:    2433016 bytes,   13212944 total
- age   7:     255568 bytes,   13468512 total
- age   8:      69848 bytes,   13538360 total
: 104576K->15145K(109248K), 0.0388520 secs] 131615K->42267K(502464K), 0.0390550 secs] [Times: user=0.09 sys=0.00, real=0.03 secs] 
Heap after GC invocations=36 (full 0):
 par new generation   total 109248K, used 15145K [0x00000000d5a00000, 0x00000000dda00000, 0x00000000dda00000)
  eden space 87424K,   0% used [0x00000000d5a00000, 0x00000000d5a00000, 0x00000000daf60000)
  from space 21824K,  69% used [0x00000000daf60000, 0x00000000dbe2a468, 0x00000000dc4b0000)
  to   space 21824K,   0% used [0x00000000dc4b0000, 0x00000000dc4b0000, 0x00000000dda00000)
 concurrent mark-sweep generation total 393216K, used 27122K [0x00000000dda00000, 0x00000000f5a00000, 0x00000000f5a00000)
 concurrent-mark-sweep perm gen total 33728K, used 33521K [0x00000000f5a00000, 0x00000000f7af0000, 0x0000000100000000)
}
2015-11-12T14:03:15.290-0600: 81.136: Total time for which application threads were stopped: 0.0395300 seconds, Stopping threads took: 0.0000760 seconds
{Heap before GC invocations=36 (full 0):
 par new generation   total 109248K, used 102569K [0x00000000d5a00000, 0x00000000dda00000, 0x00000000dda00000)
  eden space 87424K, 100% used [0x00000000d5a00000, 0x00000000daf60000, 0x00000000daf60000)
  from space 21824K,  69% used [0x00000000daf60000, 0x00000000dbe2a468, 0x00000000dc4b0000)
  to   space 21824K,   0% used [0x00000000dc4b0000, 0x00000000dc4b0000, 0x00000000dda00000)
 concurrent mark-sweep generation total 393216K, used 27122K [0x00000000dda00000, 0x00000000f5a00000, 0x00000000f5a00000)
 concurrent-mark-sweep perm gen total 33728K, used 33530K [0x00000000f5a00000, 0x00000000f7af0000, 0x0000000100000000)
2015-11-12T14:03:15.435-0600: 81.282: [GC2015-11-12T14:03:15.435-0600: 81.282: [ParNew
Desired survivor size 20112992 bytes, new threshold 8 (max 8)
- age   1:     967504 bytes,     967504 total
- age   2:      42896 bytes,    1010400 total
- age   3:      31704 bytes,    1042104 total
- age   4:    1543448 bytes,    2585552 total
- age   5:    6435776 bytes,    9021328 total
- age   6:    1747096 bytes,   10768424 total
- age   7:    2433016 bytes,   13201440 total
- age   8:     255568 bytes,   13457008 total
: 102569K->20297K(109248K), 0.0450700 secs] 129691K->47489K(502464K), 0.0453070 secs] [Times: user=0.05 sys=0.00, real=0.04 secs] 
Heap after GC invocations=37 (full 0):
 par new generation   total 109248K, used 20297K [0x00000000d5a00000, 0x00000000dda00000, 0x00000000dda00000)
  eden space 87424K,   0% used [0x00000000d5a00000, 0x00000000d5a00000, 0x00000000daf60000)
  from space 21824K,  93% used [0x00000000dc4b0000, 0x00000000dd882628, 0x00000000dda00000)
  to   space 21824K,   0% used [0x00000000daf60000, 0x00000000daf60000, 0x00000000dc4b0000)
 concurrent mark-sweep generation total 393216K, used 27192K [0x00000000dda00000, 0x00000000f5a00000, 0x00000000f5a00000)
 concurrent-mark-sweep perm gen total 33728K, used 33530K [0x00000000f5a00000, 0x00000000f7af0000, 0x0000000100000000)
}
2015-11-12T14:03:15.481-0600: 81.327: Total time for which application threads were stopped: 0.0457880 seconds, Stopping threads took: 0.0001170 seconds
{Heap before GC invocations=37 (full 0):
 par new generation   total 109248K, used 107721K [0x00000000d5a00000, 0x00000000dda00000, 0x00000000dda00000)
  eden space 87424K, 100% used [0x00000000d5a00000, 0x00000000daf60000, 0x00000000daf60000)
  from space 21824K,  93% used [0x00000000dc4b0000, 0x00000000dd882628, 0x00000000dda00000)
  to   space 21824K,   0% used [0x00000000daf60000, 0x00000000daf60000, 0x00000000dc4b0000)
 concurrent mark-sweep generation total 393216K, used 27192K [0x00000000dda00000, 0x00000000f5a00000, 0x00000000f5a00000)
 concurrent-mark-sweep perm gen total 33728K, used 33554K [0x00000000f5a00000, 0x00000000f7af0000, 0x0000000100000000)
2015-11-12T14:03:15.621-0600: 81.468: [GC2015-11-12T14:03:15.621-0600: 81.468: [ParNew
Desired survivor size 20112992 bytes, new threshold 8 (max 8)
- age   1:    1141848 bytes,    1141848 total
- age   2:      60480 bytes,    1202328 total
- age   3:      42744 bytes,    1245072 total
- age   4:      31560 bytes,    1276632 total
- age   5:    1543448 bytes,    2820080 total
- age   6:    6435776 bytes,    9255856 total
- age   7:    1747096 bytes,   11002952 total
- age   8:    2433016 bytes,   13435968 total
: 107721K->15462K(109248K), 0.0923300 secs] 134913K->42907K(502464K), 0.0925540 secs] [Times: user=0.08 sys=0.00, real=0.10 secs] 
Heap after GC invocations=38 (full 0):
 par new generation   total 109248K, used 15462K [0x00000000d5a00000, 0x00000000dda00000, 0x00000000dda00000)
  eden space 87424K,   0% used [0x00000000d5a00000, 0x00000000d5a00000, 0x00000000daf60000)
  from space 21824K,  70% used [0x00000000daf60000, 0x00000000dbe79a50, 0x00000000dc4b0000)
  to   space 21824K,   0% used [0x00000000dc4b0000, 0x00000000dc4b0000, 0x00000000dda00000)
 concurrent mark-sweep generation total 393216K, used 27444K [0x00000000dda00000, 0x00000000f5a00000, 0x00000000f5a00000)
 concurrent-mark-sweep perm gen total 33728K, used 33554K [0x00000000f5a00000, 0x00000000f7af0000, 0x0000000100000000)
}
2015-11-12T14:03:15.714-0600: 81.560: Total time for which application threads were stopped: 0.0928700 seconds, Stopping threads took: 0.0000340 seconds
{Heap before GC invocations=38 (full 0):
 par new generation   total 109248K, used 102886K [0x00000000d5a00000, 0x00000000dda00000, 0x00000000dda00000)
  eden space 87424K, 100% used [0x00000000d5a00000, 0x00000000daf60000, 0x00000000daf60000)
  from space 21824K,  70% used [0x00000000daf60000, 0x00000000dbe79a50, 0x00000000dc4b0000)
  to   space 21824K,   0% used [0x00000000dc4b0000, 0x00000000dc4b0000, 0x00000000dda00000)
 concurrent mark-sweep generation total 393216K, used 27444K [0x00000000dda00000, 0x00000000f5a00000, 0x00000000f5a00000)
 concurrent-mark-sweep perm gen total 33728K, used 33564K [0x00000000f5a00000, 0x00000000f7af0000, 0x0000000100000000)
2015-11-12T14:03:15.853-0600: 81.700: [GC2015-11-12T14:03:15.853-0600: 81.700: [ParNew
Desired survivor size 20112992 bytes, new threshold 8 (max 8)
- age   1:    1365808 bytes,    1365808 total
- age   2:     101832 bytes,    1467640 total
- age   3:      60328 bytes,    1527968 total
- age   4:      42744 bytes,    1570712 total
- age   5:      31560 bytes,    1602272 total
- age   6:    1543448 bytes,    3145720 total
- age   7:    6435776 bytes,    9581496 total
- age   8:    1747096 bytes,   11328592 total
: 102886K->17080K(109248K), 0.0507170 secs] 130331K->46908K(502464K), 0.0509460 secs] [Times: user=0.07 sys=0.00, real=0.05 secs] 
Heap after GC invocations=39 (full 0):
 par new generation   total 109248K, used 17080K [0x00000000d5a00000, 0x00000000dda00000, 0x00000000dda00000)
  eden space 87424K,   0% used [0x00000000d5a00000, 0x00000000d5a00000, 0x00000000daf60000)
  from space 21824K,  78% used [0x00000000dc4b0000, 0x00000000dd55e290, 0x00000000dda00000)
  to   space 21824K,   0% used [0x00000000daf60000, 0x00000000daf60000, 0x00000000dc4b0000)
 concurrent mark-sweep generation total 393216K, used 29827K [0x00000000dda00000, 0x00000000f5a00000, 0x00000000f5a00000)
 concurrent-mark-sweep perm gen total 33728K, used 33564K [0x00000000f5a00000, 0x00000000f7af0000, 0x0000000100000000)
}
2015-11-12T14:03:15.904-0600: 81.751: Total time for which application threads were stopped: 0.0514010 seconds, Stopping threads took: 0.0000800 seconds
{Heap before GC invocations=39 (full 0):
 par new generation   total 109248K, used 104504K [0x00000000d5a00000, 0x00000000dda00000, 0x00000000dda00000)
  eden space 87424K, 100% used [0x00000000d5a00000, 0x00000000daf60000, 0x00000000daf60000)
  from space 21824K,  78% used [0x00000000dc4b0000, 0x00000000dd55e290, 0x00000000dda00000)
  to   space 21824K,   0% used [0x00000000daf60000, 0x00000000daf60000, 0x00000000dc4b0000)
 concurrent mark-sweep generation total 393216K, used 29827K [0x00000000dda00000, 0x00000000f5a00000, 0x00000000f5a00000)
 concurrent-mark-sweep perm gen total 33728K, used 33577K [0x00000000f5a00000, 0x00000000f7af0000, 0x0000000100000000)
2015-11-12T14:03:16.030-0600: 81.877: [GC2015-11-12T14:03:16.030-0600: 81.877: [ParNew
Desired survivor size 20112992 bytes, new threshold 8 (max 8)
- age   1:    1062776 bytes,    1062776 total
- age   2:     108840 bytes,    1171616 total
- age   3:     101832 bytes,    1273448 total
- age   4:      60112 bytes,    1333560 total
- age   5:      42472 bytes,    1376032 total
- age   6:      31560 bytes,    1407592 total
- age   7:    1543448 bytes,    2951040 total
- age   8:    6435776 bytes,    9386816 total
: 104504K->12628K(109248K), 0.0303170 secs] 134332K->44167K(502464K), 0.0305150 secs] [Times: user=0.03 sys=0.00, real=0.03 secs] 
Heap after GC invocations=40 (full 0):
 par new generation   total 109248K, used 12628K [0x00000000d5a00000, 0x00000000dda00000, 0x00000000dda00000)
  eden space 87424K,   0% used [0x00000000d5a00000, 0x00000000d5a00000, 0x00000000daf60000)
  from space 21824K,  57% used [0x00000000daf60000, 0x00000000dbbb50c8, 0x00000000dc4b0000)
  to   space 21824K,   0% used [0x00000000dc4b0000, 0x00000000dc4b0000, 0x00000000dda00000)
 concurrent mark-sweep generation total 393216K, used 31539K [0x00000000dda00000, 0x00000000f5a00000, 0x00000000f5a00000)
 concurrent-mark-sweep perm gen total 33728K, used 33577K [0x00000000f5a00000, 0x00000000f7af0000, 0x0000000100000000)
}
2015-11-12T14:03:16.061-0600: 81.907: Total time for which application threads were stopped: 0.0309430 seconds, Stopping threads took: 0.0001410 seconds
{Heap before GC invocations=40 (full 0):
 par new generation   total 109248K, used 100045K [0x00000000d5a00000, 0x00000000dda00000, 0x00000000dda00000)
  eden space 87424K,  99% used [0x00000000d5a00000, 0x00000000daf5e5e8, 0x00000000daf60000)
  from space 21824K,  57% used [0x00000000daf60000, 0x00000000dbbb50c8, 0x00000000dc4b0000)
  to   space 21824K,   0% used [0x00000000dc4b0000, 0x00000000dc4b0000, 0x00000000dda00000)
 concurrent mark-sweep generation total 393216K, used 31539K [0x00000000dda00000, 0x00000000f5a00000, 0x00000000f5a00000)
 concurrent-mark-sweep perm gen total 33728K, used 33594K [0x00000000f5a00000, 0x00000000f7af0000, 0x0000000100000000)
2015-11-12T14:03:16.177-0600: 82.024: [GC2015-11-12T14:03:16.177-0600: 82.024: [ParNew
Desired survivor size 20112992 bytes, new threshold 8 (max 8)
- age   1:    1047920 bytes,    1047920 total
- age   2:      98416 bytes,    1146336 total
- age   3:     108840 bytes,    1255176 total
- age   4:     101184 bytes,    1356360 total
- age   5:      59352 bytes,    1415712 total
- age   6:      41928 bytes,    1457640 total
- age   7:      31560 bytes,    1489200 total
- age   8:    1543448 bytes,    3032648 total
: 100045K->6050K(109248K), 0.0413500 secs] 131585K->43885K(502464K), 0.0415850 secs] [Times: user=0.06 sys=0.00, real=0.04 secs] 
Heap after GC invocations=41 (full 0):
 par new generation   total 109248K, used 6050K [0x00000000d5a00000, 0x00000000dda00000, 0x00000000dda00000)
  eden space 87424K,   0% used [0x00000000d5a00000, 0x00000000d5a00000, 0x00000000daf60000)
  from space 21824K,  27% used [0x00000000dc4b0000, 0x00000000dca98b70, 0x00000000dda00000)
  to   space 21824K,   0% used [0x00000000daf60000, 0x00000000daf60000, 0x00000000dc4b0000)
 concurrent mark-sweep generation total 393216K, used 37834K [0x00000000dda00000, 0x00000000f5a00000, 0x00000000f5a00000)
 concurrent-mark-sweep perm gen total 33728K, used 33594K [0x00000000f5a00000, 0x00000000f7af0000, 0x0000000100000000)
}
2015-11-12T14:03:16.219-0600: 82.066: Total time for which application threads were stopped: 0.0433220 seconds, Stopping threads took: 0.0014700 seconds
{Heap before GC invocations=41 (full 0):
 par new generation   total 109248K, used 93474K [0x00000000d5a00000, 0x00000000dda00000, 0x00000000dda00000)
  eden space 87424K, 100% used [0x00000000d5a00000, 0x00000000daf60000, 0x00000000daf60000)
  from space 21824K,  27% used [0x00000000dc4b0000, 0x00000000dca98b70, 0x00000000dda00000)
  to   space 21824K,   0% used [0x00000000daf60000, 0x00000000daf60000, 0x00000000dc4b0000)
 concurrent mark-sweep generation total 393216K, used 37834K [0x00000000dda00000, 0x00000000f5a00000, 0x00000000f5a00000)
 concurrent-mark-sweep perm gen total 33728K, used 33618K [0x00000000f5a00000, 0x00000000f7af0000, 0x0000000100000000)
2015-11-12T14:03:16.346-0600: 82.192: [GC2015-11-12T14:03:16.346-0600: 82.192: [ParNew
Desired survivor size 20112992 bytes, new threshold 8 (max 8)
- age   1:     962632 bytes,     962632 total
- age   2:      90384 bytes,    1053016 total
- age   3:      98416 bytes,    1151432 total
- age   4:     108624 bytes,    1260056 total
- age   5:     100912 bytes,    1360968 total
- age   6:      59352 bytes,    1420320 total
- age   7:      41928 bytes,    1462248 total
- age   8:      31560 bytes,    1493808 total
: 93474K->3089K(109248K), 0.0517840 secs] 131309K->42433K(502464K), 0.0519820 secs] [Times: user=0.06 sys=0.00, real=0.05 secs] 
Heap after GC invocations=42 (full 0):
 par new generation   total 109248K, used 3089K [0x00000000d5a00000, 0x00000000dda00000, 0x00000000dda00000)
  eden space 87424K,   0% used [0x00000000d5a00000, 0x00000000d5a00000, 0x00000000daf60000)
  from space 21824K,  14% used [0x00000000daf60000, 0x00000000db264648, 0x00000000dc4b0000)
  to   space 21824K,   0% used [0x00000000dc4b0000, 0x00000000dc4b0000, 0x00000000dda00000)
 concurrent mark-sweep generation total 393216K, used 39344K [0x00000000dda00000, 0x00000000f5a00000, 0x00000000f5a00000)
 concurrent-mark-sweep perm gen total 33728K, used 33618K [0x00000000f5a00000, 0x00000000f7af0000, 0x0000000100000000)
}
2015-11-12T14:03:16.398-0600: 82.244: Total time for which application threads were stopped: 0.0553680 seconds, Stopping threads took: 0.0031250 seconds
{Heap before GC invocations=42 (full 0):
 par new generation   total 109248K, used 90513K [0x00000000d5a00000, 0x00000000dda00000, 0x00000000dda00000)
  eden space 87424K, 100% used [0x00000000d5a00000, 0x00000000daf60000, 0x00000000daf60000)
  from space 21824K,  14% used [0x00000000daf60000, 0x00000000db264648, 0x00000000dc4b0000)
  to   space 21824K,   0% used [0x00000000dc4b0000, 0x00000000dc4b0000, 0x00000000dda00000)
 concurrent mark-sweep generation total 393216K, used 39344K [0x00000000dda00000, 0x00000000f5a00000, 0x00000000f5a00000)
 concurrent-mark-sweep perm gen total 33728K, used 33627K [0x00000000f5a00000, 0x00000000f7af0000, 0x0000000100000000)
2015-11-12T14:03:16.521-0600: 82.367: [GC2015-11-12T14:03:16.521-0600: 82.367: [ParNew
Desired survivor size 20112992 bytes, new threshold 8 (max 8)
- age   1:    1294944 bytes,    1294944 total
- age   2:      80352 bytes,    1375296 total
- age   3:      90384 bytes,    1465680 total
- age   4:      98416 bytes,    1564096 total
- age   5:     108624 bytes,    1672720 total
- age   6:     100912 bytes,    1773632 total
- age   7:      59352 bytes,    1832984 total
- age   8:      41928 bytes,    1874912 total
: 90513K->2176K(109248K), 0.0133900 secs] 129857K->41553K(502464K), 0.0136150 secs] [Times: user=0.03 sys=0.01, real=0.02 secs] 
Heap after GC invocations=43 (full 0):
 par new generation   total 109248K, used 2176K [0x00000000d5a00000, 0x00000000dda00000, 0x00000000dda00000)
  eden space 87424K,   0% used [0x00000000d5a00000, 0x00000000d5a00000, 0x00000000daf60000)
  from space 21824K,   9% used [0x00000000dc4b0000, 0x00000000dc6d0290, 0x00000000dda00000)
  to   space 21824K,   0% used [0x00000000daf60000, 0x00000000daf60000, 0x00000000dc4b0000)
 concurrent mark-sweep generation total 393216K, used 39376K [0x00000000dda00000, 0x00000000f5a00000, 0x00000000f5a00000)
 concurrent-mark-sweep perm gen total 33728K, used 33627K [0x00000000f5a00000, 0x00000000f7af0000, 0x0000000100000000)
}
2015-11-12T14:03:16.535-0600: 82.381: Total time for which application threads were stopped: 0.0142250 seconds, Stopping threads took: 0.0001030 seconds
{Heap before GC invocations=43 (full 0):
 par new generation   total 109248K, used 89600K [0x00000000d5a00000, 0x00000000dda00000, 0x00000000dda00000)
  eden space 87424K, 100% used [0x00000000d5a00000, 0x00000000daf60000, 0x00000000daf60000)
  from space 21824K,   9% used [0x00000000dc4b0000, 0x00000000dc6d0290, 0x00000000dda00000)
  to   space 21824K,   0% used [0x00000000daf60000, 0x00000000daf60000, 0x00000000dc4b0000)
 concurrent mark-sweep generation total 393216K, used 39376K [0x00000000dda00000, 0x00000000f5a00000, 0x00000000f5a00000)
 concurrent-mark-sweep perm gen total 33728K, used 33643K [0x00000000f5a00000, 0x00000000f7af0000, 0x0000000100000000)
2015-11-12T14:03:16.703-0600: 82.550: [GC2015-11-12T14:03:16.704-0600: 82.550: [ParNew
Desired survivor size 20112992 bytes, new threshold 8 (max 8)
- age   1:     907872 bytes,     907872 total
- age   2:     249440 bytes,    1157312 total
- age   3:      80352 bytes,    1237664 total
- age   4:      90384 bytes,    1328048 total
- age   5:      98416 bytes,    1426464 total
- age   6:     108624 bytes,    1535088 total
- age   7:     100912 bytes,    1636000 total
- age   8:      59352 bytes,    1695352 total
: 89600K->2673K(109248K), 0.0179460 secs] 128977K->42093K(502464K), 0.0181510 secs] [Times: user=0.02 sys=0.00, real=0.01 secs] 
Heap after GC invocations=44 (full 0):
 par new generation   total 109248K, used 2673K [0x00000000d5a00000, 0x00000000dda00000, 0x00000000dda00000)
  eden space 87424K,   0% used [0x00000000d5a00000, 0x00000000d5a00000, 0x00000000daf60000)
  from space 21824K,  12% used [0x00000000daf60000, 0x00000000db1fc7c8, 0x00000000dc4b0000)
  to   space 21824K,   0% used [0x00000000dc4b0000, 0x00000000dc4b0000, 0x00000000dda00000)
 concurrent mark-sweep generation total 393216K, used 39419K [0x00000000dda00000, 0x00000000f5a00000, 0x00000000f5a00000)
 concurrent-mark-sweep perm gen total 33728K, used 33643K [0x00000000f5a00000, 0x00000000f7af0000, 0x0000000100000000)
}
2015-11-12T14:03:16.722-0600: 82.568: Total time for which application threads were stopped: 0.0246410 seconds, Stopping threads took: 0.0062000 seconds
2015-11-12T14:03:16.858-0600: 82.704: Total time for which application threads were stopped: 0.0001550 seconds, Stopping threads took: 0.0000440 seconds
2015-11-12T14:03:16.886-0600: 82.733: Total time for which application threads were stopped: 0.0001340 seconds, Stopping threads took: 0.0000490 seconds
2015-11-12T14:03:16.905-0600: 82.752: Total time for which application threads were stopped: 0.0001550 seconds, Stopping threads took: 0.0000710 seconds
2015-11-12T14:03:16.906-0600: 82.752: Total time for which application threads were stopped: 0.0001270 seconds, Stopping threads took: 0.0000670 seconds
2015-11-12T14:03:17.059-0600: 82.905: Total time for which application threads were stopped: 0.0011520 seconds, Stopping threads took: 0.0007790 seconds
2015-11-12T14:03:17.104-0600: 82.950: Total time for which application threads were stopped: 0.0033880 seconds, Stopping threads took: 0.0032830 seconds
2015-11-12T14:03:17.104-0600: 82.951: Total time for which application threads were stopped: 0.0000910 seconds, Stopping threads took: 0.0000280 seconds
2015-11-12T14:03:17.154-0600: 83.001: Total time for which application threads were stopped: 0.0097560 seconds, Stopping threads took: 0.0096590 seconds
2015-11-12T14:03:17.173-0600: 83.020: Total time for which application threads were stopped: 0.0001850 seconds, Stopping threads took: 0.0000940 seconds
2015-11-12T14:03:17.182-0600: 83.029: Total time for which application threads were stopped: 0.0041160 seconds, Stopping threads took: 0.0040270 seconds
2015-11-12T14:03:17.198-0600: 83.045: Total time for which application threads were stopped: 0.0038820 seconds, Stopping threads took: 0.0037630 seconds
2015-11-12T14:03:17.294-0600: 83.141: Total time for which application threads were stopped: 0.0001710 seconds, Stopping threads took: 0.0000660 seconds
2015-11-12T14:03:17.328-0600: 83.174: Total time for which application threads were stopped: 0.0040160 seconds, Stopping threads took: 0.0038640 seconds
{Heap before GC invocations=44 (full 0):
 par new generation   total 109248K, used 90097K [0x00000000d5a00000, 0x00000000dda00000, 0x00000000dda00000)
  eden space 87424K, 100% used [0x00000000d5a00000, 0x00000000daf60000, 0x00000000daf60000)
  from space 21824K,  12% used [0x00000000daf60000, 0x00000000db1fc7c8, 0x00000000dc4b0000)
  to   space 21824K,   0% used [0x00000000dc4b0000, 0x00000000dc4b0000, 0x00000000dda00000)
 concurrent mark-sweep generation total 393216K, used 39419K [0x00000000dda00000, 0x00000000f5a00000, 0x00000000f5a00000)
 concurrent-mark-sweep perm gen total 33728K, used 33674K [0x00000000f5a00000, 0x00000000f7af0000, 0x0000000100000000)
2015-11-12T14:03:17.440-0600: 83.287: [GC2015-11-12T14:03:17.440-0600: 83.287: [ParNew
Desired survivor size 20112992 bytes, new threshold 8 (max 8)
- age   1:    5452480 bytes,    5452480 total
- age   2:     496016 bytes,    5948496 total
- age   3:     249440 bytes,    6197936 total
- age   4:      80352 bytes,    6278288 total
- age   5:      90384 bytes,    6368672 total
- age   6:      98416 bytes,    6467088 total
- age   7:     108624 bytes,    6575712 total
- age   8:     100912 bytes,    6676624 total
: 90097K->6957K(109248K), 0.0310230 secs] 129517K->46436K(502464K), 0.0312610 secs] [Times: user=0.07 sys=0.00, real=0.04 secs] 
Heap after GC invocations=45 (full 0):
 par new generation   total 109248K, used 6957K [0x00000000d5a00000, 0x00000000dda00000, 0x00000000dda00000)
  eden space 87424K,   0% used [0x00000000d5a00000, 0x00000000d5a00000, 0x00000000daf60000)
  from space 21824K,  31% used [0x00000000dc4b0000, 0x00000000dcb7b4d8, 0x00000000dda00000)
  to   space 21824K,   0% used [0x00000000daf60000, 0x00000000daf60000, 0x00000000dc4b0000)
 concurrent mark-sweep generation total 393216K, used 39479K [0x00000000dda00000, 0x00000000f5a00000, 0x00000000f5a00000)
 concurrent-mark-sweep perm gen total 33728K, used 33674K [0x00000000f5a00000, 0x00000000f7af0000, 0x0000000100000000)
}
2015-11-12T14:03:17.471-0600: 83.318: Total time for which application threads were stopped: 0.0315660 seconds, Stopping threads took: 0.0000440 seconds
2015-11-12T14:03:17.555-0600: 83.401: Total time for which application threads were stopped: 0.0006300 seconds, Stopping threads took: 0.0005050 seconds
2015-11-12T14:03:17.701-0600: 83.548: Total time for which application threads were stopped: 0.0003950 seconds, Stopping threads took: 0.0000510 seconds
2015-11-12T14:03:17.706-0600: 83.553: Total time for which application threads were stopped: 0.0031000 seconds, Stopping threads took: 0.0029460 seconds
2015-11-12T14:03:17.791-0600: 83.638: Total time for which application threads were stopped: 0.0079890 seconds, Stopping threads took: 0.0078250 seconds
2015-11-12T14:03:17.958-0600: 83.805: Total time for which application threads were stopped: 0.0020550 seconds, Stopping threads took: 0.0019000 seconds
2015-11-12T14:03:17.983-0600: 83.830: Total time for which application threads were stopped: 0.0002030 seconds, Stopping threads took: 0.0000840 seconds
2015-11-12T14:03:17.989-0600: 83.836: Total time for which application threads were stopped: 0.0001670 seconds, Stopping threads took: 0.0000600 seconds
2015-11-12T14:03:17.990-0600: 83.836: Total time for which application threads were stopped: 0.0001230 seconds, Stopping threads took: 0.0000410 seconds
2015-11-12T14:03:17.998-0600: 83.845: Total time for which application threads were stopped: 0.0019880 seconds, Stopping threads took: 0.0018970 seconds
2015-11-12T14:03:18.029-0600: 83.876: Total time for which application threads were stopped: 0.0109820 seconds, Stopping threads took: 0.0109040 seconds
2015-11-12T14:03:18.032-0600: 83.878: Total time for which application threads were stopped: 0.0002320 seconds, Stopping threads took: 0.0001060 seconds
2015-11-12T14:03:18.047-0600: 83.893: Total time for which application threads were stopped: 0.0115200 seconds, Stopping threads took: 0.0114240 seconds
2015-11-12T14:03:18.047-0600: 83.894: Total time for which application threads were stopped: 0.0004560 seconds, Stopping threads took: 0.0000770 seconds
2015-11-12T14:03:18.166-0600: 84.013: Total time for which application threads were stopped: 0.0002720 seconds, Stopping threads took: 0.0001080 seconds
2015-11-12T14:03:18.283-0600: 84.129: Total time for which application threads were stopped: 0.0012260 seconds, Stopping threads took: 0.0009660 seconds
2015-11-12T14:03:18.294-0600: 84.141: Total time for which application threads were stopped: 0.0056050 seconds, Stopping threads took: 0.0055140 seconds
2015-11-12T14:03:18.348-0600: 84.195: Total time for which application threads were stopped: 0.0158730 seconds, Stopping threads took: 0.0157700 seconds
2015-11-12T14:03:18.352-0600: 84.198: Total time for which application threads were stopped: 0.0001180 seconds, Stopping threads took: 0.0000340 seconds
2015-11-12T14:03:18.360-0600: 84.207: Total time for which application threads were stopped: 0.0001120 seconds, Stopping threads took: 0.0000340 seconds
2015-11-12T14:03:18.369-0600: 84.216: Total time for which application threads were stopped: 0.0031620 seconds, Stopping threads took: 0.0030790 seconds
2015-11-12T14:03:18.370-0600: 84.217: Total time for which application threads were stopped: 0.0001370 seconds, Stopping threads took: 0.0000670 seconds
2015-11-12T14:03:18.382-0600: 84.229: Total time for which application threads were stopped: 0.0041030 seconds, Stopping threads took: 0.0040260 seconds
2015-11-12T14:03:18.393-0600: 84.239: Total time for which application threads were stopped: 0.0060960 seconds, Stopping threads took: 0.0060080 seconds
2015-11-12T14:03:18.393-0600: 84.239: Total time for which application threads were stopped: 0.0000700 seconds, Stopping threads took: 0.0000230 seconds
2015-11-12T14:03:18.393-0600: 84.239: Total time for which application threads were stopped: 0.0000520 seconds, Stopping threads took: 0.0000130 seconds
2015-11-12T14:03:18.393-0600: 84.240: Total time for which application threads were stopped: 0.0000480 seconds, Stopping threads took: 0.0000110 seconds
2015-11-12T14:03:18.464-0600: 84.311: Total time for which application threads were stopped: 0.0001060 seconds, Stopping threads took: 0.0000360 seconds
2015-11-12T14:03:19.465-0600: 85.311: Total time for which application threads were stopped: 0.0005940 seconds, Stopping threads took: 0.0000800 seconds
{Heap before GC invocations=45 (full 0):
 par new generation   total 109248K, used 94381K [0x00000000d5a00000, 0x00000000dda00000, 0x00000000dda00000)
  eden space 87424K, 100% used [0x00000000d5a00000, 0x00000000daf60000, 0x00000000daf60000)
  from space 21824K,  31% used [0x00000000dc4b0000, 0x00000000dcb7b4d8, 0x00000000dda00000)
  to   space 21824K,   0% used [0x00000000daf60000, 0x00000000daf60000, 0x00000000dc4b0000)
 concurrent mark-sweep generation total 393216K, used 39479K [0x00000000dda00000, 0x00000000f5a00000, 0x00000000f5a00000)
 concurrent-mark-sweep perm gen total 33920K, used 33740K [0x00000000f5a00000, 0x00000000f7b20000, 0x0000000100000000)
2015-11-12T14:03:24.021-0600: 89.867: [GC2015-11-12T14:03:24.021-0600: 89.867: [ParNew
Desired survivor size 20112992 bytes, new threshold 8 (max 8)
- age   1:    5668304 bytes,    5668304 total
- age   2:    2909104 bytes,    8577408 total
- age   3:     423752 bytes,    9001160 total
- age   4:     249440 bytes,    9250600 total
- age   5:      80352 bytes,    9330952 total
- age   6:      90384 bytes,    9421336 total
- age   7:      98416 bytes,    9519752 total
- age   8:     108624 bytes,    9628376 total
: 94381K->11705K(109248K), 0.0701810 secs] 133860K->51286K(502464K), 0.0704180 secs] [Times: user=0.09 sys=0.00, real=0.08 secs] 
Heap after GC invocations=46 (full 0):
 par new generation   total 109248K, used 11705K [0x00000000d5a00000, 0x00000000dda00000, 0x00000000dda00000)
  eden space 87424K,   0% used [0x00000000d5a00000, 0x00000000d5a00000, 0x00000000daf60000)
  from space 21824K,  53% used [0x00000000daf60000, 0x00000000dbace7f8, 0x00000000dc4b0000)
  to   space 21824K,   0% used [0x00000000dc4b0000, 0x00000000dc4b0000, 0x00000000dda00000)
 concurrent mark-sweep generation total 393216K, used 39580K [0x00000000dda00000, 0x00000000f5a00000, 0x00000000f5a00000)
 concurrent-mark-sweep perm gen total 33920K, used 33740K [0x00000000f5a00000, 0x00000000f7b20000, 0x0000000100000000)
}
2015-11-12T14:03:24.091-0600: 89.938: Total time for which application threads were stopped: 0.0772560 seconds, Stopping threads took: 0.0064560 seconds
{Heap before GC invocations=46 (full 0):
 par new generation   total 109248K, used 99129K [0x00000000d5a00000, 0x00000000dda00000, 0x00000000dda00000)
  eden space 87424K, 100% used [0x00000000d5a00000, 0x00000000daf60000, 0x00000000daf60000)
  from space 21824K,  53% used [0x00000000daf60000, 0x00000000dbace7f8, 0x00000000dc4b0000)
  to   space 21824K,   0% used [0x00000000dc4b0000, 0x00000000dc4b0000, 0x00000000dda00000)
 concurrent mark-sweep generation total 393216K, used 39580K [0x00000000dda00000, 0x00000000f5a00000, 0x00000000f5a00000)
 concurrent-mark-sweep perm gen total 33920K, used 33744K [0x00000000f5a00000, 0x00000000f7b20000, 0x0000000100000000)
2015-11-12T14:03:24.233-0600: 90.080: [GC2015-11-12T14:03:24.233-0600: 90.080: [ParNew
Desired survivor size 20112992 bytes, new threshold 8 (max 8)
- age   1:    4015480 bytes,    4015480 total
- age   2:    5106000 bytes,    9121480 total
- age   3:    2886952 bytes,   12008432 total
- age   4:     423752 bytes,   12432184 total
- age   5:     249440 bytes,   12681624 total
- age   6:      80352 bytes,   12761976 total
- age   7:      90384 bytes,   12852360 total
- age   8:      98416 bytes,   12950776 total
: 99129K->15905K(109248K), 0.0350360 secs] 138710K->55593K(502464K), 0.0352490 secs] [Times: user=0.06 sys=0.00, real=0.03 secs] 
Heap after GC invocations=47 (full 0):
 par new generation   total 109248K, used 15905K [0x00000000d5a00000, 0x00000000dda00000, 0x00000000dda00000)
  eden space 87424K,   0% used [0x00000000d5a00000, 0x00000000d5a00000, 0x00000000daf60000)
  from space 21824K,  72% used [0x00000000dc4b0000, 0x00000000dd438400, 0x00000000dda00000)
  to   space 21824K,   0% used [0x00000000daf60000, 0x00000000daf60000, 0x00000000dc4b0000)
 concurrent mark-sweep generation total 393216K, used 39688K [0x00000000dda00000, 0x00000000f5a00000, 0x00000000f5a00000)
 concurrent-mark-sweep perm gen total 33920K, used 33744K [0x00000000f5a00000, 0x00000000f7b20000, 0x0000000100000000)
}
2015-11-12T14:03:24.269-0600: 90.115: Total time for which application threads were stopped: 0.0416510 seconds, Stopping threads took: 0.0060900 seconds
{Heap before GC invocations=47 (full 0):
 par new generation   total 109248K, used 103317K [0x00000000d5a00000, 0x00000000dda00000, 0x00000000dda00000)
  eden space 87424K,  99% used [0x00000000d5a00000, 0x00000000daf5d2b8, 0x00000000daf60000)
  from space 21824K,  72% used [0x00000000dc4b0000, 0x00000000dd438400, 0x00000000dda00000)
  to   space 21824K,   0% used [0x00000000daf60000, 0x00000000daf60000, 0x00000000dc4b0000)
 concurrent mark-sweep generation total 393216K, used 39688K [0x00000000dda00000, 0x00000000f5a00000, 0x00000000f5a00000)
 concurrent-mark-sweep perm gen total 33920K, used 33744K [0x00000000f5a00000, 0x00000000f7b20000, 0x0000000100000000)
2015-11-12T14:03:24.385-0600: 90.232: [GC2015-11-12T14:03:24.385-0600: 90.232: [ParNew
Desired survivor size 20112992 bytes, new threshold 8 (max 8)
- age   1:     719136 bytes,     719136 total
- age   2:    3262616 bytes,    3981752 total
- age   3:    5105960 bytes,    9087712 total
- age   4:    2886952 bytes,   11974664 total
- age   5:     423752 bytes,   12398416 total
- age   6:     282224 bytes,   12680640 total
- age   7:      80352 bytes,   12760992 total
- age   8:      90384 bytes,   12851376 total
: 103317K->20078K(109248K), 0.0331110 secs] 143006K->59865K(502464K), 0.0333600 secs] [Times: user=0.05 sys=0.00, real=0.03 secs] 
Heap after GC invocations=48 (full 0):
 par new generation   total 109248K, used 20078K [0x00000000d5a00000, 0x00000000dda00000, 0x00000000dda00000)
  eden space 87424K,   0% used [0x00000000d5a00000, 0x00000000d5a00000, 0x00000000daf60000)
  from space 21824K,  92% used [0x00000000daf60000, 0x00000000dc2fbaf0, 0x00000000dc4b0000)
  to   space 21824K,   0% used [0x00000000dc4b0000, 0x00000000dc4b0000, 0x00000000dda00000)
 concurrent mark-sweep generation total 393216K, used 39786K [0x00000000dda00000, 0x00000000f5a00000, 0x00000000f5a00000)
 concurrent-mark-sweep perm gen total 33920K, used 33744K [0x00000000f5a00000, 0x00000000f7b20000, 0x0000000100000000)
}
2015-11-12T14:03:24.419-0600: 90.265: Total time for which application threads were stopped: 0.0337520 seconds, Stopping threads took: 0.0001380 seconds
{Heap before GC invocations=48 (full 0):
 par new generation   total 109248K, used 107502K [0x00000000d5a00000, 0x00000000dda00000, 0x00000000dda00000)
  eden space 87424K, 100% used [0x00000000d5a00000, 0x00000000daf60000, 0x00000000daf60000)
  from space 21824K,  92% used [0x00000000daf60000, 0x00000000dc2fbaf0, 0x00000000dc4b0000)
  to   space 21824K,   0% used [0x00000000dc4b0000, 0x00000000dc4b0000, 0x00000000dda00000)
 concurrent mark-sweep generation total 393216K, used 39786K [0x00000000dda00000, 0x00000000f5a00000, 0x00000000f5a00000)
 concurrent-mark-sweep perm gen total 33920K, used 33745K [0x00000000f5a00000, 0x00000000f7b20000, 0x0000000100000000)
2015-11-12T14:03:24.486-0600: 90.332: [GC2015-11-12T14:03:24.486-0600: 90.332: [ParNew
Desired survivor size 20112992 bytes, new threshold 8 (max 8)
- age   1:    1374864 bytes,    1374864 total
- age   2:      33432 bytes,    1408296 total
- age   3:    3262312 bytes,    4670608 total
- age   4:    5105960 bytes,    9776568 total
- age   5:    2886952 bytes,   12663520 total
- age   6:     423752 bytes,   13087272 total
- age   7:     249440 bytes,   13336712 total
- age   8:      80352 bytes,   13417064 total
: 107502K->16494K(109248K), 0.0277150 secs] 147289K->56371K(502464K), 0.0279400 secs] [Times: user=0.05 sys=0.00, real=0.03 secs] 
Heap after GC invocations=49 (full 0):
 par new generation   total 109248K, used 16494K [0x00000000d5a00000, 0x00000000dda00000, 0x00000000dda00000)
  eden space 87424K,   0% used [0x00000000d5a00000, 0x00000000d5a00000, 0x00000000daf60000)
  from space 21824K,  75% used [0x00000000dc4b0000, 0x00000000dd4cb8f8, 0x00000000dda00000)
  to   space 21824K,   0% used [0x00000000daf60000, 0x00000000daf60000, 0x00000000dc4b0000)
 concurrent mark-sweep generation total 393216K, used 39876K [0x00000000dda00000, 0x00000000f5a00000, 0x00000000f5a00000)
 concurrent-mark-sweep perm gen total 33920K, used 33745K [0x00000000f5a00000, 0x00000000f7b20000, 0x0000000100000000)
}
2015-11-12T14:03:24.514-0600: 90.360: Total time for which application threads were stopped: 0.0282920 seconds, Stopping threads took: 0.0000690 seconds
{Heap before GC invocations=49 (full 0):
 par new generation   total 109248K, used 103918K [0x00000000d5a00000, 0x00000000dda00000, 0x00000000dda00000)
  eden space 87424K, 100% used [0x00000000d5a00000, 0x00000000daf60000, 0x00000000daf60000)
  from space 21824K,  75% used [0x00000000dc4b0000, 0x00000000dd4cb8f8, 0x00000000dda00000)
  to   space 21824K,   0% used [0x00000000daf60000, 0x00000000daf60000, 0x00000000dc4b0000)
 concurrent mark-sweep generation total 393216K, used 39876K [0x00000000dda00000, 0x00000000f5a00000, 0x00000000f5a00000)
 concurrent-mark-sweep perm gen total 33920K, used 33747K [0x00000000f5a00000, 0x00000000f7b20000, 0x0000000100000000)
2015-11-12T14:03:24.605-0600: 90.451: [GC2015-11-12T14:03:24.605-0600: 90.451: [ParNew
Desired survivor size 20112992 bytes, new threshold 8 (max 8)
- age   1:     850848 bytes,     850848 total
- age   2:      43544 bytes,     894392 total
- age   3:      32984 bytes,     927376 total
- age   4:    3262312 bytes,    4189688 total
- age   5:    5105960 bytes,    9295648 total
- age   6:    2886952 bytes,   12182600 total
- age   7:     423752 bytes,   12606352 total
- age   8:     249440 bytes,   12855792 total
: 103918K->19821K(109248K), 0.0313690 secs] 143795K->59778K(502464K), 0.0315730 secs] [Times: user=0.05 sys=0.00, real=0.03 secs] 
Heap after GC invocations=50 (full 0):
 par new generation   total 109248K, used 19821K [0x00000000d5a00000, 0x00000000dda00000, 0x00000000dda00000)
  eden space 87424K,   0% used [0x00000000d5a00000, 0x00000000d5a00000, 0x00000000daf60000)
  from space 21824K,  90% used [0x00000000daf60000, 0x00000000dc2bb548, 0x00000000dc4b0000)
  to   space 21824K,   0% used [0x00000000dc4b0000, 0x00000000dc4b0000, 0x00000000dda00000)
 concurrent mark-sweep generation total 393216K, used 39957K [0x00000000dda00000, 0x00000000f5a00000, 0x00000000f5a00000)
 concurrent-mark-sweep perm gen total 33920K, used 33747K [0x00000000f5a00000, 0x00000000f7b20000, 0x0000000100000000)
}
2015-11-12T14:03:24.637-0600: 90.483: Total time for which application threads were stopped: 0.0396250 seconds, Stopping threads took: 0.0074740 seconds
{Heap before GC invocations=50 (full 0):
 par new generation   total 109248K, used 107237K [0x00000000d5a00000, 0x00000000dda00000, 0x00000000dda00000)
  eden space 87424K,  99% used [0x00000000d5a00000, 0x00000000daf5e260, 0x00000000daf60000)
  from space 21824K,  90% used [0x00000000daf60000, 0x00000000dc2bb548, 0x00000000dc4b0000)
  to   space 21824K,   0% used [0x00000000dc4b0000, 0x00000000dc4b0000, 0x00000000dda00000)
 concurrent mark-sweep generation total 393216K, used 39957K [0x00000000dda00000, 0x00000000f5a00000, 0x00000000f5a00000)
 concurrent-mark-sweep perm gen total 33920K, used 33747K [0x00000000f5a00000, 0x00000000f7b20000, 0x0000000100000000)
2015-11-12T14:03:24.731-0600: 90.578: [GC2015-11-12T14:03:24.731-0600: 90.578: [ParNew
Desired survivor size 20112992 bytes, new threshold 8 (max 8)
- age   1:    1011336 bytes,    1011336 total
- age   2:      56328 bytes,    1067664 total
- age   3:      43256 bytes,    1110920 total
- age   4:      32984 bytes,    1143904 total
- age   5:    3262312 bytes,    4406216 total
- age   6:    5105960 bytes,    9512176 total
- age   7:    2919736 bytes,   12431912 total
- age   8:     423752 bytes,   12855664 total
: 107237K->14925K(109248K), 0.0240440 secs] 147195K->55129K(502464K), 0.0242380 secs] [Times: user=0.04 sys=0.00, real=0.02 secs] 
Heap after GC invocations=51 (full 0):
 par new generation   total 109248K, used 14925K [0x00000000d5a00000, 0x00000000dda00000, 0x00000000dda00000)
  eden space 87424K,   0% used [0x00000000d5a00000, 0x00000000d5a00000, 0x00000000daf60000)
  from space 21824K,  68% used [0x00000000dc4b0000, 0x00000000dd343680, 0x00000000dda00000)
  to   space 21824K,   0% used [0x00000000daf60000, 0x00000000daf60000, 0x00000000dc4b0000)
 concurrent mark-sweep generation total 393216K, used 40203K [0x00000000dda00000, 0x00000000f5a00000, 0x00000000f5a00000)
 concurrent-mark-sweep perm gen total 33920K, used 33747K [0x00000000f5a00000, 0x00000000f7b20000, 0x0000000100000000)
}
2015-11-12T14:03:24.756-0600: 90.602: Total time for which application threads were stopped: 0.0252550 seconds, Stopping threads took: 0.0007610 seconds
{Heap before GC invocations=51 (full 0):
 par new generation   total 109248K, used 102349K [0x00000000d5a00000, 0x00000000dda00000, 0x00000000dda00000)
  eden space 87424K, 100% used [0x00000000d5a00000, 0x00000000daf60000, 0x00000000daf60000)
  from space 21824K,  68% used [0x00000000dc4b0000, 0x00000000dd343680, 0x00000000dda00000)
  to   space 21824K,   0% used [0x00000000daf60000, 0x00000000daf60000, 0x00000000dc4b0000)
 concurrent mark-sweep generation total 393216K, used 40203K [0x00000000dda00000, 0x00000000f5a00000, 0x00000000f5a00000)
 concurrent-mark-sweep perm gen total 33920K, used 33762K [0x00000000f5a00000, 0x00000000f7b20000, 0x0000000100000000)
2015-11-12T14:03:24.850-0600: 90.696: [GC2015-11-12T14:03:24.850-0600: 90.697: [ParNew
Desired survivor size 20112992 bytes, new threshold 8 (max 8)
- age   1:    1124496 bytes,    1124496 total
- age   2:      84744 bytes,    1209240 total
- age   3:      56176 bytes,    1265416 total
- age   4:      43256 bytes,    1308672 total
- age   5:      32984 bytes,    1341656 total
- age   6:    3262312 bytes,    4603968 total
- age   7:    5138744 bytes,    9742712 total
- age   8:    2919736 bytes,   12662448 total
: 102349K->21768K(109248K), 0.0356610 secs] 142553K->62389K(502464K), 0.0358860 secs] [Times: user=0.05 sys=0.00, real=0.04 secs] 
Heap after GC invocations=52 (full 0):
 par new generation   total 109248K, used 21768K [0x00000000d5a00000, 0x00000000dda00000, 0x00000000dda00000)
  eden space 87424K,   0% used [0x00000000d5a00000, 0x00000000d5a00000, 0x00000000daf60000)
  from space 21824K,  99% used [0x00000000daf60000, 0x00000000dc4a22c0, 0x00000000dc4b0000)
  to   space 21824K,   0% used [0x00000000dc4b0000, 0x00000000dc4b0000, 0x00000000dda00000)
 concurrent mark-sweep generation total 393216K, used 40620K [0x00000000dda00000, 0x00000000f5a00000, 0x00000000f5a00000)
 concurrent-mark-sweep perm gen total 33920K, used 33762K [0x00000000f5a00000, 0x00000000f7b20000, 0x0000000100000000)
}
2015-11-12T14:03:24.886-0600: 90.732: Total time for which application threads were stopped: 0.0362360 seconds, Stopping threads took: 0.0001080 seconds
{Heap before GC invocations=52 (full 0):
 par new generation   total 109248K, used 109192K [0x00000000d5a00000, 0x00000000dda00000, 0x00000000dda00000)
  eden space 87424K, 100% used [0x00000000d5a00000, 0x00000000daf60000, 0x00000000daf60000)
  from space 21824K,  99% used [0x00000000daf60000, 0x00000000dc4a22c0, 0x00000000dc4b0000)
  to   space 21824K,   0% used [0x00000000dc4b0000, 0x00000000dc4b0000, 0x00000000dda00000)
 concurrent mark-sweep generation total 393216K, used 40620K [0x00000000dda00000, 0x00000000f5a00000, 0x00000000f5a00000)
 concurrent-mark-sweep perm gen total 33920K, used 33764K [0x00000000f5a00000, 0x00000000f7b20000, 0x0000000100000000)
2015-11-12T14:03:25.007-0600: 90.853: [GC2015-11-12T14:03:25.007-0600: 90.853: [ParNew
Desired survivor size 20112992 bytes, new threshold 8 (max 8)
- age   1:    1434584 bytes,    1434584 total
- age   2:     108736 bytes,    1543320 total
- age   3:      84744 bytes,    1628064 total
- age   4:      55744 bytes,    1683808 total
- age   5:      42712 bytes,    1726520 total
- age   6:      32984 bytes,    1759504 total
- age   7:    3262312 bytes,    5021816 total
- age   8:    5105984 bytes,   10127800 total
: 109192K->11593K(109248K), 0.0262720 secs] 149813K->55038K(502464K), 0.0264700 secs] [Times: user=0.06 sys=0.00, real=0.03 secs] 
Heap after GC invocations=53 (full 0):
 par new generation   total 109248K, used 11593K [0x00000000d5a00000, 0x00000000dda00000, 0x00000000dda00000)
  eden space 87424K,   0% used [0x00000000d5a00000, 0x00000000d5a00000, 0x00000000daf60000)
  from space 21824K,  53% used [0x00000000dc4b0000, 0x00000000dd002400, 0x00000000dda00000)
  to   space 21824K,   0% used [0x00000000daf60000, 0x00000000daf60000, 0x00000000dc4b0000)
 concurrent mark-sweep generation total 393216K, used 43445K [0x00000000dda00000, 0x00000000f5a00000, 0x00000000f5a00000)
 concurrent-mark-sweep perm gen total 33920K, used 33764K [0x00000000f5a00000, 0x00000000f7b20000, 0x0000000100000000)
}
2015-11-12T14:03:25.033-0600: 90.880: Total time for which application threads were stopped: 0.0309210 seconds, Stopping threads took: 0.0042180 seconds
{Heap before GC invocations=53 (full 0):
 par new generation   total 109248K, used 99017K [0x00000000d5a00000, 0x00000000dda00000, 0x00000000dda00000)
  eden space 87424K, 100% used [0x00000000d5a00000, 0x00000000daf60000, 0x00000000daf60000)
  from space 21824K,  53% used [0x00000000dc4b0000, 0x00000000dd002400, 0x00000000dda00000)
  to   space 21824K,   0% used [0x00000000daf60000, 0x00000000daf60000, 0x00000000dc4b0000)
 concurrent mark-sweep generation total 393216K, used 43445K [0x00000000dda00000, 0x00000000f5a00000, 0x00000000f5a00000)
 concurrent-mark-sweep perm gen total 33920K, used 33766K [0x00000000f5a00000, 0x00000000f7b20000, 0x0000000100000000)
2015-11-12T14:03:25.168-0600: 91.015: [GC2015-11-12T14:03:25.168-0600: 91.015: [ParNew
Desired survivor size 20112992 bytes, new threshold 8 (max 8)
- age   1:     592760 bytes,     592760 total
- age   2:      88672 bytes,     681432 total
- age   3:     108736 bytes,     790168 total
- age   4:      84312 bytes,     874480 total
- age   5:      55200 bytes,     929680 total
- age   6:      42712 bytes,     972392 total
- age   7:      32984 bytes,    1005376 total
- age   8:    3262312 bytes,    4267688 total
: 99017K->8866K(109248K), 0.0421330 secs] 142462K->57308K(502464K), 0.0423090 secs] [Times: user=0.07 sys=0.00, real=0.05 secs] 
Heap after GC invocations=54 (full 0):
 par new generation   total 109248K, used 8866K [0x00000000d5a00000, 0x00000000dda00000, 0x00000000dda00000)
  eden space 87424K,   0% used [0x00000000d5a00000, 0x00000000d5a00000, 0x00000000daf60000)
  from space 21824K,  40% used [0x00000000daf60000, 0x00000000db808be0, 0x00000000dc4b0000)
  to   space 21824K,   0% used [0x00000000dc4b0000, 0x00000000dc4b0000, 0x00000000dda00000)
 concurrent mark-sweep generation total 393216K, used 48441K [0x00000000dda00000, 0x00000000f5a00000, 0x00000000f5a00000)
 concurrent-mark-sweep perm gen total 33920K, used 33766K [0x00000000f5a00000, 0x00000000f7b20000, 0x0000000100000000)
}
2015-11-12T14:03:25.211-0600: 91.057: Total time for which application threads were stopped: 0.0427890 seconds, Stopping threads took: 0.0001030 seconds
{Heap before GC invocations=54 (full 0):
 par new generation   total 109248K, used 96290K [0x00000000d5a00000, 0x00000000dda00000, 0x00000000dda00000)
  eden space 87424K, 100% used [0x00000000d5a00000, 0x00000000daf60000, 0x00000000daf60000)
  from space 21824K,  40% used [0x00000000daf60000, 0x00000000db808be0, 0x00000000dc4b0000)
  to   space 21824K,   0% used [0x00000000dc4b0000, 0x00000000dc4b0000, 0x00000000dda00000)
 concurrent mark-sweep generation total 393216K, used 48441K [0x00000000dda00000, 0x00000000f5a00000, 0x00000000f5a00000)
 concurrent-mark-sweep perm gen total 33920K, used 33767K [0x00000000f5a00000, 0x00000000f7b20000, 0x0000000100000000)
2015-11-12T14:03:25.374-0600: 91.221: [GC2015-11-12T14:03:25.375-0600: 91.221: [ParNew
Desired survivor size 20112992 bytes, new threshold 8 (max 8)
- age   1:    1294288 bytes,    1294288 total
- age   2:      90912 bytes,    1385200 total
- age   3:      88672 bytes,    1473872 total
- age   4:     108520 bytes,    1582392 total
- age   5:      83552 bytes,    1665944 total
- age   6:      55200 bytes,    1721144 total
- age   7:      42712 bytes,    1763856 total
- age   8:      32984 bytes,    1796840 total
: 96290K->3747K(109248K), 0.0385720 secs] 144732K->55383K(502464K), 0.0388110 secs] [Times: user=0.09 sys=0.01, real=0.04 secs] 
Heap after GC invocations=55 (full 0):
 par new generation   total 109248K, used 3747K [0x00000000d5a00000, 0x00000000dda00000, 0x00000000dda00000)
  eden space 87424K,   0% used [0x00000000d5a00000, 0x00000000d5a00000, 0x00000000daf60000)
  from space 21824K,  17% used [0x00000000dc4b0000, 0x00000000dc858ec8, 0x00000000dda00000)
  to   space 21824K,   0% used [0x00000000daf60000, 0x00000000daf60000, 0x00000000dc4b0000)
 concurrent mark-sweep generation total 393216K, used 51635K [0x00000000dda00000, 0x00000000f5a00000, 0x00000000f5a00000)
 concurrent-mark-sweep perm gen total 33920K, used 33767K [0x00000000f5a00000, 0x00000000f7b20000, 0x0000000100000000)
}
2015-11-12T14:03:25.413-0600: 91.260: Total time for which application threads were stopped: 0.0444800 seconds, Stopping threads took: 0.0053640 seconds
2015-11-12T14:03:25.533-0600: 91.380: Total time for which application threads were stopped: 0.0003350 seconds, Stopping threads took: 0.0002280 seconds
2015-11-12T14:03:25.534-0600: 91.380: Total time for which application threads were stopped: 0.0001030 seconds, Stopping threads took: 0.0000450 seconds
2015-11-12T14:03:25.540-0600: 91.387: Total time for which application threads were stopped: 0.0002160 seconds, Stopping threads took: 0.0001260 seconds
2015-11-12T14:03:25.546-0600: 91.393: Total time for which application threads were stopped: 0.0036250 seconds, Stopping threads took: 0.0035460 seconds
{Heap before GC invocations=55 (full 0):
 par new generation   total 109248K, used 91171K [0x00000000d5a00000, 0x00000000dda00000, 0x00000000dda00000)
  eden space 87424K, 100% used [0x00000000d5a00000, 0x00000000daf60000, 0x00000000daf60000)
  from space 21824K,  17% used [0x00000000dc4b0000, 0x00000000dc858ec8, 0x00000000dda00000)
  to   space 21824K,   0% used [0x00000000daf60000, 0x00000000daf60000, 0x00000000dc4b0000)
 concurrent mark-sweep generation total 393216K, used 51635K [0x00000000dda00000, 0x00000000f5a00000, 0x00000000f5a00000)
 concurrent-mark-sweep perm gen total 33920K, used 33769K [0x00000000f5a00000, 0x00000000f7b20000, 0x0000000100000000)
2015-11-12T14:03:25.555-0600: 91.402: [GC2015-11-12T14:03:25.555-0600: 91.402: [ParNew
Desired survivor size 20112992 bytes, new threshold 8 (max 8)
- age   1:    1557040 bytes,    1557040 total
- age   2:      78608 bytes,    1635648 total
- age   3:      90912 bytes,    1726560 total
- age   4:      88672 bytes,    1815232 total
- age   5:     108520 bytes,    1923752 total
- age   6:      83552 bytes,    2007304 total
- age   7:      55200 bytes,    2062504 total
- age   8:      42712 bytes,    2105216 total
: 91171K->2760K(109248K), 0.0077110 secs] 142807K->54429K(502464K), 0.0078770 secs] [Times: user=0.02 sys=0.01, real=0.01 secs] 
Heap after GC invocations=56 (full 0):
 par new generation   total 109248K, used 2760K [0x00000000d5a00000, 0x00000000dda00000, 0x00000000dda00000)
  eden space 87424K,   0% used [0x00000000d5a00000, 0x00000000d5a00000, 0x00000000daf60000)
  from space 21824K,  12% used [0x00000000daf60000, 0x00000000db212170, 0x00000000dc4b0000)
  to   space 21824K,   0% used [0x00000000dc4b0000, 0x00000000dc4b0000, 0x00000000dda00000)
 concurrent mark-sweep generation total 393216K, used 51669K [0x00000000dda00000, 0x00000000f5a00000, 0x00000000f5a00000)
 concurrent-mark-sweep perm gen total 33920K, used 33769K [0x00000000f5a00000, 0x00000000f7b20000, 0x0000000100000000)
}
2015-11-12T14:03:25.563-0600: 91.410: Total time for which application threads were stopped: 0.0082470 seconds, Stopping threads took: 0.0001410 seconds
{Heap before GC invocations=56 (full 0):
 par new generation   total 109248K, used 90184K [0x00000000d5a00000, 0x00000000dda00000, 0x00000000dda00000)
  eden space 87424K, 100% used [0x00000000d5a00000, 0x00000000daf60000, 0x00000000daf60000)
  from space 21824K,  12% used [0x00000000daf60000, 0x00000000db212170, 0x00000000dc4b0000)
  to   space 21824K,   0% used [0x00000000dc4b0000, 0x00000000dc4b0000, 0x00000000dda00000)
 concurrent mark-sweep generation total 393216K, used 51669K [0x00000000dda00000, 0x00000000f5a00000, 0x00000000f5a00000)
 concurrent-mark-sweep perm gen total 33920K, used 33771K [0x00000000f5a00000, 0x00000000f7b20000, 0x0000000100000000)
2015-11-12T14:03:25.697-0600: 91.544: [GC2015-11-12T14:03:25.697-0600: 91.544: [ParNew
Desired survivor size 20112992 bytes, new threshold 8 (max 8)
- age   1:    1579544 bytes,    1579544 total
- age   2:     237520 bytes,    1817064 total
- age   3:      78608 bytes,    1895672 total
- age   4:      90912 bytes,    1986584 total
- age   5:      88672 bytes,    2075256 total
- age   6:     108520 bytes,    2183776 total
- age   7:      83624 bytes,    2267400 total
- age   8:      55200 bytes,    2322600 total
: 90184K->2794K(109248K), 0.0056470 secs] 141853K->54507K(502464K), 0.0058500 secs] [Times: user=0.02 sys=0.00, real=0.01 secs] 
Heap after GC invocations=57 (full 0):
 par new generation   total 109248K, used 2794K [0x00000000d5a00000, 0x00000000dda00000, 0x00000000dda00000)
  eden space 87424K,   0% used [0x00000000d5a00000, 0x00000000d5a00000, 0x00000000daf60000)
  from space 21824K,  12% used [0x00000000dc4b0000, 0x00000000dc76aa40, 0x00000000dda00000)
  to   space 21824K,   0% used [0x00000000daf60000, 0x00000000daf60000, 0x00000000dc4b0000)
 concurrent mark-sweep generation total 393216K, used 51712K [0x00000000dda00000, 0x00000000f5a00000, 0x00000000f5a00000)
 concurrent-mark-sweep perm gen total 33920K, used 33771K [0x00000000f5a00000, 0x00000000f7b20000, 0x0000000100000000)
}
2015-11-12T14:03:25.703-0600: 91.550: Total time for which application threads were stopped: 0.0065500 seconds, Stopping threads took: 0.0002190 seconds
2015-11-12T14:03:26.014-0600: 91.860: Total time for which application threads were stopped: 0.0001800 seconds, Stopping threads took: 0.0000310 seconds
2015-11-12T14:03:26.014-0600: 91.861: Total time for which application threads were stopped: 0.0000810 seconds, Stopping threads took: 0.0000220 seconds
2015-11-12T14:03:26.047-0600: 91.893: Total time for which application threads were stopped: 0.0003560 seconds, Stopping threads took: 0.0000720 seconds
2015-11-12T14:03:26.050-0600: 91.896: Total time for which application threads were stopped: 0.0001870 seconds, Stopping threads took: 0.0000440 seconds
2015-11-12T14:03:26.055-0600: 91.901: Total time for which application threads were stopped: 0.0003180 seconds, Stopping threads took: 0.0000700 seconds
2015-11-12T14:03:26.055-0600: 91.902: Total time for which application threads were stopped: 0.0002030 seconds, Stopping threads took: 0.0000520 seconds
2015-11-12T14:03:26.066-0600: 91.913: Total time for which application threads were stopped: 0.0003080 seconds, Stopping threads took: 0.0000660 seconds
2015-11-12T14:03:26.143-0600: 91.990: Total time for which application threads were stopped: 0.0001450 seconds, Stopping threads took: 0.0000560 seconds
2015-11-12T14:03:26.145-0600: 91.991: Total time for which application threads were stopped: 0.0001420 seconds, Stopping threads took: 0.0000280 seconds
2015-11-12T14:03:26.146-0600: 91.993: Total time for which application threads were stopped: 0.0004000 seconds, Stopping threads took: 0.0000250 seconds
2015-11-12T14:03:26.166-0600: 92.013: Total time for which application threads were stopped: 0.0022490 seconds, Stopping threads took: 0.0021370 seconds
2015-11-12T14:03:26.190-0600: 92.036: Total time for which application threads were stopped: 0.0001170 seconds, Stopping threads took: 0.0000350 seconds
{Heap before GC invocations=57 (full 0):
 par new generation   total 109248K, used 90207K [0x00000000d5a00000, 0x00000000dda00000, 0x00000000dda00000)
  eden space 87424K,  99% used [0x00000000d5a00000, 0x00000000daf5d318, 0x00000000daf60000)
  from space 21824K,  12% used [0x00000000dc4b0000, 0x00000000dc76aa40, 0x00000000dda00000)
  to   space 21824K,   0% used [0x00000000daf60000, 0x00000000daf60000, 0x00000000dc4b0000)
 concurrent mark-sweep generation total 393216K, used 51712K [0x00000000dda00000, 0x00000000f5a00000, 0x00000000f5a00000)
 concurrent-mark-sweep perm gen total 33920K, used 33793K [0x00000000f5a00000, 0x00000000f7b20000, 0x0000000100000000)
2015-11-12T14:03:26.218-0600: 92.065: [GC2015-11-12T14:03:26.219-0600: 92.065: [ParNew
Desired survivor size 20112992 bytes, new threshold 8 (max 8)
- age   1:    3680256 bytes,    3680256 total
- age   2:     816840 bytes,    4497096 total
- age   3:     236880 bytes,    4733976 total
- age   4:      78608 bytes,    4812584 total
- age   5:      90912 bytes,    4903496 total
- age   6:      88672 bytes,    4992168 total
- age   7:     108520 bytes,    5100688 total
- age   8:      83552 bytes,    5184240 total
: 90207K->5850K(109248K), 0.0104390 secs] 141920K->57619K(502464K), 0.0106680 secs] [Times: user=0.02 sys=0.01, real=0.01 secs] 
Heap after GC invocations=58 (full 0):
 par new generation   total 109248K, used 5850K [0x00000000d5a00000, 0x00000000dda00000, 0x00000000dda00000)
  eden space 87424K,   0% used [0x00000000d5a00000, 0x00000000d5a00000, 0x00000000daf60000)
  from space 21824K,  26% used [0x00000000daf60000, 0x00000000db516b28, 0x00000000dc4b0000)
  to   space 21824K,   0% used [0x00000000dc4b0000, 0x00000000dc4b0000, 0x00000000dda00000)
 concurrent mark-sweep generation total 393216K, used 51768K [0x00000000dda00000, 0x00000000f5a00000, 0x00000000f5a00000)
 concurrent-mark-sweep perm gen total 33920K, used 33793K [0x00000000f5a00000, 0x00000000f7b20000, 0x0000000100000000)
}
2015-11-12T14:03:26.229-0600: 92.076: Total time for which application threads were stopped: 0.0111890 seconds, Stopping threads took: 0.0000890 seconds
2015-11-12T14:03:26.779-0600: 92.625: Total time for which application threads were stopped: 0.0005310 seconds, Stopping threads took: 0.0001220 seconds
2015-11-12T14:03:26.779-0600: 92.626: Total time for which application threads were stopped: 0.0001880 seconds, Stopping threads took: 0.0000700 seconds
2015-11-12T14:03:26.788-0600: 92.634: Total time for which application threads were stopped: 0.0002690 seconds, Stopping threads took: 0.0000550 seconds
2015-11-12T14:03:26.788-0600: 92.635: Total time for which application threads were stopped: 0.0001200 seconds, Stopping threads took: 0.0000280 seconds
2015-11-12T14:03:26.788-0600: 92.635: Total time for which application threads were stopped: 0.0001150 seconds, Stopping threads took: 0.0000270 seconds
2015-11-12T14:03:26.789-0600: 92.635: Total time for which application threads were stopped: 0.0001140 seconds, Stopping threads took: 0.0000270 seconds
2015-11-12T14:03:26.810-0600: 92.656: Total time for which application threads were stopped: 0.0000940 seconds, Stopping threads took: 0.0000320 seconds
2015-11-12T14:03:26.813-0600: 92.660: Total time for which application threads were stopped: 0.0000890 seconds, Stopping threads took: 0.0000290 seconds
2015-11-12T14:03:26.813-0600: 92.660: Total time for which application threads were stopped: 0.0000670 seconds, Stopping threads took: 0.0000240 seconds
2015-11-12T14:03:26.813-0600: 92.660: Total time for which application threads were stopped: 0.0000540 seconds, Stopping threads took: 0.0000130 seconds
2015-11-12T14:03:26.814-0600: 92.660: Total time for which application threads were stopped: 0.0000560 seconds, Stopping threads took: 0.0000220 seconds
2015-11-12T14:03:26.814-0600: 92.660: Total time for which application threads were stopped: 0.0000680 seconds, Stopping threads took: 0.0000150 seconds
2015-11-12T14:03:26.814-0600: 92.660: Total time for which application threads were stopped: 0.0000810 seconds, Stopping threads took: 0.0000280 seconds
2015-11-12T14:03:26.814-0600: 92.661: Total time for which application threads were stopped: 0.0000600 seconds, Stopping threads took: 0.0000100 seconds
2015-11-12T14:03:26.814-0600: 92.661: Total time for which application threads were stopped: 0.0000980 seconds, Stopping threads took: 0.0000110 seconds
2015-11-12T14:03:26.814-0600: 92.661: Total time for which application threads were stopped: 0.0000610 seconds, Stopping threads took: 0.0000110 seconds
2015-11-12T14:03:26.814-0600: 92.661: Total time for which application threads were stopped: 0.0000590 seconds, Stopping threads took: 0.0000100 seconds
2015-11-12T14:03:59.843-0600: 125.689: Total time for which application threads were stopped: 0.0002740 seconds, Stopping threads took: 0.0000550 seconds
2015-11-12T14:04:18.244-0600: 144.090: Total time for which application threads were stopped: 0.0007930 seconds, Stopping threads took: 0.0000850 seconds
2015-11-12T14:04:26.116-0600: 151.963: Total time for which application threads were stopped: 0.0003210 seconds, Stopping threads took: 0.0000530 seconds
2015-11-12T14:04:45.756-0600: 171.603: Total time for which application threads were stopped: 0.0004460 seconds, Stopping threads took: 0.0000940 seconds
2015-11-12T14:04:45.818-0600: 171.665: Total time for which application threads were stopped: 0.0001340 seconds, Stopping threads took: 0.0000230 seconds
2015-11-12T14:04:45.820-0600: 171.666: Total time for which application threads were stopped: 0.0000890 seconds, Stopping threads took: 0.0000200 seconds
2015-11-12T14:04:45.831-0600: 171.678: Total time for which application threads were stopped: 0.0001350 seconds, Stopping threads took: 0.0000650 seconds
2015-11-12T14:04:45.832-0600: 171.678: Total time for which application threads were stopped: 0.0001070 seconds, Stopping threads took: 0.0000510 seconds
2015-11-12T14:04:45.832-0600: 171.679: Total time for which application threads were stopped: 0.0000980 seconds, Stopping threads took: 0.0000330 seconds
2015-11-12T14:04:45.833-0600: 171.679: Total time for which application threads were stopped: 0.0000890 seconds, Stopping threads took: 0.0000380 seconds
2015-11-12T14:04:45.833-0600: 171.680: Total time for which application threads were stopped: 0.0000930 seconds, Stopping threads took: 0.0000320 seconds
2015-11-12T14:04:45.834-0600: 171.680: Total time for which application threads were stopped: 0.0000920 seconds, Stopping threads took: 0.0000460 seconds
2015-11-12T14:05:11.701-0600: 197.548: Total time for which application threads were stopped: 0.0007160 seconds, Stopping threads took: 0.0001940 seconds
2015-11-12T14:05:11.705-0600: 197.551: Total time for which application threads were stopped: 0.0004800 seconds, Stopping threads took: 0.0002460 seconds
2015-11-12T14:05:11.730-0600: 197.577: Total time for which application threads were stopped: 0.0001370 seconds, Stopping threads took: 0.0000590 seconds
2015-11-12T14:05:11.731-0600: 197.578: Total time for which application threads were stopped: 0.0001170 seconds, Stopping threads took: 0.0000580 seconds
2015-11-12T14:05:11.736-0600: 197.582: Total time for which application threads were stopped: 0.0001080 seconds, Stopping threads took: 0.0000340 seconds
2015-11-12T14:05:11.736-0600: 197.582: Total time for which application threads were stopped: 0.0000790 seconds, Stopping threads took: 0.0000180 seconds
2015-11-12T14:05:11.736-0600: 197.583: Total time for which application threads were stopped: 0.0000630 seconds, Stopping threads took: 0.0000130 seconds
2015-11-12T14:05:11.737-0600: 197.583: Total time for which application threads were stopped: 0.0000790 seconds, Stopping threads took: 0.0000260 seconds
2015-11-12T14:05:11.737-0600: 197.583: Total time for which application threads were stopped: 0.0000820 seconds, Stopping threads took: 0.0000240 seconds
2015-11-12T14:05:11.737-0600: 197.584: Total time for which application threads were stopped: 0.0000710 seconds, Stopping threads took: 0.0000250 seconds
2015-11-12T14:05:11.738-0600: 197.584: Total time for which application threads were stopped: 0.0000630 seconds, Stopping threads took: 0.0000150 seconds
2015-11-12T14:05:11.739-0600: 197.585: Total time for which application threads were stopped: 0.0000620 seconds, Stopping threads took: 0.0000140 seconds
2015-11-12T14:05:11.739-0600: 197.586: Total time for which application threads were stopped: 0.0000640 seconds, Stopping threads took: 0.0000150 seconds
2015-11-12T14:05:11.740-0600: 197.586: Total time for which application threads were stopped: 0.0000640 seconds, Stopping threads took: 0.0000150 seconds
2015-11-12T14:06:24.768-0600: 270.615: Total time for which application threads were stopped: 0.0002100 seconds, Stopping threads took: 0.0000390 seconds
2015-11-12T14:06:24.769-0600: 270.616: Total time for which application threads were stopped: 0.0001100 seconds, Stopping threads took: 0.0000280 seconds
2015-11-12T14:06:24.779-0600: 270.625: Total time for which application threads were stopped: 0.0002310 seconds, Stopping threads took: 0.0000620 seconds
2015-11-12T14:06:25.779-0600: 271.626: Total time for which application threads were stopped: 0.0005180 seconds, Stopping threads took: 0.0000770 seconds
2015-11-12T14:13:36.848-0600: 702.695: Total time for which application threads were stopped: 0.0002470 seconds, Stopping threads took: 0.0000480 seconds
2015-11-12T14:40:18.116-0600: 2303.963: Total time for which application threads were stopped: 0.0006560 seconds, Stopping threads took: 0.0001260 seconds
2015-11-12T14:41:23.128-0600: 2368.975: Total time for which application threads were stopped: 0.0005320 seconds, Stopping threads took: 0.0001120 seconds
2015-11-12T15:10:12.212-0600: 4098.059: Total time for which application threads were stopped: 0.0002560 seconds, Stopping threads took: 0.0000460 seconds
2015-11-12T15:10:12.220-0600: 4098.067: Total time for which application threads were stopped: 0.0001210 seconds, Stopping threads took: 0.0000240 seconds
2015-11-12T15:10:13.849-0600: 4099.696: Total time for which application threads were stopped: 0.0002600 seconds, Stopping threads took: 0.0000580 seconds
2015-11-12T15:10:13.871-0600: 4099.717: Total time for which application threads were stopped: 0.0001420 seconds, Stopping threads took: 0.0000650 seconds
2015-11-12T15:18:18.601-0600: 4584.447: Total time for which application threads were stopped: 0.0002470 seconds, Stopping threads took: 0.0000860 seconds
2015-11-12T15:18:18.601-0600: 4584.447: Total time for which application threads were stopped: 0.0000860 seconds, Stopping threads took: 0.0000350 seconds
2015-11-12T15:18:18.615-0600: 4584.462: Total time for which application threads were stopped: 0.0001180 seconds, Stopping threads took: 0.0000270 seconds
2015-11-12T15:18:18.618-0600: 4584.465: Total time for which application threads were stopped: 0.0001590 seconds, Stopping threads took: 0.0000640 seconds
2015-11-12T15:33:09.558-0600: 5475.405: Total time for which application threads were stopped: 0.0002570 seconds, Stopping threads took: 0.0000550 seconds
2015-11-12T15:33:09.560-0600: 5475.407: Total time for which application threads were stopped: 0.0001020 seconds, Stopping threads took: 0.0000260 seconds
2015-11-12T15:33:09.560-0600: 5475.407: Total time for which application threads were stopped: 0.0000710 seconds, Stopping threads took: 0.0000170 seconds
2015-11-12T15:33:09.561-0600: 5475.407: Total time for which application threads were stopped: 0.0002190 seconds, Stopping threads took: 0.0000140 seconds
2015-11-12T15:33:09.561-0600: 5475.408: Total time for which application threads were stopped: 0.0001030 seconds, Stopping threads took: 0.0000410 seconds
2015-11-12T15:33:09.561-0600: 5475.408: Total time for which application threads were stopped: 0.0001040 seconds, Stopping threads took: 0.0000550 seconds
2015-11-12T15:33:09.562-0600: 5475.408: Total time for which application threads were stopped: 0.0000730 seconds, Stopping threads took: 0.0000280 seconds
2015-11-12T15:33:09.562-0600: 5475.409: Total time for which application threads were stopped: 0.0001120 seconds, Stopping threads took: 0.0000650 seconds
2015-11-12T15:33:09.562-0600: 5475.409: Total time for which application threads were stopped: 0.0002120 seconds, Stopping threads took: 0.0000440 seconds
2015-11-12T15:33:09.564-0600: 5475.411: Total time for which application threads were stopped: 0.0001010 seconds, Stopping threads took: 0.0000430 seconds
2015-11-12T15:33:09.565-0600: 5475.411: Total time for which application threads were stopped: 0.0000690 seconds, Stopping threads took: 0.0000210 seconds
2015-11-12T15:33:09.565-0600: 5475.412: Total time for which application threads were stopped: 0.0000620 seconds, Stopping threads took: 0.0000160 seconds
2015-11-12T15:33:09.577-0600: 5475.423: Total time for which application threads were stopped: 0.0001070 seconds, Stopping threads took: 0.0000280 seconds
2015-11-12T15:33:09.579-0600: 5475.425: Total time for which application threads were stopped: 0.0006700 seconds, Stopping threads took: 0.0005980 seconds
2015-11-12T15:33:09.581-0600: 5475.428: Total time for which application threads were stopped: 0.0001080 seconds, Stopping threads took: 0.0000330 seconds
2015-11-12T15:33:09.585-0600: 5475.431: Total time for which application threads were stopped: 0.0004250 seconds, Stopping threads took: 0.0001520 seconds
2015-11-12T15:33:09.587-0600: 5475.434: Total time for which application threads were stopped: 0.0018170 seconds, Stopping threads took: 0.0015260 seconds
2015-11-12T15:33:09.589-0600: 5475.435: Total time for which application threads were stopped: 0.0004020 seconds, Stopping threads took: 0.0001350 seconds
2015-11-12T15:33:09.595-0600: 5475.441: Total time for which application threads were stopped: 0.0002910 seconds, Stopping threads took: 0.0000890 seconds
2015-11-12T15:33:09.598-0600: 5475.445: Total time for which application threads were stopped: 0.0001830 seconds, Stopping threads took: 0.0000430 seconds
2015-11-12T15:33:09.599-0600: 5475.446: Total time for which application threads were stopped: 0.0001110 seconds, Stopping threads took: 0.0000250 seconds
2015-11-12T15:33:09.599-0600: 5475.446: Total time for which application threads were stopped: 0.0000780 seconds, Stopping threads took: 0.0000210 seconds
2015-11-12T15:33:09.600-0600: 5475.447: Total time for which application threads were stopped: 0.0000770 seconds, Stopping threads took: 0.0000180 seconds
2015-11-12T15:33:09.600-0600: 5475.447: Total time for which application threads were stopped: 0.0000630 seconds, Stopping threads took: 0.0000190 seconds
2015-11-12T15:33:09.601-0600: 5475.447: Total time for which application threads were stopped: 0.0000590 seconds, Stopping threads took: 0.0000160 seconds
2015-11-12T15:33:09.602-0600: 5475.448: Total time for which application threads were stopped: 0.0002130 seconds, Stopping threads took: 0.0000160 seconds
2015-11-12T15:33:09.602-0600: 5475.448: Total time for which application threads were stopped: 0.0000560 seconds, Stopping threads took: 0.0000150 seconds
2015-11-12T17:06:08.901-0600: 11054.747: Total time for which application threads were stopped: 0.0005900 seconds, Stopping threads took: 0.0002490 seconds
2015-11-12T17:06:08.918-0600: 11054.764: Total time for which application threads were stopped: 0.0001040 seconds, Stopping threads took: 0.0000280 seconds
2015-11-12T17:08:19.046-0600: 11184.892: Total time for which application threads were stopped: 0.0002520 seconds, Stopping threads took: 0.0000490 seconds
2015-11-12T17:08:19.049-0600: 11184.895: Total time for which application threads were stopped: 0.0010320 seconds, Stopping threads took: 0.0009350 seconds
2015-11-12T17:08:19.058-0600: 11184.904: Total time for which application threads were stopped: 0.0012010 seconds, Stopping threads took: 0.0010800 seconds
2015-11-12T17:08:19.062-0600: 11184.909: Total time for which application threads were stopped: 0.0001330 seconds, Stopping threads took: 0.0000350 seconds
2015-11-12T17:08:23.063-0600: 11188.910: Total time for which application threads were stopped: 0.0005750 seconds, Stopping threads took: 0.0000680 seconds
2015-11-12T17:11:55.565-0600: 11401.412: Total time for which application threads were stopped: 0.0002450 seconds, Stopping threads took: 0.0000440 seconds
2015-11-12T17:11:55.578-0600: 11401.425: Total time for which application threads were stopped: 0.0001250 seconds, Stopping threads took: 0.0000220 seconds
2015-11-12T17:13:17.099-0600: 11482.945: Total time for which application threads were stopped: 0.0002860 seconds, Stopping threads took: 0.0000560 seconds
2015-11-12T17:13:17.111-0600: 11482.958: Total time for which application threads were stopped: 0.0001070 seconds, Stopping threads took: 0.0000280 seconds
2015-11-12T17:13:17.545-0600: 11483.392: Total time for which application threads were stopped: 0.0001680 seconds, Stopping threads took: 0.0000850 seconds
2015-11-12T17:13:17.552-0600: 11483.399: Total time for which application threads were stopped: 0.0002590 seconds, Stopping threads took: 0.0000670 seconds
2015-11-12T17:13:37.429-0600: 11503.275: Total time for which application threads were stopped: 0.0002260 seconds, Stopping threads took: 0.0000450 seconds
2015-11-12T17:14:23.641-0600: 11549.488: Total time for which application threads were stopped: 0.0002570 seconds, Stopping threads took: 0.0000520 seconds
2015-11-12T17:14:23.648-0600: 11549.494: Total time for which application threads were stopped: 0.0001170 seconds, Stopping threads took: 0.0000340 seconds
2015-11-12T17:16:02.639-0600: 11648.485: Total time for which application threads were stopped: 0.0002700 seconds, Stopping threads took: 0.0000560 seconds
2015-11-12T17:16:02.646-0600: 11648.493: Total time for which application threads were stopped: 0.0001340 seconds, Stopping threads took: 0.0000330 seconds
2015-11-12T17:16:03.120-0600: 11648.967: Total time for which application threads were stopped: 0.0001770 seconds, Stopping threads took: 0.0000740 seconds
2015-11-12T17:16:03.126-0600: 11648.973: Total time for which application threads were stopped: 0.0001750 seconds, Stopping threads took: 0.0000830 seconds
2015-11-12T17:16:52.134-0600: 11697.981: Total time for which application threads were stopped: 0.0006230 seconds, Stopping threads took: 0.0001130 seconds
2015-11-12T17:17:36.838-0600: 11742.684: Total time for which application threads were stopped: 0.0002430 seconds, Stopping threads took: 0.0000770 seconds
2015-11-12T17:17:36.845-0600: 11742.692: Total time for which application threads were stopped: 0.0001520 seconds, Stopping threads took: 0.0000680 seconds
2015-11-12T17:20:51.854-0600: 11937.700: Total time for which application threads were stopped: 0.0002680 seconds, Stopping threads took: 0.0000510 seconds
2015-11-12T17:20:51.856-0600: 11937.703: Total time for which application threads were stopped: 0.0001280 seconds, Stopping threads took: 0.0000280 seconds
2015-11-12T17:20:51.863-0600: 11937.709: Total time for which application threads were stopped: 0.0001370 seconds, Stopping threads took: 0.0000310 seconds
2015-11-12T17:20:51.863-0600: 11937.710: Total time for which application threads were stopped: 0.0001210 seconds, Stopping threads took: 0.0000500 seconds
2015-11-12T17:22:20.474-0600: 12026.321: Total time for which application threads were stopped: 0.0002030 seconds, Stopping threads took: 0.0000470 seconds
2015-11-12T17:22:20.478-0600: 12026.324: Total time for which application threads were stopped: 0.0004150 seconds, Stopping threads took: 0.0000790 seconds
2015-11-12T17:22:20.486-0600: 12026.332: Total time for which application threads were stopped: 0.0001150 seconds, Stopping threads took: 0.0000280 seconds
2015-11-12T17:23:37.337-0600: 12103.184: Total time for which application threads were stopped: 0.0002670 seconds, Stopping threads took: 0.0000490 seconds
2015-11-12T17:23:37.344-0600: 12103.190: Total time for which application threads were stopped: 0.0001280 seconds, Stopping threads took: 0.0000380 seconds
2015-11-12T17:24:20.812-0600: 12146.658: Total time for which application threads were stopped: 0.0002930 seconds, Stopping threads took: 0.0000800 seconds
2015-11-12T17:24:20.821-0600: 12146.667: Total time for which application threads were stopped: 0.0004630 seconds, Stopping threads took: 0.0001590 seconds
2015-11-12T17:25:42.673-0600: 12228.519: Total time for which application threads were stopped: 0.0002440 seconds, Stopping threads took: 0.0000740 seconds
2015-11-12T17:25:42.673-0600: 12228.520: Total time for which application threads were stopped: 0.0000960 seconds, Stopping threads took: 0.0000470 seconds
2015-11-12T17:25:42.682-0600: 12228.529: Total time for which application threads were stopped: 0.0001230 seconds, Stopping threads took: 0.0000300 seconds
2015-11-12T17:25:42.685-0600: 12228.532: Total time for which application threads were stopped: 0.0001110 seconds, Stopping threads took: 0.0000320 seconds
2015-11-12T17:28:27.518-0600: 12393.364: Total time for which application threads were stopped: 0.0002730 seconds, Stopping threads took: 0.0000520 seconds
2015-11-12T17:28:27.520-0600: 12393.367: Total time for which application threads were stopped: 0.0003220 seconds, Stopping threads took: 0.0000290 seconds
2015-11-12T17:28:27.526-0600: 12393.373: Total time for which application threads were stopped: 0.0001450 seconds, Stopping threads took: 0.0000570 seconds
2015-11-12T17:28:27.527-0600: 12393.373: Total time for which application threads were stopped: 0.0001650 seconds, Stopping threads took: 0.0001010 second